<html>
<body>
<pre>
<h1>µVision Build Log</h1>
<h2>Tool Versions:</h2>
IDE-Version: ¦ÌVision V5.14.0.0
Copyright (C) 2015 ARM Ltd and ARM Germany GmbH. All rights reserved.
License Information: 123 123, 123, LIC=S5IEV-PZ1PA-HPCZN-YV1P0-3UTX6-RE4Q2
 
Tool Versions:
Toolchain:       MDK-ARM Professional  Version: 5.14.0.0
Toolchain Path:  C:\FeatherTools\Keil_v5\ARM\ARMCC\Bin
C Compiler:      Armcc.exe V5.05 update 1 (build 106)
Assembler:       Armasm.exe V5.05 update 1 (build 106)
Linker/Locator:  ArmLink.exe V5.05 update 1 (build 106)
Library Manager: ArmAr.exe V5.05 update 1 (build 106)
Hex Converter:   FromElf.exe V5.05 update 1 (build 106)
CPU DLL:         SARMCM3.DLL V5.14.0.0
Dialog DLL:      DCM.DLL V1.13.1.0
Target DLL:      STLink\ST-LINKIII-KEIL_SWO.dll V2.0.14.0_KEIL
Dialog DLL:      TCM.DLL V1.14.4.0
 
<h2>Project:</h2>
E:\Projects\IHome-ContrlCenter\USER\Template.uvprojx
Project File Date:  01/18/2016

<h2>Output:</h2>
Build target 'Template'
compiling ihome_function.c...
..\SOFTWARE\ihome_function.c(197): warning:  #167-D: argument of type "u8 *" is incompatible with parameter of type "const char *"
                                                        len = strlen(send_buf);
..\SOFTWARE\ihome_function.c(76): warning:  #550-D: variable "jpegremainder" was set but never used
                unsigned int jpegremainder;
..\SOFTWARE\ihome_function.c(79): warning:  #550-D: variable "msg_camera" was set but never used
          char * msg_camera;
..\SOFTWARE\ihome_function.c: 3 warnings, 0 errors
linking...
Program Size: Code=164890 RO-data=10326 RW-data=1060 ZI-data=1233436  
FromELF: creating hex file...
"..\OBJ\Template.axf" - 0 Error(s), 3 Warning(s).

<h2>Collection of Component include folders:</h2>
  E:\Projects\IHome-ContrlCenter\USER\RTE
  C:\FeatherTools\Keil_v5\ARM\PACK\Keil\STM32F4xx_DFP\1.0.8\Device\Include

<h2>Collection of Component Files used:</h2>
</pre>
</body>
</html>
