ARM Linker, 5.03 [Build 24] [MDK-ARM Standard]

==============================================================================

Section Cross References

    main.o(.text) refers to os_core.o(.text) for OSStatInit
    main.o(.text) refers to os_cpu_a.o(.text) for OS_CPU_SR_Save
    main.o(.text) refers to lwip_comm.o(.text) for lwip_comm_dhcp_creat
    main.o(.text) refers to os_q.o(.text) for OSQCreate
    main.o(.text) refers to os_task.o(.text) for OSTaskCreate
    main.o(.text) refers to delay.o(.text) for delay_init
    main.o(.text) refers to misc.o(.text) for NVIC_PriorityGroupConfig
    main.o(.text) refers to usart.o(.text) for uart_init
    main.o(.text) refers to led.o(.text) for LED_Init
    main.o(.text) refers to key.o(.text) for KEY_Init
    main.o(.text) refers to lcd.o(.text) for LCD_Init
    main.o(.text) refers to sram.o(.text) for FSMC_SRAM_Init
    main.o(.text) refers to pwm.o(.text) for TIM14_PWM_Init
    main.o(.text) refers to lsens.o(.text) for Lsens_Init
    main.o(.text) refers to dht11.o(.text) for DHT11_Init
    main.o(.text) refers to malloc.o(.text) for mymem_init
    main.o(.text) refers to os_time.o(.text) for OSTimeDlyHMSM
    main.o(.text) refers to main.o(.data) for led_q
    main.o(.text) refers to tcp_client.o(.bss) for send_q
    main.o(.text) refers to tcp_client.o(.data) for msg_event
    main.o(.text) refers to tcp_client.o(.text) for handle_message_task
    main.o(.text) refers to main.o(.bss) for LED_TASK_STK
    main.o(.text) refers to ihome_function.o(.text) for led_task
    main.o(.text) refers to usmart_config.o(.data) for usmart_dev
    main.o(.text) refers to lcd.o(.data) for POINT_COLOR
    system_stm32f4xx.o(.text) refers to system_stm32f4xx.o(.data) for SystemCoreClock
    ihome_function.o(.text) refers to _printf_percent.o(.ARM.Collect$$_printf_percent$$00000000) for _printf_percent
    ihome_function.o(.text) refers to _printf_c.o(.ARM.Collect$$_printf_percent$$00000013) for _printf_c
    ihome_function.o(.text) refers to _printf_s.o(.ARM.Collect$$_printf_percent$$00000014) for _printf_s
    ihome_function.o(.text) refers to _printf_str.o(.text) for _printf_str
    ihome_function.o(.text) refers to _printf_d.o(.ARM.Collect$$_printf_percent$$00000009) for _printf_d
    ihome_function.o(.text) refers to _printf_dec.o(.text) for _printf_int_dec
    ihome_function.o(.text) refers to lsens.o(.text) for Lsens_Get_Val
    ihome_function.o(.text) refers to stm32f4xx_tim.o(.text) for TIM_SetCompare1
    ihome_function.o(.text) refers to os_q.o(.text) for OSQPend
    ihome_function.o(.text) refers to strcmpv7m.o(.text) for strcmp
    ihome_function.o(.text) refers to malloc.o(.text) for myfree
    ihome_function.o(.text) refers to noretval__2sprintf.o(.text) for __2sprintf
    ihome_function.o(.text) refers to noretval__2printf.o(.text) for __2printf
    ihome_function.o(.text) refers to os_time.o(.text) for OSTimeDlyHMSM
    ihome_function.o(.text) refers to dht11.o(.text) for DHT11_Read_Data
    ihome_function.o(.text) refers to ihome_function.o(.data) for ihome_start_flag
    ihome_function.o(.text) refers to main.o(.data) for led_event
    ihome_function.o(.text) refers to tcp_client.o(.data) for msg_event
    key.o(.text) refers to stm32f4xx_rcc.o(.text) for RCC_AHB1PeriphClockCmd
    key.o(.text) refers to stm32f4xx_gpio.o(.text) for GPIO_Init
    key.o(.text) refers to delay.o(.text) for delay_ms
    key.o(.text) refers to key.o(.data) for key_up
    led.o(.text) refers to stm32f4xx_rcc.o(.text) for RCC_AHB1PeriphClockCmd
    led.o(.text) refers to stm32f4xx_gpio.o(.text) for GPIO_Init
    timer.o(.text) refers to stm32f4xx_rcc.o(.text) for RCC_APB1PeriphClockCmd
    timer.o(.text) refers to stm32f4xx_tim.o(.text) for TIM_TimeBaseInit
    timer.o(.text) refers to misc.o(.text) for NVIC_Init
    timer.o(.text) refers to stm32f4xx_gpio.o(.text) for GPIO_Init
    timer.o(.text) refers to timer.o(.bss) for TIM5_ICInitStructure
    timer.o(.text) refers to timer.o(.data) for TIM5CH1_CAPTURE_STA
    lcd.o(.text) refers to _printf_percent.o(.ARM.Collect$$_printf_percent$$00000000) for _printf_percent
    lcd.o(.text) refers to _printf_x.o(.ARM.Collect$$_printf_percent$$0000000C) for _printf_x
    lcd.o(.text) refers to _printf_hex_int.o(.text) for _printf_longlong_hex
    lcd.o(.text) refers to delay.o(.text) for delay_us
    lcd.o(.text) refers to lcd.o(.bss) for lcddev
    lcd.o(.text) refers to lcd.o(.data) for POINT_COLOR
    lcd.o(.text) refers to dflt_clz.o(x$fpl$dfltu) for __aeabi_ui2d
    lcd.o(.text) refers to dmul.o(x$fpl$dmul) for __aeabi_dmul
    lcd.o(.text) refers to dfixu.o(x$fpl$dfixu) for __aeabi_d2uiz
    lcd.o(.text) refers to stm32f4xx_rcc.o(.text) for RCC_AHB1PeriphClockCmd
    lcd.o(.text) refers to stm32f4xx_gpio.o(.text) for GPIO_Init
    lcd.o(.text) refers to stm32f4xx_fsmc.o(.text) for FSMC_NORSRAMInit
    lcd.o(.text) refers to noretval__2printf.o(.text) for __2printf
    lcd.o(.text) refers to lcd.o(.constdata) for asc2_1206
[...]
    FSMC_NORSRAMCmd                          0x08009479   Thumb Code    46  stm32f4xx_fsmc.o(.text)
    FSMC_NANDDeInit                          0x080094a7   Thumb Code    62  stm32f4xx_fsmc.o(.text)
    FSMC_NANDInit                            0x080094e5   Thumb Code   130  stm32f4xx_fsmc.o(.text)
    FSMC_NANDStructInit                      0x08009567   Thumb Code    54  stm32f4xx_fsmc.o(.text)
    FSMC_NANDCmd                             0x0800959d   Thumb Code    86  stm32f4xx_fsmc.o(.text)
    FSMC_NANDECCCmd                          0x080095f3   Thumb Code    86  stm32f4xx_fsmc.o(.text)
    FSMC_GetECC                              0x08009649   Thumb Code    22  stm32f4xx_fsmc.o(.text)
    FSMC_PCCARDDeInit                        0x0800965f   Thumb Code    40  stm32f4xx_fsmc.o(.text)
    FSMC_PCCARDInit                          0x08009687   Thumb Code   124  stm32f4xx_fsmc.o(.text)
    FSMC_PCCARDStructInit                    0x08009703   Thumb Code    60  stm32f4xx_fsmc.o(.text)
    FSMC_PCCARDCmd                           0x0800973f   Thumb Code    40  stm32f4xx_fsmc.o(.text)
    FSMC_ITConfig                            0x08009767   Thumb Code   128  stm32f4xx_fsmc.o(.text)
    FSMC_GetFlagStatus                       0x080097e7   Thumb Code    48  stm32f4xx_fsmc.o(.text)
    FSMC_ClearFlag                           0x08009817   Thumb Code   114  stm32f4xx_fsmc.o(.text)
    FSMC_GetITStatus                         0x08009889   Thumb Code    60  stm32f4xx_fsmc.o(.text)
    FSMC_ClearITPendingBit                   0x080098c5   Thumb Code    64  stm32f4xx_fsmc.o(.text)
    delay_schedlock                          0x0800990d   Thumb Code     8  delay.o(.text)
    delay_schedunlock                        0x08009915   Thumb Code     8  delay.o(.text)
    delay_ostimedly                          0x0800991d   Thumb Code    12  delay.o(.text)
    SysTick_Handler                          0x08009929   Thumb Code    24  delay.o(.text)
    delay_init                               0x08009941   Thumb Code    74  delay.o(.text)
    delay_us                                 0x0800998b   Thumb Code    86  delay.o(.text)
    delay_ms                                 0x080099e1   Thumb Code    66  delay.o(.text)
    _sys_exit                                0x08009a35   Thumb Code     6  usart.o(.text)
    fputc                                    0x08009a3b   Thumb Code    20  usart.o(.text)
    uart_init                                0x08009a4f   Thumb Code   172  usart.o(.text)
    USART1_IRQHandler                        0x08009afb   Thumb Code   130  usart.o(.text)
    usmart_sys_cmd_exe                       0x08009b8d   Thumb Code  1554  usmart.o(.text)
    usmart_reset_runtime                     0x0800a19f   Thumb Code    38  usmart.o(.text)
    usmart_get_runtime                       0x0800a1c5   Thumb Code    56  usmart.o(.text)
    TIM4_IRQHandler                          0x0800a1fd   Thumb Code    50  usmart.o(.text)
    Timer4_Init                              0x0800a22f   Thumb Code    90  usmart.o(.text)
    usmart_init                              0x0800a289   Thumb Code    36  usmart.o(.text)
    usmart_cmd_rec                           0x0800a2ad   Thumb Code   170  usmart.o(.text)
    usmart_exe                               0x0800a357   Thumb Code   872  usmart.o(.text)
    usmart_scan                              0x0800a6bf   Thumb Code   118  usmart.o(.text)
    read_addr                                0x0800a735   Thumb Code     6  usmart.o(.text)
    write_addr                               0x0800a73b   Thumb Code     4  usmart.o(.text)
    usmart_strcmp                            0x0800a7c9   Thumb Code    34  usmart_str.o(.text)
    usmart_strcopy                           0x0800a7eb   Thumb Code    22  usmart_str.o(.text)
    usmart_strlen                            0x0800a801   Thumb Code    24  usmart_str.o(.text)
    usmart_pow                               0x0800a819   Thumb Code    22  usmart_str.o(.text)
    usmart_str2num                           0x0800a82f   Thumb Code   202  usmart_str.o(.text)
    usmart_get_cmdname                       0x0800a8f9   Thumb Code    54  usmart_str.o(.text)
    usmart_search_nextc                      0x0800a92f   Thumb Code    22  usmart_str.o(.text)
    usmart_get_fname                         0x0800a945   Thumb Code   440  usmart_str.o(.text)
    usmart_get_aparm                         0x0800aafd   Thumb Code   200  usmart_str.o(.text)
    usmart_get_parmpos                       0x0800abc5   Thumb Code    26  usmart_str.o(.text)
    usmart_get_fparam                        0x0800abdf   Thumb Code   262  usmart_str.o(.text)
    lwip_pkt_handle                          0x0800acf1   Thumb Code    10  lwip_comm.o(.text)
    lwip_comm_mem_free                       0x0800acfb   Thumb Code    44  lwip_comm.o(.text)
    lwip_comm_mem_malloc                     0x0800ad27   Thumb Code   100  lwip_comm.o(.text)
    lwip_comm_default_ip_set                 0x0800ad8b   Thumb Code    92  lwip_comm.o(.text)
    lwip_comm_init                           0x0800ade7   Thumb Code   118  lwip_comm.o(.text)
    lwip_dhcp_task                           0x0800ae5d   Thumb Code   458  lwip_comm.o(.text)
    lwip_comm_dhcp_creat                     0x0800b027   Thumb Code    36  lwip_comm.o(.text)
    lwip_comm_dhcp_delete                    0x0800b04b   Thumb Code    16  lwip_comm.o(.text)
    lwip_periodic_handle                     0x0800b05b   Thumb Code   646  lwip_comm.o(.text)
    tcp_client_connection_close              0x0800b2e1   Thumb Code    76  tcp_client.o(.text)
    tcp_client_senddata                      0x0800b32d   Thumb Code    86  tcp_client.o(.text)
    tcp_client_poll                          0x0800b383   Thumb Code   154  tcp_client.o(.text)
    tcp_client_sent                          0x0800b41d   Thumb Code    30  tcp_client.o(.text)
    tcp_client_error                         0x0800b43b   Thumb Code     2  tcp_client.o(.text)
    tcp_client_recv                          0x0800b43d   Thumb Code   214  tcp_client.o(.text)
    tcp_client_connected                     0x0800b513   Thumb Code   128  tcp_client.o(.text)
    tcp_connect_task                         0x0800b593   Thumb Code   322  tcp_client.o(.text)
    handle_message_task                      0x0800b6d5   Thumb Code  1384  tcp_client.o(.text)
    etharp_tmr                               0x0800bcad   Thumb Code   144  etharp.o(.text)
    etharp_cleanup_netif                     0x0800c18b   Thumb Code    52  etharp.o(.text)
    etharp_find_addr                         0x0800c1bf   Thumb Code   110  etharp.o(.text)
    etharp_request                           0x0800c49f   Thumb Code    40  etharp.o(.text)
    etharp_query                             0x0800c555   Thumb Code   646  etharp.o(.text)
    etharp_output                            0x0800c7db   Thumb Code   392  etharp.o(.text)
    ethernet_input                           0x0800c963   Thumb Code   204  etharp.o(.text)
    ethernetif_input                         0x0800cbfb   Thumb Code    48  ethernetif.o(.text)
    ethernetif_init                          0x0800cc2b   Thumb Code    56  ethernetif.o(.text)
    icmp_input                               0x0800cce9   Thumb Code   492  icmp.o(.text)
    icmp_dest_unreach                        0x0800cf75   Thumb Code    18  icmp.o(.text)
    icmp_time_exceeded                       0x0800cf87   Thumb Code    18  icmp.o(.text)
    inet_chksum_pseudo                       0x0800d16b   Thumb Code   170  inet_chksum.o(.text)
    inet_chksum_pseudo_partial               0x0800d215   Thumb Code   218  inet_chksum.o(.text)
    inet_chksum                              0x0800d2ef   Thumb Code    20  inet_chksum.o(.text)
    inet_chksum_pbuf                         0x0800d303   Thumb Code    86  inet_chksum.o(.text)
    ip_route                                 0x0800d3c1   Thumb Code    80  ip.o(.text)
    ip_input                                 0x0800d411   Thumb Code   486  ip.o(.text)
    ip_output_if                             0x0800d5f7   Thumb Code   250  ip.o(.text)
    ip_output                                0x0800d6f1   Thumb Code    84  ip.o(.text)
    ip4_addr_isbroadcast                     0x0800d7f1   Thumb Code    78  ip_addr.o(.text)
    ip4_addr_netmask_valid                   0x0800d83f   Thumb Code    52  ip_addr.o(.text)
    ipaddr_aton                              0x0800d873   Thumb Code   364  ip_addr.o(.text)
    ipaddr_addr                              0x0800d9df   Thumb Code    24  ip_addr.o(.text)
    ipaddr_ntoa_r                            0x0800d9f7   Thumb Code   168  ip_addr.o(.text)
    ipaddr_ntoa                              0x0800da9f   Thumb Code    16  ip_addr.o(.text)
    ip_reass_tmr                             0x0800dc67   Thumb Code    56  ip_frag.o(.text)
    ip_reass                                 0x0800e0a5   Thumb Code   410  ip_frag.o(.text)
    ip_frag                                  0x0800e2c5   Thumb Code   630  ip_frag.o(.text)
    lwip_htons                               0x0800e541   Thumb Code    12  def.o(.text)
    lwip_ntohs                               0x0800e54d   Thumb Code    12  def.o(.text)
    lwip_htonl                               0x0800e559   Thumb Code    26  def.o(.text)
    lwip_ntohl                               0x0800e573   Thumb Code    12  def.o(.text)
    dhcp_renew                               0x0800ee5b   Thumb Code   150  dhcp.o(.text)
    dhcp_coarse_tmr                          0x0800f025   Thumb Code    74  dhcp.o(.text)
    dhcp_release                             0x0800f123   Thumb Code   178  dhcp.o(.text)
    dhcp_fine_tmr                            0x0800f3cb   Thumb Code   134  dhcp.o(.text)
    dhcp_set_struct                          0x0800f4c1   Thumb Code   106  dhcp.o(.text)
    dhcp_cleanup                             0x0800f52b   Thumb Code    48  dhcp.o(.text)
    dhcp_stop                                0x0800f55b   Thumb Code   114  dhcp.o(.text)
    dhcp_start                               0x0800fc2b   Thumb Code   438  dhcp.o(.text)
    dhcp_inform                              0x0800fde1   Thumb Code   210  dhcp.o(.text)
    dhcp_network_changed                     0x0800feb3   Thumb Code    80  dhcp.o(.text)
    dhcp_arp_reply                           0x0800ff91   Thumb Code    80  dhcp.o(.text)
    lwip_init                                0x0800ffed   Thumb Code    36  init.o(.text)
    memp_get_memorysize                      0x08010011   Thumb Code     8  memp.o(.text)
    memp_init                                0x08010019   Thumb Code    86  memp.o(.text)
    memp_malloc                              0x0801006f   Thumb Code   102  memp.o(.text)
    memp_free                                0x080100d5   Thumb Code    74  memp.o(.text)
    netif_init                               0x080101e5   Thumb Code     2  netif.o(.text)
    netif_set_gw                             0x080101e7   Thumb Code    16  netif.o(.text)
    netif_set_netmask                        0x080101f7   Thumb Code    16  netif.o(.text)
    netif_set_ipaddr                         0x08010207   Thumb Code   124  netif.o(.text)
    netif_set_addr                           0x08010283   Thumb Code    40  netif.o(.text)
    netif_add                                0x080102ab   Thumb Code   150  netif.o(.text)
    netif_set_default                        0x08010341   Thumb Code    10  netif.o(.text)
    netif_set_down                           0x0801034b   Thumb Code    42  netif.o(.text)
    netif_remove                             0x08010375   Thumb Code    94  netif.o(.text)
    netif_find                               0x080103d3   Thumb Code    72  netif.o(.text)
    netif_set_up                             0x0801041b   Thumb Code    54  netif.o(.text)
    netif_set_link_up                        0x08010451   Thumb Code    66  netif.o(.text)
    netif_set_link_down                      0x08010493   Thumb Code    24  netif.o(.text)
    pbuf_free                                0x08010529   Thumb Code   274  pbuf.o(.text)
    pbuf_alloc                               0x0801063b   Thumb Code   652  pbuf.o(.text)
    pbuf_alloced_custom                      0x080108c7   Thumb Code   658  pbuf.o(.text)
    pbuf_realloc                             0x08010b59   Thumb Code   272  pbuf.o(.text)
    pbuf_header                              0x08010c69   Thumb Code   214  pbuf.o(.text)
    pbuf_clen                                0x08010d3f   Thumb Code    18  pbuf.o(.text)
    pbuf_ref                                 0x08010d51   Thumb Code    26  pbuf.o(.text)
    pbuf_cat                                 0x08010d6b   Thumb Code   138  pbuf.o(.text)
    pbuf_chain                               0x08010df5   Thumb Code    26  pbuf.o(.text)
    pbuf_dechain                             0x08010e0f   Thumb Code   132  pbuf.o(.text)
    pbuf_copy                                0x08010e93   Thumb Code   790  pbuf.o(.text)
    pbuf_copy_partial                        0x080111a9   Thumb Code   190  pbuf.o(.text)
    pbuf_take                                0x08011267   Thumb Code   214  pbuf.o(.text)
    pbuf_coalesce                            0x0801133d   Thumb Code    84  pbuf.o(.text)
    pbuf_get_at                              0x08011391   Thumb Code    46  pbuf.o(.text)
    pbuf_memcmp                              0x080113bf   Thumb Code    96  pbuf.o(.text)
    pbuf_memfind                             0x0801141f   Thumb Code    76  pbuf.o(.text)
    pbuf_strstr                              0x0801146b   Thumb Code    60  pbuf.o(.text)
    raw_input                                0x080115d5   Thumb Code   102  raw.o(.text)
    raw_bind                                 0x0801163b   Thumb Code    16  raw.o(.text)
    raw_connect                              0x0801164b   Thumb Code    16  raw.o(.text)
    raw_recv                                 0x0801165b   Thumb Code     6  raw.o(.text)
    raw_sendto                               0x08011661   Thumb Code   190  raw.o(.text)
    raw_send                                 0x0801171f   Thumb Code    18  raw.o(.text)
    raw_remove                               0x08011731   Thumb Code    60  raw.o(.text)
    raw_new                                  0x0801176d   Thumb Code    46  raw.o(.text)
    tcp_init                                 0x08011821   Thumb Code     2  tcp.o(.text)
    tcp_seg_free                             0x08011823   Thumb Code    26  tcp.o(.text)
    tcp_segs_free                            0x0801183d   Thumb Code    24  tcp.o(.text)
    tcp_pcb_purge                            0x08011855   Thumb Code    88  tcp.o(.text)
    tcp_slowtmr                              0x080118ad   Thumb Code  1428  tcp.o(.text)
    tcp_pcb_remove                           0x08011e41   Thumb Code   192  tcp.o(.text)
    tcp_close                                0x080120cd   Thumb Code    28  tcp.o(.text)
    tcp_update_rcv_ann_wnd                   0x080120e9   Thumb Code   106  tcp.o(.text)
    tcp_recved                               0x08012153   Thumb Code   430  tcp.o(.text)
    tcp_recv_null                            0x08012301   Thumb Code    46  tcp.o(.text)
    tcp_process_refused_data                 0x0801232f   Thumb Code   148  tcp.o(.text)
    tcp_fasttmr                              0x080123c3   Thumb Code   114  tcp.o(.text)
    tcp_tmr                                  0x08012435   Thumb Code    30  tcp.o(.text)
    tcp_shutdown                             0x08012453   Thumb Code    98  tcp.o(.text)
    tcp_abandon                              0x080124b5   Thumb Code   168  tcp.o(.text)
    tcp_abort                                0x0801255d   Thumb Code    14  tcp.o(.text)
    tcp_bind                                 0x080125cb   Thumb Code   170  tcp.o(.text)
    tcp_listen_with_backlog                  0x0801267d   Thumb Code   222  tcp.o(.text)
    tcp_eff_send_mss                         0x0801275b   Thumb Code    46  tcp.o(.text)
    tcp_next_iss                             0x08012789   Thumb Code    20  tcp.o(.text)
    tcp_connect                              0x0801279d   Thumb Code   538  tcp.o(.text)
    tcp_setprio                              0x080129b7   Thumb Code     4  tcp.o(.text)
    tcp_alloc                                0x08012a41   Thumb Code   202  tcp.o(.text)
    tcp_new                                  0x08012b0b   Thumb Code    10  tcp.o(.text)
    tcp_arg                                  0x08012b15   Thumb Code     4  tcp.o(.text)
    tcp_recv                                 0x08012b19   Thumb Code    42  tcp.o(.text)
    tcp_sent                                 0x08012b43   Thumb Code    42  tcp.o(.text)
    tcp_err                                  0x08012b6d   Thumb Code    44  tcp.o(.text)
    tcp_accept                               0x08012b99   Thumb Code     4  tcp.o(.text)
    tcp_poll                                 0x08012b9d   Thumb Code    50  tcp.o(.text)
    tcp_debug_state_str                      0x08012bcf   Thumb Code    10  tcp.o(.text)
    tcp_input                                0x08013ea1   Thumb Code  1672  tcp_in.o(.text)
    tcp_enqueue_flags                        0x08014699   Thumb Code   416  tcp_out.o(.text)
    tcp_send_fin                             0x08014839   Thumb Code    74  tcp_out.o(.text)
    tcp_write                                0x08014b1b   Thumb Code  1742  tcp_out.o(.text)
    tcp_send_empty_ack                       0x080151e9   Thumb Code    86  tcp_out.o(.text)
    tcp_output                               0x0801530f   Thumb Code   710  tcp_out.o(.text)
    tcp_rst                                  0x080155d5   Thumb Code   162  tcp_out.o(.text)
    tcp_rexmit_rto                           0x08015677   Thumb Code    58  tcp_out.o(.text)
    tcp_rexmit                               0x080156b1   Thumb Code    90  tcp_out.o(.text)
    tcp_rexmit_fast                          0x0801570b   Thumb Code   120  tcp_out.o(.text)
    tcp_keepalive                            0x08015783   Thumb Code    84  tcp_out.o(.text)
    tcp_zero_window_probe                    0x080157d7   Thumb Code   180  tcp_out.o(.text)
    sys_timeout                              0x0801588d   Thumb Code   174  timers.o(.text)
    tcp_timer_needed                         0x08015963   Thumb Code    38  timers.o(.text)
    sys_timeouts_init                        0x080159f1   Thumb Code    52  timers.o(.text)
    sys_untimeout                            0x08015a25   Thumb Code    90  timers.o(.text)
    sys_timeouts_mbox_fetch                  0x08015a7f   Thumb Code   132  timers.o(.text)
    udp_init                                 0x08015bbd   Thumb Code     2  udp.o(.text)
    udp_input                                0x08015c0f   Thumb Code   512  udp.o(.text)
    udp_bind                                 0x08015e0f   Thumb Code   170  udp.o(.text)
    udp_sendto_if                            0x08015eb9   Thumb Code   460  udp.o(.text)
    udp_sendto                               0x08016085   Thumb Code    54  udp.o(.text)
    udp_send                                 0x080160bb   Thumb Code    20  udp.o(.text)
    udp_connect                              0x080160cf   Thumb Code    98  udp.o(.text)
    udp_disconnect                           0x08016131   Thumb Code    16  udp.o(.text)
    udp_recv                                 0x08016141   Thumb Code     6  udp.o(.text)
    udp_remove                               0x08016147   Thumb Code    60  udp.o(.text)
    udp_new                                  0x08016183   Thumb Code    28  udp.o(.text)
    mem_init                                 0x0801627f   Thumb Code   114  mem.o(.text)
    mem_free                                 0x080162f1   Thumb Code   182  mem.o(.text)
    mem_trim                                 0x080163a7   Thumb Code   338  mem.o(.text)
    mem_malloc                               0x080164f9   Thumb Code   796  mem.o(.text)
    mem_calloc                               0x08016815   Thumb Code    34  mem.o(.text)
    sys_mbox_new                             0x080168e9   Thumb Code   108  sys_arch.o(.text)
    sys_mbox_free                            0x08016955   Thumb Code    56  sys_arch.o(.text)
    sys_mbox_post                            0x0801698d   Thumb Code    28  sys_arch.o(.text)
    sys_mbox_trypost                         0x080169a9   Thumb Code    32  sys_arch.o(.text)
    sys_arch_mbox_fetch                      0x080169c9   Thumb Code   154  sys_arch.o(.text)
    sys_arch_mbox_tryfetch                   0x08016a63   Thumb Code    18  sys_arch.o(.text)
    sys_mbox_valid                           0x08016a75   Thumb Code    56  sys_arch.o(.text)
    sys_mbox_set_invalid                     0x08016aad   Thumb Code     6  sys_arch.o(.text)
    sys_sem_new                              0x08016ab3   Thumb Code    62  sys_arch.o(.text)
    sys_arch_sem_wait                        0x08016af1   Thumb Code    96  sys_arch.o(.text)
    sys_sem_signal                           0x08016b51   Thumb Code    12  sys_arch.o(.text)
    sys_sem_free                             0x08016b5d   Thumb Code    52  sys_arch.o(.text)
    sys_sem_valid                            0x08016b91   Thumb Code    22  sys_arch.o(.text)
    sys_sem_set_invalid                      0x08016ba7   Thumb Code     6  sys_arch.o(.text)
    sys_init                                 0x08016bad   Thumb Code     2  sys_arch.o(.text)
    sys_thread_new                           0x08016baf   Thumb Code    66  sys_arch.o(.text)
    sys_msleep                               0x08016bf1   Thumb Code    12  sys_arch.o(.text)
    sys_now                                  0x08016bfd   Thumb Code    26  sys_arch.o(.text)
    netconn_new_with_proto_and_callback      0x08016cbd   Thumb Code   196  api_lib.o(.text)
    netconn_delete                           0x08016d81   Thumb Code    36  api_lib.o(.text)
    netconn_getaddr                          0x08016da5   Thumb Code   162  api_lib.o(.text)
    netconn_bind                             0x08016e47   Thumb Code    98  api_lib.o(.text)
    netconn_connect                          0x08016ea9   Thumb Code    98  api_lib.o(.text)
    netconn_disconnect                       0x08016f0b   Thumb Code    84  api_lib.o(.text)
    netconn_listen_with_backlog              0x08016f5f   Thumb Code    86  api_lib.o(.text)
    netconn_accept                           0x08016fb5   Thumb Code   808  api_lib.o(.text)
    netconn_recv_tcp_pbuf                    0x08017453   Thumb Code    56  api_lib.o(.text)
    netconn_recv                             0x0801748b   Thumb Code   270  api_lib.o(.text)
    netconn_recved                           0x08017599   Thumb Code    46  api_lib.o(.text)
    netconn_send                             0x080175c7   Thumb Code    98  api_lib.o(.text)
    netconn_sendto                           0x08017629   Thumb Code    44  api_lib.o(.text)
    netconn_write_partly                     0x08017655   Thumb Code   434  api_lib.o(.text)
    netconn_close                            0x08017867   Thumb Code    14  api_lib.o(.text)
    netconn_shutdown                         0x08017875   Thumb Code    36  api_lib.o(.text)
    netconn_free                             0x08018297   Thumb Code   330  api_msg.o(.text)
    netconn_alloc                            0x080183e1   Thumb Code   174  api_msg.o(.text)
    do_newconn                               0x080185f1   Thumb Code    32  api_msg.o(.text)
    do_delconn                               0x080186d9   Thumb Code   636  api_msg.o(.text)
    do_bind                                  0x08018955   Thumb Code   116  api_msg.o(.text)
    do_connect                               0x08018a9b   Thumb Code   230  api_msg.o(.text)
    do_disconnect                            0x08018b81   Thumb Code    46  api_msg.o(.text)
    do_listen                                0x08018baf   Thumb Code   390  api_msg.o(.text)
    do_send                                  0x08018d35   Thumb Code   166  api_msg.o(.text)
    do_recv                                  0x08018ddb   Thumb Code    72  api_msg.o(.text)
    do_write                                 0x08018e23   Thumb Code   166  api_msg.o(.text)
    do_getaddr                               0x08018ec9   Thumb Code   198  api_msg.o(.text)
    do_close                                 0x08018f8f   Thumb Code   184  api_msg.o(.text)
    netbuf_new                               0x08019079   Thumb Code    30  netbuf.o(.text)
    netbuf_delete                            0x08019097   Thumb Code    32  netbuf.o(.text)
    netbuf_alloc                             0x080190b7   Thumb Code   102  netbuf.o(.text)
    netbuf_free                              0x0801911d   Thumb Code    50  netbuf.o(.text)
    netbuf_ref                               0x0801914f   Thumb Code    92  netbuf.o(.text)
    netbuf_chain                             0x080191ab   Thumb Code    82  netbuf.o(.text)
    netbuf_data                              0x080191fd   Thumb Code   122  netbuf.o(.text)
    netbuf_next                              0x08019277   Thumb Code    64  netbuf.o(.text)
    netbuf_first                             0x080192b7   Thumb Code    38  netbuf.o(.text)
    lwip_socket_init                         0x08019431   Thumb Code     2  sockets.o(.text)
    lwip_accept                              0x080196dd   Thumb Code   666  sockets.o(.text)
    lwip_bind                                0x08019977   Thumb Code   184  sockets.o(.text)
    lwip_close                               0x08019a2f   Thumb Code    94  sockets.o(.text)
    lwip_connect                             0x08019a8d   Thumb Code   204  sockets.o(.text)
    lwip_listen                              0x08019b59   Thumb Code   136  sockets.o(.text)
    lwip_recvfrom                            0x08019be1   Thumb Code   812  sockets.o(.text)
    lwip_read                                0x08019f0d   Thumb Code    28  sockets.o(.text)
    lwip_recv                                0x08019f29   Thumb Code    34  sockets.o(.text)
    lwip_sendto                              0x08019f4b   Thumb Code   276  sockets.o(.text)
    lwip_send                                0x0801a05f   Thumb Code   156  sockets.o(.text)
    lwip_socket                              0x0801a0fb   Thumb Code   296  sockets.o(.text)
    lwip_write                               0x0801a223   Thumb Code    22  sockets.o(.text)
    lwip_select                              0x0801a3b5   Thumb Code   864  sockets.o(.text)
    lwip_shutdown                            0x0801a715   Thumb Code   296  sockets.o(.text)
    lwip_getpeername                         0x0801a8bf   Thumb Code    22  sockets.o(.text)
    lwip_getsockname                         0x0801a8d5   Thumb Code    22  sockets.o(.text)
    lwip_getsockopt                          0x0801aae7   Thumb Code   408  sockets.o(.text)
    lwip_setsockopt                          0x0801ae35   Thumb Code   318  sockets.o(.text)
    lwip_ioctl                               0x0801af73   Thumb Code   116  sockets.o(.text)
    lwip_fcntl                               0x0801afe7   Thumb Code   142  sockets.o(.text)
    tcpip_input                              0x0801b15b   Thumb Code    72  tcpip.o(.text)
    tcpip_callback_with_block                0x0801b1a3   Thumb Code    90  tcpip.o(.text)
    tcpip_timeout                            0x0801b1fd   Thumb Code    64  tcpip.o(.text)
    tcpip_untimeout                          0x0801b23d   Thumb Code    56  tcpip.o(.text)
    tcpip_apimsg                             0x0801b275   Thumb Code    60  tcpip.o(.text)
    tcpip_callbackmsg_new                    0x0801b2b1   Thumb Code    32  tcpip.o(.text)
    tcpip_callbackmsg_delete                 0x0801b2d1   Thumb Code    14  tcpip.o(.text)
    tcpip_trycallback                        0x0801b2df   Thumb Code    28  tcpip.o(.text)
    tcpip_init                               0x0801b2fb   Thumb Code    72  tcpip.o(.text)
    pbuf_free_callback                       0x0801b351   Thumb Code    16  tcpip.o(.text)
    mem_free_callback                        0x0801b361   Thumb Code    16  tcpip.o(.text)
    OS_StrLen                                0x0801b42d   Thumb Code    20  os_core.o(.text)
    OSEventNameGet                           0x0801b441   Thumb Code    98  os_core.o(.text)
    OSEventNameSet                           0x0801b4a3   Thumb Code    84  os_core.o(.text)
    OS_TaskStatStkChk                        0x0801b4f7   Thumb Code    54  os_core.o(.text)
    OS_TaskStat                              0x0801b52d   Thumb Code   116  os_core.o(.text)
    OS_TaskIdle                              0x0801b5d5   Thumb Code    34  os_core.o(.text)
    OS_MemClr                                0x0801b62b   Thumb Code    18  os_core.o(.text)
    OSInit                                   0x0801b751   Thumb Code    52  os_core.o(.text)
    OSIntEnter                               0x0801b785   Thumb Code    28  os_core.o(.text)
    OSIntExit                                0x0801b7bb   Thumb Code   262  os_core.o(.text)
    OSSchedLock                              0x0801b8c1   Thumb Code    50  os_core.o(.text)
    OS_Sched                                 0x0801b8f3   Thumb Code    88  os_core.o(.text)
    OSSchedUnlock                            0x0801b94b   Thumb Code    82  os_core.o(.text)
    OSStart                                  0x0801b99d   Thumb Code    48  os_core.o(.text)
    OSStatInit                               0x0801b9cd   Thumb Code    62  os_core.o(.text)
    OSTimeTick                               0x0801ba0b   Thumb Code   218  os_core.o(.text)
    OSVersion                                0x0801bae5   Thumb Code     6  os_core.o(.text)
    OS_Dummy                                 0x0801baeb   Thumb Code     2  os_core.o(.text)
    OS_EventTaskRemove                       0x0801baed   Thumb Code    42  os_core.o(.text)
    OS_EventTaskRdy                          0x0801bb17   Thumb Code   118  os_core.o(.text)
    OS_EventTaskWait                         0x0801bb8d   Thumb Code   112  os_core.o(.text)
    OS_EventWaitListInit                     0x0801bbfd   Thumb Code    28  os_core.o(.text)
    OS_MemCopy                               0x0801bc19   Thumb Code    20  os_core.o(.text)
    OS_TCBInit                               0x0801bc2d   Thumb Code   374  os_core.o(.text)
    OSFlagAccept                             0x0801bdb9   Thumb Code   252  os_flag.o(.text)
    OSFlagCreate                             0x0801beb5   Thumb Code    86  os_flag.o(.text)
    OS_FlagUnlink                            0x0801bf0b   Thumb Code    36  os_flag.o(.text)
    OSFlagDel                                0x0801bf8f   Thumb Code   214  os_flag.o(.text)
    OSFlagNameGet                            0x0801c065   Thumb Code    80  os_flag.o(.text)
    OSFlagNameSet                            0x0801c0b5   Thumb Code    66  os_flag.o(.text)
    OSFlagPend                               0x0801c18f   Thumb Code   614  os_flag.o(.text)
    OSFlagPendGetFlagsRdy                    0x0801c3f5   Thumb Code    26  os_flag.o(.text)
    OSFlagPost                               0x0801c40f   Thumb Code   312  os_flag.o(.text)
    OSFlagQuery                              0x0801c547   Thumb Code    48  os_flag.o(.text)
    OS_FlagInit                              0x0801c577   Thumb Code    78  os_flag.o(.text)
    OSMemCreate                              0x0801c5d1   Thumb Code   118  os_mem.o(.text)
    OSMemGet                                 0x0801c647   Thumb Code    62  os_mem.o(.text)
    OSMemNameGet                             0x0801c685   Thumb Code    60  os_mem.o(.text)
    OSMemNameSet                             0x0801c6c1   Thumb Code    48  os_mem.o(.text)
    OSMemPut                                 0x0801c6f1   Thumb Code    54  os_mem.o(.text)
    OSMemQuery                               0x0801c727   Thumb Code    52  os_mem.o(.text)
    OS_MemInit                               0x0801c75b   Thumb Code    74  os_mem.o(.text)
    OSQAccept                                0x0801c7b5   Thumb Code    88  os_q.o(.text)
    OSQCreate                                0x0801c80d   Thumb Code   144  os_q.o(.text)
    OSQDel                                   0x0801c89d   Thumb Code   244  os_q.o(.text)
    OSQFlush                                 0x0801c991   Thumb Code    36  os_q.o(.text)
    OSQPend                                  0x0801c9b5   Thumb Code   272  os_q.o(.text)
    OSQPendAbort                             0x0801cac5   Thumb Code   126  os_q.o(.text)
    OSQPost                                  0x0801cb43   Thumb Code   114  os_q.o(.text)
    OSQPostFront                             0x0801cbb5   Thumb Code   142  os_q.o(.text)
    OSQPostOpt                               0x0801cc43   Thumb Code   182  os_q.o(.text)
    OSQQuery                                 0x0801ccf9   Thumb Code    98  os_q.o(.text)
    OS_QInit                                 0x0801cd5b   Thumb Code    72  os_q.o(.text)
    OSSemAccept                              0x0801cdad   Thumb Code    42  os_sem.o(.text)
    OSSemCreate                              0x0801cdd7   Thumb Code    72  os_sem.o(.text)
    OSSemDel                                 0x0801ce1f   Thumb Code   230  os_sem.o(.text)
    OSSemPend                                0x0801cf05   Thumb Code   222  os_sem.o(.text)
    OSSemPendAbort                           0x0801cfe3   Thumb Code   126  os_sem.o(.text)
    OSSemPost                                0x0801d061   Thumb Code    88  os_sem.o(.text)
    OSSemQuery                               0x0801d0b9   Thumb Code    76  os_sem.o(.text)
    OSSemSet                                 0x0801d105   Thumb Code    66  os_sem.o(.text)
    OSTaskChangePrio                         0x0801d189   Thumb Code   310  os_task.o(.text)
    OSTaskCreate                             0x0801d2bf   Thumb Code   148  os_task.o(.text)
    OS_TaskStkClr                            0x0801d353   Thumb Code    26  os_task.o(.text)
    OSTaskCreateExt                          0x0801d36d   Thumb Code   170  os_task.o(.text)
    OSTaskDel                                0x0801d417   Thumb Code   294  os_task.o(.text)
    OSTaskDelReq                             0x0801d53d   Thumb Code   146  os_task.o(.text)
    OSTaskNameGet                            0x0801d5cf   Thumb Code   114  os_task.o(.text)
    OSTaskNameSet                            0x0801d641   Thumb Code    98  os_task.o(.text)
    OSTaskResume                             0x0801d6a3   Thumb Code   160  os_task.o(.text)
    OSTaskStkChk                             0x0801d743   Thumb Code   132  os_task.o(.text)
    OSTaskSuspend                            0x0801d7c7   Thumb Code   152  os_task.o(.text)
    OSTaskQuery                              0x0801d85f   Thumb Code    82  os_task.o(.text)
    OSTaskRegGet                             0x0801d8b1   Thumb Code    60  os_task.o(.text)
    OSTaskRegSet                             0x0801d8ed   Thumb Code    62  os_task.o(.text)
    OS_TaskReturn                            0x0801d92b   Thumb Code    18  os_task.o(.text)
    OSTimeDly                                0x0801d955   Thumb Code   100  os_time.o(.text)
    OSTimeDlyHMSM                            0x0801d9b9   Thumb Code    86  os_time.o(.text)
    OSTimeDlyResume                          0x0801da0f   Thumb Code   176  os_time.o(.text)
    OSTimeGet                                0x0801dabf   Thumb Code    24  os_time.o(.text)
    OSTimeSet                                0x0801dad7   Thumb Code    24  os_time.o(.text)
    OSTmrCreate                              0x0801db3f   Thumb Code    96  os_tmr.o(.text)
    OSTmrDel                                 0x0801dc17   Thumb Code   124  os_tmr.o(.text)
    OSTmrNameGet                             0x0801dc93   Thumb Code   114  os_tmr.o(.text)
    OSTmrRemainGet                           0x0801dd05   Thumb Code   164  os_tmr.o(.text)
    OSTmrStateGet                            0x0801dda9   Thumb Code    86  os_tmr.o(.text)
    OSTmrStart                               0x0801de63   Thumb Code   128  os_tmr.o(.text)
    OSTmrStop                                0x0801dee3   Thumb Code   210  os_tmr.o(.text)
    OSTmrSignal                              0x0801dfb5   Thumb Code    16  os_tmr.o(.text)
    OSTmr_Init                               0x0801e069   Thumb Code   172  os_tmr.o(.text)
    OSInitHookBegin                          0x0801e17d   Thumb Code     8  os_cpu_c.o(.text)
    OSInitHookEnd                            0x0801e185   Thumb Code     2  os_cpu_c.o(.text)
    OSTaskCreateHook                         0x0801e187   Thumb Code     2  os_cpu_c.o(.text)
    OSTaskDelHook                            0x0801e189   Thumb Code     2  os_cpu_c.o(.text)
    OSTaskIdleHook                           0x0801e18b   Thumb Code     2  os_cpu_c.o(.text)
    OSTaskStatHook                           0x0801e18d   Thumb Code     2  os_cpu_c.o(.text)
    OSTaskStkInit                            0x0801e18f   Thumb Code   426  os_cpu_c.o(.text)
    OSTaskSwHook                             0x0801e339   Thumb Code     2  os_cpu_c.o(.text)
    OSTCBInitHook                            0x0801e33b   Thumb Code     2  os_cpu_c.o(.text)
    OSTimeTickHook                           0x0801e33d   Thumb Code    30  os_cpu_c.o(.text)
    OSTaskReturnHook                         0x0801e35b   Thumb Code     2  os_cpu_c.o(.text)
    OS_CPU_SR_Save                           0x0801e365   Thumb Code     0  os_cpu_a.o(.text)
    OS_CPU_SR_Restore                        0x0801e36d   Thumb Code     0  os_cpu_a.o(.text)
    OSStartHighRdy                           0x0801e373   Thumb Code     0  os_cpu_a.o(.text)
    OSCtxSw                                  0x0801e397   Thumb Code     0  os_cpu_a.o(.text)
    OSIntCtxSw                               0x0801e3a5   Thumb Code     0  os_cpu_a.o(.text)
    PendSV_Handler                           0x0801e3b5   Thumb Code     0  os_cpu_a.o(.text)
    mymemcpy                                 0x0801e42d   Thumb Code    26  malloc.o(.text)
    mymemset                                 0x0801e447   Thumb Code    20  malloc.o(.text)
    mymem_init                               0x0801e45b   Thumb Code    54  malloc.o(.text)
    mem_perused                              0x0801e491   Thumb Code    54  malloc.o(.text)
    mymem_malloc                             0x0801e4c7   Thumb Code   162  malloc.o(.text)
    mymem_free                               0x0801e569   Thumb Code    94  malloc.o(.text)
    myfree                                   0x0801e5c7   Thumb Code    32  malloc.o(.text)
    mymalloc                                 0x0801e5e7   Thumb Code    34  malloc.o(.text)
    myrealloc                                0x0801e609   Thumb Code    66  malloc.o(.text)
    __use_no_semihosting                     0x0801e65d   Thumb Code     2  use_no_semi_2.o(.text)
    __rt_ctype_table                         0x0801e661   Thumb Code    16  rt_ctype_table.o(.text)
    __2printf                                0x0801e671   Thumb Code    20  noretval__2printf.o(.text)
    __2sprintf                               0x0801e689   Thumb Code    34  noretval__2sprintf.o(.text)
    _printf_pre_padding                      0x0801e6b1   Thumb Code    46  _printf_pad.o(.text)
    _printf_post_padding                     0x0801e6df   Thumb Code    36  _printf_pad.o(.text)
    _printf_str                              0x0801e703   Thumb Code    82  _printf_str.o(.text)
    _printf_int_dec                          0x0801e755   Thumb Code   102  _printf_dec.o(.text)
    _printf_int_hex                          0x0801e7cd   Thumb Code    88  _printf_hex_int.o(.text)
    _printf_longlong_hex                     0x0801e7cd   Thumb Code     0  _printf_hex_int.o(.text)
    __printf                                 0x0801e829   Thumb Code   390  __printf_flags_ss_wp.o(.text)
    memcmp                                   0x0801e9b5   Thumb Code    88  memcmp.o(.text)
    strlen                                   0x0801ea0d   Thumb Code    62  strlen.o(.text)
    __aeabi_memcpy                           0x0801ea4b   Thumb Code     0  rt_memcpy_v6.o(.text)
    __rt_memcpy                              0x0801ea4b   Thumb Code   138  rt_memcpy_v6.o(.text)
    _memcpy_lastbytes                        0x0801eab1   Thumb Code     0  rt_memcpy_v6.o(.text)
    __aeabi_memclr                           0x0801ead5   Thumb Code     0  rt_memclr.o(.text)
    __rt_memclr                              0x0801ead5   Thumb Code    68  rt_memclr.o(.text)
    _memset                                  0x0801ead9   Thumb Code     0  rt_memclr.o(.text)
    __aeabi_memclr4                          0x0801eb19   Thumb Code     0  rt_memclr_w.o(.text)
    __aeabi_memclr8                          0x0801eb19   Thumb Code     0  rt_memclr_w.o(.text)
    __rt_memclr_w                            0x0801eb19   Thumb Code    78  rt_memclr_w.o(.text)
    _memset_w                                0x0801eb1d   Thumb Code     0  rt_memclr_w.o(.text)
    strcmp                                   0x0801eb69   Thumb Code   128  strcmpv7m.o(.text)
    __use_two_region_memory                  0x0801ebe9   Thumb Code     2  heapauxi.o(.text)
    __rt_heap_escrow$2region                 0x0801ebeb   Thumb Code     2  heapauxi.o(.text)
    __rt_heap_expand$2region                 0x0801ebed   Thumb Code     2  heapauxi.o(.text)
    __I$use$semihosting                      0x0801ebef   Thumb Code     0  use_no_semi.o(.text)
    __use_no_semihosting_swi                 0x0801ebef   Thumb Code     2  use_no_semi.o(.text)
    __rt_locale                              0x0801ebf1   Thumb Code     8  rt_locale_intlibspace.o(.text)
    _printf_int_common                       0x0801ebf9   Thumb Code   184  _printf_intcommon.o(.text)
    _printf_char_common                      0x0801ecbb   Thumb Code    32  _printf_char_common.o(.text)
    _sputc                                   0x0801ece1   Thumb Code    10  _sputc.o(.text)
    _printf_cs_common                        0x0801eceb   Thumb Code    20  _printf_char.o(.text)
    _printf_char                             0x0801ecff   Thumb Code    16  _printf_char.o(.text)
    _printf_string                           0x0801ed0f   Thumb Code     8  _printf_char.o(.text)
    _printf_char_file                        0x0801ed19   Thumb Code    32  _printf_char_file.o(.text)
    __aeabi_memcpy4                          0x0801ed3d   Thumb Code     0  rt_memcpy_w.o(.text)
    __aeabi_memcpy8                          0x0801ed3d   Thumb Code     0  rt_memcpy_w.o(.text)
    __rt_memcpy_w                            0x0801ed3d   Thumb Code   100  rt_memcpy_w.o(.text)
    _memcpy_lastbytes_aligned                0x0801ed85   Thumb Code     0  rt_memcpy_w.o(.text)
    __user_libspace                          0x0801eda1   Thumb Code     8  libspace.o(.text)
    __user_perproc_libspace                  0x0801eda1   Thumb Code     0  libspace.o(.text)
    __user_perthread_libspace                0x0801eda1   Thumb Code     0  libspace.o(.text)
    ferror                                   0x0801eda9   Thumb Code     8  ferror.o(.text)
    __user_setup_stackheap                   0x0801edb1   Thumb Code    74  sys_stackheap_outer.o(.text)
    exit                                     0x0801edfb   Thumb Code    12  exit.o(.text)
    _is_digit                                0x0801ee07   Thumb Code    14  __printf_wp.o(i._is_digit)
    _get_lc_ctype                            0x0801ee15   Thumb Code    44  lc_ctype_c.o(locale$$code)
    __aeabi_d2uiz                            0x0801ee41   Thumb Code     0  dfixu.o(x$fpl$dfixu)
    _dfixu                                   0x0801ee41   Thumb Code    90  dfixu.o(x$fpl$dfixu)
    __aeabi_ui2d                             0x0801ee9b   Thumb Code     0  dflt_clz.o(x$fpl$dfltu)
    _dfltu                                   0x0801ee9b   Thumb Code    38  dflt_clz.o(x$fpl$dfltu)
    __aeabi_dmul                             0x0801eec1   Thumb Code     0  dmul.o(x$fpl$dmul)
    _dmul                                    0x0801eec1   Thumb Code   332  dmul.o(x$fpl$dmul)
    __fpl_dnaninf                            0x0801f015   Thumb Code   156  dnaninf.o(x$fpl$dnaninf)
    __fpl_dretinf                            0x0801f0b1   Thumb Code    12  dretinf.o(x$fpl$dretinf)
    _fp_init                                 0x0801f0bd   Thumb Code    10  fpinit.o(x$fpl$fpinit)
    __fplib_config_fpu_vfp                   0x0801f0c5   Thumb Code     0  fpinit.o(x$fpl$fpinit)
    __fplib_config_pureend_doubles           0x0801f0c5   Thumb Code     0  fpinit.o(x$fpl$fpinit)
    __I$use$fp                               0x0801f0c6   Number         0  usenofp.o(x$fpl$usenofp)
    asc2_1206                                0x0801f0c6   Data        1140  lcd.o(.constdata)
    asc2_1608                                0x0801f53a   Data        1520  lcd.o(.constdata)
    asc2_2412                                0x0801fb2a   Data        3420  lcd.o(.constdata)
    FSMC_DefaultTimingStruct                 0x08020888   Data          28  stm32f4xx_fsmc.o(.constdata)
    ethbroadcast                             0x080208a4   Data           6  etharp.o(.constdata)
    ethzero                                  0x080208aa   Data           6  etharp.o(.constdata)
    ip_addr_any                              0x080208f4   Data           4  ip_addr.o(.constdata)
    ip_addr_broadcast                        0x080208f8   Data           4  ip_addr.o(.constdata)
    tcp_state_str                            0x080209c0   Data          44  tcp.o(.constdata)
    tcp_backoff                              0x080209ec   Data          13  tcp.o(.constdata)
    tcp_persist_backoff                      0x080209f9   Data           7  tcp.o(.constdata)
    tcp_pcb_lists                            0x08020a00   Data          16  tcp.o(.constdata)
    pvNullPointer                            0x08020a68   Data           4  sys_arch.o(.constdata)
    OSUnMapTbl                               0x08020aac   Data         256  os_core.o(.constdata)
    memtblsize                               0x08020bac   Data          12  malloc.o(.constdata)
    memblksize                               0x08020bb8   Data          12  malloc.o(.constdata)
    memsize                                  0x08020bc4   Data          12  malloc.o(.constdata)
    Region$$Table$$Base                      0x08020e20   Number         0  anon$$obj.o(Region$$Table)
    Region$$Table$$Limit                     0x08020e40   Number         0  anon$$obj.o(Region$$Table)
    __ctype                                  0x08020e4d   Data           0  lc_ctype_c.o(locale$$data)
    mem3base                                 0x10000000   Data       61440  malloc.o(.ARM.__AT_0x10000000)
    mem3mapbase                              0x1000f000   Data        3840  malloc.o(.ARM.__AT_0x1000F000)
    led_q                                    0x20000000   Data           8  main.o(.data)
    led_event                                0x20000008   Data           4  main.o(.data)
    dht11_q                                  0x2000000c   Data           8  main.o(.data)
    dht11_event                              0x20000014   Data           4  main.o(.data)
    SystemCoreClock                          0x20000018   Data           4  system_stm32f4xx.o(.data)
    AHBPrescTable                            0x2000001c   Data          16  system_stm32f4xx.o(.data)
    ihome_start_flag                         0x2000002c   Data           4  ihome_function.o(.data)
    TIM5CH1_CAPTURE_STA                      0x20000034   Data           1  timer.o(.data)
    TIM5CH1_CAPTURE_VAL                      0x20000038   Data           4  timer.o(.data)
    POINT_COLOR                              0x2000003c   Data           2  lcd.o(.data)
    BACK_COLOR                               0x2000003e   Data           2  lcd.o(.data)
    DMARxDscrTab                             0x20000040   Data           4  lan8720.o(.data)
    DMATxDscrTab                             0x20000044   Data           4  lan8720.o(.data)
    Rx_Buff                                  0x20000048   Data           4  lan8720.o(.data)
    Tx_Buff                                  0x2000004c   Data           4  lan8720.o(.data)
    DMATxDescToSet                           0x20000060   Data           4  stm32f4x7_eth.o(.data)
    DMARxDescToGet                           0x20000064   Data           4  stm32f4x7_eth.o(.data)
    DMA_RX_FRAME_infos                       0x20000068   Data           4  stm32f4x7_eth.o(.data)
    Frame_Rx_index                           0x2000006c   Data           4  stm32f4x7_eth.o(.data)
    USART_RX_STA                             0x20000074   Data           2  usart.o(.data)
    __stdout                                 0x20000078   Data           4  usart.o(.data)
    sys_cmd_tab                              0x2000007c   Data          28  usmart.o(.data)
    usmart_nametab                           0x20000098   Data          48  usmart_config.o(.data)
    usmart_dev                               0x200000c8   Data         244  usmart_config.o(.data)
    TCPTimer                                 0x200001bc   Data           4  lwip_comm.o(.data)
    ARPTimer                                 0x200001c0   Data           4  lwip_comm.o(.data)
    DHCPfineTimer                            0x200001c4   Data           4  lwip_comm.o(.data)
    DHCPcoarseTimer                          0x200001c8   Data           4  lwip_comm.o(.data)
    lwip_localtime                           0x200001d0   Data           4  lwip_comm.o(.data)
    TCPIP_THREAD_TASK_STK                    0x200001d4   Data           4  lwip_comm.o(.data)
    LWIP_DHCP_TASK_STK                       0x200001d8   Data           4  lwip_comm.o(.data)
    pulse                                    0x200001dc   Data           4  tcp_client.o(.data)
    isConnected                              0x200001e0   Data           1  tcp_client.o(.data)
    isAuthed                                 0x200001e1   Data           1  tcp_client.o(.data)
    server_ip                                0x200001e2   Data           4  tcp_client.o(.data)
    tcp_client_flag                          0x200001e6   Data           1  tcp_client.o(.data)
    msg_event                                0x200001e8   Data           4  tcp_client.o(.data)
    tcp_client_pcb                           0x200001ec   Data           4  tcp_client.o(.data)
    rmtipaddr                                0x200001f0   Data           4  tcp_client.o(.data)
    tcp_client_sendbuf                       0x200001f4   Data           4  tcp_client.o(.data)
    current_netif                            0x200001fc   Data           4  ip.o(.data)
    current_header                           0x20000200   Data           4  ip.o(.data)
    current_iphdr_src                        0x20000204   Data           4  ip.o(.data)
    current_iphdr_dest                       0x20000208   Data           4  ip.o(.data)
    memp_memory                              0x20000254   Data           4  memp.o(.data)
    netif_list                               0x20000258   Data           4  netif.o(.data)
    netif_default                            0x2000025c   Data           4  netif.o(.data)
    tcp_ticks                                0x20000270   Data           4  tcp.o(.data)
    tcp_bound_pcbs                           0x20000274   Data           4  tcp.o(.data)
    tcp_listen_pcbs                          0x20000278   Data           4  tcp.o(.data)
    tcp_active_pcbs                          0x2000027c   Data           4  tcp.o(.data)
    tcp_tw_pcbs                              0x20000280   Data           4  tcp.o(.data)
    tcp_tmp_pcb                              0x20000284   Data           4  tcp.o(.data)
    tcp_active_pcbs_changed                  0x20000288   Data           1  tcp.o(.data)
    tcp_input_pcb                            0x200002a8   Data           4  tcp_in.o(.data)
    udp_pcbs                                 0x200002b8   Data           4  udp.o(.data)
    ram_heap                                 0x200002bc   Data           4  mem.o(.data)
    OSCtxSwCtr                               0x200002e4   Data           4  os_core.o(.data)
    OSEventFreeList                          0x200002e8   Data           4  os_core.o(.data)
    OSFlagFreeList                           0x200002ec   Data           4  os_core.o(.data)
    OSCPUUsage                               0x200002f0   Data           1  os_core.o(.data)
    OSIdleCtrMax                             0x200002f4   Data           4  os_core.o(.data)
    OSIdleCtrRun                             0x200002f8   Data           4  os_core.o(.data)
    OSStatRdy                                0x200002fc   Data           1  os_core.o(.data)
    OSIntNesting                             0x200002fd   Data           1  os_core.o(.data)
    OSLockNesting                            0x200002fe   Data           1  os_core.o(.data)
    OSPrioCur                                0x200002ff   Data           1  os_core.o(.data)
    OSPrioHighRdy                            0x20000300   Data           1  os_core.o(.data)
    OSRdyGrp                                 0x20000301   Data           1  os_core.o(.data)
    OSRdyTbl                                 0x20000302   Data           8  os_core.o(.data)
    OSRunning                                0x2000030a   Data           1  os_core.o(.data)
    OSTaskCtr                                0x2000030b   Data           1  os_core.o(.data)
    OSIdleCtr                                0x2000030c   Data           4  os_core.o(.data)
    OSTCBCur                                 0x20000310   Data           4  os_core.o(.data)
    OSTCBFreeList                            0x20000314   Data           4  os_core.o(.data)
    OSTCBHighRdy                             0x20000318   Data           4  os_core.o(.data)
    OSTCBList                                0x2000031c   Data           4  os_core.o(.data)
    OSTickStepState                          0x20000320   Data           1  os_core.o(.data)
    OSMemFreeList                            0x20000324   Data           4  os_core.o(.data)
    OSQFreeList                              0x20000328   Data           4  os_core.o(.data)
    OSTime                                   0x2000032c   Data           4  os_core.o(.data)
    OSTmrFree                                0x20000330   Data           2  os_core.o(.data)
    OSTmrUsed                                0x20000332   Data           2  os_core.o(.data)
    OSTmrTime                                0x20000334   Data           4  os_core.o(.data)
    OSTmrSem                                 0x20000338   Data           4  os_core.o(.data)
    OSTmrSemSignal                           0x2000033c   Data           4  os_core.o(.data)
    OSTmrFreeList                            0x20000340   Data           4  os_core.o(.data)
    OSInterrputSum                           0x20000344   Data           4  os_cpu_c.o(.data)
    mallco_dev                               0x2000034c   Data          36  malloc.o(.data)
    LED_TASK_STK                             0x20000370   Data         512  main.o(.bss)
    DHT11_TASK_STK                           0x20000570   Data         512  main.o(.bss)
    START_TASK_STK                           0x20000770   Data         512  main.o(.bss)
    TIM5_ICInitStructure                     0x20000970   Data          10  timer.o(.bss)
    lcddev                                   0x2000097a   Data          14  lcd.o(.bss)
    RX_Frame_Descriptor                      0x20000988   Data          12  stm32f4x7_eth.o(.bss)
    USART_RX_BUF                             0x20000994   Data         200  usart.o(.bss)
    lwipdev                                  0x20000a5c   Data          23  lwip_comm.o(.bss)
    lwip_netif                               0x20000a74   Data          52  lwip_comm.o(.bss)
    send_q                                   0x20000aa8   Data          40  tcp_client.o(.bss)
    TCP_CONNECT_TASK_STK                     0x20000ad0   Data         512  tcp_client.o(.bss)
    HANDLE_MSG_TASK_STK                      0x20000cd0   Data        1024  tcp_client.o(.bss)
    tcp_client_recvbuf                       0x200010d0   Data         100  tcp_client.o(.bss)
    dhcp_rx_options_val                      0x2000120c   Data          40  dhcp.o(.bss)
    dhcp_rx_options_given                    0x20001234   Data          10  dhcp.o(.bss)
    OSEventTbl                               0x200012ec   Data         240  os_core.o(.bss)
    OSFlagTbl                                0x200013dc   Data          80  os_core.o(.bss)
    OSTaskStatStk                            0x2000142c   Data         512  os_core.o(.bss)
    OSTaskIdleStk                            0x2000162c   Data         512  os_core.o(.bss)
    OSTCBPrioTbl                             0x2000182c   Data         256  os_core.o(.bss)
    OSTCBTbl                                 0x2000192c   Data        1008  os_core.o(.bss)
    OSMemTbl                                 0x20001d1c   Data         120  os_core.o(.bss)
    OSQTbl                                   0x20001d94   Data         120  os_core.o(.bss)
    OSTmrTbl                                 0x20001e0c   Data         640  os_core.o(.bss)
    OSTmrTaskStk                             0x2000208c   Data         512  os_core.o(.bss)
    OSTmrWheelTbl                            0x2000228c   Data          64  os_core.o(.bss)
    mem1base                                 0x200022cc   Data       102400  malloc.o(.bss)
    mem1mapbase                              0x2001b2cc   Data        6400  malloc.o(.bss)
    __libspace_start                         0x2001cbcc   Data          96  libspace.o(.bss)
    __temporary_stack_top$libspace           0x2001cc2c   Data           0  libspace.o(.bss)
    mem2base                                 0x68000000   Data       204800  malloc.o(.ARM.__AT_0x68000000)
    mem2mapbase                              0x68032000   Data       12800  malloc.o(.ARM.__AT_0x68032000)



==============================================================================

Memory Map of the image

  Image Entry point : 0x08000189

  Load Region LR_IROM1 (Base: 0x08000000, Size: 0x000212c0, Max: 0x00100000, ABSOLUTE, COMPRESSED[0x00021024])

    Execution Region ER_IROM1 (Base: 0x08000000, Size: 0x00020f50, Max: 0x00100000, ABSOLUTE)

    Base Addr    Size         Type   Attr      Idx    E Section Name        Object

    0x08000000   0x00000188   Data   RO          659    RESET               startup_stm32f40_41xxx.o
    0x08000188   0x00000008   Code   RO         2402  * !!!main             c_w.l(__main.o)
    0x08000190   0x00000034   Code   RO         2600    !!!scatter          c_w.l(__scatter.o)
    0x080001c4   0x0000005a   Code   RO         2598    !!dczerorl2         c_w.l(__dczerorl2.o)
    0x0800021e   0x00000002   PAD
    0x08000220   0x0000001c   Code   RO         2602    !!handler_zi        c_w.l(__scatter_zi.o)
    0x0800023c   0x00000000   Code   RO         2387    .ARM.Collect$$_printf_percent$$00000000  c_w.l(_printf_percent.o)
    0x0800023c   0x00000006   Code   RO         2385    .ARM.Collect$$_printf_percent$$00000009  c_w.l(_printf_d.o)
    0x08000242   0x00000006   Code   RO         2386    .ARM.Collect$$_printf_percent$$0000000A  c_w.l(_printf_u.o)
    0x08000248   0x00000006   Code   RO         2384    .ARM.Collect$$_printf_percent$$0000000C  c_w.l(_printf_x.o)
    0x0800024e   0x00000006   Code   RO         2382    .ARM.Collect$$_printf_percent$$00000013  c_w.l(_printf_c.o)
    0x08000254   0x00000006   Code   RO         2383    .ARM.Collect$$_printf_percent$$00000014  c_w.l(_printf_s.o)
    0x0800025a   0x00000004   Code   RO         2434    .ARM.Collect$$_printf_percent$$00000017  c_w.l(_printf_percent_end.o)
    0x0800025e   0x00000002   Code   RO         2523    .ARM.Collect$$libinit$$00000000  c_w.l(libinit.o)
    0x08000260   0x00000004   Code   RO         2469    .ARM.Collect$$libinit$$00000001  c_w.l(libinit2.o)
    0x08000264   0x00000000   Code   RO         2473    .ARM.Collect$$libinit$$00000008  c_w.l(libinit2.o)
    0x08000264   0x00000000   Code   RO         2475    .ARM.Collect$$libinit$$0000000A  c_w.l(libinit2.o)
    0x08000264   0x00000000   Code   RO         2477    .ARM.Collect$$libinit$$0000000C  c_w.l(libinit2.o)
    0x08000264   0x00000006   Code   RO         2478    .ARM.Collect$$libinit$$0000000D  c_w.l(libinit2.o)
    0x0800026a   0x00000000   Code   RO         2480    .ARM.Collect$$libinit$$0000000F  c_w.l(libinit2.o)
    0x0800026a   0x0000000c   Code   RO         2481    .ARM.Collect$$libinit$$00000010  c_w.l(libinit2.o)
    0x08000276   0x00000000   Code   RO         2482    .ARM.Collect$$libinit$$00000011  c_w.l(libinit2.o)
    0x08000276   0x00000000   Code   RO         2484    .ARM.Collect$$libinit$$00000013  c_w.l(libinit2.o)
    0x08000276   0x00000000   Code   RO         2486    .ARM.Collect$$libinit$$00000015  c_w.l(libinit2.o)
    0x08000276   0x00000000   Code   RO         2488    .ARM.Collect$$libinit$$00000017  c_w.l(libinit2.o)
    0x08000276   0x00000000   Code   RO         2490    .ARM.Collect$$libinit$$00000019  c_w.l(libinit2.o)
    0x08000276   0x00000000   Code   RO         2492    .ARM.Collect$$libinit$$0000001B  c_w.l(libinit2.o)
    0x08000276   0x00000000   Code   RO         2494    .ARM.Collect$$libinit$$0000001D  c_w.l(libinit2.o)
    0x08000276   0x00000000   Code   RO         2496    .ARM.Collect$$libinit$$0000001F  c_w.l(libinit2.o)
    0x08000276   0x00000000   Code   RO         2498    .ARM.Collect$$libinit$$00000021  c_w.l(libinit2.o)
    0x08000276   0x00000000   Code   RO         2500    .ARM.Collect$$libinit$$00000023  c_w.l(libinit2.o)
    0x08000276   0x00000000   Code   RO         2504    .ARM.Collect$$libinit$$0000002A  c_w.l(libinit2.o)
    0x08000276   0x00000000   Code   RO         2506    .ARM.Collect$$libinit$$0000002C  c_w.l(libinit2.o)
    0x08000276   0x00000000   Code   RO         2508    .ARM.Collect$$libinit$$0000002E  c_w.l(libinit2.o)
    0x08000276   0x00000000   Code   RO         2510    .ARM.Collect$$libinit$$00000030  c_w.l(libinit2.o)
    0x08000276   0x00000002   Code   RO         2511    .ARM.Collect$$libinit$$00000031  c_w.l(libinit2.o)
    0x08000278   0x00000002   Code   RO         2556    .ARM.Collect$$libshutdown$$00000000  c_w.l(libshutdown.o)
    0x0800027a   0x00000000   Code   RO         2563    .ARM.Collect$$libshutdown$$00000003  c_w.l(libshutdown2.o)
    0x0800027a   0x00000000   Code   RO         2566    .ARM.Collect$$libshutdown$$00000006  c_w.l(libshutdown2.o)
    0x0800027a   0x00000000   Code   RO         2569    .ARM.Collect$$libshutdown$$00000009  c_w.l(libshutdown2.o)
    0x0800027a   0x00000000   Code   RO         2571    .ARM.Collect$$libshutdown$$0000000B  c_w.l(libshutdown2.o)
    0x0800027a   0x00000000   Code   RO         2574    .ARM.Collect$$libshutdown$$0000000E  c_w.l(libshutdown2.o)
    0x0800027a   0x00000002   Code   RO         2575    .ARM.Collect$$libshutdown$$0000000F  c_w.l(libshutdown2.o)
    0x0800027c   0x00000000   Code   RO         2418    .ARM.Collect$$rtentry$$00000000  c_w.l(rtentry.o)
    0x0800027c   0x00000000   Code   RO         2449    .ARM.Collect$$rtentry$$00000002  c_w.l(rtentry2.o)
    0x0800027c   0x00000006   Code   RO         2461    .ARM.Collect$$rtentry$$00000004  c_w.l(rtentry4.o)
    0x08000282   0x00000000   Code   RO         2451    .ARM.Collect$$rtentry$$00000009  c_w.l(rtentry2.o)
    0x08000282   0x00000004   Code   RO         2452    .ARM.Collect$$rtentry$$0000000A  c_w.l(rtentry2.o)
    0x08000286   0x00000000   Code   RO         2454    .ARM.Collect$$rtentry$$0000000C  c_w.l(rtentry2.o)
    0x08000286   0x00000008   Code   RO         2455    .ARM.Collect$$rtentry$$0000000D  c_w.l(rtentry2.o)
    0x0800028e   0x00000002   Code   RO         2526    .ARM.Collect$$rtexit$$00000000  c_w.l(rtexit.o)
    0x08000290   0x00000000   Code   RO         2535    .ARM.Collect$$rtexit$$00000002  c_w.l(rtexit2.o)
    0x08000290   0x00000004   Code   RO         2536    .ARM.Collect$$rtexit$$00000003  c_w.l(rtexit2.o)
    0x08000294   0x00000006   Code   RO         2537    .ARM.Collect$$rtexit$$00000004  c_w.l(rtexit2.o)
    0x0800029a   0x00000002   PAD
    0x0800029c   0x00000250   Code   RO            3    .text               main.o
    0x080004ec   0x00000014   Code   RO          299    .text               stm32f4xx_it.o
    0x08000500   0x0000020c   Code   RO          348    .text               system_stm32f4xx.o
    0x0800070c   0x00000358   Code   RO          374    .text               ihome_function.o
    0x08000a64   0x00000104   Code   RO          418    .text               key.o
    0x08000b68   0x00000070   Code   RO          439    .text               led.o
    0x08000bd8   0x000001f0   Code   RO          459    .text               timer.o
    0x08000dc8   0x00004c8e   Code   RO          487    .text               lcd.o
    0x08005a56   0x00000002   PAD
    0x08005a58   0x00000394   Code   RO          525    .text               lan8720.o
    0x08005dec   0x000003b4   Code   RO          556    .text               sram.o
    0x080061a0   0x00000194   Code   RO          576    .text               dht11.o
    0x08006334   0x00000068   Code   RO          596    .text               lsens.o
    0x0800639c   0x0000008c   Code   RO          616    .text               adc3.o
    0x08006428   0x000000ac   Code   RO          636    .text               pwm.o
    0x080064d4   0x00000040   Code   RO          660    .text               startup_stm32f40_41xxx.o
    0x08006514   0x000000e4   Code   RO          666    .text               misc.o
    0x080065f8   0x00000294   Code   RO          686    .text               stm32f4xx_gpio.o
    0x0800688c   0x0000065c   Code   RO          706    .text               stm32f4xx_rcc.o
    0x08006ee8   0x00000098   Code   RO          728    .text               stm32f4xx_syscfg.o
    0x08006f80   0x00000ca2   Code   RO          748    .text               stm32f4xx_tim.o
    0x08007c22   0x00000002   PAD
    0x08007c24   0x00000454   Code   RO          768    .text               stm32f4xx_usart.o
    0x08008078   0x00000e48   Code   RO          788    .text               stm32f4x7_eth.o
    0x08008ec0   0x00000470   Code   RO          815    .text               stm32f4xx_adc.o
    0x08009330   0x000005dc   Code   RO          835    .text               stm32f4xx_fsmc.o
    0x0800990c   0x00000128   Code   RO          858    .text               delay.o
    0x08009a34   0x00000158   Code   RO          898    .text               usart.o
    0x08009b8c   0x00000c3c   Code   RO          929    .text               usmart.o
    0x0800a7c8   0x00000528   Code   RO          974    .text               usmart_str.o
    0x0800acf0   0x000005f0   Code   RO          994    .text               lwip_comm.o
    0x0800b2e0   0x0000095c   Code   RO         1100    .text               tcp_client.o
    0x0800bc3c   0x00000e84   Code   RO         1139    .text               etharp.o
    0x0800cac0   0x00000228   Code   RO         1180    .text               ethernetif.o
    0x0800cce8   0x00000424   Code   RO         1235    .text               icmp.o
    0x0800d10c   0x000002b4   Code   RO         1296    .text               inet_chksum.o
    0x0800d3c0   0x00000430   Code   RO         1316    .text               ip.o
    0x0800d7f0   0x00000328   Code   RO         1351    .text               ip_addr.o
    0x0800db18   0x00000a28   Code   RO         1388    .text               ip_frag.o
    0x0800e540   0x0000003e   Code   RO         1413    .text               def.o
    0x0800e57e   0x00000002   PAD
    0x0800e580   0x00001a6c   Code   RO         1433    .text               dhcp.o
    0x0800ffec   0x00000024   Code   RO         1475    .text               init.o
    0x08010010   0x000001d4   Code   RO         1510    .text               memp.o
    0x080101e4   0x00000344   Code   RO         1551    .text               netif.o
    0x08010528   0x000010ac   Code   RO         1581    .text               pbuf.o
    0x080115d4   0x0000024c   Code   RO         1601    .text               raw.o
    0x08011820   0x000014a4   Code   RO         1637    .text               tcp.o
    0x08012cc4   0x00001888   Code   RO         1669    .text               tcp_in.o
    0x0801454c   0x0000133e   Code   RO         1700    .text               tcp_out.o
    0x0801588a   0x00000002   PAD
    0x0801588c   0x00000330   Code   RO         1721    .text               timers.o
    0x08015bbc   0x000005e8   Code   RO         1770    .text               udp.o
    0x080161a4   0x00000744   Code   RO         1807    .text               mem.o
    0x080168e8   0x000003d4   Code   RO         1830    .text               sys_arch.o
    0x08016cbc   0x00000c00   Code   RO         1857    .text               api_lib.o
    0x080178bc   0x000017bc   Code   RO         1896    .text               api_msg.o
    0x08019078   0x000003b8   Code   RO         1939    .text               netbuf.o
    0x08019430   0x00001c44   Code   RO         1993    .text               sockets.o
    0x0801b074   0x000003b8   Code   RO         2017    .text               tcpip.o
    0x0801b42c   0x0000098c   Code   RO         2048    .text               os_core.o
    0x0801bdb8   0x00000818   Code   RO         2076    .text               os_flag.o
    0x0801c5d0   0x000001e4   Code   RO         2116    .text               os_mem.o
    0x0801c7b4   0x000005f8   Code   RO         2156    .text               os_q.o
    0x0801cdac   0x000003dc   Code   RO         2176    .text               os_sem.o
    0x0801d188   0x000007cc   Code   RO         2196    .text               os_task.o
    0x0801d954   0x000001b8   Code   RO         2216    .text               os_time.o
    0x0801db0c   0x00000670   Code   RO         2236    .text               os_tmr.o
    0x0801e17c   0x000001e8   Code   RO         2256    .text               os_cpu_c.o
    0x0801e364   0x000000c8   Code   RO         2284    .text               os_cpu_a.o
    0x0801e42c   0x00000230   Code   RO         2289    .text               malloc.o
    0x0801e65c   0x00000002   Code   RO         2321    .text               c_w.l(use_no_semi_2.o)
    0x0801e65e   0x00000002   PAD
    0x0801e660   0x00000010   Code   RO         2323    .text               c_w.l(rt_ctype_table.o)
    0x0801e670   0x00000018   Code   RO         2329    .text               c_w.l(noretval__2printf.o)
    0x0801e688   0x00000028   Code   RO         2331    .text               c_w.l(noretval__2sprintf.o)
    0x0801e6b0   0x00000052   Code   RO         2335    .text               c_w.l(_printf_pad.o)
    0x0801e702   0x00000052   Code   RO         2337    .text               c_w.l(_printf_str.o)
    0x0801e754   0x00000078   Code   RO         2339    .text               c_w.l(_printf_dec.o)
    0x0801e7cc   0x0000005c   Code   RO         2344    .text               c_w.l(_printf_hex_int.o)
    0x0801e828   0x0000018c   Code   RO         2379    .text               c_w.l(__printf_flags_ss_wp.o)
    0x0801e9b4   0x00000058   Code   RO         2388    .text               c_w.l(memcmp.o)
    0x0801ea0c   0x0000003e   Code   RO         2390    .text               c_w.l(strlen.o)
    0x0801ea4a   0x0000008a   Code   RO         2392    .text               c_w.l(rt_memcpy_v6.o)
    0x0801ead4   0x00000044   Code   RO         2394    .text               c_w.l(rt_memclr.o)
    0x0801eb18   0x0000004e   Code   RO         2396    .text               c_w.l(rt_memclr_w.o)
    0x0801eb66   0x00000002   PAD
    0x0801eb68   0x00000080   Code   RO         2398    .text               c_w.l(strcmpv7m.o)
    0x0801ebe8   0x00000006   Code   RO         2400    .text               c_w.l(heapauxi.o)
    0x0801ebee   0x00000002   Code   RO         2416    .text               c_w.l(use_no_semi.o)
    0x0801ebf0   0x00000008   Code   RO         2422    .text               c_w.l(rt_locale_intlibspace.o)
    0x0801ebf8   0x000000b8   Code   RO         2424    .text               c_w.l(_printf_intcommon.o)
    0x0801ecb0   0x00000030   Code   RO         2426    .text               c_w.l(_printf_char_common.o)
    0x0801ece0   0x0000000a   Code   RO         2428    .text               c_w.l(_sputc.o)
    0x0801ecea   0x0000002c   Code   RO         2430    .text               c_w.l(_printf_char.o)
    0x0801ed16   0x00000002   PAD
    0x0801ed18   0x00000024   Code   RO         2432    .text               c_w.l(_printf_char_file.o)
    0x0801ed3c   0x00000064   Code   RO         2438    .text               c_w.l(rt_memcpy_w.o)
    0x0801eda0   0x00000008   Code   RO         2445    .text               c_w.l(libspace.o)
    0x0801eda8   0x00000008   Code   RO         2465    .text               c_w.l(ferror.o)
    0x0801edb0   0x0000004a   Code   RO         2512    .text               c_w.l(sys_stackheap_outer.o)
    0x0801edfa   0x0000000c   Code   RO         2514    .text               c_w.l(exit.o)
    0x0801ee06   0x0000000e   Code   RO         2372    i._is_digit         c_w.l(__printf_wp.o)
    0x0801ee14   0x0000002c   Code   RO         2436    locale$$code        c_w.l(lc_ctype_c.o)
    0x0801ee40   0x0000005a   Code   RO         2404    x$fpl$dfixu         fz_wm.l(dfixu.o)
    0x0801ee9a   0x00000026   Code   RO         2408    x$fpl$dfltu         fz_wm.l(dflt_clz.o)
    0x0801eec0   0x00000154   Code   RO         2414    x$fpl$dmul          fz_wm.l(dmul.o)
    0x0801f014   0x0000009c   Code   RO         2440    x$fpl$dnaninf       fz_wm.l(dnaninf.o)
    0x0801f0b0   0x0000000c   Code   RO         2442    x$fpl$dretinf       fz_wm.l(dretinf.o)
    0x0801f0bc   0x0000000a   Code   RO         2524    x$fpl$fpinit        fz_wm.l(fpinit.o)
    0x0801f0c6   0x00000000   Code   RO         2444    x$fpl$usenofp       fz_wm.l(usenofp.o)
    0x0801f0c6   0x000017c0   Data   RO          489    .constdata          lcd.o
    0x08020886   0x00000002   PAD
    0x08020888   0x0000001c   Data   RO          836    .constdata          stm32f4xx_fsmc.o
    0x080208a4   0x00000050   Data   RO         1141    .constdata          etharp.o
    0x080208f4   0x00000008   Data   RO         1353    .constdata          ip_addr.o
    0x080208fc   0x00000089   Data   RO         1435    .constdata          dhcp.o
    0x08020985   0x00000001   PAD
    0x08020986   0x00000038   Data   RO         1512    .constdata          memp.o
    0x080209be   0x00000002   PAD
    0x080209c0   0x00000050   Data   RO         1638    .constdata          tcp.o
    0x08020a10   0x00000055   Data   RO         1701    .constdata          tcp_out.o
    0x08020a65   0x00000003   PAD
    0x08020a68   0x00000004   Data   RO         1831    .constdata          sys_arch.o
    0x08020a6c   0x00000040   Data   RO         1995    .constdata          sockets.o
    0x08020aac   0x00000100   Data   RO         2050    .constdata          os_core.o
    0x08020bac   0x00000024   Data   RO         2295    .constdata          malloc.o
    0x08020bd0   0x00000028   Data   RO         2345    .constdata          c_w.l(_printf_hex_int.o)
    0x08020bf8   0x00000011   Data   RO         2380    .constdata          c_w.l(__printf_flags_ss_wp.o)
    0x08020c09   0x0000001f   Data   RO          930    .conststring        usmart.o
    0x08020c28   0x00000102   Data   RO          953    .conststring        usmart_config.o
    0x08020d2a   0x00000093   Data   RO         1513    .conststring        memp.o
    0x08020dbd   0x00000061   Data   RO         1639    .conststring        tcp.o
    0x08020e1e   0x00000002   PAD
    0x08020e20   0x00000020   Data   RO         2596    Region$$Table       anon$$obj.o
    0x08020e40   0x00000110   Data   RO         2435    locale$$data        c_w.l(lc_ctype_c.o)


    Execution Region RW_IRAM1 (Base: 0x20000000, Size: 0x0001d230, Max: 0x00020000, ABSOLUTE, COMPRESSED[0x000000d4])

    Base Addr    Size         Type   Attr      Idx    E Section Name        Object

    0x20000000   0x00000018   Data   RW            5    .data               main.o
    0x20000018   0x00000014   Data   RW          349    .data               system_stm32f4xx.o
    0x2000002c   0x00000004   Data   RW          375    .data               ihome_function.o
    0x20000030   0x00000001   Data   RW          419    .data               key.o
    0x20000031   0x00000003   PAD
    0x20000034   0x00000008   Data   RW          461    .data               timer.o
    0x2000003c   0x00000004   Data   RW          490    .data               lcd.o
    0x20000040   0x00000010   Data   RW          526    .data               lan8720.o
    0x20000050   0x00000010   Data   RW          707    .data               stm32f4xx_rcc.o
    0x20000060   0x00000010   Data   RW          790    .data               stm32f4x7_eth.o
    0x20000070   0x00000004   Data   RW          859    .data               delay.o
    0x20000074   0x00000008   Data   RW          900    .data               usart.o
    0x2000007c   0x0000001c   Data   RW          931    .data               usmart.o
    0x20000098   0x00000124   Data   RW          954    .data               usmart_config.o
    0x200001bc   0x00000020   Data   RW          996    .data               lwip_comm.o
    0x200001dc   0x0000001c   Data   RW         1102    .data               tcp_client.o
    0x200001f8   0x00000001   Data   RW         1142    .data               etharp.o
    0x200001f9   0x00000003   PAD
    0x200001fc   0x00000012   Data   RW         1317    .data               ip.o
    0x2000020e   0x00000002   PAD
    0x20000210   0x00000006   Data   RW         1389    .data               ip_frag.o
    0x20000216   0x00000002   PAD
    0x20000218   0x00000004   Data   RW         1436    .data               dhcp.o
    0x2000021c   0x0000003c   Data   RW         1514    .data               memp.o
    0x20000258   0x00000009   Data   RW         1552    .data               netif.o
    0x20000261   0x00000003   PAD
    0x20000264   0x00000004   Data   RW         1602    .data               raw.o
    0x20000268   0x00000023   Data   RW         1640    .data               tcp.o
    0x2000028b   0x00000001   PAD
    0x2000028c   0x00000020   Data   RW         1671    .data               tcp_in.o
    0x200002ac   0x00000008   Data   RW         1722    .data               timers.o
    0x200002b4   0x00000008   Data   RW         1771    .data               udp.o
    0x200002bc   0x00000014   Data   RW         1808    .data               mem.o
    0x200002d0   0x00000008   Data   RW         1996    .data               sockets.o
    0x200002d8   0x0000000c   Data   RW         2018    .data               tcpip.o
    0x200002e4   0x00000060   Data   RW         2051    .data               os_core.o
    0x20000344   0x00000006   Data   RW         2257    .data               os_cpu_c.o
    0x2000034a   0x00000002   PAD
    0x2000034c   0x00000024   Data   RW         2296    .data               malloc.o
    0x20000370   0x00000600   Zero   RW            4    .bss                main.o
    0x20000970   0x0000000a   Zero   RW          460    .bss                timer.o
    0x2000097a   0x0000000e   Zero   RW          488    .bss                lcd.o
    0x20000988   0x0000000c   Zero   RW          789    .bss                stm32f4x7_eth.o
    0x20000994   0x000000c8   Zero   RW          899    .bss                usart.o
    0x20000a5c   0x0000004c   Zero   RW          995    .bss                lwip_comm.o
    0x20000aa8   0x0000068c   Zero   RW         1101    .bss                tcp_client.o
    0x20001134   0x000000c8   Zero   RW         1140    .bss                etharp.o
    0x200011fc   0x00000010   Zero   RW         1352    .bss                ip_addr.o
    0x2000120c   0x00000032   Zero   RW         1434    .bss                dhcp.o
    0x2000123e   0x00000002   PAD
    0x20001240   0x00000038   Zero   RW         1511    .bss                memp.o
    0x20001278   0x00000014   Zero   RW         1670    .bss                tcp_in.o
    0x2000128c   0x00000060   Zero   RW         1994    .bss                sockets.o
    0x200012ec   0x00000fe0   Zero   RW         2049    .bss                os_core.o
    0x200022cc   0x0001a900   Zero   RW         2294    .bss                malloc.o
    0x2001cbcc   0x00000060   Zero   RW         2446    .bss                c_w.l(libspace.o)
    0x2001cc2c   0x00000004   PAD
    0x2001cc30   0x00000200   Zero   RW          658    HEAP                startup_stm32f40_41xxx.o
    0x2001ce30   0x00000400   Zero   RW          657    STACK               startup_stm32f40_41xxx.o



  Load Region LR$$.ARM.__AT_0x10000000 (Base: 0x10000000, Size: 0x00000000, Max: 0x0000f000, ABSOLUTE)

    Execution Region ER$$.ARM.__AT_0x10000000 (Base: 0x10000000, Size: 0x0000f000, Max: 0x0000f000, ABSOLUTE, UNINIT)

    Base Addr    Size         Type   Attr      Idx    E Section Name        Object

    0x10000000   0x0000f000   Zero   RW         2290    .ARM.__AT_0x10000000  malloc.o



  Load Region LR$$.ARM.__AT_0x1000F000 (Base: 0x1000f000, Size: 0x00000000, Max: 0x00000f00, ABSOLUTE)

    Execution Region ER$$.ARM.__AT_0x1000F000 (Base: 0x1000f000, Size: 0x00000f00, Max: 0x00000f00, ABSOLUTE, UNINIT)

    Base Addr    Size         Type   Attr      Idx    E Section Name        Object

    0x1000f000   0x00000f00   Zero   RW         2291    .ARM.__AT_0x1000F000  malloc.o



  Load Region LR$$.ARM.__AT_0x68000000 (Base: 0x68000000, Size: 0x00000000, Max: 0x00032000, ABSOLUTE)

    Execution Region ER$$.ARM.__AT_0x68000000 (Base: 0x68000000, Size: 0x00032000, Max: 0x00032000, ABSOLUTE, UNINIT)

    Base Addr    Size         Type   Attr      Idx    E Section Name        Object

    0x68000000   0x00032000   Zero   RW         2292    .ARM.__AT_0x68000000  malloc.o



  Load Region LR$$.ARM.__AT_0x68032000 (Base: 0x68032000, Size: 0x00000000, Max: 0x00003200, ABSOLUTE)

    Execution Region ER$$.ARM.__AT_0x68032000 (Base: 0x68032000, Size: 0x00003200, Max: 0x00003200, ABSOLUTE, UNINIT)

    Base Addr    Size         Type   Attr      Idx    E Section Name        Object

    0x68032000   0x00003200   Zero   RW         2293    .ARM.__AT_0x68032000  malloc.o


==============================================================================

Image component sizes


      Code (inc. data)   RO Data    RW Data    ZI Data      Debug   Object Name

       140          4          0          0          0        761   adc3.o
      3072        816          0          0          0      17057   api_lib.o
      6076       1224          0          0          0      10103   api_msg.o
        62          0          0          0          0       1178   def.o
       296         18          0          4          0       1693   delay.o
      6764       1084        137          4         50      13018   dhcp.o
       404         16          0          0          0       2106   dht11.o
      3716        604         80          1        200       9631   etharp.o
       552        134          0          0          0       4574   ethernetif.o
      1060        372          0          0          0       2558   icmp.o
       856        180          0          4          0       1641   ihome_function.o
         0          0          0          0          0       5588   inet.o
       692        104          0          0          0       2901   inet_chksum.o
        36          0          0          0          0       4480   init.o
      1072        172          0         18          0       6891   ip.o
       808        112          8          0         16       9223   ip_addr.o
      2600        488          0          6          0       7124   ip_frag.o
       260         12          0          1          0        820   key.o
       916         58          0         16          0       3577   lan8720.o
     19598        178       6080          4         14      21998   lcd.o
       112          8          0          0          0        511   led.o
       104          6          0          0          0        707   lsens.o
      1520        506          0         32         76      22704   lwip_comm.o
       592        168          0         24       1536     367471   main.o
       560         18         36         36     391680       4631   malloc.o
      1860        568          0         20          0       3982   mem.o
       468        198        203         60         56       2976   memp.o
       228         22          0          0          0       1861   misc.o
       952        340          0          0          0       3849   netbuf.o
       836        126          0          9          0       6217   netif.o
      2444        248        256         96       4064      16788   os_core.o
       200         32          0          0          0        272   os_cpu_a.o
       488          8          0          6          0      11954   os_cpu_c.o
      2072         40          0          0          0       6788   os_flag.o
       484         16          0          0          0       3020   os_mem.o
      1528         36          0          0          0       5429   os_q.o
       988         66          0          0          0       3806   os_sem.o
      1996         70          0          0          0       7429   os_task.o
       440         30          0          0          0       1754   os_time.o
      1648        134          0          0          0       5421   os_tmr.o
      4268       1238          0          0          0       9173   pbuf.o
       172         10          0          0          0        717   pwm.o
       588        134          0          4          0       3221   raw.o
      7236        664         64          8         96      17234   sockets.o
       948         46          0          0          0       2195   sram.o
        64         26        392          0       1536        784   startup_stm32f40_41xxx.o
      3656        112          0         16         12      19578   stm32f4x7_eth.o
      1136         28          0          0          0      10530   stm32f4xx_adc.o
      1500         60         28          0          0       5618   stm32f4xx_fsmc.o
       660         44          0          0          0       4133   stm32f4xx_gpio.o
        20          0          0          0          0        899   stm32f4xx_it.o
      1628         52          0         16          0      12900   stm32f4xx_rcc.o
       152         18          0          0          0       1853   stm32f4xx_syscfg.o
      3234         60          0          0          0      22336   stm32f4xx_tim.o
      1108         34          0          0          0       7836   stm32f4xx_usart.o
       980        166          4          0          0       6122   sys_arch.o
       524         44          0         20          0       1631   system_stm32f4xx.o
      5284       1098        177         35          0      21363   tcp.o
      2396        314          0         28       1676       7073   tcp_client.o
      6280        960          0         32         20      14855   tcp_in.o
      4926        952         85          0          0       9575   tcp_out.o
       952        194          0         12          0       9552   tcpip.o
       496         26          0          8         10       1701   timer.o
       816        186          0          8          0       3395   timers.o
      1512        202          0          8          0      13869   udp.o
       344         16          0          8        200       3134   usart.o
      3132       1292         31         28          0       4086   usmart.o
         0          0        258        292          0       1432   usmart_config.o
      1320         12          0          0          0       5053   usmart_str.o

    ----------------------------------------------------------------------
    123840      16204       7881        880     401244     826340   Object Totals
         0          0         32          0          0          0   (incl. Generated)
         8          0         10         16          2          0   (incl. Padding)

    ----------------------------------------------------------------------

      Code (inc. data)   RO Data    RW Data    ZI Data      Debug   Library Member Name

        90          0          0          0          0          0   __dczerorl2.o
         8          0          0          0          0         68   __main.o
       396          6         17          0          0         92   __printf_flags_ss_wp.o
        14          0          0          0          0         68   __printf_wp.o
        52          8          0          0          0          0   __scatter.o
        28          0          0          0          0          0   __scatter_zi.o
         6          0          0          0          0          0   _printf_c.o
        44          0          0          0          0        108   _printf_char.o
        48          6          0          0          0         96   _printf_char_common.o
        36          4          0          0          0         80   _printf_char_file.o
         6          0          0          0          0          0   _printf_d.o
       120         18          0          0          0         92   _printf_dec.o
        92          4         40          0          0         88   _printf_hex_int.o
       184          0          0          0          0         88   _printf_intcommon.o
        82          0          0          0          0        108   _printf_pad.o
         0          0          0          0          0          0   _printf_percent.o
         4          0          0          0          0          0   _printf_percent_end.o
         6          0          0          0          0          0   _printf_s.o
        82          0          0          0          0         80   _printf_str.o
         6          0          0          0          0          0   _printf_u.o
         6          0          0          0          0          0   _printf_x.o
        10          0          0          0          0         68   _sputc.o
        12          0          0          0          0         72   exit.o
         8          0          0          0          0         68   ferror.o
         6          0          0          0          0        152   heapauxi.o
        44         10        272          0          0         76   lc_ctype_c.o
         2          0          0          0          0          0   libinit.o
        24          0          0          0          0          0   libinit2.o
         2          0          0          0          0          0   libshutdown.o
         2          0          0          0          0          0   libshutdown2.o
         8          4          0          0         96         68   libspace.o
        88          0          0          0          0         76   memcmp.o
        24          4          0          0          0         84   noretval__2printf.o
        40          6          0          0          0         84   noretval__2sprintf.o
        16          4          0          0          0         76   rt_ctype_table.o
         8          4          0          0          0         68   rt_locale_intlibspace.o
        68          0          0          0          0         68   rt_memclr.o
        78          0          0          0          0         80   rt_memclr_w.o
       138          0          0          0          0         68   rt_memcpy_v6.o
       100          0          0          0          0         80   rt_memcpy_w.o
         0          0          0          0          0          0   rtentry.o
        12          0          0          0          0          0   rtentry2.o
         6          0          0          0          0          0   rtentry4.o
         2          0          0          0          0          0   rtexit.o
        10          0          0          0          0          0   rtexit2.o
       128          0          0          0          0         68   strcmpv7m.o
        62          0          0          0          0         76   strlen.o
        74          0          0          0          0         80   sys_stackheap_outer.o
         2          0          0          0          0         68   use_no_semi.o
         2          0          0          0          0         68   use_no_semi_2.o
        90          4          0          0          0        140   dfixu.o
        38          0          0          0          0        116   dflt_clz.o
       340         12          0          0          0        152   dmul.o
       156          4          0          0          0        140   dnaninf.o
        12          0          0          0          0        116   dretinf.o
        10          0          0          0          0        116   fpinit.o
         0          0          0          0          0          0   usenofp.o

    ----------------------------------------------------------------------
      2942         98        329          0        100       3296   Library Totals
        10          0          0          0          4          0   (incl. Padding)

    ----------------------------------------------------------------------

      Code (inc. data)   RO Data    RW Data    ZI Data      Debug   Library Name

      2286         78        329          0         96       2516   c_w.l
       646         20          0          0          0        780   fz_wm.l

    ----------------------------------------------------------------------
      2942         98        329          0        100       3296   Library Totals

    ----------------------------------------------------------------------

==============================================================================


      Code (inc. data)   RO Data    RW Data    ZI Data      Debug   

    126782      16302       8210        880     401344     814328   Grand Totals
    126782      16302       8210        212     401344     814328   ELF Image Totals (compressed)
    126782      16302       8210        212          0          0   ROM Totals

==============================================================================

    Total RO  Size (Code + RO Data)               134992 ( 131.83kB)
    Total RW  Size (RW Data + ZI Data)            402224 ( 392.80kB)
    Total ROM Size (Code + RO Data + RW Data)     135204 ( 132.04kB)

==============================================================================

