ARM Linker, 5.03 [Build 24] [MDK-ARM Standard]

==============================================================================

Section Cross References

    main.o(.text) refers to os_core.o(.text) for OSStatInit
    main.o(.text) refers to os_cpu_a.o(.text) for OS_CPU_SR_Save
    main.o(.text) refers to os_q.o(.text) for OSQCreate
    main.o(.text) refers to lwip_comm.o(.text) for lwip_comm_dhcp_creat
    main.o(.text) refers to os_task.o(.text) for OSTaskCreate
    main.o(.text) refers to delay.o(.text) for delay_init
    main.o(.text) refers to misc.o(.text) for NVIC_PriorityGroupConfig
    main.o(.text) refers to usart.o(.text) for uart_init
    main.o(.text) refers to led.o(.text) for LED_Init
    main.o(.text) refers to key.o(.text) for KEY_Init
    main.o(.text) refers to lcd.o(.text) for LCD_Init
    main.o(.text) refers to sram.o(.text) for FSMC_SRAM_Init
    main.o(.text) refers to pwm.o(.text) for TIM14_PWM_Init
    main.o(.text) refers to lsens.o(.text) for Lsens_Init
    main.o(.text) refers to dht11.o(.text) for DHT11_Init
    main.o(.text) refers to malloc.o(.text) for mymem_init
    main.o(.text) refers to os_time.o(.text) for OSTimeDlyHMSM
    main.o(.text) refers to ihome_function.o(.data) for dht11_q
    main.o(.text) refers to tcp_client_netconn.o(.bss) for client_send_q
    main.o(.text) refers to tcp_client_netconn.o(.data) for client_send_event
    main.o(.text) refers to ihome_function.o(.bss) for LED_TASK_STK
    main.o(.text) refers to ihome_function.o(.text) for led_task
    main.o(.text) refers to usmart_config.o(.data) for usmart_dev
    main.o(.text) refers to lcd.o(.data) for POINT_COLOR
    main.o(.text) refers to main.o(.bss) for START_TASK_STK
    system_stm32f4xx.o(.text) refers to system_stm32f4xx.o(.data) for SystemCoreClock
    ihome_function.o(.text) refers to _printf_percent.o(.ARM.Collect$$_printf_percent$$00000000) for _printf_percent
    ihome_function.o(.text) refers to _printf_c.o(.ARM.Collect$$_printf_percent$$00000013) for _printf_c
    ihome_function.o(.text) refers to _printf_s.o(.ARM.Collect$$_printf_percent$$00000014) for _printf_s
    ihome_function.o(.text) refers to _printf_str.o(.text) for _printf_str
    ihome_function.o(.text) refers to _printf_d.o(.ARM.Collect$$_printf_percent$$00000009) for _printf_d
    ihome_function.o(.text) refers to _printf_dec.o(.text) for _printf_int_dec
    ihome_function.o(.text) refers to noretval__2printf.o(.text) for __2printf
    ihome_function.o(.text) refers to lsens.o(.text) for Lsens_Get_Val
    ihome_function.o(.text) refers to stm32f4xx_tim.o(.text) for TIM_SetCompare1
    ihome_function.o(.text) refers to os_q.o(.text) for OSQPend
    ihome_function.o(.text) refers to strcmpv7m.o(.text) for strcmp
    ihome_function.o(.text) refers to malloc.o(.text) for myfree
    ihome_function.o(.text) refers to noretval__2sprintf.o(.text) for __2sprintf
    ihome_function.o(.text) refers to os_time.o(.text) for OSTimeDlyHMSM
    ihome_function.o(.text) refers to dht11.o(.text) for DHT11_Read_Data
    ihome_function.o(.text) refers to ihome_function.o(.data) for ihome_start_flag
    ihome_function.o(.text) refers to tcp_client_netconn.o(.data) for client_send_event
    key.o(.text) refers to stm32f4xx_rcc.o(.text) for RCC_AHB1PeriphClockCmd
    key.o(.text) refers to stm32f4xx_gpio.o(.text) for GPIO_Init
    key.o(.text) refers to delay.o(.text) for delay_ms
    key.o(.text) refers to key.o(.data) for key_up
    led.o(.text) refers to stm32f4xx_rcc.o(.text) for RCC_AHB1PeriphClockCmd
    led.o(.text) refers to stm32f4xx_gpio.o(.text) for GPIO_Init
    timer.o(.text) refers to stm32f4xx_rcc.o(.text) for RCC_APB1PeriphClockCmd
    timer.o(.text) refers to stm32f4xx_tim.o(.text) for TIM_TimeBaseInit
    timer.o(.text) refers to misc.o(.text) for NVIC_Init
    timer.o(.text) refers to stm32f4xx_gpio.o(.text) for GPIO_Init
    timer.o(.text) refers to timer.o(.bss) for TIM5_ICInitStructure
    timer.o(.text) refers to timer.o(.data) for TIM5CH1_CAPTURE_STA
    lcd.o(.text) refers to _printf_percent.o(.ARM.Collect$$_printf_percent$$00000000) for _printf_percent
    lcd.o(.text) refers to _printf_x.o(.ARM.Collect$$_printf_percent$$0000000C) for _printf_x
    lcd.o(.text) refers to _printf_hex_int.o(.text) for _printf_longlong_hex
    lcd.o(.text) refers to delay.o(.text) for delay_us
    lcd.o(.text) refers to lcd.o(.bss) for lcddev
    lcd.o(.text) refers to lcd.o(.data) for POINT_COLOR
    lcd.o(.text) refers to dflt_clz.o(x$fpl$dfltu) for __aeabi_ui2d
    lcd.o(.text) refers to dmul.o(x$fpl$dmul) for __aeabi_dmul
    lcd.o(.text) refers to dfixu.o(x$fpl$dfixu) for __aeabi_d2uiz
    lcd.o(.text) refers to stm32f4xx_rcc.o(.text) for RCC_AHB1PeriphClockCmd
    lcd.o(.text) refers to stm32f4xx_gpio.o(.text) for GPIO_Init
    lcd.o(.text) refers to stm32f4xx_fsmc.o(.text) for FSMC_NORSRAMInit
    lcd.o(.text) refers to noretval__2printf.o(.text) for __2printf
    lcd.o(.text) refers to lcd.o(.constdata) for asc2_1206
[...]
    FSMC_NORSRAMInit                         0x08009399   Thumb Code   224  stm32f4xx_fsmc.o(.text)
    FSMC_NORSRAMStructInit                   0x08009479   Thumb Code    48  stm32f4xx_fsmc.o(.text)
    FSMC_NORSRAMCmd                          0x080094a9   Thumb Code    46  stm32f4xx_fsmc.o(.text)
    FSMC_NANDDeInit                          0x080094d7   Thumb Code    62  stm32f4xx_fsmc.o(.text)
    FSMC_NANDInit                            0x08009515   Thumb Code   130  stm32f4xx_fsmc.o(.text)
    FSMC_NANDStructInit                      0x08009597   Thumb Code    54  stm32f4xx_fsmc.o(.text)
    FSMC_NANDCmd                             0x080095cd   Thumb Code    86  stm32f4xx_fsmc.o(.text)
    FSMC_NANDECCCmd                          0x08009623   Thumb Code    86  stm32f4xx_fsmc.o(.text)
    FSMC_GetECC                              0x08009679   Thumb Code    22  stm32f4xx_fsmc.o(.text)
    FSMC_PCCARDDeInit                        0x0800968f   Thumb Code    40  stm32f4xx_fsmc.o(.text)
    FSMC_PCCARDInit                          0x080096b7   Thumb Code   124  stm32f4xx_fsmc.o(.text)
    FSMC_PCCARDStructInit                    0x08009733   Thumb Code    60  stm32f4xx_fsmc.o(.text)
    FSMC_PCCARDCmd                           0x0800976f   Thumb Code    40  stm32f4xx_fsmc.o(.text)
    FSMC_ITConfig                            0x08009797   Thumb Code   128  stm32f4xx_fsmc.o(.text)
    FSMC_GetFlagStatus                       0x08009817   Thumb Code    48  stm32f4xx_fsmc.o(.text)
    FSMC_ClearFlag                           0x08009847   Thumb Code   114  stm32f4xx_fsmc.o(.text)
    FSMC_GetITStatus                         0x080098b9   Thumb Code    60  stm32f4xx_fsmc.o(.text)
    FSMC_ClearITPendingBit                   0x080098f5   Thumb Code    64  stm32f4xx_fsmc.o(.text)
    delay_schedlock                          0x0800993d   Thumb Code     8  delay.o(.text)
    delay_schedunlock                        0x08009945   Thumb Code     8  delay.o(.text)
    delay_ostimedly                          0x0800994d   Thumb Code    12  delay.o(.text)
    SysTick_Handler                          0x08009959   Thumb Code    24  delay.o(.text)
    delay_init                               0x08009971   Thumb Code    74  delay.o(.text)
    delay_us                                 0x080099bb   Thumb Code    86  delay.o(.text)
    delay_ms                                 0x08009a11   Thumb Code    66  delay.o(.text)
    _sys_exit                                0x08009a65   Thumb Code     6  usart.o(.text)
    fputc                                    0x08009a6b   Thumb Code    20  usart.o(.text)
    uart_init                                0x08009a7f   Thumb Code   172  usart.o(.text)
    USART1_IRQHandler                        0x08009b2b   Thumb Code   130  usart.o(.text)
    usmart_sys_cmd_exe                       0x08009bbd   Thumb Code  1554  usmart.o(.text)
    usmart_reset_runtime                     0x0800a1cf   Thumb Code    38  usmart.o(.text)
    usmart_get_runtime                       0x0800a1f5   Thumb Code    56  usmart.o(.text)
    TIM4_IRQHandler                          0x0800a22d   Thumb Code    50  usmart.o(.text)
    Timer4_Init                              0x0800a25f   Thumb Code    90  usmart.o(.text)
    usmart_init                              0x0800a2b9   Thumb Code    36  usmart.o(.text)
    usmart_cmd_rec                           0x0800a2dd   Thumb Code   170  usmart.o(.text)
    usmart_exe                               0x0800a387   Thumb Code   872  usmart.o(.text)
    usmart_scan                              0x0800a6ef   Thumb Code   118  usmart.o(.text)
    read_addr                                0x0800a765   Thumb Code     6  usmart.o(.text)
    write_addr                               0x0800a76b   Thumb Code     4  usmart.o(.text)
    usmart_strcmp                            0x0800a7f9   Thumb Code    34  usmart_str.o(.text)
    usmart_strcopy                           0x0800a81b   Thumb Code    22  usmart_str.o(.text)
    usmart_strlen                            0x0800a831   Thumb Code    24  usmart_str.o(.text)
    usmart_pow                               0x0800a849   Thumb Code    22  usmart_str.o(.text)
    usmart_str2num                           0x0800a85f   Thumb Code   202  usmart_str.o(.text)
    usmart_get_cmdname                       0x0800a929   Thumb Code    54  usmart_str.o(.text)
    usmart_search_nextc                      0x0800a95f   Thumb Code    22  usmart_str.o(.text)
    usmart_get_fname                         0x0800a975   Thumb Code   440  usmart_str.o(.text)
    usmart_get_aparm                         0x0800ab2d   Thumb Code   200  usmart_str.o(.text)
    usmart_get_parmpos                       0x0800abf5   Thumb Code    26  usmart_str.o(.text)
    usmart_get_fparam                        0x0800ac0f   Thumb Code   262  usmart_str.o(.text)
    lwip_pkt_handle                          0x0800ad21   Thumb Code    10  lwip_comm.o(.text)
    lwip_comm_mem_free                       0x0800ad2b   Thumb Code    44  lwip_comm.o(.text)
    lwip_comm_mem_malloc                     0x0800ad57   Thumb Code   100  lwip_comm.o(.text)
    lwip_comm_default_ip_set                 0x0800adbb   Thumb Code    96  lwip_comm.o(.text)
    lwip_comm_init                           0x0800ae1b   Thumb Code   118  lwip_comm.o(.text)
    lwip_dhcp_task                           0x0800ae91   Thumb Code   448  lwip_comm.o(.text)
    lwip_comm_dhcp_creat                     0x0800b051   Thumb Code    36  lwip_comm.o(.text)
    lwip_comm_dhcp_delete                    0x0800b075   Thumb Code    16  lwip_comm.o(.text)
    lwip_periodic_handle                     0x0800b085   Thumb Code   676  lwip_comm.o(.text)
    tcp_client_connect                       0x0800b329   Thumb Code   282  tcp_client_netconn.o(.text)
    tcp_client_recv                          0x0800b443   Thumb Code   218  tcp_client_netconn.o(.text)
    client_handle_task                       0x0800b51d   Thumb Code  1550  tcp_client_netconn.o(.text)
    tcp_client_send                          0x0800bb2b   Thumb Code   128  tcp_client_netconn.o(.text)
    tcp_client_init                          0x0800bbab   Thumb Code   128  tcp_client_netconn.o(.text)
    etharp_tmr                               0x0800bd45   Thumb Code   144  etharp.o(.text)
    etharp_cleanup_netif                     0x0800c223   Thumb Code    52  etharp.o(.text)
    etharp_find_addr                         0x0800c257   Thumb Code   110  etharp.o(.text)
    etharp_request                           0x0800c537   Thumb Code    40  etharp.o(.text)
    etharp_query                             0x0800c5ed   Thumb Code   646  etharp.o(.text)
    etharp_output                            0x0800c873   Thumb Code   392  etharp.o(.text)
    ethernet_input                           0x0800c9fb   Thumb Code   204  etharp.o(.text)
    ethernetif_input                         0x0800cc93   Thumb Code    48  ethernetif.o(.text)
    ethernetif_init                          0x0800ccc3   Thumb Code    56  ethernetif.o(.text)
    icmp_input                               0x0800cd81   Thumb Code   492  icmp.o(.text)
    icmp_dest_unreach                        0x0800d00d   Thumb Code    18  icmp.o(.text)
    icmp_time_exceeded                       0x0800d01f   Thumb Code    18  icmp.o(.text)
    inet_chksum_pseudo                       0x0800d203   Thumb Code   170  inet_chksum.o(.text)
    inet_chksum_pseudo_partial               0x0800d2ad   Thumb Code   218  inet_chksum.o(.text)
    inet_chksum                              0x0800d387   Thumb Code    20  inet_chksum.o(.text)
    inet_chksum_pbuf                         0x0800d39b   Thumb Code    86  inet_chksum.o(.text)
    ip_route                                 0x0800d459   Thumb Code    80  ip.o(.text)
    ip_input                                 0x0800d4a9   Thumb Code   486  ip.o(.text)
    ip_output_if                             0x0800d68f   Thumb Code   250  ip.o(.text)
    ip_output                                0x0800d789   Thumb Code    84  ip.o(.text)
    ip4_addr_isbroadcast                     0x0800d889   Thumb Code    78  ip_addr.o(.text)
    ip4_addr_netmask_valid                   0x0800d8d7   Thumb Code    52  ip_addr.o(.text)
    ipaddr_aton                              0x0800d90b   Thumb Code   364  ip_addr.o(.text)
    ipaddr_addr                              0x0800da77   Thumb Code    24  ip_addr.o(.text)
    ipaddr_ntoa_r                            0x0800da8f   Thumb Code   168  ip_addr.o(.text)
    ipaddr_ntoa                              0x0800db37   Thumb Code    16  ip_addr.o(.text)
    ip_reass_tmr                             0x0800dcff   Thumb Code    56  ip_frag.o(.text)
    ip_reass                                 0x0800e13d   Thumb Code   410  ip_frag.o(.text)
    ip_frag                                  0x0800e35d   Thumb Code   630  ip_frag.o(.text)
    lwip_htons                               0x0800e5d9   Thumb Code    12  def.o(.text)
    lwip_ntohs                               0x0800e5e5   Thumb Code    12  def.o(.text)
    lwip_htonl                               0x0800e5f1   Thumb Code    26  def.o(.text)
    lwip_ntohl                               0x0800e60b   Thumb Code    12  def.o(.text)
    dhcp_renew                               0x0800eef3   Thumb Code   150  dhcp.o(.text)
    dhcp_coarse_tmr                          0x0800f0bd   Thumb Code    74  dhcp.o(.text)
    dhcp_release                             0x0800f1bb   Thumb Code   178  dhcp.o(.text)
    dhcp_fine_tmr                            0x0800f463   Thumb Code   134  dhcp.o(.text)
    dhcp_set_struct                          0x0800f559   Thumb Code   106  dhcp.o(.text)
    dhcp_cleanup                             0x0800f5c3   Thumb Code    48  dhcp.o(.text)
    dhcp_stop                                0x0800f5f3   Thumb Code   114  dhcp.o(.text)
    dhcp_start                               0x0800fcc3   Thumb Code   438  dhcp.o(.text)
    dhcp_inform                              0x0800fe79   Thumb Code   210  dhcp.o(.text)
    dhcp_network_changed                     0x0800ff4b   Thumb Code    80  dhcp.o(.text)
    dhcp_arp_reply                           0x08010029   Thumb Code    80  dhcp.o(.text)
    lwip_init                                0x08010085   Thumb Code    36  init.o(.text)
    memp_get_memorysize                      0x080100a9   Thumb Code     8  memp.o(.text)
    memp_init                                0x080100b1   Thumb Code    86  memp.o(.text)
    memp_malloc                              0x08010107   Thumb Code   102  memp.o(.text)
    memp_free                                0x0801016d   Thumb Code    74  memp.o(.text)
    netif_init                               0x0801027d   Thumb Code     2  netif.o(.text)
    netif_set_gw                             0x0801027f   Thumb Code    16  netif.o(.text)
    netif_set_netmask                        0x0801028f   Thumb Code    16  netif.o(.text)
    netif_set_ipaddr                         0x0801029f   Thumb Code   124  netif.o(.text)
    netif_set_addr                           0x0801031b   Thumb Code    40  netif.o(.text)
    netif_add                                0x08010343   Thumb Code   150  netif.o(.text)
    netif_set_default                        0x080103d9   Thumb Code    10  netif.o(.text)
    netif_set_down                           0x080103e3   Thumb Code    42  netif.o(.text)
    netif_remove                             0x0801040d   Thumb Code    94  netif.o(.text)
    netif_find                               0x0801046b   Thumb Code    72  netif.o(.text)
    netif_set_up                             0x080104b3   Thumb Code    54  netif.o(.text)
    netif_set_link_up                        0x080104e9   Thumb Code    66  netif.o(.text)
    netif_set_link_down                      0x0801052b   Thumb Code    24  netif.o(.text)
    pbuf_free                                0x080105c1   Thumb Code   274  pbuf.o(.text)
    pbuf_alloc                               0x080106d3   Thumb Code   652  pbuf.o(.text)
    pbuf_alloced_custom                      0x0801095f   Thumb Code   658  pbuf.o(.text)
    pbuf_realloc                             0x08010bf1   Thumb Code   272  pbuf.o(.text)
    pbuf_header                              0x08010d01   Thumb Code   214  pbuf.o(.text)
    pbuf_clen                                0x08010dd7   Thumb Code    18  pbuf.o(.text)
    pbuf_ref                                 0x08010de9   Thumb Code    26  pbuf.o(.text)
    pbuf_cat                                 0x08010e03   Thumb Code   138  pbuf.o(.text)
    pbuf_chain                               0x08010e8d   Thumb Code    26  pbuf.o(.text)
    pbuf_dechain                             0x08010ea7   Thumb Code   132  pbuf.o(.text)
    pbuf_copy                                0x08010f2b   Thumb Code   790  pbuf.o(.text)
    pbuf_copy_partial                        0x08011241   Thumb Code   190  pbuf.o(.text)
    pbuf_take                                0x080112ff   Thumb Code   214  pbuf.o(.text)
    pbuf_coalesce                            0x080113d5   Thumb Code    84  pbuf.o(.text)
    pbuf_get_at                              0x08011429   Thumb Code    46  pbuf.o(.text)
    pbuf_memcmp                              0x08011457   Thumb Code    96  pbuf.o(.text)
    pbuf_memfind                             0x080114b7   Thumb Code    76  pbuf.o(.text)
    pbuf_strstr                              0x08011503   Thumb Code    60  pbuf.o(.text)
    raw_input                                0x0801166d   Thumb Code   102  raw.o(.text)
    raw_bind                                 0x080116d3   Thumb Code    16  raw.o(.text)
    raw_connect                              0x080116e3   Thumb Code    16  raw.o(.text)
    raw_recv                                 0x080116f3   Thumb Code     6  raw.o(.text)
    raw_sendto                               0x080116f9   Thumb Code   190  raw.o(.text)
    raw_send                                 0x080117b7   Thumb Code    18  raw.o(.text)
    raw_remove                               0x080117c9   Thumb Code    60  raw.o(.text)
    raw_new                                  0x08011805   Thumb Code    46  raw.o(.text)
    tcp_init                                 0x080118b9   Thumb Code     2  tcp.o(.text)
    tcp_seg_free                             0x080118bb   Thumb Code    26  tcp.o(.text)
    tcp_segs_free                            0x080118d5   Thumb Code    24  tcp.o(.text)
    tcp_pcb_purge                            0x080118ed   Thumb Code    88  tcp.o(.text)
    tcp_slowtmr                              0x08011945   Thumb Code  1428  tcp.o(.text)
    tcp_pcb_remove                           0x08011ed9   Thumb Code   192  tcp.o(.text)
    tcp_close                                0x08012165   Thumb Code    28  tcp.o(.text)
    tcp_update_rcv_ann_wnd                   0x08012181   Thumb Code   106  tcp.o(.text)
    tcp_recved                               0x080121eb   Thumb Code   430  tcp.o(.text)
    tcp_recv_null                            0x08012399   Thumb Code    46  tcp.o(.text)
    tcp_process_refused_data                 0x080123c7   Thumb Code   148  tcp.o(.text)
    tcp_fasttmr                              0x0801245b   Thumb Code   114  tcp.o(.text)
    tcp_tmr                                  0x080124cd   Thumb Code    30  tcp.o(.text)
    tcp_shutdown                             0x080124eb   Thumb Code    98  tcp.o(.text)
    tcp_abandon                              0x0801254d   Thumb Code   168  tcp.o(.text)
    tcp_abort                                0x080125f5   Thumb Code    14  tcp.o(.text)
    tcp_bind                                 0x08012663   Thumb Code   170  tcp.o(.text)
    tcp_listen_with_backlog                  0x08012715   Thumb Code   222  tcp.o(.text)
    tcp_eff_send_mss                         0x080127f3   Thumb Code    46  tcp.o(.text)
    tcp_next_iss                             0x08012821   Thumb Code    20  tcp.o(.text)
    tcp_connect                              0x08012835   Thumb Code   538  tcp.o(.text)
    tcp_setprio                              0x08012a4f   Thumb Code     4  tcp.o(.text)
    tcp_alloc                                0x08012ad9   Thumb Code   202  tcp.o(.text)
    tcp_new                                  0x08012ba3   Thumb Code    10  tcp.o(.text)
    tcp_arg                                  0x08012bad   Thumb Code     4  tcp.o(.text)
    tcp_recv                                 0x08012bb1   Thumb Code    42  tcp.o(.text)
    tcp_sent                                 0x08012bdb   Thumb Code    42  tcp.o(.text)
    tcp_err                                  0x08012c05   Thumb Code    44  tcp.o(.text)
    tcp_accept                               0x08012c31   Thumb Code     4  tcp.o(.text)
    tcp_poll                                 0x08012c35   Thumb Code    50  tcp.o(.text)
    tcp_debug_state_str                      0x08012c67   Thumb Code    10  tcp.o(.text)
    tcp_input                                0x08013f39   Thumb Code  1672  tcp_in.o(.text)
    tcp_enqueue_flags                        0x08014731   Thumb Code   416  tcp_out.o(.text)
    tcp_send_fin                             0x080148d1   Thumb Code    74  tcp_out.o(.text)
    tcp_write                                0x08014bb3   Thumb Code  1742  tcp_out.o(.text)
    tcp_send_empty_ack                       0x08015281   Thumb Code    86  tcp_out.o(.text)
    tcp_output                               0x080153a7   Thumb Code   710  tcp_out.o(.text)
    tcp_rst                                  0x0801566d   Thumb Code   162  tcp_out.o(.text)
    tcp_rexmit_rto                           0x0801570f   Thumb Code    58  tcp_out.o(.text)
    tcp_rexmit                               0x08015749   Thumb Code    90  tcp_out.o(.text)
    tcp_rexmit_fast                          0x080157a3   Thumb Code   120  tcp_out.o(.text)
    tcp_keepalive                            0x0801581b   Thumb Code    84  tcp_out.o(.text)
    tcp_zero_window_probe                    0x0801586f   Thumb Code   180  tcp_out.o(.text)
    sys_timeout                              0x08015925   Thumb Code   174  timers.o(.text)
    tcp_timer_needed                         0x080159fb   Thumb Code    38  timers.o(.text)
    sys_timeouts_init                        0x08015a89   Thumb Code    52  timers.o(.text)
    sys_untimeout                            0x08015abd   Thumb Code    90  timers.o(.text)
    sys_timeouts_mbox_fetch                  0x08015b17   Thumb Code   132  timers.o(.text)
    udp_init                                 0x08015c55   Thumb Code     2  udp.o(.text)
    udp_input                                0x08015ca7   Thumb Code   512  udp.o(.text)
    udp_bind                                 0x08015ea7   Thumb Code   170  udp.o(.text)
    udp_sendto_if                            0x08015f51   Thumb Code   460  udp.o(.text)
    udp_sendto                               0x0801611d   Thumb Code    54  udp.o(.text)
    udp_send                                 0x08016153   Thumb Code    20  udp.o(.text)
    udp_connect                              0x08016167   Thumb Code    98  udp.o(.text)
    udp_disconnect                           0x080161c9   Thumb Code    16  udp.o(.text)
    udp_recv                                 0x080161d9   Thumb Code     6  udp.o(.text)
    udp_remove                               0x080161df   Thumb Code    60  udp.o(.text)
    udp_new                                  0x0801621b   Thumb Code    28  udp.o(.text)
    mem_init                                 0x08016317   Thumb Code   114  mem.o(.text)
    mem_free                                 0x08016389   Thumb Code   182  mem.o(.text)
    mem_trim                                 0x0801643f   Thumb Code   338  mem.o(.text)
    mem_malloc                               0x08016591   Thumb Code   796  mem.o(.text)
    mem_calloc                               0x080168ad   Thumb Code    34  mem.o(.text)
    sys_mbox_new                             0x08016981   Thumb Code   108  sys_arch.o(.text)
    sys_mbox_free                            0x080169ed   Thumb Code    56  sys_arch.o(.text)
    sys_mbox_post                            0x08016a25   Thumb Code    28  sys_arch.o(.text)
    sys_mbox_trypost                         0x08016a41   Thumb Code    32  sys_arch.o(.text)
    sys_arch_mbox_fetch                      0x08016a61   Thumb Code   154  sys_arch.o(.text)
    sys_arch_mbox_tryfetch                   0x08016afb   Thumb Code    18  sys_arch.o(.text)
    sys_mbox_valid                           0x08016b0d   Thumb Code    56  sys_arch.o(.text)
    sys_mbox_set_invalid                     0x08016b45   Thumb Code     6  sys_arch.o(.text)
    sys_sem_new                              0x08016b4b   Thumb Code    62  sys_arch.o(.text)
    sys_arch_sem_wait                        0x08016b89   Thumb Code    96  sys_arch.o(.text)
    sys_sem_signal                           0x08016be9   Thumb Code    12  sys_arch.o(.text)
    sys_sem_free                             0x08016bf5   Thumb Code    52  sys_arch.o(.text)
    sys_sem_valid                            0x08016c29   Thumb Code    22  sys_arch.o(.text)
    sys_sem_set_invalid                      0x08016c3f   Thumb Code     6  sys_arch.o(.text)
    sys_init                                 0x08016c45   Thumb Code     2  sys_arch.o(.text)
    sys_thread_new                           0x08016c47   Thumb Code    66  sys_arch.o(.text)
    sys_msleep                               0x08016c89   Thumb Code    12  sys_arch.o(.text)
    sys_now                                  0x08016c95   Thumb Code    26  sys_arch.o(.text)
    netconn_new_with_proto_and_callback      0x08016d55   Thumb Code   196  api_lib.o(.text)
    netconn_delete                           0x08016e19   Thumb Code    36  api_lib.o(.text)
    netconn_getaddr                          0x08016e3d   Thumb Code   162  api_lib.o(.text)
    netconn_bind                             0x08016edf   Thumb Code    98  api_lib.o(.text)
    netconn_connect                          0x08016f41   Thumb Code    98  api_lib.o(.text)
    netconn_disconnect                       0x08016fa3   Thumb Code    84  api_lib.o(.text)
    netconn_listen_with_backlog              0x08016ff7   Thumb Code    86  api_lib.o(.text)
    netconn_accept                           0x0801704d   Thumb Code   808  api_lib.o(.text)
    netconn_recv_tcp_pbuf                    0x080174eb   Thumb Code    56  api_lib.o(.text)
    netconn_recv                             0x08017523   Thumb Code   270  api_lib.o(.text)
    netconn_recved                           0x08017631   Thumb Code    46  api_lib.o(.text)
    netconn_send                             0x0801765f   Thumb Code    98  api_lib.o(.text)
    netconn_sendto                           0x080176c1   Thumb Code    44  api_lib.o(.text)
    netconn_write_partly                     0x080176ed   Thumb Code   434  api_lib.o(.text)
    netconn_close                            0x080178ff   Thumb Code    14  api_lib.o(.text)
    netconn_shutdown                         0x0801790d   Thumb Code    36  api_lib.o(.text)
    netconn_free                             0x0801832f   Thumb Code   330  api_msg.o(.text)
    netconn_alloc                            0x08018479   Thumb Code   174  api_msg.o(.text)
    do_newconn                               0x08018689   Thumb Code    32  api_msg.o(.text)
    do_delconn                               0x08018771   Thumb Code   636  api_msg.o(.text)
    do_bind                                  0x080189ed   Thumb Code   116  api_msg.o(.text)
    do_connect                               0x08018b33   Thumb Code   230  api_msg.o(.text)
    do_disconnect                            0x08018c19   Thumb Code    46  api_msg.o(.text)
    do_listen                                0x08018c47   Thumb Code   390  api_msg.o(.text)
    do_send                                  0x08018dcd   Thumb Code   166  api_msg.o(.text)
    do_recv                                  0x08018e73   Thumb Code    72  api_msg.o(.text)
    do_write                                 0x08018ebb   Thumb Code   166  api_msg.o(.text)
    do_getaddr                               0x08018f61   Thumb Code   198  api_msg.o(.text)
    do_close                                 0x08019027   Thumb Code   184  api_msg.o(.text)
    netbuf_new                               0x08019111   Thumb Code    30  netbuf.o(.text)
    netbuf_delete                            0x0801912f   Thumb Code    32  netbuf.o(.text)
    netbuf_alloc                             0x0801914f   Thumb Code   102  netbuf.o(.text)
    netbuf_free                              0x080191b5   Thumb Code    50  netbuf.o(.text)
    netbuf_ref                               0x080191e7   Thumb Code    92  netbuf.o(.text)
    netbuf_chain                             0x08019243   Thumb Code    82  netbuf.o(.text)
    netbuf_data                              0x08019295   Thumb Code   122  netbuf.o(.text)
    netbuf_next                              0x0801930f   Thumb Code    64  netbuf.o(.text)
    netbuf_first                             0x0801934f   Thumb Code    38  netbuf.o(.text)
    lwip_socket_init                         0x080194c9   Thumb Code     2  sockets.o(.text)
    lwip_accept                              0x08019775   Thumb Code   666  sockets.o(.text)
    lwip_bind                                0x08019a0f   Thumb Code   184  sockets.o(.text)
    lwip_close                               0x08019ac7   Thumb Code    94  sockets.o(.text)
    lwip_connect                             0x08019b25   Thumb Code   204  sockets.o(.text)
    lwip_listen                              0x08019bf1   Thumb Code   136  sockets.o(.text)
    lwip_recvfrom                            0x08019c79   Thumb Code   812  sockets.o(.text)
    lwip_read                                0x08019fa5   Thumb Code    28  sockets.o(.text)
    lwip_recv                                0x08019fc1   Thumb Code    34  sockets.o(.text)
    lwip_sendto                              0x08019fe3   Thumb Code   276  sockets.o(.text)
    lwip_send                                0x0801a0f7   Thumb Code   156  sockets.o(.text)
    lwip_socket                              0x0801a193   Thumb Code   296  sockets.o(.text)
    lwip_write                               0x0801a2bb   Thumb Code    22  sockets.o(.text)
    lwip_select                              0x0801a44d   Thumb Code   864  sockets.o(.text)
    lwip_shutdown                            0x0801a7ad   Thumb Code   296  sockets.o(.text)
    lwip_getpeername                         0x0801a957   Thumb Code    22  sockets.o(.text)
    lwip_getsockname                         0x0801a96d   Thumb Code    22  sockets.o(.text)
    lwip_getsockopt                          0x0801ab7f   Thumb Code   408  sockets.o(.text)
    lwip_setsockopt                          0x0801aecd   Thumb Code   318  sockets.o(.text)
    lwip_ioctl                               0x0801b00b   Thumb Code   116  sockets.o(.text)
    lwip_fcntl                               0x0801b07f   Thumb Code   142  sockets.o(.text)
    tcpip_input                              0x0801b1f3   Thumb Code    72  tcpip.o(.text)
    tcpip_callback_with_block                0x0801b23b   Thumb Code    90  tcpip.o(.text)
    tcpip_timeout                            0x0801b295   Thumb Code    64  tcpip.o(.text)
    tcpip_untimeout                          0x0801b2d5   Thumb Code    56  tcpip.o(.text)
    tcpip_apimsg                             0x0801b30d   Thumb Code    60  tcpip.o(.text)
    tcpip_callbackmsg_new                    0x0801b349   Thumb Code    32  tcpip.o(.text)
    tcpip_callbackmsg_delete                 0x0801b369   Thumb Code    14  tcpip.o(.text)
    tcpip_trycallback                        0x0801b377   Thumb Code    28  tcpip.o(.text)
    tcpip_init                               0x0801b393   Thumb Code    72  tcpip.o(.text)
    pbuf_free_callback                       0x0801b3e9   Thumb Code    16  tcpip.o(.text)
    mem_free_callback                        0x0801b3f9   Thumb Code    16  tcpip.o(.text)
    OS_StrLen                                0x0801b4c5   Thumb Code    20  os_core.o(.text)
    OSEventNameGet                           0x0801b4d9   Thumb Code    98  os_core.o(.text)
    OSEventNameSet                           0x0801b53b   Thumb Code    84  os_core.o(.text)
    OS_TaskStatStkChk                        0x0801b58f   Thumb Code    54  os_core.o(.text)
    OS_TaskStat                              0x0801b5c5   Thumb Code   116  os_core.o(.text)
    OS_TaskIdle                              0x0801b66d   Thumb Code    34  os_core.o(.text)
    OS_MemClr                                0x0801b6c3   Thumb Code    18  os_core.o(.text)
    OSInit                                   0x0801b7e9   Thumb Code    52  os_core.o(.text)
    OSIntEnter                               0x0801b81d   Thumb Code    28  os_core.o(.text)
    OSIntExit                                0x0801b853   Thumb Code   262  os_core.o(.text)
    OSSchedLock                              0x0801b959   Thumb Code    50  os_core.o(.text)
    OS_Sched                                 0x0801b98b   Thumb Code    88  os_core.o(.text)
    OSSchedUnlock                            0x0801b9e3   Thumb Code    82  os_core.o(.text)
    OSStart                                  0x0801ba35   Thumb Code    48  os_core.o(.text)
    OSStatInit                               0x0801ba65   Thumb Code    62  os_core.o(.text)
    OSTimeTick                               0x0801baa3   Thumb Code   218  os_core.o(.text)
    OSVersion                                0x0801bb7d   Thumb Code     6  os_core.o(.text)
    OS_Dummy                                 0x0801bb83   Thumb Code     2  os_core.o(.text)
    OS_EventTaskRemove                       0x0801bb85   Thumb Code    42  os_core.o(.text)
    OS_EventTaskRdy                          0x0801bbaf   Thumb Code   118  os_core.o(.text)
    OS_EventTaskWait                         0x0801bc25   Thumb Code   112  os_core.o(.text)
    OS_EventWaitListInit                     0x0801bc95   Thumb Code    28  os_core.o(.text)
    OS_MemCopy                               0x0801bcb1   Thumb Code    20  os_core.o(.text)
    OS_TCBInit                               0x0801bcc5   Thumb Code   374  os_core.o(.text)
    OSFlagAccept                             0x0801be51   Thumb Code   252  os_flag.o(.text)
    OSFlagCreate                             0x0801bf4d   Thumb Code    86  os_flag.o(.text)
    OS_FlagUnlink                            0x0801bfa3   Thumb Code    36  os_flag.o(.text)
    OSFlagDel                                0x0801c027   Thumb Code   214  os_flag.o(.text)
    OSFlagNameGet                            0x0801c0fd   Thumb Code    80  os_flag.o(.text)
    OSFlagNameSet                            0x0801c14d   Thumb Code    66  os_flag.o(.text)
    OSFlagPend                               0x0801c227   Thumb Code   614  os_flag.o(.text)
    OSFlagPendGetFlagsRdy                    0x0801c48d   Thumb Code    26  os_flag.o(.text)
    OSFlagPost                               0x0801c4a7   Thumb Code   312  os_flag.o(.text)
    OSFlagQuery                              0x0801c5df   Thumb Code    48  os_flag.o(.text)
    OS_FlagInit                              0x0801c60f   Thumb Code    78  os_flag.o(.text)
    OSMemCreate                              0x0801c669   Thumb Code   118  os_mem.o(.text)
    OSMemGet                                 0x0801c6df   Thumb Code    62  os_mem.o(.text)
    OSMemNameGet                             0x0801c71d   Thumb Code    60  os_mem.o(.text)
    OSMemNameSet                             0x0801c759   Thumb Code    48  os_mem.o(.text)
    OSMemPut                                 0x0801c789   Thumb Code    54  os_mem.o(.text)
    OSMemQuery                               0x0801c7bf   Thumb Code    52  os_mem.o(.text)
    OS_MemInit                               0x0801c7f3   Thumb Code    74  os_mem.o(.text)
    OSQAccept                                0x0801c84d   Thumb Code    88  os_q.o(.text)
    OSQCreate                                0x0801c8a5   Thumb Code   144  os_q.o(.text)
    OSQDel                                   0x0801c935   Thumb Code   244  os_q.o(.text)
    OSQFlush                                 0x0801ca29   Thumb Code    36  os_q.o(.text)
    OSQPend                                  0x0801ca4d   Thumb Code   272  os_q.o(.text)
    OSQPendAbort                             0x0801cb5d   Thumb Code   126  os_q.o(.text)
    OSQPost                                  0x0801cbdb   Thumb Code   114  os_q.o(.text)
    OSQPostFront                             0x0801cc4d   Thumb Code   142  os_q.o(.text)
    OSQPostOpt                               0x0801ccdb   Thumb Code   182  os_q.o(.text)
    OSQQuery                                 0x0801cd91   Thumb Code    98  os_q.o(.text)
    OS_QInit                                 0x0801cdf3   Thumb Code    72  os_q.o(.text)
    OSSemAccept                              0x0801ce45   Thumb Code    42  os_sem.o(.text)
    OSSemCreate                              0x0801ce6f   Thumb Code    72  os_sem.o(.text)
    OSSemDel                                 0x0801ceb7   Thumb Code   230  os_sem.o(.text)
    OSSemPend                                0x0801cf9d   Thumb Code   222  os_sem.o(.text)
    OSSemPendAbort                           0x0801d07b   Thumb Code   126  os_sem.o(.text)
    OSSemPost                                0x0801d0f9   Thumb Code    88  os_sem.o(.text)
    OSSemQuery                               0x0801d151   Thumb Code    76  os_sem.o(.text)
    OSSemSet                                 0x0801d19d   Thumb Code    66  os_sem.o(.text)
    OSTaskChangePrio                         0x0801d221   Thumb Code   310  os_task.o(.text)
    OSTaskCreate                             0x0801d357   Thumb Code   148  os_task.o(.text)
    OS_TaskStkClr                            0x0801d3eb   Thumb Code    26  os_task.o(.text)
    OSTaskCreateExt                          0x0801d405   Thumb Code   170  os_task.o(.text)
    OSTaskDel                                0x0801d4af   Thumb Code   294  os_task.o(.text)
    OSTaskDelReq                             0x0801d5d5   Thumb Code   146  os_task.o(.text)
    OSTaskNameGet                            0x0801d667   Thumb Code   114  os_task.o(.text)
    OSTaskNameSet                            0x0801d6d9   Thumb Code    98  os_task.o(.text)
    OSTaskResume                             0x0801d73b   Thumb Code   160  os_task.o(.text)
    OSTaskStkChk                             0x0801d7db   Thumb Code   132  os_task.o(.text)
    OSTaskSuspend                            0x0801d85f   Thumb Code   152  os_task.o(.text)
    OSTaskQuery                              0x0801d8f7   Thumb Code    82  os_task.o(.text)
    OSTaskRegGet                             0x0801d949   Thumb Code    60  os_task.o(.text)
    OSTaskRegSet                             0x0801d985   Thumb Code    62  os_task.o(.text)
    OS_TaskReturn                            0x0801d9c3   Thumb Code    18  os_task.o(.text)
    OSTimeDly                                0x0801d9ed   Thumb Code   100  os_time.o(.text)
    OSTimeDlyHMSM                            0x0801da51   Thumb Code    86  os_time.o(.text)
    OSTimeDlyResume                          0x0801daa7   Thumb Code   176  os_time.o(.text)
    OSTimeGet                                0x0801db57   Thumb Code    24  os_time.o(.text)
    OSTimeSet                                0x0801db6f   Thumb Code    24  os_time.o(.text)
    OSTmrCreate                              0x0801dbd7   Thumb Code    96  os_tmr.o(.text)
    OSTmrDel                                 0x0801dcaf   Thumb Code   124  os_tmr.o(.text)
    OSTmrNameGet                             0x0801dd2b   Thumb Code   114  os_tmr.o(.text)
    OSTmrRemainGet                           0x0801dd9d   Thumb Code   164  os_tmr.o(.text)
    OSTmrStateGet                            0x0801de41   Thumb Code    86  os_tmr.o(.text)
    OSTmrStart                               0x0801defb   Thumb Code   128  os_tmr.o(.text)
    OSTmrStop                                0x0801df7b   Thumb Code   210  os_tmr.o(.text)
    OSTmrSignal                              0x0801e04d   Thumb Code    16  os_tmr.o(.text)
    OSTmr_Init                               0x0801e101   Thumb Code   172  os_tmr.o(.text)
    OSInitHookBegin                          0x0801e215   Thumb Code     8  os_cpu_c.o(.text)
    OSInitHookEnd                            0x0801e21d   Thumb Code     2  os_cpu_c.o(.text)
    OSTaskCreateHook                         0x0801e21f   Thumb Code     2  os_cpu_c.o(.text)
    OSTaskDelHook                            0x0801e221   Thumb Code     2  os_cpu_c.o(.text)
    OSTaskIdleHook                           0x0801e223   Thumb Code     2  os_cpu_c.o(.text)
    OSTaskStatHook                           0x0801e225   Thumb Code     2  os_cpu_c.o(.text)
    OSTaskStkInit                            0x0801e227   Thumb Code   426  os_cpu_c.o(.text)
    OSTaskSwHook                             0x0801e3d1   Thumb Code     2  os_cpu_c.o(.text)
    OSTCBInitHook                            0x0801e3d3   Thumb Code     2  os_cpu_c.o(.text)
    OSTimeTickHook                           0x0801e3d5   Thumb Code    30  os_cpu_c.o(.text)
    OSTaskReturnHook                         0x0801e3f3   Thumb Code     2  os_cpu_c.o(.text)
    OS_CPU_SR_Save                           0x0801e3fd   Thumb Code     0  os_cpu_a.o(.text)
    OS_CPU_SR_Restore                        0x0801e405   Thumb Code     0  os_cpu_a.o(.text)
    OSStartHighRdy                           0x0801e40b   Thumb Code     0  os_cpu_a.o(.text)
    OSCtxSw                                  0x0801e42f   Thumb Code     0  os_cpu_a.o(.text)
    OSIntCtxSw                               0x0801e43d   Thumb Code     0  os_cpu_a.o(.text)
    PendSV_Handler                           0x0801e44d   Thumb Code     0  os_cpu_a.o(.text)
    mymemcpy                                 0x0801e4c5   Thumb Code    26  malloc.o(.text)
    mymemset                                 0x0801e4df   Thumb Code    20  malloc.o(.text)
    mymem_init                               0x0801e4f3   Thumb Code    54  malloc.o(.text)
    mem_perused                              0x0801e529   Thumb Code    54  malloc.o(.text)
    mymem_malloc                             0x0801e55f   Thumb Code   162  malloc.o(.text)
    mymem_free                               0x0801e601   Thumb Code    94  malloc.o(.text)
    myfree                                   0x0801e65f   Thumb Code    32  malloc.o(.text)
    mymalloc                                 0x0801e67f   Thumb Code    34  malloc.o(.text)
    myrealloc                                0x0801e6a1   Thumb Code    66  malloc.o(.text)
    __use_no_semihosting                     0x0801e6f5   Thumb Code     2  use_no_semi_2.o(.text)
    __rt_ctype_table                         0x0801e6f9   Thumb Code    16  rt_ctype_table.o(.text)
    __2printf                                0x0801e709   Thumb Code    20  noretval__2printf.o(.text)
    __2sprintf                               0x0801e721   Thumb Code    34  noretval__2sprintf.o(.text)
    _printf_pre_padding                      0x0801e749   Thumb Code    46  _printf_pad.o(.text)
    _printf_post_padding                     0x0801e777   Thumb Code    36  _printf_pad.o(.text)
    _printf_str                              0x0801e79b   Thumb Code    82  _printf_str.o(.text)
    _printf_int_dec                          0x0801e7ed   Thumb Code   102  _printf_dec.o(.text)
    _printf_int_hex                          0x0801e865   Thumb Code    88  _printf_hex_int.o(.text)
    _printf_longlong_hex                     0x0801e865   Thumb Code     0  _printf_hex_int.o(.text)
    __printf                                 0x0801e8c1   Thumb Code   390  __printf_flags_ss_wp.o(.text)
    memcmp                                   0x0801ea4d   Thumb Code    88  memcmp.o(.text)
    strlen                                   0x0801eaa5   Thumb Code    62  strlen.o(.text)
    __aeabi_memcpy                           0x0801eae3   Thumb Code     0  rt_memcpy_v6.o(.text)
    __rt_memcpy                              0x0801eae3   Thumb Code   138  rt_memcpy_v6.o(.text)
    _memcpy_lastbytes                        0x0801eb49   Thumb Code     0  rt_memcpy_v6.o(.text)
    __aeabi_memclr                           0x0801eb6d   Thumb Code     0  rt_memclr.o(.text)
    __rt_memclr                              0x0801eb6d   Thumb Code    68  rt_memclr.o(.text)
    _memset                                  0x0801eb71   Thumb Code     0  rt_memclr.o(.text)
    __aeabi_memclr4                          0x0801ebb1   Thumb Code     0  rt_memclr_w.o(.text)
    __aeabi_memclr8                          0x0801ebb1   Thumb Code     0  rt_memclr_w.o(.text)
    __rt_memclr_w                            0x0801ebb1   Thumb Code    78  rt_memclr_w.o(.text)
    _memset_w                                0x0801ebb5   Thumb Code     0  rt_memclr_w.o(.text)
    strcmp                                   0x0801ec01   Thumb Code   128  strcmpv7m.o(.text)
    __use_two_region_memory                  0x0801ec81   Thumb Code     2  heapauxi.o(.text)
    __rt_heap_escrow$2region                 0x0801ec83   Thumb Code     2  heapauxi.o(.text)
    __rt_heap_expand$2region                 0x0801ec85   Thumb Code     2  heapauxi.o(.text)
    __I$use$semihosting                      0x0801ec87   Thumb Code     0  use_no_semi.o(.text)
    __use_no_semihosting_swi                 0x0801ec87   Thumb Code     2  use_no_semi.o(.text)
    __rt_locale                              0x0801ec89   Thumb Code     8  rt_locale_intlibspace.o(.text)
    _printf_int_common                       0x0801ec91   Thumb Code   184  _printf_intcommon.o(.text)
    _printf_char_common                      0x0801ed53   Thumb Code    32  _printf_char_common.o(.text)
    _sputc                                   0x0801ed79   Thumb Code    10  _sputc.o(.text)
    _printf_cs_common                        0x0801ed83   Thumb Code    20  _printf_char.o(.text)
    _printf_char                             0x0801ed97   Thumb Code    16  _printf_char.o(.text)
    _printf_string                           0x0801eda7   Thumb Code     8  _printf_char.o(.text)
    _printf_char_file                        0x0801edb1   Thumb Code    32  _printf_char_file.o(.text)
    __aeabi_memcpy4                          0x0801edd5   Thumb Code     0  rt_memcpy_w.o(.text)
    __aeabi_memcpy8                          0x0801edd5   Thumb Code     0  rt_memcpy_w.o(.text)
    __rt_memcpy_w                            0x0801edd5   Thumb Code   100  rt_memcpy_w.o(.text)
    _memcpy_lastbytes_aligned                0x0801ee1d   Thumb Code     0  rt_memcpy_w.o(.text)
    __user_libspace                          0x0801ee39   Thumb Code     8  libspace.o(.text)
    __user_perproc_libspace                  0x0801ee39   Thumb Code     0  libspace.o(.text)
    __user_perthread_libspace                0x0801ee39   Thumb Code     0  libspace.o(.text)
    ferror                                   0x0801ee41   Thumb Code     8  ferror.o(.text)
    __user_setup_stackheap                   0x0801ee49   Thumb Code    74  sys_stackheap_outer.o(.text)
    exit                                     0x0801ee93   Thumb Code    12  exit.o(.text)
    _is_digit                                0x0801ee9f   Thumb Code    14  __printf_wp.o(i._is_digit)
    _get_lc_ctype                            0x0801eead   Thumb Code    44  lc_ctype_c.o(locale$$code)
    __aeabi_d2uiz                            0x0801eed9   Thumb Code     0  dfixu.o(x$fpl$dfixu)
    _dfixu                                   0x0801eed9   Thumb Code    90  dfixu.o(x$fpl$dfixu)
    __aeabi_ui2d                             0x0801ef33   Thumb Code     0  dflt_clz.o(x$fpl$dfltu)
    _dfltu                                   0x0801ef33   Thumb Code    38  dflt_clz.o(x$fpl$dfltu)
    __aeabi_dmul                             0x0801ef59   Thumb Code     0  dmul.o(x$fpl$dmul)
    _dmul                                    0x0801ef59   Thumb Code   332  dmul.o(x$fpl$dmul)
    __fpl_dnaninf                            0x0801f0ad   Thumb Code   156  dnaninf.o(x$fpl$dnaninf)
    __fpl_dretinf                            0x0801f149   Thumb Code    12  dretinf.o(x$fpl$dretinf)
    _fp_init                                 0x0801f155   Thumb Code    10  fpinit.o(x$fpl$fpinit)
    __fplib_config_fpu_vfp                   0x0801f15d   Thumb Code     0  fpinit.o(x$fpl$fpinit)
    __fplib_config_pureend_doubles           0x0801f15d   Thumb Code     0  fpinit.o(x$fpl$fpinit)
    __I$use$fp                               0x0801f15e   Number         0  usenofp.o(x$fpl$usenofp)
    asc2_1206                                0x0801f15e   Data        1140  lcd.o(.constdata)
    asc2_1608                                0x0801f5d2   Data        1520  lcd.o(.constdata)
    asc2_2412                                0x0801fbc2   Data        3420  lcd.o(.constdata)
    FSMC_DefaultTimingStruct                 0x08020920   Data          28  stm32f4xx_fsmc.o(.constdata)
    ethbroadcast                             0x0802093c   Data           6  etharp.o(.constdata)
    ethzero                                  0x08020942   Data           6  etharp.o(.constdata)
    ip_addr_any                              0x0802098c   Data           4  ip_addr.o(.constdata)
    ip_addr_broadcast                        0x08020990   Data           4  ip_addr.o(.constdata)
    tcp_state_str                            0x08020a58   Data          44  tcp.o(.constdata)
    tcp_backoff                              0x08020a84   Data          13  tcp.o(.constdata)
    tcp_persist_backoff                      0x08020a91   Data           7  tcp.o(.constdata)
    tcp_pcb_lists                            0x08020a98   Data          16  tcp.o(.constdata)
    pvNullPointer                            0x08020b00   Data           4  sys_arch.o(.constdata)
    OSUnMapTbl                               0x08020b44   Data         256  os_core.o(.constdata)
    memtblsize                               0x08020c44   Data          12  malloc.o(.constdata)
    memblksize                               0x08020c50   Data          12  malloc.o(.constdata)
    memsize                                  0x08020c5c   Data          12  malloc.o(.constdata)
    Region$$Table$$Base                      0x08020eb8   Number         0  anon$$obj.o(Region$$Table)
    Region$$Table$$Limit                     0x08020ed8   Number         0  anon$$obj.o(Region$$Table)
    __ctype                                  0x08020ee5   Data           0  lc_ctype_c.o(locale$$data)
    mem3base                                 0x10000000   Data       61440  malloc.o(.ARM.__AT_0x10000000)
    mem3mapbase                              0x1000f000   Data        3840  malloc.o(.ARM.__AT_0x1000F000)
    SystemCoreClock                          0x20000000   Data           4  system_stm32f4xx.o(.data)
    AHBPrescTable                            0x20000004   Data          16  system_stm32f4xx.o(.data)
    ihome_start_flag                         0x20000014   Data           4  ihome_function.o(.data)
    led_q                                    0x20000018   Data           8  ihome_function.o(.data)
    led_event                                0x20000020   Data           4  ihome_function.o(.data)
    dht11_q                                  0x20000024   Data           8  ihome_function.o(.data)
    dht11_event                              0x2000002c   Data           4  ihome_function.o(.data)
    TIM5CH1_CAPTURE_STA                      0x20000034   Data           1  timer.o(.data)
    TIM5CH1_CAPTURE_VAL                      0x20000038   Data           4  timer.o(.data)
    POINT_COLOR                              0x2000003c   Data           2  lcd.o(.data)
    BACK_COLOR                               0x2000003e   Data           2  lcd.o(.data)
    DMARxDscrTab                             0x20000040   Data           4  lan8720.o(.data)
    DMATxDscrTab                             0x20000044   Data           4  lan8720.o(.data)
    Rx_Buff                                  0x20000048   Data           4  lan8720.o(.data)
    Tx_Buff                                  0x2000004c   Data           4  lan8720.o(.data)
    DMATxDescToSet                           0x20000060   Data           4  stm32f4x7_eth.o(.data)
    DMARxDescToGet                           0x20000064   Data           4  stm32f4x7_eth.o(.data)
    DMA_RX_FRAME_infos                       0x20000068   Data           4  stm32f4x7_eth.o(.data)
    Frame_Rx_index                           0x2000006c   Data           4  stm32f4x7_eth.o(.data)
    USART_RX_STA                             0x20000074   Data           2  usart.o(.data)
    __stdout                                 0x20000078   Data           4  usart.o(.data)
    sys_cmd_tab                              0x2000007c   Data          28  usmart.o(.data)
    usmart_nametab                           0x20000098   Data          48  usmart_config.o(.data)
    usmart_dev                               0x200000c8   Data         244  usmart_config.o(.data)
    server_ip                                0x200001bc   Data           4  lwip_comm.o(.data)
    TCPTimer                                 0x200001c0   Data           4  lwip_comm.o(.data)
    ARPTimer                                 0x200001c4   Data           4  lwip_comm.o(.data)
    DHCPfineTimer                            0x200001c8   Data           4  lwip_comm.o(.data)
    DHCPcoarseTimer                          0x200001cc   Data           4  lwip_comm.o(.data)
    lwip_localtime                           0x200001d0   Data           4  lwip_comm.o(.data)
    TCPIP_THREAD_TASK_STK                    0x200001d4   Data           4  lwip_comm.o(.data)
    LWIP_DHCP_TASK_STK                       0x200001d8   Data           4  lwip_comm.o(.data)
    isConnected                              0x200001dc   Data           1  tcp_client_netconn.o(.data)
    isAuthed                                 0x200001dd   Data           1  tcp_client_netconn.o(.data)
    tcp_clientconn                           0x200001ec   Data           4  tcp_client_netconn.o(.data)
    tcp_client_flag                          0x200001f0   Data           1  tcp_client_netconn.o(.data)
    TCP_CLIENT_CONNECT_TASK_STK              0x200001f4   Data           4  tcp_client_netconn.o(.data)
    CLIENT_HANDLE_TASK_STK                   0x200001f8   Data           4  tcp_client_netconn.o(.data)
    client_handle_event                      0x200001fc   Data           4  tcp_client_netconn.o(.data)
    client_send_event                        0x20000200   Data           4  tcp_client_netconn.o(.data)
    current_netif                            0x20000208   Data           4  ip.o(.data)
    current_header                           0x2000020c   Data           4  ip.o(.data)
    current_iphdr_src                        0x20000210   Data           4  ip.o(.data)
    current_iphdr_dest                       0x20000214   Data           4  ip.o(.data)
    memp_memory                              0x20000260   Data           4  memp.o(.data)
    netif_list                               0x20000264   Data           4  netif.o(.data)
    netif_default                            0x20000268   Data           4  netif.o(.data)
    tcp_ticks                                0x2000027c   Data           4  tcp.o(.data)
    tcp_bound_pcbs                           0x20000280   Data           4  tcp.o(.data)
    tcp_listen_pcbs                          0x20000284   Data           4  tcp.o(.data)
    tcp_active_pcbs                          0x20000288   Data           4  tcp.o(.data)
    tcp_tw_pcbs                              0x2000028c   Data           4  tcp.o(.data)
    tcp_tmp_pcb                              0x20000290   Data           4  tcp.o(.data)
    tcp_active_pcbs_changed                  0x20000294   Data           1  tcp.o(.data)
    tcp_input_pcb                            0x200002b4   Data           4  tcp_in.o(.data)
    udp_pcbs                                 0x200002c4   Data           4  udp.o(.data)
    ram_heap                                 0x200002c8   Data           4  mem.o(.data)
    OSCtxSwCtr                               0x200002f0   Data           4  os_core.o(.data)
    OSEventFreeList                          0x200002f4   Data           4  os_core.o(.data)
    OSFlagFreeList                           0x200002f8   Data           4  os_core.o(.data)
    OSCPUUsage                               0x200002fc   Data           1  os_core.o(.data)
    OSIdleCtrMax                             0x20000300   Data           4  os_core.o(.data)
    OSIdleCtrRun                             0x20000304   Data           4  os_core.o(.data)
    OSStatRdy                                0x20000308   Data           1  os_core.o(.data)
    OSIntNesting                             0x20000309   Data           1  os_core.o(.data)
    OSLockNesting                            0x2000030a   Data           1  os_core.o(.data)
    OSPrioCur                                0x2000030b   Data           1  os_core.o(.data)
    OSPrioHighRdy                            0x2000030c   Data           1  os_core.o(.data)
    OSRdyGrp                                 0x2000030d   Data           1  os_core.o(.data)
    OSRdyTbl                                 0x2000030e   Data           8  os_core.o(.data)
    OSRunning                                0x20000316   Data           1  os_core.o(.data)
    OSTaskCtr                                0x20000317   Data           1  os_core.o(.data)
    OSIdleCtr                                0x20000318   Data           4  os_core.o(.data)
    OSTCBCur                                 0x2000031c   Data           4  os_core.o(.data)
    OSTCBFreeList                            0x20000320   Data           4  os_core.o(.data)
    OSTCBHighRdy                             0x20000324   Data           4  os_core.o(.data)
    OSTCBList                                0x20000328   Data           4  os_core.o(.data)
    OSTickStepState                          0x2000032c   Data           1  os_core.o(.data)
    OSMemFreeList                            0x20000330   Data           4  os_core.o(.data)
    OSQFreeList                              0x20000334   Data           4  os_core.o(.data)
    OSTime                                   0x20000338   Data           4  os_core.o(.data)
    OSTmrFree                                0x2000033c   Data           2  os_core.o(.data)
    OSTmrUsed                                0x2000033e   Data           2  os_core.o(.data)
    OSTmrTime                                0x20000340   Data           4  os_core.o(.data)
    OSTmrSem                                 0x20000344   Data           4  os_core.o(.data)
    OSTmrSemSignal                           0x20000348   Data           4  os_core.o(.data)
    OSTmrFreeList                            0x2000034c   Data           4  os_core.o(.data)
    OSInterrputSum                           0x20000350   Data           4  os_cpu_c.o(.data)
    mallco_dev                               0x20000358   Data          36  malloc.o(.data)
    START_TASK_STK                           0x2000037c   Data         512  main.o(.bss)
    LED_TASK_STK                             0x2000057c   Data         512  ihome_function.o(.bss)
    DHT11_TASK_STK                           0x2000077c   Data         512  ihome_function.o(.bss)
    TIM5_ICInitStructure                     0x2000097c   Data          10  timer.o(.bss)
    lcddev                                   0x20000986   Data          14  lcd.o(.bss)
    RX_Frame_Descriptor                      0x20000994   Data          12  stm32f4x7_eth.o(.bss)
    USART_RX_BUF                             0x200009a0   Data         200  usart.o(.bss)
    lwipdev                                  0x20000a68   Data          23  lwip_comm.o(.bss)
    lwip_netif                               0x20000a80   Data          52  lwip_comm.o(.bss)
    TCP_CLIENT_RECV_TASK_STK                 0x20000ab4   Data         512  tcp_client_netconn.o(.bss)
    TCP_CLIENT_SEND_TASK_STK                 0x20000cb4   Data         512  tcp_client_netconn.o(.bss)
    client_handle_q                          0x20000eb4   Data          40  tcp_client_netconn.o(.bss)
    client_send_q                            0x20000edc   Data          40  tcp_client_netconn.o(.bss)
    dhcp_rx_options_val                      0x20000fdc   Data          40  dhcp.o(.bss)
    dhcp_rx_options_given                    0x20001004   Data          10  dhcp.o(.bss)
    OSEventTbl                               0x200010bc   Data         240  os_core.o(.bss)
    OSFlagTbl                                0x200011ac   Data          80  os_core.o(.bss)
    OSTaskStatStk                            0x200011fc   Data         512  os_core.o(.bss)
    OSTaskIdleStk                            0x200013fc   Data         512  os_core.o(.bss)
    OSTCBPrioTbl                             0x200015fc   Data         256  os_core.o(.bss)
    OSTCBTbl                                 0x200016fc   Data        1008  os_core.o(.bss)
    OSMemTbl                                 0x20001aec   Data         120  os_core.o(.bss)
    OSQTbl                                   0x20001b64   Data         240  os_core.o(.bss)
    OSTmrTbl                                 0x20001c54   Data         640  os_core.o(.bss)
    OSTmrTaskStk                             0x20001ed4   Data         512  os_core.o(.bss)
    OSTmrWheelTbl                            0x200020d4   Data          64  os_core.o(.bss)
    mem1base                                 0x20002114   Data       102400  malloc.o(.bss)
    mem1mapbase                              0x2001b114   Data        6400  malloc.o(.bss)
    __libspace_start                         0x2001ca14   Data          96  libspace.o(.bss)
    __temporary_stack_top$libspace           0x2001ca74   Data           0  libspace.o(.bss)
    mem2base                                 0x68000000   Data       204800  malloc.o(.ARM.__AT_0x68000000)
    mem2mapbase                              0x68032000   Data       12800  malloc.o(.ARM.__AT_0x68032000)



==============================================================================

Memory Map of the image

  Image Entry point : 0x08000189

  Load Region LR_IROM1 (Base: 0x08000000, Size: 0x00021364, Max: 0x00100000, ABSOLUTE, COMPRESSED[0x000210bc])

    Execution Region ER_IROM1 (Base: 0x08000000, Size: 0x00020fe8, Max: 0x00100000, ABSOLUTE)

    Base Addr    Size         Type   Attr      Idx    E Section Name        Object

    0x08000000   0x00000188   Data   RO          665    RESET               startup_stm32f40_41xxx.o
    0x08000188   0x00000008   Code   RO         2399  * !!!main             c_w.l(__main.o)
    0x08000190   0x00000034   Code   RO         2597    !!!scatter          c_w.l(__scatter.o)
    0x080001c4   0x0000005a   Code   RO         2595    !!dczerorl2         c_w.l(__dczerorl2.o)
    0x0800021e   0x00000002   PAD
    0x08000220   0x0000001c   Code   RO         2599    !!handler_zi        c_w.l(__scatter_zi.o)
    0x0800023c   0x00000000   Code   RO         2384    .ARM.Collect$$_printf_percent$$00000000  c_w.l(_printf_percent.o)
    0x0800023c   0x00000006   Code   RO         2382    .ARM.Collect$$_printf_percent$$00000009  c_w.l(_printf_d.o)
    0x08000242   0x00000006   Code   RO         2383    .ARM.Collect$$_printf_percent$$0000000A  c_w.l(_printf_u.o)
    0x08000248   0x00000006   Code   RO         2381    .ARM.Collect$$_printf_percent$$0000000C  c_w.l(_printf_x.o)
    0x0800024e   0x00000006   Code   RO         2379    .ARM.Collect$$_printf_percent$$00000013  c_w.l(_printf_c.o)
    0x08000254   0x00000006   Code   RO         2380    .ARM.Collect$$_printf_percent$$00000014  c_w.l(_printf_s.o)
    0x0800025a   0x00000004   Code   RO         2431    .ARM.Collect$$_printf_percent$$00000017  c_w.l(_printf_percent_end.o)
    0x0800025e   0x00000002   Code   RO         2520    .ARM.Collect$$libinit$$00000000  c_w.l(libinit.o)
    0x08000260   0x00000004   Code   RO         2466    .ARM.Collect$$libinit$$00000001  c_w.l(libinit2.o)
    0x08000264   0x00000000   Code   RO         2470    .ARM.Collect$$libinit$$00000008  c_w.l(libinit2.o)
    0x08000264   0x00000000   Code   RO         2472    .ARM.Collect$$libinit$$0000000A  c_w.l(libinit2.o)
    0x08000264   0x00000000   Code   RO         2474    .ARM.Collect$$libinit$$0000000C  c_w.l(libinit2.o)
    0x08000264   0x00000006   Code   RO         2475    .ARM.Collect$$libinit$$0000000D  c_w.l(libinit2.o)
    0x0800026a   0x00000000   Code   RO         2477    .ARM.Collect$$libinit$$0000000F  c_w.l(libinit2.o)
    0x0800026a   0x0000000c   Code   RO         2478    .ARM.Collect$$libinit$$00000010  c_w.l(libinit2.o)
    0x08000276   0x00000000   Code   RO         2479    .ARM.Collect$$libinit$$00000011  c_w.l(libinit2.o)
    0x08000276   0x00000000   Code   RO         2481    .ARM.Collect$$libinit$$00000013  c_w.l(libinit2.o)
    0x08000276   0x00000000   Code   RO         2483    .ARM.Collect$$libinit$$00000015  c_w.l(libinit2.o)
    0x08000276   0x00000000   Code   RO         2485    .ARM.Collect$$libinit$$00000017  c_w.l(libinit2.o)
    0x08000276   0x00000000   Code   RO         2487    .ARM.Collect$$libinit$$00000019  c_w.l(libinit2.o)
    0x08000276   0x00000000   Code   RO         2489    .ARM.Collect$$libinit$$0000001B  c_w.l(libinit2.o)
    0x08000276   0x00000000   Code   RO         2491    .ARM.Collect$$libinit$$0000001D  c_w.l(libinit2.o)
    0x08000276   0x00000000   Code   RO         2493    .ARM.Collect$$libinit$$0000001F  c_w.l(libinit2.o)
    0x08000276   0x00000000   Code   RO         2495    .ARM.Collect$$libinit$$00000021  c_w.l(libinit2.o)
    0x08000276   0x00000000   Code   RO         2497    .ARM.Collect$$libinit$$00000023  c_w.l(libinit2.o)
    0x08000276   0x00000000   Code   RO         2501    .ARM.Collect$$libinit$$0000002A  c_w.l(libinit2.o)
    0x08000276   0x00000000   Code   RO         2503    .ARM.Collect$$libinit$$0000002C  c_w.l(libinit2.o)
    0x08000276   0x00000000   Code   RO         2505    .ARM.Collect$$libinit$$0000002E  c_w.l(libinit2.o)
    0x08000276   0x00000000   Code   RO         2507    .ARM.Collect$$libinit$$00000030  c_w.l(libinit2.o)
    0x08000276   0x00000002   Code   RO         2508    .ARM.Collect$$libinit$$00000031  c_w.l(libinit2.o)
    0x08000278   0x00000002   Code   RO         2553    .ARM.Collect$$libshutdown$$00000000  c_w.l(libshutdown.o)
    0x0800027a   0x00000000   Code   RO         2560    .ARM.Collect$$libshutdown$$00000003  c_w.l(libshutdown2.o)
    0x0800027a   0x00000000   Code   RO         2563    .ARM.Collect$$libshutdown$$00000006  c_w.l(libshutdown2.o)
    0x0800027a   0x00000000   Code   RO         2566    .ARM.Collect$$libshutdown$$00000009  c_w.l(libshutdown2.o)
    0x0800027a   0x00000000   Code   RO         2568    .ARM.Collect$$libshutdown$$0000000B  c_w.l(libshutdown2.o)
    0x0800027a   0x00000000   Code   RO         2571    .ARM.Collect$$libshutdown$$0000000E  c_w.l(libshutdown2.o)
    0x0800027a   0x00000002   Code   RO         2572    .ARM.Collect$$libshutdown$$0000000F  c_w.l(libshutdown2.o)
    0x0800027c   0x00000000   Code   RO         2415    .ARM.Collect$$rtentry$$00000000  c_w.l(rtentry.o)
    0x0800027c   0x00000000   Code   RO         2446    .ARM.Collect$$rtentry$$00000002  c_w.l(rtentry2.o)
    0x0800027c   0x00000006   Code   RO         2458    .ARM.Collect$$rtentry$$00000004  c_w.l(rtentry4.o)
    0x08000282   0x00000000   Code   RO         2448    .ARM.Collect$$rtentry$$00000009  c_w.l(rtentry2.o)
    0x08000282   0x00000004   Code   RO         2449    .ARM.Collect$$rtentry$$0000000A  c_w.l(rtentry2.o)
    0x08000286   0x00000000   Code   RO         2451    .ARM.Collect$$rtentry$$0000000C  c_w.l(rtentry2.o)
    0x08000286   0x00000008   Code   RO         2452    .ARM.Collect$$rtentry$$0000000D  c_w.l(rtentry2.o)
    0x0800028e   0x00000002   Code   RO         2523    .ARM.Collect$$rtexit$$00000000  c_w.l(rtexit.o)
    0x08000290   0x00000000   Code   RO         2532    .ARM.Collect$$rtexit$$00000002  c_w.l(rtexit2.o)
    0x08000290   0x00000004   Code   RO         2533    .ARM.Collect$$rtexit$$00000003  c_w.l(rtexit2.o)
    0x08000294   0x00000006   Code   RO         2534    .ARM.Collect$$rtexit$$00000004  c_w.l(rtexit2.o)
    0x0800029a   0x00000002   PAD
    0x0800029c   0x00000250   Code   RO            3    .text               main.o
    0x080004ec   0x00000014   Code   RO          297    .text               stm32f4xx_it.o
    0x08000500   0x0000020c   Code   RO          346    .text               system_stm32f4xx.o
    0x0800070c   0x00000388   Code   RO          372    .text               ihome_function.o
    0x08000a94   0x00000104   Code   RO          420    .text               key.o
    0x08000b98   0x00000070   Code   RO          441    .text               led.o
    0x08000c08   0x000001f0   Code   RO          461    .text               timer.o
    0x08000df8   0x00004c8e   Code   RO          493    .text               lcd.o
    0x08005a86   0x00000002   PAD
    0x08005a88   0x00000394   Code   RO          531    .text               lan8720.o
    0x08005e1c   0x000003b4   Code   RO          562    .text               sram.o
    0x080061d0   0x00000194   Code   RO          582    .text               dht11.o
    0x08006364   0x00000068   Code   RO          602    .text               lsens.o
    0x080063cc   0x0000008c   Code   RO          622    .text               adc3.o
    0x08006458   0x000000ac   Code   RO          642    .text               pwm.o
    0x08006504   0x00000040   Code   RO          666    .text               startup_stm32f40_41xxx.o
    0x08006544   0x000000e4   Code   RO          672    .text               misc.o
    0x08006628   0x00000294   Code   RO          692    .text               stm32f4xx_gpio.o
    0x080068bc   0x0000065c   Code   RO          712    .text               stm32f4xx_rcc.o
    0x08006f18   0x00000098   Code   RO          734    .text               stm32f4xx_syscfg.o
    0x08006fb0   0x00000ca2   Code   RO          754    .text               stm32f4xx_tim.o
    0x08007c52   0x00000002   PAD
    0x08007c54   0x00000454   Code   RO          774    .text               stm32f4xx_usart.o
    0x080080a8   0x00000e48   Code   RO          794    .text               stm32f4x7_eth.o
    0x08008ef0   0x00000470   Code   RO          821    .text               stm32f4xx_adc.o
    0x08009360   0x000005dc   Code   RO          841    .text               stm32f4xx_fsmc.o
    0x0800993c   0x00000128   Code   RO          864    .text               delay.o
    0x08009a64   0x00000158   Code   RO          904    .text               usart.o
    0x08009bbc   0x00000c3c   Code   RO          935    .text               usmart.o
    0x0800a7f8   0x00000528   Code   RO          980    .text               usmart_str.o
    0x0800ad20   0x00000608   Code   RO         1000    .text               lwip_comm.o
    0x0800b328   0x000009ac   Code   RO         1094    .text               tcp_client_netconn.o
    0x0800bcd4   0x00000e84   Code   RO         1136    .text               etharp.o
    0x0800cb58   0x00000228   Code   RO         1177    .text               ethernetif.o
    0x0800cd80   0x00000424   Code   RO         1232    .text               icmp.o
    0x0800d1a4   0x000002b4   Code   RO         1293    .text               inet_chksum.o
    0x0800d458   0x00000430   Code   RO         1313    .text               ip.o
    0x0800d888   0x00000328   Code   RO         1348    .text               ip_addr.o
    0x0800dbb0   0x00000a28   Code   RO         1385    .text               ip_frag.o
    0x0800e5d8   0x0000003e   Code   RO         1410    .text               def.o
    0x0800e616   0x00000002   PAD
    0x0800e618   0x00001a6c   Code   RO         1430    .text               dhcp.o
    0x08010084   0x00000024   Code   RO         1472    .text               init.o
    0x080100a8   0x000001d4   Code   RO         1507    .text               memp.o
    0x0801027c   0x00000344   Code   RO         1548    .text               netif.o
    0x080105c0   0x000010ac   Code   RO         1578    .text               pbuf.o
    0x0801166c   0x0000024c   Code   RO         1598    .text               raw.o
    0x080118b8   0x000014a4   Code   RO         1634    .text               tcp.o
    0x08012d5c   0x00001888   Code   RO         1666    .text               tcp_in.o
    0x080145e4   0x0000133e   Code   RO         1697    .text               tcp_out.o
    0x08015922   0x00000002   PAD
    0x08015924   0x00000330   Code   RO         1718    .text               timers.o
    0x08015c54   0x000005e8   Code   RO         1767    .text               udp.o
    0x0801623c   0x00000744   Code   RO         1804    .text               mem.o
    0x08016980   0x000003d4   Code   RO         1827    .text               sys_arch.o
    0x08016d54   0x00000c00   Code   RO         1854    .text               api_lib.o
    0x08017954   0x000017bc   Code   RO         1893    .text               api_msg.o
    0x08019110   0x000003b8   Code   RO         1936    .text               netbuf.o
    0x080194c8   0x00001c44   Code   RO         1990    .text               sockets.o
    0x0801b10c   0x000003b8   Code   RO         2014    .text               tcpip.o
    0x0801b4c4   0x0000098c   Code   RO         2045    .text               os_core.o
    0x0801be50   0x00000818   Code   RO         2073    .text               os_flag.o
    0x0801c668   0x000001e4   Code   RO         2113    .text               os_mem.o
    0x0801c84c   0x000005f8   Code   RO         2153    .text               os_q.o
    0x0801ce44   0x000003dc   Code   RO         2173    .text               os_sem.o
    0x0801d220   0x000007cc   Code   RO         2193    .text               os_task.o
    0x0801d9ec   0x000001b8   Code   RO         2213    .text               os_time.o
    0x0801dba4   0x00000670   Code   RO         2233    .text               os_tmr.o
    0x0801e214   0x000001e8   Code   RO         2253    .text               os_cpu_c.o
    0x0801e3fc   0x000000c8   Code   RO         2281    .text               os_cpu_a.o
    0x0801e4c4   0x00000230   Code   RO         2286    .text               malloc.o
    0x0801e6f4   0x00000002   Code   RO         2318    .text               c_w.l(use_no_semi_2.o)
    0x0801e6f6   0x00000002   PAD
    0x0801e6f8   0x00000010   Code   RO         2320    .text               c_w.l(rt_ctype_table.o)
    0x0801e708   0x00000018   Code   RO         2326    .text               c_w.l(noretval__2printf.o)
    0x0801e720   0x00000028   Code   RO         2328    .text               c_w.l(noretval__2sprintf.o)
    0x0801e748   0x00000052   Code   RO         2332    .text               c_w.l(_printf_pad.o)
    0x0801e79a   0x00000052   Code   RO         2334    .text               c_w.l(_printf_str.o)
    0x0801e7ec   0x00000078   Code   RO         2336    .text               c_w.l(_printf_dec.o)
    0x0801e864   0x0000005c   Code   RO         2341    .text               c_w.l(_printf_hex_int.o)
    0x0801e8c0   0x0000018c   Code   RO         2376    .text               c_w.l(__printf_flags_ss_wp.o)
    0x0801ea4c   0x00000058   Code   RO         2385    .text               c_w.l(memcmp.o)
    0x0801eaa4   0x0000003e   Code   RO         2387    .text               c_w.l(strlen.o)
    0x0801eae2   0x0000008a   Code   RO         2389    .text               c_w.l(rt_memcpy_v6.o)
    0x0801eb6c   0x00000044   Code   RO         2391    .text               c_w.l(rt_memclr.o)
    0x0801ebb0   0x0000004e   Code   RO         2393    .text               c_w.l(rt_memclr_w.o)
    0x0801ebfe   0x00000002   PAD
    0x0801ec00   0x00000080   Code   RO         2395    .text               c_w.l(strcmpv7m.o)
    0x0801ec80   0x00000006   Code   RO         2397    .text               c_w.l(heapauxi.o)
    0x0801ec86   0x00000002   Code   RO         2413    .text               c_w.l(use_no_semi.o)
    0x0801ec88   0x00000008   Code   RO         2419    .text               c_w.l(rt_locale_intlibspace.o)
    0x0801ec90   0x000000b8   Code   RO         2421    .text               c_w.l(_printf_intcommon.o)
    0x0801ed48   0x00000030   Code   RO         2423    .text               c_w.l(_printf_char_common.o)
    0x0801ed78   0x0000000a   Code   RO         2425    .text               c_w.l(_sputc.o)
    0x0801ed82   0x0000002c   Code   RO         2427    .text               c_w.l(_printf_char.o)
    0x0801edae   0x00000002   PAD
    0x0801edb0   0x00000024   Code   RO         2429    .text               c_w.l(_printf_char_file.o)
    0x0801edd4   0x00000064   Code   RO         2435    .text               c_w.l(rt_memcpy_w.o)
    0x0801ee38   0x00000008   Code   RO         2442    .text               c_w.l(libspace.o)
    0x0801ee40   0x00000008   Code   RO         2462    .text               c_w.l(ferror.o)
    0x0801ee48   0x0000004a   Code   RO         2509    .text               c_w.l(sys_stackheap_outer.o)
    0x0801ee92   0x0000000c   Code   RO         2511    .text               c_w.l(exit.o)
    0x0801ee9e   0x0000000e   Code   RO         2369    i._is_digit         c_w.l(__printf_wp.o)
    0x0801eeac   0x0000002c   Code   RO         2433    locale$$code        c_w.l(lc_ctype_c.o)
    0x0801eed8   0x0000005a   Code   RO         2401    x$fpl$dfixu         fz_wm.l(dfixu.o)
    0x0801ef32   0x00000026   Code   RO         2405    x$fpl$dfltu         fz_wm.l(dflt_clz.o)
    0x0801ef58   0x00000154   Code   RO         2411    x$fpl$dmul          fz_wm.l(dmul.o)
    0x0801f0ac   0x0000009c   Code   RO         2437    x$fpl$dnaninf       fz_wm.l(dnaninf.o)
    0x0801f148   0x0000000c   Code   RO         2439    x$fpl$dretinf       fz_wm.l(dretinf.o)
    0x0801f154   0x0000000a   Code   RO         2521    x$fpl$fpinit        fz_wm.l(fpinit.o)
    0x0801f15e   0x00000000   Code   RO         2441    x$fpl$usenofp       fz_wm.l(usenofp.o)
    0x0801f15e   0x000017c0   Data   RO          495    .constdata          lcd.o
    0x0802091e   0x00000002   PAD
    0x08020920   0x0000001c   Data   RO          842    .constdata          stm32f4xx_fsmc.o
    0x0802093c   0x00000050   Data   RO         1138    .constdata          etharp.o
    0x0802098c   0x00000008   Data   RO         1350    .constdata          ip_addr.o
    0x08020994   0x00000089   Data   RO         1432    .constdata          dhcp.o
    0x08020a1d   0x00000001   PAD
    0x08020a1e   0x00000038   Data   RO         1509    .constdata          memp.o
    0x08020a56   0x00000002   PAD
    0x08020a58   0x00000050   Data   RO         1635    .constdata          tcp.o
    0x08020aa8   0x00000055   Data   RO         1698    .constdata          tcp_out.o
    0x08020afd   0x00000003   PAD
    0x08020b00   0x00000004   Data   RO         1828    .constdata          sys_arch.o
    0x08020b04   0x00000040   Data   RO         1992    .constdata          sockets.o
    0x08020b44   0x00000100   Data   RO         2047    .constdata          os_core.o
    0x08020c44   0x00000024   Data   RO         2292    .constdata          malloc.o
    0x08020c68   0x00000028   Data   RO         2342    .constdata          c_w.l(_printf_hex_int.o)
    0x08020c90   0x00000011   Data   RO         2377    .constdata          c_w.l(__printf_flags_ss_wp.o)
    0x08020ca1   0x0000001f   Data   RO          936    .conststring        usmart.o
    0x08020cc0   0x00000102   Data   RO          959    .conststring        usmart_config.o
    0x08020dc2   0x00000093   Data   RO         1510    .conststring        memp.o
    0x08020e55   0x00000061   Data   RO         1636    .conststring        tcp.o
    0x08020eb6   0x00000002   PAD
    0x08020eb8   0x00000020   Data   RO         2593    Region$$Table       anon$$obj.o
    0x08020ed8   0x00000110   Data   RO         2432    locale$$data        c_w.l(lc_ctype_c.o)


    Execution Region RW_IRAM1 (Base: 0x20000000, Size: 0x0001d078, Max: 0x00020000, ABSOLUTE, COMPRESSED[0x000000d4])

    Base Addr    Size         Type   Attr      Idx    E Section Name        Object

    0x20000000   0x00000014   Data   RW          347    .data               system_stm32f4xx.o
    0x20000014   0x0000001c   Data   RW          374    .data               ihome_function.o
    0x20000030   0x00000001   Data   RW          421    .data               key.o
    0x20000031   0x00000003   PAD
    0x20000034   0x00000008   Data   RW          463    .data               timer.o
    0x2000003c   0x00000004   Data   RW          496    .data               lcd.o
    0x20000040   0x00000010   Data   RW          532    .data               lan8720.o
    0x20000050   0x00000010   Data   RW          713    .data               stm32f4xx_rcc.o
    0x20000060   0x00000010   Data   RW          796    .data               stm32f4x7_eth.o
    0x20000070   0x00000004   Data   RW          865    .data               delay.o
    0x20000074   0x00000008   Data   RW          906    .data               usart.o
    0x2000007c   0x0000001c   Data   RW          937    .data               usmart.o
    0x20000098   0x00000124   Data   RW          960    .data               usmart_config.o
    0x200001bc   0x00000020   Data   RW         1002    .data               lwip_comm.o
    0x200001dc   0x00000028   Data   RW         1096    .data               tcp_client_netconn.o
    0x20000204   0x00000001   Data   RW         1139    .data               etharp.o
    0x20000205   0x00000003   PAD
    0x20000208   0x00000012   Data   RW         1314    .data               ip.o
    0x2000021a   0x00000002   PAD
    0x2000021c   0x00000006   Data   RW         1386    .data               ip_frag.o
    0x20000222   0x00000002   PAD
    0x20000224   0x00000004   Data   RW         1433    .data               dhcp.o
    0x20000228   0x0000003c   Data   RW         1511    .data               memp.o
    0x20000264   0x00000009   Data   RW         1549    .data               netif.o
    0x2000026d   0x00000003   PAD
    0x20000270   0x00000004   Data   RW         1599    .data               raw.o
    0x20000274   0x00000023   Data   RW         1637    .data               tcp.o
    0x20000297   0x00000001   PAD
    0x20000298   0x00000020   Data   RW         1668    .data               tcp_in.o
    0x200002b8   0x00000008   Data   RW         1719    .data               timers.o
    0x200002c0   0x00000008   Data   RW         1768    .data               udp.o
    0x200002c8   0x00000014   Data   RW         1805    .data               mem.o
    0x200002dc   0x00000008   Data   RW         1993    .data               sockets.o
    0x200002e4   0x0000000c   Data   RW         2015    .data               tcpip.o
    0x200002f0   0x00000060   Data   RW         2048    .data               os_core.o
    0x20000350   0x00000006   Data   RW         2254    .data               os_cpu_c.o
    0x20000356   0x00000002   PAD
    0x20000358   0x00000024   Data   RW         2293    .data               malloc.o
    0x2000037c   0x00000200   Zero   RW            4    .bss                main.o
    0x2000057c   0x00000400   Zero   RW          373    .bss                ihome_function.o
    0x2000097c   0x0000000a   Zero   RW          462    .bss                timer.o
    0x20000986   0x0000000e   Zero   RW          494    .bss                lcd.o
    0x20000994   0x0000000c   Zero   RW          795    .bss                stm32f4x7_eth.o
    0x200009a0   0x000000c8   Zero   RW          905    .bss                usart.o
    0x20000a68   0x0000004c   Zero   RW         1001    .bss                lwip_comm.o
    0x20000ab4   0x00000450   Zero   RW         1095    .bss                tcp_client_netconn.o
    0x20000f04   0x000000c8   Zero   RW         1137    .bss                etharp.o
    0x20000fcc   0x00000010   Zero   RW         1349    .bss                ip_addr.o
    0x20000fdc   0x00000032   Zero   RW         1431    .bss                dhcp.o
    0x2000100e   0x00000002   PAD
    0x20001010   0x00000038   Zero   RW         1508    .bss                memp.o
    0x20001048   0x00000014   Zero   RW         1667    .bss                tcp_in.o
    0x2000105c   0x00000060   Zero   RW         1991    .bss                sockets.o
    0x200010bc   0x00001058   Zero   RW         2046    .bss                os_core.o
    0x20002114   0x0001a900   Zero   RW         2291    .bss                malloc.o
    0x2001ca14   0x00000060   Zero   RW         2443    .bss                c_w.l(libspace.o)
    0x2001ca74   0x00000004   PAD
    0x2001ca78   0x00000200   Zero   RW          664    HEAP                startup_stm32f40_41xxx.o
    0x2001cc78   0x00000400   Zero   RW          663    STACK               startup_stm32f40_41xxx.o



  Load Region LR$$.ARM.__AT_0x10000000 (Base: 0x10000000, Size: 0x00000000, Max: 0x0000f000, ABSOLUTE)

    Execution Region ER$$.ARM.__AT_0x10000000 (Base: 0x10000000, Size: 0x0000f000, Max: 0x0000f000, ABSOLUTE, UNINIT)

    Base Addr    Size         Type   Attr      Idx    E Section Name        Object

    0x10000000   0x0000f000   Zero   RW         2287    .ARM.__AT_0x10000000  malloc.o



  Load Region LR$$.ARM.__AT_0x1000F000 (Base: 0x1000f000, Size: 0x00000000, Max: 0x00000f00, ABSOLUTE)

    Execution Region ER$$.ARM.__AT_0x1000F000 (Base: 0x1000f000, Size: 0x00000f00, Max: 0x00000f00, ABSOLUTE, UNINIT)

    Base Addr    Size         Type   Attr      Idx    E Section Name        Object

    0x1000f000   0x00000f00   Zero   RW         2288    .ARM.__AT_0x1000F000  malloc.o



  Load Region LR$$.ARM.__AT_0x68000000 (Base: 0x68000000, Size: 0x00000000, Max: 0x00032000, ABSOLUTE)

    Execution Region ER$$.ARM.__AT_0x68000000 (Base: 0x68000000, Size: 0x00032000, Max: 0x00032000, ABSOLUTE, UNINIT)

    Base Addr    Size         Type   Attr      Idx    E Section Name        Object

    0x68000000   0x00032000   Zero   RW         2289    .ARM.__AT_0x68000000  malloc.o



  Load Region LR$$.ARM.__AT_0x68032000 (Base: 0x68032000, Size: 0x00000000, Max: 0x00003200, ABSOLUTE)

    Execution Region ER$$.ARM.__AT_0x68032000 (Base: 0x68032000, Size: 0x00003200, Max: 0x00003200, ABSOLUTE, UNINIT)

    Base Addr    Size         Type   Attr      Idx    E Section Name        Object

    0x68032000   0x00003200   Zero   RW         2290    .ARM.__AT_0x68032000  malloc.o


==============================================================================

Image component sizes


      Code (inc. data)   RO Data    RW Data    ZI Data      Debug   Object Name

       140          4          0          0          0        761   adc3.o
      3072        816          0          0          0      17057   api_lib.o
      6076       1224          0          0          0      10103   api_msg.o
        62          0          0          0          0       1178   def.o
       296         18          0          4          0       1693   delay.o
      6764       1084        137          4         50      13018   dhcp.o
       404         16          0          0          0       2106   dht11.o
      3716        604         80          1        200       9631   etharp.o
       552        134          0          0          0       4574   ethernetif.o
      1060        372          0          0          0       2558   icmp.o
       904        212          0         28       1024       1957   ihome_function.o
         0          0          0          0          0       5588   inet.o
       692        104          0          0          0       2901   inet_chksum.o
        36          0          0          0          0       4480   init.o
      1072        172          0         18          0       6891   ip.o
       808        112          8          0         16       9223   ip_addr.o
      2600        488          0          6          0       7124   ip_frag.o
       260         12          0          1          0        820   key.o
       916         58          0         16          0       3577   lan8720.o
     19598        178       6080          4         14      21998   lcd.o
       112          8          0          0          0        511   led.o
       104          6          0          0          0        707   lsens.o
      1544        536          0         32         76      22646   lwip_comm.o
       592        168          0          0        512     367243   main.o
       560         18         36         36     391680       4631   malloc.o
      1860        568          0         20          0       3982   mem.o
       468        198        203         60         56       2976   memp.o
       228         22          0          0          0       1861   misc.o
       952        340          0          0          0       3849   netbuf.o
       836        126          0          9          0       6217   netif.o
      2444        248        256         96       4184      16788   os_core.o
       200         32          0          0          0        272   os_cpu_a.o
       488          8          0          6          0      11954   os_cpu_c.o
      2072         40          0          0          0       6788   os_flag.o
       484         16          0          0          0       3020   os_mem.o
      1528         36          0          0          0       5429   os_q.o
       988         66          0          0          0       3806   os_sem.o
      1996         70          0          0          0       7429   os_task.o
       440         30          0          0          0       1754   os_time.o
      1648        134          0          0          0       5421   os_tmr.o
      4268       1238          0          0          0       9173   pbuf.o
       172         10          0          0          0        717   pwm.o
       588        134          0          4          0       3221   raw.o
      7236        664         64          8         96      17234   sockets.o
       948         46          0          0          0       2195   sram.o
        64         26        392          0       1536        784   startup_stm32f40_41xxx.o
      3656        112          0         16         12      19578   stm32f4x7_eth.o
      1136         28          0          0          0      10530   stm32f4xx_adc.o
      1500         60         28          0          0       5618   stm32f4xx_fsmc.o
       660         44          0          0          0       4133   stm32f4xx_gpio.o
        20          0          0          0          0        899   stm32f4xx_it.o
      1628         52          0         16          0      12900   stm32f4xx_rcc.o
       152         18          0          0          0       1853   stm32f4xx_syscfg.o
      3234         60          0          0          0      22336   stm32f4xx_tim.o
      1108         34          0          0          0       7836   stm32f4xx_usart.o
       980        166          4          0          0       6122   sys_arch.o
       524         44          0         20          0       1631   system_stm32f4xx.o
      5284       1098        177         35          0      21363   tcp.o
      2476        678          0         40       1104       7695   tcp_client_netconn.o
      6280        960          0         32         20      14855   tcp_in.o
      4926        952         85          0          0       9575   tcp_out.o
       952        194          0         12          0       9552   tcpip.o
       496         26          0          8         10       1701   timer.o
       816        186          0          8          0       3395   timers.o
      1512        202          0          8          0      13869   udp.o
       344         16          0          8        200       3134   usart.o
      3132       1292         31         28          0       4086   usmart.o
         0          0        258        292          0       1432   usmart_config.o
      1320         12          0          0          0       5053   usmart_str.o

    ----------------------------------------------------------------------
    123992      16630       7881        892     400792     826992   Object Totals
         0          0         32          0          0          0   (incl. Generated)
         8          0         10         16          2          0   (incl. Padding)

    ----------------------------------------------------------------------

      Code (inc. data)   RO Data    RW Data    ZI Data      Debug   Library Member Name

        90          0          0          0          0          0   __dczerorl2.o
         8          0          0          0          0         68   __main.o
       396          6         17          0          0         92   __printf_flags_ss_wp.o
        14          0          0          0          0         68   __printf_wp.o
        52          8          0          0          0          0   __scatter.o
        28          0          0          0          0          0   __scatter_zi.o
         6          0          0          0          0          0   _printf_c.o
        44          0          0          0          0        108   _printf_char.o
        48          6          0          0          0         96   _printf_char_common.o
        36          4          0          0          0         80   _printf_char_file.o
         6          0          0          0          0          0   _printf_d.o
       120         18          0          0          0         92   _printf_dec.o
        92          4         40          0          0         88   _printf_hex_int.o
       184          0          0          0          0         88   _printf_intcommon.o
        82          0          0          0          0        108   _printf_pad.o
         0          0          0          0          0          0   _printf_percent.o
         4          0          0          0          0          0   _printf_percent_end.o
         6          0          0          0          0          0   _printf_s.o
        82          0          0          0          0         80   _printf_str.o
         6          0          0          0          0          0   _printf_u.o
         6          0          0          0          0          0   _printf_x.o
        10          0          0          0          0         68   _sputc.o
        12          0          0          0          0         72   exit.o
         8          0          0          0          0         68   ferror.o
         6          0          0          0          0        152   heapauxi.o
        44         10        272          0          0         76   lc_ctype_c.o
         2          0          0          0          0          0   libinit.o
        24          0          0          0          0          0   libinit2.o
         2          0          0          0          0          0   libshutdown.o
         2          0          0          0          0          0   libshutdown2.o
         8          4          0          0         96         68   libspace.o
        88          0          0          0          0         76   memcmp.o
        24          4          0          0          0         84   noretval__2printf.o
        40          6          0          0          0         84   noretval__2sprintf.o
        16          4          0          0          0         76   rt_ctype_table.o
         8          4          0          0          0         68   rt_locale_intlibspace.o
        68          0          0          0          0         68   rt_memclr.o
        78          0          0          0          0         80   rt_memclr_w.o
       138          0          0          0          0         68   rt_memcpy_v6.o
       100          0          0          0          0         80   rt_memcpy_w.o
         0          0          0          0          0          0   rtentry.o
        12          0          0          0          0          0   rtentry2.o
         6          0          0          0          0          0   rtentry4.o
         2          0          0          0          0          0   rtexit.o
        10          0          0          0          0          0   rtexit2.o
       128          0          0          0          0         68   strcmpv7m.o
        62          0          0          0          0         76   strlen.o
        74          0          0          0          0         80   sys_stackheap_outer.o
         2          0          0          0          0         68   use_no_semi.o
         2          0          0          0          0         68   use_no_semi_2.o
        90          4          0          0          0        140   dfixu.o
        38          0          0          0          0        116   dflt_clz.o
       340         12          0          0          0        152   dmul.o
       156          4          0          0          0        140   dnaninf.o
        12          0          0          0          0        116   dretinf.o
        10          0          0          0          0        116   fpinit.o
         0          0          0          0          0          0   usenofp.o

    ----------------------------------------------------------------------
      2942         98        329          0        100       3296   Library Totals
        10          0          0          0          4          0   (incl. Padding)

    ----------------------------------------------------------------------

      Code (inc. data)   RO Data    RW Data    ZI Data      Debug   Library Name

      2286         78        329          0         96       2516   c_w.l
       646         20          0          0          0        780   fz_wm.l

    ----------------------------------------------------------------------
      2942         98        329          0        100       3296   Library Totals

    ----------------------------------------------------------------------

==============================================================================


      Code (inc. data)   RO Data    RW Data    ZI Data      Debug   

    126934      16728       8210        892     400892     815080   Grand Totals
    126934      16728       8210        212     400892     815080   ELF Image Totals (compressed)
    126934      16728       8210        212          0          0   ROM Totals

==============================================================================

    Total RO  Size (Code + RO Data)               135144 ( 131.98kB)
    Total RW  Size (RW Data + ZI Data)            401784 ( 392.37kB)
    Total ROM Size (Code + RO Data + RW Data)     135356 ( 132.18kB)

==============================================================================

