ARM Linker, 5.03 [Build 24] [MDK-ARM Standard]

==============================================================================

Section Cross References

    main.o(.text) refers to os_core.o(.text) for OSStatInit
    main.o(.text) refers to os_cpu_a.o(.text) for OS_CPU_SR_Save
    main.o(.text) refers to lwip_comm.o(.text) for lwip_comm_dhcp_creat
    main.o(.text) refers to os_q.o(.text) for OSQCreate
    main.o(.text) refers to os_task.o(.text) for OSTaskCreate
    main.o(.text) refers to delay.o(.text) for delay_init
    main.o(.text) refers to misc.o(.text) for NVIC_PriorityGroupConfig
    main.o(.text) refers to usart.o(.text) for uart_init
    main.o(.text) refers to led.o(.text) for LED_Init
    main.o(.text) refers to key.o(.text) for KEY_Init
    main.o(.text) refers to lcd.o(.text) for LCD_Init
    main.o(.text) refers to sram.o(.text) for FSMC_SRAM_Init
    main.o(.text) refers to dht11.o(.text) for DHT11_Init
    main.o(.text) refers to malloc.o(.text) for mymem_init
    main.o(.text) refers to os_time.o(.text) for OSTimeDlyHMSM
    main.o(.text) refers to main.o(.data) for led_q
    main.o(.text) refers to tcp_client.o(.bss) for send_q
    main.o(.text) refers to tcp_client.o(.data) for msg_event
    main.o(.text) refers to tcp_client.o(.text) for handle_message_task
    main.o(.text) refers to main.o(.bss) for LED_TASK_STK
    main.o(.text) refers to ihome_function.o(.text) for led_task
    main.o(.text) refers to usmart_config.o(.data) for usmart_dev
    main.o(.text) refers to lcd.o(.data) for POINT_COLOR
    system_stm32f4xx.o(.text) refers to system_stm32f4xx.o(.data) for SystemCoreClock
    ihome_function.o(.text) refers to _printf_percent.o(.ARM.Collect$$_printf_percent$$00000000) for _printf_percent
    ihome_function.o(.text) refers to _printf_d.o(.ARM.Collect$$_printf_percent$$00000009) for _printf_d
    ihome_function.o(.text) refers to _printf_s.o(.ARM.Collect$$_printf_percent$$00000014) for _printf_s
    ihome_function.o(.text) refers to _printf_dec.o(.text) for _printf_int_dec
    ihome_function.o(.text) refers to _printf_str.o(.text) for _printf_str
    ihome_function.o(.text) refers to _printf_c.o(.ARM.Collect$$_printf_percent$$00000013) for _printf_c
    ihome_function.o(.text) refers to noretval__2printf.o(.text) for __2printf
    ihome_function.o(.text) refers to os_q.o(.text) for OSQPend
    ihome_function.o(.text) refers to strcmpv7m.o(.text) for strcmp
    ihome_function.o(.text) refers to malloc.o(.text) for myfree
    ihome_function.o(.text) refers to noretval__2sprintf.o(.text) for __2sprintf
    ihome_function.o(.text) refers to os_time.o(.text) for OSTimeDlyHMSM
    ihome_function.o(.text) refers to dht11.o(.text) for DHT11_Read_Data
    ihome_function.o(.text) refers to main.o(.data) for led_event
    ihome_function.o(.text) refers to tcp_client.o(.data) for msg_event
    key.o(.text) refers to stm32f4xx_rcc.o(.text) for RCC_AHB1PeriphClockCmd
    key.o(.text) refers to stm32f4xx_gpio.o(.text) for GPIO_Init
    key.o(.text) refers to delay.o(.text) for delay_ms
    key.o(.text) refers to key.o(.data) for key_up
    led.o(.text) refers to stm32f4xx_rcc.o(.text) for RCC_AHB1PeriphClockCmd
    led.o(.text) refers to stm32f4xx_gpio.o(.text) for GPIO_Init
    timer.o(.text) refers to stm32f4xx_rcc.o(.text) for RCC_APB1PeriphClockCmd
    timer.o(.text) refers to stm32f4xx_tim.o(.text) for TIM_TimeBaseInit
    timer.o(.text) refers to misc.o(.text) for NVIC_Init
    timer.o(.text) refers to stm32f4xx_gpio.o(.text) for GPIO_Init
    timer.o(.text) refers to timer.o(.bss) for TIM5_ICInitStructure
    timer.o(.text) refers to timer.o(.data) for TIM5CH1_CAPTURE_STA
    lcd.o(.text) refers to _printf_percent.o(.ARM.Collect$$_printf_percent$$00000000) for _printf_percent
    lcd.o(.text) refers to _printf_x.o(.ARM.Collect$$_printf_percent$$0000000C) for _printf_x
    lcd.o(.text) refers to _printf_hex_int.o(.text) for _printf_longlong_hex
    lcd.o(.text) refers to delay.o(.text) for delay_us
    lcd.o(.text) refers to lcd.o(.bss) for lcddev
    lcd.o(.text) refers to lcd.o(.data) for POINT_COLOR
    lcd.o(.text) refers to dflt_clz.o(x$fpl$dfltu) for __aeabi_ui2d
    lcd.o(.text) refers to dmul.o(x$fpl$dmul) for __aeabi_dmul
    lcd.o(.text) refers to dfixu.o(x$fpl$dfixu) for __aeabi_d2uiz
    lcd.o(.text) refers to stm32f4xx_rcc.o(.text) for RCC_AHB1PeriphClockCmd
    lcd.o(.text) refers to stm32f4xx_gpio.o(.text) for GPIO_Init
    lcd.o(.text) refers to stm32f4xx_fsmc.o(.text) for FSMC_NORSRAMInit
    lcd.o(.text) refers to noretval__2printf.o(.text) for __2printf
    lcd.o(.text) refers to lcd.o(.constdata) for asc2_1206
    lan8720.o(.text) refers to stm32f4xx_rcc.o(.text) for RCC_AHB1PeriphClockCmd
    lan8720.o(.text) refers to stm32f4x7_eth.o(.text) for ETH_DeInit
    lan8720.o(.text) refers to misc.o(.text) for NVIC_Init
    lan8720.o(.text) refers to stm32f4xx_syscfg.o(.text) for SYSCFG_ETH_MediaInterfaceConfig
[...]
    ETH_MMCCountersReset                     0x08008cd1   Thumb Code    16  stm32f4x7_eth.o(.text)
    ETH_MMCITConfig                          0x08008ce1   Thumb Code    78  stm32f4x7_eth.o(.text)
    ETH_GetMMCITStatus                       0x08008d2f   Thumb Code    58  stm32f4x7_eth.o(.text)
    ETH_GetMMCRegister                       0x08008d69   Thumb Code     8  stm32f4x7_eth.o(.text)
    FSMC_NORSRAMDeInit                       0x08008d89   Thumb Code    56  stm32f4xx_fsmc.o(.text)
    FSMC_NORSRAMInit                         0x08008dc1   Thumb Code   224  stm32f4xx_fsmc.o(.text)
    FSMC_NORSRAMStructInit                   0x08008ea1   Thumb Code    48  stm32f4xx_fsmc.o(.text)
    FSMC_NORSRAMCmd                          0x08008ed1   Thumb Code    46  stm32f4xx_fsmc.o(.text)
    FSMC_NANDDeInit                          0x08008eff   Thumb Code    62  stm32f4xx_fsmc.o(.text)
    FSMC_NANDInit                            0x08008f3d   Thumb Code   130  stm32f4xx_fsmc.o(.text)
    FSMC_NANDStructInit                      0x08008fbf   Thumb Code    54  stm32f4xx_fsmc.o(.text)
    FSMC_NANDCmd                             0x08008ff5   Thumb Code    86  stm32f4xx_fsmc.o(.text)
    FSMC_NANDECCCmd                          0x0800904b   Thumb Code    86  stm32f4xx_fsmc.o(.text)
    FSMC_GetECC                              0x080090a1   Thumb Code    22  stm32f4xx_fsmc.o(.text)
    FSMC_PCCARDDeInit                        0x080090b7   Thumb Code    40  stm32f4xx_fsmc.o(.text)
    FSMC_PCCARDInit                          0x080090df   Thumb Code   124  stm32f4xx_fsmc.o(.text)
    FSMC_PCCARDStructInit                    0x0800915b   Thumb Code    60  stm32f4xx_fsmc.o(.text)
    FSMC_PCCARDCmd                           0x08009197   Thumb Code    40  stm32f4xx_fsmc.o(.text)
    FSMC_ITConfig                            0x080091bf   Thumb Code   128  stm32f4xx_fsmc.o(.text)
    FSMC_GetFlagStatus                       0x0800923f   Thumb Code    48  stm32f4xx_fsmc.o(.text)
    FSMC_ClearFlag                           0x0800926f   Thumb Code   114  stm32f4xx_fsmc.o(.text)
    FSMC_GetITStatus                         0x080092e1   Thumb Code    60  stm32f4xx_fsmc.o(.text)
    FSMC_ClearITPendingBit                   0x0800931d   Thumb Code    64  stm32f4xx_fsmc.o(.text)
    delay_schedlock                          0x08009365   Thumb Code     8  delay.o(.text)
    delay_schedunlock                        0x0800936d   Thumb Code     8  delay.o(.text)
    delay_ostimedly                          0x08009375   Thumb Code    12  delay.o(.text)
    SysTick_Handler                          0x08009381   Thumb Code    24  delay.o(.text)
    delay_init                               0x08009399   Thumb Code    74  delay.o(.text)
    delay_us                                 0x080093e3   Thumb Code    86  delay.o(.text)
    delay_ms                                 0x08009439   Thumb Code    66  delay.o(.text)
    _sys_exit                                0x0800948d   Thumb Code     6  usart.o(.text)
    fputc                                    0x08009493   Thumb Code    20  usart.o(.text)
    uart_init                                0x080094a7   Thumb Code   172  usart.o(.text)
    USART1_IRQHandler                        0x08009553   Thumb Code   130  usart.o(.text)
    usmart_sys_cmd_exe                       0x080095e5   Thumb Code  1554  usmart.o(.text)
    usmart_reset_runtime                     0x08009bf7   Thumb Code    38  usmart.o(.text)
    usmart_get_runtime                       0x08009c1d   Thumb Code    56  usmart.o(.text)
    TIM4_IRQHandler                          0x08009c55   Thumb Code    50  usmart.o(.text)
    Timer4_Init                              0x08009c87   Thumb Code    90  usmart.o(.text)
    usmart_init                              0x08009ce1   Thumb Code    36  usmart.o(.text)
    usmart_cmd_rec                           0x08009d05   Thumb Code   170  usmart.o(.text)
    usmart_exe                               0x08009daf   Thumb Code   872  usmart.o(.text)
    usmart_scan                              0x0800a117   Thumb Code   118  usmart.o(.text)
    read_addr                                0x0800a18d   Thumb Code     6  usmart.o(.text)
    write_addr                               0x0800a193   Thumb Code     4  usmart.o(.text)
    usmart_strcmp                            0x0800a221   Thumb Code    34  usmart_str.o(.text)
    usmart_strcopy                           0x0800a243   Thumb Code    22  usmart_str.o(.text)
    usmart_strlen                            0x0800a259   Thumb Code    24  usmart_str.o(.text)
    usmart_pow                               0x0800a271   Thumb Code    22  usmart_str.o(.text)
    usmart_str2num                           0x0800a287   Thumb Code   202  usmart_str.o(.text)
    usmart_get_cmdname                       0x0800a351   Thumb Code    54  usmart_str.o(.text)
    usmart_search_nextc                      0x0800a387   Thumb Code    22  usmart_str.o(.text)
    usmart_get_fname                         0x0800a39d   Thumb Code   440  usmart_str.o(.text)
    usmart_get_aparm                         0x0800a555   Thumb Code   200  usmart_str.o(.text)
    usmart_get_parmpos                       0x0800a61d   Thumb Code    26  usmart_str.o(.text)
    usmart_get_fparam                        0x0800a637   Thumb Code   262  usmart_str.o(.text)
    lwip_pkt_handle                          0x0800a749   Thumb Code    10  lwip_comm.o(.text)
    lwip_comm_mem_free                       0x0800a753   Thumb Code    44  lwip_comm.o(.text)
    lwip_comm_mem_malloc                     0x0800a77f   Thumb Code   100  lwip_comm.o(.text)
    lwip_comm_default_ip_set                 0x0800a7e3   Thumb Code    92  lwip_comm.o(.text)
    lwip_comm_init                           0x0800a83f   Thumb Code   118  lwip_comm.o(.text)
    lwip_dhcp_task                           0x0800a8b5   Thumb Code   446  lwip_comm.o(.text)
    lwip_comm_dhcp_creat                     0x0800aa73   Thumb Code    36  lwip_comm.o(.text)
    lwip_comm_dhcp_delete                    0x0800aa97   Thumb Code    16  lwip_comm.o(.text)
    lwip_dhcp_configure                      0x0800aaa7   Thumb Code   936  lwip_comm.o(.text)
    lwip_periodic_handle                     0x0800ae4f   Thumb Code   140  lwip_comm.o(.text)
    tcp_client_connection_close              0x0800aef9   Thumb Code    76  tcp_client.o(.text)
    tcp_client_senddata                      0x0800af45   Thumb Code    86  tcp_client.o(.text)
    tcp_client_poll                          0x0800af9b   Thumb Code   166  tcp_client.o(.text)
    tcp_client_sent                          0x0800b041   Thumb Code    30  tcp_client.o(.text)
    tcp_client_error                         0x0800b05f   Thumb Code     2  tcp_client.o(.text)
    tcp_client_recv                          0x0800b061   Thumb Code   214  tcp_client.o(.text)
    tcp_client_connected                     0x0800b137   Thumb Code   128  tcp_client.o(.text)
    tcp_connect_task                         0x0800b1b7   Thumb Code   726  tcp_client.o(.text)
    handle_message_task                      0x0800b48d   Thumb Code  1258  tcp_client.o(.text)
    etharp_tmr                               0x0800b9f9   Thumb Code   144  etharp.o(.text)
    etharp_cleanup_netif                     0x0800bed7   Thumb Code    52  etharp.o(.text)
    etharp_find_addr                         0x0800bf0b   Thumb Code   110  etharp.o(.text)
    etharp_request                           0x0800c1eb   Thumb Code    40  etharp.o(.text)
    etharp_query                             0x0800c2a1   Thumb Code   646  etharp.o(.text)
    etharp_output                            0x0800c527   Thumb Code   392  etharp.o(.text)
    ethernet_input                           0x0800c6af   Thumb Code   204  etharp.o(.text)
    ethernetif_input                         0x0800c947   Thumb Code    48  ethernetif.o(.text)
    ethernetif_init                          0x0800c977   Thumb Code    56  ethernetif.o(.text)
    icmp_input                               0x0800ca35   Thumb Code   492  icmp.o(.text)
    icmp_dest_unreach                        0x0800ccc1   Thumb Code    18  icmp.o(.text)
    icmp_time_exceeded                       0x0800ccd3   Thumb Code    18  icmp.o(.text)
    inet_chksum_pseudo                       0x0800ceb7   Thumb Code   170  inet_chksum.o(.text)
    inet_chksum_pseudo_partial               0x0800cf61   Thumb Code   218  inet_chksum.o(.text)
    inet_chksum                              0x0800d03b   Thumb Code    20  inet_chksum.o(.text)
    inet_chksum_pbuf                         0x0800d04f   Thumb Code    86  inet_chksum.o(.text)
    ip_route                                 0x0800d10d   Thumb Code    80  ip.o(.text)
    ip_input                                 0x0800d15d   Thumb Code   486  ip.o(.text)
    ip_output_if                             0x0800d343   Thumb Code   250  ip.o(.text)
    ip_output                                0x0800d43d   Thumb Code    84  ip.o(.text)
    ip4_addr_isbroadcast                     0x0800d53d   Thumb Code    78  ip_addr.o(.text)
    ip4_addr_netmask_valid                   0x0800d58b   Thumb Code    52  ip_addr.o(.text)
    ipaddr_aton                              0x0800d5bf   Thumb Code   364  ip_addr.o(.text)
    ipaddr_addr                              0x0800d72b   Thumb Code    24  ip_addr.o(.text)
    ipaddr_ntoa_r                            0x0800d743   Thumb Code   168  ip_addr.o(.text)
    ipaddr_ntoa                              0x0800d7eb   Thumb Code    16  ip_addr.o(.text)
    ip_reass_tmr                             0x0800d9b3   Thumb Code    56  ip_frag.o(.text)
    ip_reass                                 0x0800ddf1   Thumb Code   410  ip_frag.o(.text)
    ip_frag                                  0x0800e011   Thumb Code   630  ip_frag.o(.text)
    lwip_htons                               0x0800e28d   Thumb Code    12  def.o(.text)
    lwip_ntohs                               0x0800e299   Thumb Code    12  def.o(.text)
    lwip_htonl                               0x0800e2a5   Thumb Code    26  def.o(.text)
    lwip_ntohl                               0x0800e2bf   Thumb Code    12  def.o(.text)
    dhcp_renew                               0x0800eba7   Thumb Code   150  dhcp.o(.text)
    dhcp_coarse_tmr                          0x0800ed71   Thumb Code    74  dhcp.o(.text)
    dhcp_release                             0x0800ee6f   Thumb Code   178  dhcp.o(.text)
    dhcp_fine_tmr                            0x0800f117   Thumb Code   134  dhcp.o(.text)
    dhcp_set_struct                          0x0800f20d   Thumb Code   106  dhcp.o(.text)
    dhcp_cleanup                             0x0800f277   Thumb Code    48  dhcp.o(.text)
    dhcp_stop                                0x0800f2a7   Thumb Code   114  dhcp.o(.text)
    dhcp_start                               0x0800f977   Thumb Code   438  dhcp.o(.text)
    dhcp_inform                              0x0800fb2d   Thumb Code   210  dhcp.o(.text)
    dhcp_network_changed                     0x0800fbff   Thumb Code    80  dhcp.o(.text)
    dhcp_arp_reply                           0x0800fcdd   Thumb Code    80  dhcp.o(.text)
    lwip_init                                0x0800fd39   Thumb Code    36  init.o(.text)
    memp_get_memorysize                      0x0800fd5d   Thumb Code     8  memp.o(.text)
    memp_init                                0x0800fd65   Thumb Code    86  memp.o(.text)
    memp_malloc                              0x0800fdbb   Thumb Code   102  memp.o(.text)
    memp_free                                0x0800fe21   Thumb Code    74  memp.o(.text)
    netif_init                               0x0800ff31   Thumb Code     2  netif.o(.text)
    netif_set_gw                             0x0800ff33   Thumb Code    16  netif.o(.text)
    netif_set_netmask                        0x0800ff43   Thumb Code    16  netif.o(.text)
    netif_set_ipaddr                         0x0800ff53   Thumb Code   124  netif.o(.text)
    netif_set_addr                           0x0800ffcf   Thumb Code    40  netif.o(.text)
    netif_add                                0x0800fff7   Thumb Code   150  netif.o(.text)
    netif_set_default                        0x0801008d   Thumb Code    10  netif.o(.text)
    netif_set_down                           0x08010097   Thumb Code    42  netif.o(.text)
    netif_remove                             0x080100c1   Thumb Code    94  netif.o(.text)
    netif_find                               0x0801011f   Thumb Code    72  netif.o(.text)
    netif_set_up                             0x08010167   Thumb Code    54  netif.o(.text)
    netif_set_link_up                        0x0801019d   Thumb Code    66  netif.o(.text)
    netif_set_link_down                      0x080101df   Thumb Code    24  netif.o(.text)
    pbuf_free                                0x08010275   Thumb Code   274  pbuf.o(.text)
    pbuf_alloc                               0x08010387   Thumb Code   652  pbuf.o(.text)
    pbuf_alloced_custom                      0x08010613   Thumb Code   658  pbuf.o(.text)
    pbuf_realloc                             0x080108a5   Thumb Code   272  pbuf.o(.text)
    pbuf_header                              0x080109b5   Thumb Code   214  pbuf.o(.text)
    pbuf_clen                                0x08010a8b   Thumb Code    18  pbuf.o(.text)
    pbuf_ref                                 0x08010a9d   Thumb Code    26  pbuf.o(.text)
    pbuf_cat                                 0x08010ab7   Thumb Code   138  pbuf.o(.text)
    pbuf_chain                               0x08010b41   Thumb Code    26  pbuf.o(.text)
    pbuf_dechain                             0x08010b5b   Thumb Code   132  pbuf.o(.text)
    pbuf_copy                                0x08010bdf   Thumb Code   790  pbuf.o(.text)
    pbuf_copy_partial                        0x08010ef5   Thumb Code   190  pbuf.o(.text)
    pbuf_take                                0x08010fb3   Thumb Code   214  pbuf.o(.text)
    pbuf_coalesce                            0x08011089   Thumb Code    84  pbuf.o(.text)
    pbuf_get_at                              0x080110dd   Thumb Code    46  pbuf.o(.text)
    pbuf_memcmp                              0x0801110b   Thumb Code    96  pbuf.o(.text)
    pbuf_memfind                             0x0801116b   Thumb Code    76  pbuf.o(.text)
    pbuf_strstr                              0x080111b7   Thumb Code    60  pbuf.o(.text)
    raw_input                                0x08011321   Thumb Code   102  raw.o(.text)
    raw_bind                                 0x08011387   Thumb Code    16  raw.o(.text)
    raw_connect                              0x08011397   Thumb Code    16  raw.o(.text)
    raw_recv                                 0x080113a7   Thumb Code     6  raw.o(.text)
    raw_sendto                               0x080113ad   Thumb Code   190  raw.o(.text)
    raw_send                                 0x0801146b   Thumb Code    18  raw.o(.text)
    raw_remove                               0x0801147d   Thumb Code    60  raw.o(.text)
    raw_new                                  0x080114b9   Thumb Code    46  raw.o(.text)
    tcp_init                                 0x0801156d   Thumb Code     2  tcp.o(.text)
    tcp_seg_free                             0x0801156f   Thumb Code    26  tcp.o(.text)
    tcp_segs_free                            0x08011589   Thumb Code    24  tcp.o(.text)
    tcp_pcb_purge                            0x080115a1   Thumb Code    88  tcp.o(.text)
    tcp_slowtmr                              0x080115f9   Thumb Code  1428  tcp.o(.text)
    tcp_pcb_remove                           0x08011b8d   Thumb Code   192  tcp.o(.text)
    tcp_close                                0x08011e19   Thumb Code    28  tcp.o(.text)
    tcp_update_rcv_ann_wnd                   0x08011e35   Thumb Code   106  tcp.o(.text)
    tcp_recved                               0x08011e9f   Thumb Code   430  tcp.o(.text)
    tcp_recv_null                            0x0801204d   Thumb Code    46  tcp.o(.text)
    tcp_process_refused_data                 0x0801207b   Thumb Code   148  tcp.o(.text)
    tcp_fasttmr                              0x0801210f   Thumb Code   114  tcp.o(.text)
    tcp_tmr                                  0x08012181   Thumb Code    30  tcp.o(.text)
    tcp_shutdown                             0x0801219f   Thumb Code    98  tcp.o(.text)
    tcp_abandon                              0x08012201   Thumb Code   168  tcp.o(.text)
    tcp_abort                                0x080122a9   Thumb Code    14  tcp.o(.text)
    tcp_bind                                 0x08012317   Thumb Code   170  tcp.o(.text)
    tcp_listen_with_backlog                  0x080123c9   Thumb Code   222  tcp.o(.text)
    tcp_eff_send_mss                         0x080124a7   Thumb Code    46  tcp.o(.text)
    tcp_next_iss                             0x080124d5   Thumb Code    20  tcp.o(.text)
    tcp_connect                              0x080124e9   Thumb Code   538  tcp.o(.text)
    tcp_setprio                              0x08012703   Thumb Code     4  tcp.o(.text)
    tcp_alloc                                0x0801278d   Thumb Code   202  tcp.o(.text)
    tcp_new                                  0x08012857   Thumb Code    10  tcp.o(.text)
    tcp_arg                                  0x08012861   Thumb Code     4  tcp.o(.text)
    tcp_recv                                 0x08012865   Thumb Code    42  tcp.o(.text)
    tcp_sent                                 0x0801288f   Thumb Code    42  tcp.o(.text)
    tcp_err                                  0x080128b9   Thumb Code    44  tcp.o(.text)
    tcp_accept                               0x080128e5   Thumb Code     4  tcp.o(.text)
    tcp_poll                                 0x080128e9   Thumb Code    50  tcp.o(.text)
    tcp_debug_state_str                      0x0801291b   Thumb Code    10  tcp.o(.text)
    tcp_input                                0x08013bed   Thumb Code  1672  tcp_in.o(.text)
    tcp_enqueue_flags                        0x080143e5   Thumb Code   416  tcp_out.o(.text)
    tcp_send_fin                             0x08014585   Thumb Code    74  tcp_out.o(.text)
    tcp_write                                0x08014867   Thumb Code  1742  tcp_out.o(.text)
    tcp_send_empty_ack                       0x08014f35   Thumb Code    86  tcp_out.o(.text)
    tcp_output                               0x0801505b   Thumb Code   710  tcp_out.o(.text)
    tcp_rst                                  0x08015321   Thumb Code   162  tcp_out.o(.text)
    tcp_rexmit_rto                           0x080153c3   Thumb Code    58  tcp_out.o(.text)
    tcp_rexmit                               0x080153fd   Thumb Code    90  tcp_out.o(.text)
    tcp_rexmit_fast                          0x08015457   Thumb Code   120  tcp_out.o(.text)
    tcp_keepalive                            0x080154cf   Thumb Code    84  tcp_out.o(.text)
    tcp_zero_window_probe                    0x08015523   Thumb Code   180  tcp_out.o(.text)
    sys_timeout                              0x080155d9   Thumb Code   174  timers.o(.text)
    tcp_timer_needed                         0x080156af   Thumb Code    38  timers.o(.text)
    sys_timeouts_init                        0x0801573d   Thumb Code    52  timers.o(.text)
    sys_untimeout                            0x08015771   Thumb Code    90  timers.o(.text)
    sys_timeouts_mbox_fetch                  0x080157cb   Thumb Code   132  timers.o(.text)
    udp_init                                 0x08015909   Thumb Code     2  udp.o(.text)
    udp_input                                0x0801595b   Thumb Code   512  udp.o(.text)
    udp_bind                                 0x08015b5b   Thumb Code   170  udp.o(.text)
    udp_sendto_if                            0x08015c05   Thumb Code   460  udp.o(.text)
    udp_sendto                               0x08015dd1   Thumb Code    54  udp.o(.text)
    udp_send                                 0x08015e07   Thumb Code    20  udp.o(.text)
    udp_connect                              0x08015e1b   Thumb Code    98  udp.o(.text)
    udp_disconnect                           0x08015e7d   Thumb Code    16  udp.o(.text)
    udp_recv                                 0x08015e8d   Thumb Code     6  udp.o(.text)
    udp_remove                               0x08015e93   Thumb Code    60  udp.o(.text)
    udp_new                                  0x08015ecf   Thumb Code    28  udp.o(.text)
    mem_init                                 0x08015fcb   Thumb Code   114  mem.o(.text)
    mem_free                                 0x0801603d   Thumb Code   182  mem.o(.text)
    mem_trim                                 0x080160f3   Thumb Code   338  mem.o(.text)
    mem_malloc                               0x08016245   Thumb Code   796  mem.o(.text)
    mem_calloc                               0x08016561   Thumb Code    34  mem.o(.text)
    sys_mbox_new                             0x08016635   Thumb Code   108  sys_arch.o(.text)
    sys_mbox_free                            0x080166a1   Thumb Code    56  sys_arch.o(.text)
    sys_mbox_post                            0x080166d9   Thumb Code    28  sys_arch.o(.text)
    sys_mbox_trypost                         0x080166f5   Thumb Code    32  sys_arch.o(.text)
    sys_arch_mbox_fetch                      0x08016715   Thumb Code   154  sys_arch.o(.text)
    sys_arch_mbox_tryfetch                   0x080167af   Thumb Code    18  sys_arch.o(.text)
    sys_mbox_valid                           0x080167c1   Thumb Code    56  sys_arch.o(.text)
    sys_mbox_set_invalid                     0x080167f9   Thumb Code     6  sys_arch.o(.text)
    sys_sem_new                              0x080167ff   Thumb Code    62  sys_arch.o(.text)
    sys_arch_sem_wait                        0x0801683d   Thumb Code    96  sys_arch.o(.text)
    sys_sem_signal                           0x0801689d   Thumb Code    12  sys_arch.o(.text)
    sys_sem_free                             0x080168a9   Thumb Code    52  sys_arch.o(.text)
    sys_sem_valid                            0x080168dd   Thumb Code    22  sys_arch.o(.text)
    sys_sem_set_invalid                      0x080168f3   Thumb Code     6  sys_arch.o(.text)
    sys_init                                 0x080168f9   Thumb Code     2  sys_arch.o(.text)
    sys_thread_new                           0x080168fb   Thumb Code    66  sys_arch.o(.text)
    sys_msleep                               0x0801693d   Thumb Code    12  sys_arch.o(.text)
    sys_now                                  0x08016949   Thumb Code    26  sys_arch.o(.text)
    netconn_new_with_proto_and_callback      0x08016a09   Thumb Code   196  api_lib.o(.text)
    netconn_delete                           0x08016acd   Thumb Code    36  api_lib.o(.text)
    netconn_getaddr                          0x08016af1   Thumb Code   162  api_lib.o(.text)
    netconn_bind                             0x08016b93   Thumb Code    98  api_lib.o(.text)
    netconn_connect                          0x08016bf5   Thumb Code    98  api_lib.o(.text)
    netconn_disconnect                       0x08016c57   Thumb Code    84  api_lib.o(.text)
    netconn_listen_with_backlog              0x08016cab   Thumb Code    86  api_lib.o(.text)
    netconn_accept                           0x08016d01   Thumb Code   808  api_lib.o(.text)
    netconn_recv_tcp_pbuf                    0x0801719f   Thumb Code    56  api_lib.o(.text)
    netconn_recv                             0x080171d7   Thumb Code   270  api_lib.o(.text)
    netconn_recved                           0x080172e5   Thumb Code    46  api_lib.o(.text)
    netconn_send                             0x08017313   Thumb Code    98  api_lib.o(.text)
    netconn_sendto                           0x08017375   Thumb Code    44  api_lib.o(.text)
    netconn_write_partly                     0x080173a1   Thumb Code   434  api_lib.o(.text)
    netconn_close                            0x080175b3   Thumb Code    14  api_lib.o(.text)
    netconn_shutdown                         0x080175c1   Thumb Code    36  api_lib.o(.text)
    netconn_free                             0x08017fe3   Thumb Code   330  api_msg.o(.text)
    netconn_alloc                            0x0801812d   Thumb Code   174  api_msg.o(.text)
    do_newconn                               0x0801833d   Thumb Code    32  api_msg.o(.text)
    do_delconn                               0x08018425   Thumb Code   636  api_msg.o(.text)
    do_bind                                  0x080186a1   Thumb Code   116  api_msg.o(.text)
    do_connect                               0x080187e7   Thumb Code   230  api_msg.o(.text)
    do_disconnect                            0x080188cd   Thumb Code    46  api_msg.o(.text)
    do_listen                                0x080188fb   Thumb Code   390  api_msg.o(.text)
    do_send                                  0x08018a81   Thumb Code   166  api_msg.o(.text)
    do_recv                                  0x08018b27   Thumb Code    72  api_msg.o(.text)
    do_write                                 0x08018b6f   Thumb Code   166  api_msg.o(.text)
    do_getaddr                               0x08018c15   Thumb Code   198  api_msg.o(.text)
    do_close                                 0x08018cdb   Thumb Code   184  api_msg.o(.text)
    netbuf_new                               0x08018dc5   Thumb Code    30  netbuf.o(.text)
    netbuf_delete                            0x08018de3   Thumb Code    32  netbuf.o(.text)
    netbuf_alloc                             0x08018e03   Thumb Code   102  netbuf.o(.text)
    netbuf_free                              0x08018e69   Thumb Code    50  netbuf.o(.text)
    netbuf_ref                               0x08018e9b   Thumb Code    92  netbuf.o(.text)
    netbuf_chain                             0x08018ef7   Thumb Code    82  netbuf.o(.text)
    netbuf_data                              0x08018f49   Thumb Code   122  netbuf.o(.text)
    netbuf_next                              0x08018fc3   Thumb Code    64  netbuf.o(.text)
    netbuf_first                             0x08019003   Thumb Code    38  netbuf.o(.text)
    lwip_socket_init                         0x0801917d   Thumb Code     2  sockets.o(.text)
    lwip_accept                              0x08019429   Thumb Code   666  sockets.o(.text)
    lwip_bind                                0x080196c3   Thumb Code   184  sockets.o(.text)
    lwip_close                               0x0801977b   Thumb Code    94  sockets.o(.text)
    lwip_connect                             0x080197d9   Thumb Code   204  sockets.o(.text)
    lwip_listen                              0x080198a5   Thumb Code   136  sockets.o(.text)
    lwip_recvfrom                            0x0801992d   Thumb Code   812  sockets.o(.text)
    lwip_read                                0x08019c59   Thumb Code    28  sockets.o(.text)
    lwip_recv                                0x08019c75   Thumb Code    34  sockets.o(.text)
    lwip_sendto                              0x08019c97   Thumb Code   276  sockets.o(.text)
    lwip_send                                0x08019dab   Thumb Code   156  sockets.o(.text)
    lwip_socket                              0x08019e47   Thumb Code   296  sockets.o(.text)
    lwip_write                               0x08019f6f   Thumb Code    22  sockets.o(.text)
    lwip_select                              0x0801a101   Thumb Code   864  sockets.o(.text)
    lwip_shutdown                            0x0801a461   Thumb Code   296  sockets.o(.text)
    lwip_getpeername                         0x0801a60b   Thumb Code    22  sockets.o(.text)
    lwip_getsockname                         0x0801a621   Thumb Code    22  sockets.o(.text)
    lwip_getsockopt                          0x0801a833   Thumb Code   408  sockets.o(.text)
    lwip_setsockopt                          0x0801ab81   Thumb Code   318  sockets.o(.text)
    lwip_ioctl                               0x0801acbf   Thumb Code   116  sockets.o(.text)
    lwip_fcntl                               0x0801ad33   Thumb Code   142  sockets.o(.text)
    tcpip_input                              0x0801aea7   Thumb Code    72  tcpip.o(.text)
    tcpip_callback_with_block                0x0801aeef   Thumb Code    90  tcpip.o(.text)
    tcpip_timeout                            0x0801af49   Thumb Code    64  tcpip.o(.text)
    tcpip_untimeout                          0x0801af89   Thumb Code    56  tcpip.o(.text)
    tcpip_apimsg                             0x0801afc1   Thumb Code    60  tcpip.o(.text)
    tcpip_callbackmsg_new                    0x0801affd   Thumb Code    32  tcpip.o(.text)
    tcpip_callbackmsg_delete                 0x0801b01d   Thumb Code    14  tcpip.o(.text)
    tcpip_trycallback                        0x0801b02b   Thumb Code    28  tcpip.o(.text)
    tcpip_init                               0x0801b047   Thumb Code    72  tcpip.o(.text)
    pbuf_free_callback                       0x0801b09d   Thumb Code    16  tcpip.o(.text)
    mem_free_callback                        0x0801b0ad   Thumb Code    16  tcpip.o(.text)
    OS_StrLen                                0x0801b179   Thumb Code    20  os_core.o(.text)
    OSEventNameGet                           0x0801b18d   Thumb Code    98  os_core.o(.text)
    OSEventNameSet                           0x0801b1ef   Thumb Code    84  os_core.o(.text)
    OS_TaskStatStkChk                        0x0801b243   Thumb Code    54  os_core.o(.text)
    OS_TaskStat                              0x0801b279   Thumb Code   116  os_core.o(.text)
    OS_TaskIdle                              0x0801b321   Thumb Code    34  os_core.o(.text)
    OS_MemClr                                0x0801b377   Thumb Code    18  os_core.o(.text)
    OSInit                                   0x0801b49d   Thumb Code    52  os_core.o(.text)
    OSIntEnter                               0x0801b4d1   Thumb Code    28  os_core.o(.text)
    OSIntExit                                0x0801b507   Thumb Code   262  os_core.o(.text)
    OSSchedLock                              0x0801b60d   Thumb Code    50  os_core.o(.text)
    OS_Sched                                 0x0801b63f   Thumb Code    88  os_core.o(.text)
    OSSchedUnlock                            0x0801b697   Thumb Code    82  os_core.o(.text)
    OSStart                                  0x0801b6e9   Thumb Code    48  os_core.o(.text)
    OSStatInit                               0x0801b719   Thumb Code    62  os_core.o(.text)
    OSTimeTick                               0x0801b757   Thumb Code   218  os_core.o(.text)
    OSVersion                                0x0801b831   Thumb Code     6  os_core.o(.text)
    OS_Dummy                                 0x0801b837   Thumb Code     2  os_core.o(.text)
    OS_EventTaskRemove                       0x0801b839   Thumb Code    42  os_core.o(.text)
    OS_EventTaskRdy                          0x0801b863   Thumb Code   118  os_core.o(.text)
    OS_EventTaskWait                         0x0801b8d9   Thumb Code   112  os_core.o(.text)
    OS_EventWaitListInit                     0x0801b949   Thumb Code    28  os_core.o(.text)
    OS_MemCopy                               0x0801b965   Thumb Code    20  os_core.o(.text)
    OS_TCBInit                               0x0801b979   Thumb Code   374  os_core.o(.text)
    OSFlagAccept                             0x0801bb05   Thumb Code   252  os_flag.o(.text)
    OSFlagCreate                             0x0801bc01   Thumb Code    86  os_flag.o(.text)
    OS_FlagUnlink                            0x0801bc57   Thumb Code    36  os_flag.o(.text)
    OSFlagDel                                0x0801bcdb   Thumb Code   214  os_flag.o(.text)
    OSFlagNameGet                            0x0801bdb1   Thumb Code    80  os_flag.o(.text)
    OSFlagNameSet                            0x0801be01   Thumb Code    66  os_flag.o(.text)
    OSFlagPend                               0x0801bedb   Thumb Code   614  os_flag.o(.text)
    OSFlagPendGetFlagsRdy                    0x0801c141   Thumb Code    26  os_flag.o(.text)
    OSFlagPost                               0x0801c15b   Thumb Code   312  os_flag.o(.text)
    OSFlagQuery                              0x0801c293   Thumb Code    48  os_flag.o(.text)
    OS_FlagInit                              0x0801c2c3   Thumb Code    78  os_flag.o(.text)
    OSMemCreate                              0x0801c31d   Thumb Code   118  os_mem.o(.text)
    OSMemGet                                 0x0801c393   Thumb Code    62  os_mem.o(.text)
    OSMemNameGet                             0x0801c3d1   Thumb Code    60  os_mem.o(.text)
    OSMemNameSet                             0x0801c40d   Thumb Code    48  os_mem.o(.text)
    OSMemPut                                 0x0801c43d   Thumb Code    54  os_mem.o(.text)
    OSMemQuery                               0x0801c473   Thumb Code    52  os_mem.o(.text)
    OS_MemInit                               0x0801c4a7   Thumb Code    74  os_mem.o(.text)
    OSQAccept                                0x0801c501   Thumb Code    88  os_q.o(.text)
    OSQCreate                                0x0801c559   Thumb Code   144  os_q.o(.text)
    OSQDel                                   0x0801c5e9   Thumb Code   244  os_q.o(.text)
    OSQFlush                                 0x0801c6dd   Thumb Code    36  os_q.o(.text)
    OSQPend                                  0x0801c701   Thumb Code   272  os_q.o(.text)
    OSQPendAbort                             0x0801c811   Thumb Code   126  os_q.o(.text)
    OSQPost                                  0x0801c88f   Thumb Code   114  os_q.o(.text)
    OSQPostFront                             0x0801c901   Thumb Code   142  os_q.o(.text)
    OSQPostOpt                               0x0801c98f   Thumb Code   182  os_q.o(.text)
    OSQQuery                                 0x0801ca45   Thumb Code    98  os_q.o(.text)
    OS_QInit                                 0x0801caa7   Thumb Code    72  os_q.o(.text)
    OSSemAccept                              0x0801caf9   Thumb Code    42  os_sem.o(.text)
    OSSemCreate                              0x0801cb23   Thumb Code    72  os_sem.o(.text)
    OSSemDel                                 0x0801cb6b   Thumb Code   230  os_sem.o(.text)
    OSSemPend                                0x0801cc51   Thumb Code   222  os_sem.o(.text)
    OSSemPendAbort                           0x0801cd2f   Thumb Code   126  os_sem.o(.text)
    OSSemPost                                0x0801cdad   Thumb Code    88  os_sem.o(.text)
    OSSemQuery                               0x0801ce05   Thumb Code    76  os_sem.o(.text)
    OSSemSet                                 0x0801ce51   Thumb Code    66  os_sem.o(.text)
    OSTaskChangePrio                         0x0801ced5   Thumb Code   310  os_task.o(.text)
    OSTaskCreate                             0x0801d00b   Thumb Code   148  os_task.o(.text)
    OS_TaskStkClr                            0x0801d09f   Thumb Code    26  os_task.o(.text)
    OSTaskCreateExt                          0x0801d0b9   Thumb Code   170  os_task.o(.text)
    OSTaskDel                                0x0801d163   Thumb Code   294  os_task.o(.text)
    OSTaskDelReq                             0x0801d289   Thumb Code   146  os_task.o(.text)
    OSTaskNameGet                            0x0801d31b   Thumb Code   114  os_task.o(.text)
    OSTaskNameSet                            0x0801d38d   Thumb Code    98  os_task.o(.text)
    OSTaskResume                             0x0801d3ef   Thumb Code   160  os_task.o(.text)
    OSTaskStkChk                             0x0801d48f   Thumb Code   132  os_task.o(.text)
    OSTaskSuspend                            0x0801d513   Thumb Code   152  os_task.o(.text)
    OSTaskQuery                              0x0801d5ab   Thumb Code    82  os_task.o(.text)
    OSTaskRegGet                             0x0801d5fd   Thumb Code    60  os_task.o(.text)
    OSTaskRegSet                             0x0801d639   Thumb Code    62  os_task.o(.text)
    OS_TaskReturn                            0x0801d677   Thumb Code    18  os_task.o(.text)
    OSTimeDly                                0x0801d6a1   Thumb Code   100  os_time.o(.text)
    OSTimeDlyHMSM                            0x0801d705   Thumb Code    86  os_time.o(.text)
    OSTimeDlyResume                          0x0801d75b   Thumb Code   176  os_time.o(.text)
    OSTimeGet                                0x0801d80b   Thumb Code    24  os_time.o(.text)
    OSTimeSet                                0x0801d823   Thumb Code    24  os_time.o(.text)
    OSTmrCreate                              0x0801d88b   Thumb Code    96  os_tmr.o(.text)
    OSTmrDel                                 0x0801d963   Thumb Code   124  os_tmr.o(.text)
    OSTmrNameGet                             0x0801d9df   Thumb Code   114  os_tmr.o(.text)
    OSTmrRemainGet                           0x0801da51   Thumb Code   164  os_tmr.o(.text)
    OSTmrStateGet                            0x0801daf5   Thumb Code    86  os_tmr.o(.text)
    OSTmrStart                               0x0801dbaf   Thumb Code   128  os_tmr.o(.text)
    OSTmrStop                                0x0801dc2f   Thumb Code   210  os_tmr.o(.text)
    OSTmrSignal                              0x0801dd01   Thumb Code    16  os_tmr.o(.text)
    OSTmr_Init                               0x0801ddb5   Thumb Code   172  os_tmr.o(.text)
    OSInitHookBegin                          0x0801dec9   Thumb Code     8  os_cpu_c.o(.text)
    OSInitHookEnd                            0x0801ded1   Thumb Code     2  os_cpu_c.o(.text)
    OSTaskCreateHook                         0x0801ded3   Thumb Code     2  os_cpu_c.o(.text)
    OSTaskDelHook                            0x0801ded5   Thumb Code     2  os_cpu_c.o(.text)
    OSTaskIdleHook                           0x0801ded7   Thumb Code     2  os_cpu_c.o(.text)
    OSTaskStatHook                           0x0801ded9   Thumb Code     2  os_cpu_c.o(.text)
    OSTaskStkInit                            0x0801dedb   Thumb Code   426  os_cpu_c.o(.text)
    OSTaskSwHook                             0x0801e085   Thumb Code     2  os_cpu_c.o(.text)
    OSTCBInitHook                            0x0801e087   Thumb Code     2  os_cpu_c.o(.text)
    OSTimeTickHook                           0x0801e089   Thumb Code    30  os_cpu_c.o(.text)
    OSTaskReturnHook                         0x0801e0a7   Thumb Code     2  os_cpu_c.o(.text)
    OS_CPU_SR_Save                           0x0801e0b1   Thumb Code     0  os_cpu_a.o(.text)
    OS_CPU_SR_Restore                        0x0801e0b9   Thumb Code     0  os_cpu_a.o(.text)
    OSStartHighRdy                           0x0801e0bf   Thumb Code     0  os_cpu_a.o(.text)
    OSCtxSw                                  0x0801e0e3   Thumb Code     0  os_cpu_a.o(.text)
    OSIntCtxSw                               0x0801e0f1   Thumb Code     0  os_cpu_a.o(.text)
    PendSV_Handler                           0x0801e101   Thumb Code     0  os_cpu_a.o(.text)
    mymemcpy                                 0x0801e179   Thumb Code    26  malloc.o(.text)
    mymemset                                 0x0801e193   Thumb Code    20  malloc.o(.text)
    mymem_init                               0x0801e1a7   Thumb Code    54  malloc.o(.text)
    mem_perused                              0x0801e1dd   Thumb Code    54  malloc.o(.text)
    mymem_malloc                             0x0801e213   Thumb Code   162  malloc.o(.text)
    mymem_free                               0x0801e2b5   Thumb Code    94  malloc.o(.text)
    myfree                                   0x0801e313   Thumb Code    32  malloc.o(.text)
    mymalloc                                 0x0801e333   Thumb Code    34  malloc.o(.text)
    myrealloc                                0x0801e355   Thumb Code    66  malloc.o(.text)
    __use_no_semihosting                     0x0801e3a9   Thumb Code     2  use_no_semi_2.o(.text)
    __rt_ctype_table                         0x0801e3ad   Thumb Code    16  rt_ctype_table.o(.text)
    __2printf                                0x0801e3bd   Thumb Code    20  noretval__2printf.o(.text)
    __2sprintf                               0x0801e3d5   Thumb Code    34  noretval__2sprintf.o(.text)
    _printf_pre_padding                      0x0801e3fd   Thumb Code    46  _printf_pad.o(.text)
    _printf_post_padding                     0x0801e42b   Thumb Code    36  _printf_pad.o(.text)
    _printf_str                              0x0801e44f   Thumb Code    82  _printf_str.o(.text)
    _printf_int_dec                          0x0801e4a1   Thumb Code   102  _printf_dec.o(.text)
    _printf_int_hex                          0x0801e519   Thumb Code    88  _printf_hex_int.o(.text)
    _printf_longlong_hex                     0x0801e519   Thumb Code     0  _printf_hex_int.o(.text)
    __printf                                 0x0801e575   Thumb Code   390  __printf_flags_ss_wp.o(.text)
    memcmp                                   0x0801e701   Thumb Code    88  memcmp.o(.text)
    strlen                                   0x0801e759   Thumb Code    62  strlen.o(.text)
    __aeabi_memcpy                           0x0801e797   Thumb Code     0  rt_memcpy_v6.o(.text)
    __rt_memcpy                              0x0801e797   Thumb Code   138  rt_memcpy_v6.o(.text)
    _memcpy_lastbytes                        0x0801e7fd   Thumb Code     0  rt_memcpy_v6.o(.text)
    __aeabi_memclr                           0x0801e821   Thumb Code     0  rt_memclr.o(.text)
    __rt_memclr                              0x0801e821   Thumb Code    68  rt_memclr.o(.text)
    _memset                                  0x0801e825   Thumb Code     0  rt_memclr.o(.text)
    __aeabi_memclr4                          0x0801e865   Thumb Code     0  rt_memclr_w.o(.text)
    __aeabi_memclr8                          0x0801e865   Thumb Code     0  rt_memclr_w.o(.text)
    __rt_memclr_w                            0x0801e865   Thumb Code    78  rt_memclr_w.o(.text)
    _memset_w                                0x0801e869   Thumb Code     0  rt_memclr_w.o(.text)
    strcmp                                   0x0801e8b5   Thumb Code   128  strcmpv7m.o(.text)
    __use_two_region_memory                  0x0801e935   Thumb Code     2  heapauxi.o(.text)
    __rt_heap_escrow$2region                 0x0801e937   Thumb Code     2  heapauxi.o(.text)
    __rt_heap_expand$2region                 0x0801e939   Thumb Code     2  heapauxi.o(.text)
    __I$use$semihosting                      0x0801e93b   Thumb Code     0  use_no_semi.o(.text)
    __use_no_semihosting_swi                 0x0801e93b   Thumb Code     2  use_no_semi.o(.text)
    __rt_locale                              0x0801e93d   Thumb Code     8  rt_locale_intlibspace.o(.text)
    _printf_int_common                       0x0801e945   Thumb Code   184  _printf_intcommon.o(.text)
    _printf_char_common                      0x0801ea07   Thumb Code    32  _printf_char_common.o(.text)
    _sputc                                   0x0801ea2d   Thumb Code    10  _sputc.o(.text)
    _printf_cs_common                        0x0801ea37   Thumb Code    20  _printf_char.o(.text)
    _printf_char                             0x0801ea4b   Thumb Code    16  _printf_char.o(.text)
    _printf_string                           0x0801ea5b   Thumb Code     8  _printf_char.o(.text)
    _printf_char_file                        0x0801ea65   Thumb Code    32  _printf_char_file.o(.text)
    __aeabi_memcpy4                          0x0801ea89   Thumb Code     0  rt_memcpy_w.o(.text)
    __aeabi_memcpy8                          0x0801ea89   Thumb Code     0  rt_memcpy_w.o(.text)
    __rt_memcpy_w                            0x0801ea89   Thumb Code   100  rt_memcpy_w.o(.text)
    _memcpy_lastbytes_aligned                0x0801ead1   Thumb Code     0  rt_memcpy_w.o(.text)
    __user_libspace                          0x0801eaed   Thumb Code     8  libspace.o(.text)
    __user_perproc_libspace                  0x0801eaed   Thumb Code     0  libspace.o(.text)
    __user_perthread_libspace                0x0801eaed   Thumb Code     0  libspace.o(.text)
    ferror                                   0x0801eaf5   Thumb Code     8  ferror.o(.text)
    __user_setup_stackheap                   0x0801eafd   Thumb Code    74  sys_stackheap_outer.o(.text)
    exit                                     0x0801eb47   Thumb Code    12  exit.o(.text)
    _is_digit                                0x0801eb53   Thumb Code    14  __printf_wp.o(i._is_digit)
    _get_lc_ctype                            0x0801eb61   Thumb Code    44  lc_ctype_c.o(locale$$code)
    __aeabi_d2uiz                            0x0801eb8d   Thumb Code     0  dfixu.o(x$fpl$dfixu)
    _dfixu                                   0x0801eb8d   Thumb Code    90  dfixu.o(x$fpl$dfixu)
    __aeabi_ui2d                             0x0801ebe7   Thumb Code     0  dflt_clz.o(x$fpl$dfltu)
    _dfltu                                   0x0801ebe7   Thumb Code    38  dflt_clz.o(x$fpl$dfltu)
    __aeabi_dmul                             0x0801ec0d   Thumb Code     0  dmul.o(x$fpl$dmul)
    _dmul                                    0x0801ec0d   Thumb Code   332  dmul.o(x$fpl$dmul)
    __fpl_dnaninf                            0x0801ed61   Thumb Code   156  dnaninf.o(x$fpl$dnaninf)
    __fpl_dretinf                            0x0801edfd   Thumb Code    12  dretinf.o(x$fpl$dretinf)
    _fp_init                                 0x0801ee09   Thumb Code    10  fpinit.o(x$fpl$fpinit)
    __fplib_config_fpu_vfp                   0x0801ee11   Thumb Code     0  fpinit.o(x$fpl$fpinit)
    __fplib_config_pureend_doubles           0x0801ee11   Thumb Code     0  fpinit.o(x$fpl$fpinit)
    __I$use$fp                               0x0801ee12   Number         0  usenofp.o(x$fpl$usenofp)
    asc2_1206                                0x0801ee12   Data        1140  lcd.o(.constdata)
    asc2_1608                                0x0801f286   Data        1520  lcd.o(.constdata)
    asc2_2412                                0x0801f876   Data        3420  lcd.o(.constdata)
    FSMC_DefaultTimingStruct                 0x080205d4   Data          28  stm32f4xx_fsmc.o(.constdata)
    ethbroadcast                             0x080205f0   Data           6  etharp.o(.constdata)
    ethzero                                  0x080205f6   Data           6  etharp.o(.constdata)
    ip_addr_any                              0x08020640   Data           4  ip_addr.o(.constdata)
    ip_addr_broadcast                        0x08020644   Data           4  ip_addr.o(.constdata)
    tcp_state_str                            0x0802070c   Data          44  tcp.o(.constdata)
    tcp_backoff                              0x08020738   Data          13  tcp.o(.constdata)
    tcp_persist_backoff                      0x08020745   Data           7  tcp.o(.constdata)
    tcp_pcb_lists                            0x0802074c   Data          16  tcp.o(.constdata)
    pvNullPointer                            0x080207b4   Data           4  sys_arch.o(.constdata)
    OSUnMapTbl                               0x080207f8   Data         256  os_core.o(.constdata)
    memtblsize                               0x080208f8   Data          12  malloc.o(.constdata)
    memblksize                               0x08020904   Data          12  malloc.o(.constdata)
    memsize                                  0x08020910   Data          12  malloc.o(.constdata)
    Region$$Table$$Base                      0x08020b6c   Number         0  anon$$obj.o(Region$$Table)
    Region$$Table$$Limit                     0x08020b8c   Number         0  anon$$obj.o(Region$$Table)
    __ctype                                  0x08020b99   Data           0  lc_ctype_c.o(locale$$data)
    mem3base                                 0x10000000   Data       61440  malloc.o(.ARM.__AT_0x10000000)
    mem3mapbase                              0x1000f000   Data        3840  malloc.o(.ARM.__AT_0x1000F000)
    led_q                                    0x20000000   Data           8  main.o(.data)
    led_event                                0x20000008   Data           4  main.o(.data)
    dht11_q                                  0x2000000c   Data           8  main.o(.data)
    dht11_event                              0x20000014   Data           4  main.o(.data)
    SystemCoreClock                          0x20000018   Data           4  system_stm32f4xx.o(.data)
    AHBPrescTable                            0x2000001c   Data          16  system_stm32f4xx.o(.data)
    TIM5CH1_CAPTURE_STA                      0x20000030   Data           1  timer.o(.data)
    TIM5CH1_CAPTURE_VAL                      0x20000034   Data           4  timer.o(.data)
    POINT_COLOR                              0x20000038   Data           2  lcd.o(.data)
    BACK_COLOR                               0x2000003a   Data           2  lcd.o(.data)
    DMARxDscrTab                             0x2000003c   Data           4  lan8720.o(.data)
    DMATxDscrTab                             0x20000040   Data           4  lan8720.o(.data)
    Rx_Buff                                  0x20000044   Data           4  lan8720.o(.data)
    Tx_Buff                                  0x20000048   Data           4  lan8720.o(.data)
    DMATxDescToSet                           0x2000005c   Data           4  stm32f4x7_eth.o(.data)
    DMARxDescToGet                           0x20000060   Data           4  stm32f4x7_eth.o(.data)
    DMA_RX_FRAME_infos                       0x20000064   Data           4  stm32f4x7_eth.o(.data)
    Frame_Rx_index                           0x20000068   Data           4  stm32f4x7_eth.o(.data)
    USART_RX_STA                             0x20000070   Data           2  usart.o(.data)
    __stdout                                 0x20000074   Data           4  usart.o(.data)
    sys_cmd_tab                              0x20000078   Data          28  usmart.o(.data)
    usmart_nametab                           0x20000094   Data          48  usmart_config.o(.data)
    usmart_dev                               0x200000c4   Data         244  usmart_config.o(.data)
    TCPTimer                                 0x200001b8   Data           4  lwip_comm.o(.data)
    ARPTimer                                 0x200001bc   Data           4  lwip_comm.o(.data)
    DHCPfineTimer                            0x200001c0   Data           4  lwip_comm.o(.data)
    DHCPcoarseTimer                          0x200001c4   Data           4  lwip_comm.o(.data)
    lwip_localtime                           0x200001c8   Data           4  lwip_comm.o(.data)
    TCPIP_THREAD_TASK_STK                    0x200001cc   Data           4  lwip_comm.o(.data)
    LWIP_DHCP_TASK_STK                       0x200001d0   Data           4  lwip_comm.o(.data)
    pulse                                    0x200001d4   Data           4  tcp_client.o(.data)
    isConnected                              0x200001d8   Data           1  tcp_client.o(.data)
    isAuthed                                 0x200001d9   Data           1  tcp_client.o(.data)
    server_ip                                0x200001da   Data           4  tcp_client.o(.data)
    tcp_client_flag                          0x200001de   Data           1  tcp_client.o(.data)
    msg_event                                0x200001e0   Data           4  tcp_client.o(.data)
    tcp_client_pcb                           0x200001e4   Data           4  tcp_client.o(.data)
    rmtipaddr                                0x200001e8   Data           4  tcp_client.o(.data)
    tcp_client_sendbuf                       0x200001ec   Data           4  tcp_client.o(.data)
    current_netif                            0x200001f4   Data           4  ip.o(.data)
    current_header                           0x200001f8   Data           4  ip.o(.data)
    current_iphdr_src                        0x200001fc   Data           4  ip.o(.data)
    current_iphdr_dest                       0x20000200   Data           4  ip.o(.data)
    memp_memory                              0x2000024c   Data           4  memp.o(.data)
    netif_list                               0x20000250   Data           4  netif.o(.data)
    netif_default                            0x20000254   Data           4  netif.o(.data)
    tcp_ticks                                0x20000268   Data           4  tcp.o(.data)
    tcp_bound_pcbs                           0x2000026c   Data           4  tcp.o(.data)
    tcp_listen_pcbs                          0x20000270   Data           4  tcp.o(.data)
    tcp_active_pcbs                          0x20000274   Data           4  tcp.o(.data)
    tcp_tw_pcbs                              0x20000278   Data           4  tcp.o(.data)
    tcp_tmp_pcb                              0x2000027c   Data           4  tcp.o(.data)
    tcp_active_pcbs_changed                  0x20000280   Data           1  tcp.o(.data)
    tcp_input_pcb                            0x200002a0   Data           4  tcp_in.o(.data)
    udp_pcbs                                 0x200002b0   Data           4  udp.o(.data)
    ram_heap                                 0x200002b4   Data           4  mem.o(.data)
    OSCtxSwCtr                               0x200002dc   Data           4  os_core.o(.data)
    OSEventFreeList                          0x200002e0   Data           4  os_core.o(.data)
    OSFlagFreeList                           0x200002e4   Data           4  os_core.o(.data)
    OSCPUUsage                               0x200002e8   Data           1  os_core.o(.data)
    OSIdleCtrMax                             0x200002ec   Data           4  os_core.o(.data)
    OSIdleCtrRun                             0x200002f0   Data           4  os_core.o(.data)
    OSStatRdy                                0x200002f4   Data           1  os_core.o(.data)
    OSIntNesting                             0x200002f5   Data           1  os_core.o(.data)
    OSLockNesting                            0x200002f6   Data           1  os_core.o(.data)
    OSPrioCur                                0x200002f7   Data           1  os_core.o(.data)
    OSPrioHighRdy                            0x200002f8   Data           1  os_core.o(.data)
    OSRdyGrp                                 0x200002f9   Data           1  os_core.o(.data)
    OSRdyTbl                                 0x200002fa   Data           8  os_core.o(.data)
    OSRunning                                0x20000302   Data           1  os_core.o(.data)
    OSTaskCtr                                0x20000303   Data           1  os_core.o(.data)
    OSIdleCtr                                0x20000304   Data           4  os_core.o(.data)
    OSTCBCur                                 0x20000308   Data           4  os_core.o(.data)
    OSTCBFreeList                            0x2000030c   Data           4  os_core.o(.data)
    OSTCBHighRdy                             0x20000310   Data           4  os_core.o(.data)
    OSTCBList                                0x20000314   Data           4  os_core.o(.data)
    OSTickStepState                          0x20000318   Data           1  os_core.o(.data)
    OSMemFreeList                            0x2000031c   Data           4  os_core.o(.data)
    OSQFreeList                              0x20000320   Data           4  os_core.o(.data)
    OSTime                                   0x20000324   Data           4  os_core.o(.data)
    OSTmrFree                                0x20000328   Data           2  os_core.o(.data)
    OSTmrUsed                                0x2000032a   Data           2  os_core.o(.data)
    OSTmrTime                                0x2000032c   Data           4  os_core.o(.data)
    OSTmrSem                                 0x20000330   Data           4  os_core.o(.data)
    OSTmrSemSignal                           0x20000334   Data           4  os_core.o(.data)
    OSTmrFreeList                            0x20000338   Data           4  os_core.o(.data)
    OSInterrputSum                           0x2000033c   Data           4  os_cpu_c.o(.data)
    mallco_dev                               0x20000344   Data          36  malloc.o(.data)
    LED_TASK_STK                             0x20000368   Data         512  main.o(.bss)
    DHT11_TASK_STK                           0x20000568   Data         512  main.o(.bss)
    START_TASK_STK                           0x20000768   Data         512  main.o(.bss)
    ServersMSG                               0x20000968   Data          20  main.o(.bss)
    TIM5_ICInitStructure                     0x2000097c   Data          10  timer.o(.bss)
    lcddev                                   0x20000986   Data          14  lcd.o(.bss)
    RX_Frame_Descriptor                      0x20000994   Data          12  stm32f4x7_eth.o(.bss)
    USART_RX_BUF                             0x200009a0   Data         200  usart.o(.bss)
    lwipdev                                  0x20000a68   Data          23  lwip_comm.o(.bss)
    lwip_netif                               0x20000a80   Data          52  lwip_comm.o(.bss)
    send_q                                   0x20000ab4   Data          40  tcp_client.o(.bss)
    TCP_CONNECT_TASK_STK                     0x20000adc   Data         512  tcp_client.o(.bss)
    HANDLE_MSG_TASK_STK                      0x20000cdc   Data        1024  tcp_client.o(.bss)
    tcp_client_recvbuf                       0x200010dc   Data         100  tcp_client.o(.bss)
    dhcp_rx_options_val                      0x20001218   Data          40  dhcp.o(.bss)
    dhcp_rx_options_given                    0x20001240   Data          10  dhcp.o(.bss)
    OSEventTbl                               0x200012f8   Data         240  os_core.o(.bss)
    OSFlagTbl                                0x200013e8   Data          80  os_core.o(.bss)
    OSTaskStatStk                            0x20001438   Data         512  os_core.o(.bss)
    OSTaskIdleStk                            0x20001638   Data         512  os_core.o(.bss)
    OSTCBPrioTbl                             0x20001838   Data         256  os_core.o(.bss)
    OSTCBTbl                                 0x20001938   Data        1008  os_core.o(.bss)
    OSMemTbl                                 0x20001d28   Data         120  os_core.o(.bss)
    OSQTbl                                   0x20001da0   Data         120  os_core.o(.bss)
    OSTmrTbl                                 0x20001e18   Data         640  os_core.o(.bss)
    OSTmrTaskStk                             0x20002098   Data         512  os_core.o(.bss)
    OSTmrWheelTbl                            0x20002298   Data          64  os_core.o(.bss)
    mem1base                                 0x200022d8   Data       102400  malloc.o(.bss)
    mem1mapbase                              0x2001b2d8   Data        6400  malloc.o(.bss)
    __libspace_start                         0x2001cbd8   Data          96  libspace.o(.bss)
    __temporary_stack_top$libspace           0x2001cc38   Data           0  libspace.o(.bss)
    mem2base                                 0x68000000   Data       204800  malloc.o(.ARM.__AT_0x68000000)
    mem2mapbase                              0x68032000   Data       12800  malloc.o(.ARM.__AT_0x68032000)



==============================================================================

Memory Map of the image

  Image Entry point : 0x08000189

  Load Region LR_IROM1 (Base: 0x08000000, Size: 0x00021004, Max: 0x00100000, ABSOLUTE, COMPRESSED[0x00020d6c])

    Execution Region ER_IROM1 (Base: 0x08000000, Size: 0x00020c9c, Max: 0x00100000, ABSOLUTE)

    Base Addr    Size         Type   Attr      Idx    E Section Name        Object

    0x08000000   0x00000188   Data   RO          580    RESET               startup_stm32f40_41xxx.o
    0x08000188   0x00000008   Code   RO         2323  * !!!main             c_w.l(__main.o)
    0x08000190   0x00000034   Code   RO         2521    !!!scatter          c_w.l(__scatter.o)
    0x080001c4   0x0000005a   Code   RO         2519    !!dczerorl2         c_w.l(__dczerorl2.o)
    0x0800021e   0x00000002   PAD
    0x08000220   0x0000001c   Code   RO         2523    !!handler_zi        c_w.l(__scatter_zi.o)
    0x0800023c   0x00000000   Code   RO         2308    .ARM.Collect$$_printf_percent$$00000000  c_w.l(_printf_percent.o)
    0x0800023c   0x00000006   Code   RO         2306    .ARM.Collect$$_printf_percent$$00000009  c_w.l(_printf_d.o)
    0x08000242   0x00000006   Code   RO         2307    .ARM.Collect$$_printf_percent$$0000000A  c_w.l(_printf_u.o)
    0x08000248   0x00000006   Code   RO         2305    .ARM.Collect$$_printf_percent$$0000000C  c_w.l(_printf_x.o)
    0x0800024e   0x00000006   Code   RO         2303    .ARM.Collect$$_printf_percent$$00000013  c_w.l(_printf_c.o)
    0x08000254   0x00000006   Code   RO         2304    .ARM.Collect$$_printf_percent$$00000014  c_w.l(_printf_s.o)
    0x0800025a   0x00000004   Code   RO         2355    .ARM.Collect$$_printf_percent$$00000017  c_w.l(_printf_percent_end.o)
    0x0800025e   0x00000002   Code   RO         2444    .ARM.Collect$$libinit$$00000000  c_w.l(libinit.o)
    0x08000260   0x00000004   Code   RO         2390    .ARM.Collect$$libinit$$00000001  c_w.l(libinit2.o)
    0x08000264   0x00000000   Code   RO         2394    .ARM.Collect$$libinit$$00000008  c_w.l(libinit2.o)
    0x08000264   0x00000000   Code   RO         2396    .ARM.Collect$$libinit$$0000000A  c_w.l(libinit2.o)
    0x08000264   0x00000000   Code   RO         2398    .ARM.Collect$$libinit$$0000000C  c_w.l(libinit2.o)
    0x08000264   0x00000006   Code   RO         2399    .ARM.Collect$$libinit$$0000000D  c_w.l(libinit2.o)
    0x0800026a   0x00000000   Code   RO         2401    .ARM.Collect$$libinit$$0000000F  c_w.l(libinit2.o)
    0x0800026a   0x0000000c   Code   RO         2402    .ARM.Collect$$libinit$$00000010  c_w.l(libinit2.o)
    0x08000276   0x00000000   Code   RO         2403    .ARM.Collect$$libinit$$00000011  c_w.l(libinit2.o)
    0x08000276   0x00000000   Code   RO         2405    .ARM.Collect$$libinit$$00000013  c_w.l(libinit2.o)
    0x08000276   0x00000000   Code   RO         2407    .ARM.Collect$$libinit$$00000015  c_w.l(libinit2.o)
    0x08000276   0x00000000   Code   RO         2409    .ARM.Collect$$libinit$$00000017  c_w.l(libinit2.o)
    0x08000276   0x00000000   Code   RO         2411    .ARM.Collect$$libinit$$00000019  c_w.l(libinit2.o)
    0x08000276   0x00000000   Code   RO         2413    .ARM.Collect$$libinit$$0000001B  c_w.l(libinit2.o)
    0x08000276   0x00000000   Code   RO         2415    .ARM.Collect$$libinit$$0000001D  c_w.l(libinit2.o)
    0x08000276   0x00000000   Code   RO         2417    .ARM.Collect$$libinit$$0000001F  c_w.l(libinit2.o)
    0x08000276   0x00000000   Code   RO         2419    .ARM.Collect$$libinit$$00000021  c_w.l(libinit2.o)
    0x08000276   0x00000000   Code   RO         2421    .ARM.Collect$$libinit$$00000023  c_w.l(libinit2.o)
    0x08000276   0x00000000   Code   RO         2425    .ARM.Collect$$libinit$$0000002A  c_w.l(libinit2.o)
    0x08000276   0x00000000   Code   RO         2427    .ARM.Collect$$libinit$$0000002C  c_w.l(libinit2.o)
    0x08000276   0x00000000   Code   RO         2429    .ARM.Collect$$libinit$$0000002E  c_w.l(libinit2.o)
    0x08000276   0x00000000   Code   RO         2431    .ARM.Collect$$libinit$$00000030  c_w.l(libinit2.o)
    0x08000276   0x00000002   Code   RO         2432    .ARM.Collect$$libinit$$00000031  c_w.l(libinit2.o)
    0x08000278   0x00000002   Code   RO         2477    .ARM.Collect$$libshutdown$$00000000  c_w.l(libshutdown.o)
    0x0800027a   0x00000000   Code   RO         2484    .ARM.Collect$$libshutdown$$00000003  c_w.l(libshutdown2.o)
    0x0800027a   0x00000000   Code   RO         2487    .ARM.Collect$$libshutdown$$00000006  c_w.l(libshutdown2.o)
    0x0800027a   0x00000000   Code   RO         2490    .ARM.Collect$$libshutdown$$00000009  c_w.l(libshutdown2.o)
    0x0800027a   0x00000000   Code   RO         2492    .ARM.Collect$$libshutdown$$0000000B  c_w.l(libshutdown2.o)
    0x0800027a   0x00000000   Code   RO         2495    .ARM.Collect$$libshutdown$$0000000E  c_w.l(libshutdown2.o)
    0x0800027a   0x00000002   Code   RO         2496    .ARM.Collect$$libshutdown$$0000000F  c_w.l(libshutdown2.o)
    0x0800027c   0x00000000   Code   RO         2339    .ARM.Collect$$rtentry$$00000000  c_w.l(rtentry.o)
    0x0800027c   0x00000000   Code   RO         2370    .ARM.Collect$$rtentry$$00000002  c_w.l(rtentry2.o)
    0x0800027c   0x00000006   Code   RO         2382    .ARM.Collect$$rtentry$$00000004  c_w.l(rtentry4.o)
    0x08000282   0x00000000   Code   RO         2372    .ARM.Collect$$rtentry$$00000009  c_w.l(rtentry2.o)
    0x08000282   0x00000004   Code   RO         2373    .ARM.Collect$$rtentry$$0000000A  c_w.l(rtentry2.o)
    0x08000286   0x00000000   Code   RO         2375    .ARM.Collect$$rtentry$$0000000C  c_w.l(rtentry2.o)
    0x08000286   0x00000008   Code   RO         2376    .ARM.Collect$$rtentry$$0000000D  c_w.l(rtentry2.o)
    0x0800028e   0x00000002   Code   RO         2447    .ARM.Collect$$rtexit$$00000000  c_w.l(rtexit.o)
    0x08000290   0x00000000   Code   RO         2456    .ARM.Collect$$rtexit$$00000002  c_w.l(rtexit2.o)
    0x08000290   0x00000004   Code   RO         2457    .ARM.Collect$$rtexit$$00000003  c_w.l(rtexit2.o)
    0x08000294   0x00000006   Code   RO         2458    .ARM.Collect$$rtexit$$00000004  c_w.l(rtexit2.o)
    0x0800029a   0x00000002   PAD
    0x0800029c   0x00000244   Code   RO            3    .text               main.o
    0x080004e0   0x00000014   Code   RO          292    .text               stm32f4xx_it.o
    0x080004f4   0x0000020c   Code   RO          341    .text               system_stm32f4xx.o
    0x08000700   0x000003cc   Code   RO          367    .text               ihome_function.o
    0x08000acc   0x00000104   Code   RO          402    .text               key.o
    0x08000bd0   0x00000070   Code   RO          423    .text               led.o
    0x08000c40   0x000001f0   Code   RO          443    .text               timer.o
    0x08000e30   0x00004c8e   Code   RO          471    .text               lcd.o
    0x08005abe   0x00000002   PAD
    0x08005ac0   0x00000394   Code   RO          509    .text               lan8720.o
    0x08005e54   0x000003b4   Code   RO          540    .text               sram.o
    0x08006208   0x00000194   Code   RO          560    .text               dht11.o
    0x0800639c   0x00000040   Code   RO          581    .text               startup_stm32f40_41xxx.o
    0x080063dc   0x000000e4   Code   RO          587    .text               misc.o
    0x080064c0   0x00000294   Code   RO          607    .text               stm32f4xx_gpio.o
    0x08006754   0x0000065c   Code   RO          627    .text               stm32f4xx_rcc.o
    0x08006db0   0x00000098   Code   RO          649    .text               stm32f4xx_syscfg.o
    0x08006e48   0x00000ca2   Code   RO          669    .text               stm32f4xx_tim.o
    0x08007aea   0x00000002   PAD
    0x08007aec   0x00000454   Code   RO          689    .text               stm32f4xx_usart.o
    0x08007f40   0x00000e48   Code   RO          709    .text               stm32f4x7_eth.o
    0x08008d88   0x000005dc   Code   RO          756    .text               stm32f4xx_fsmc.o
    0x08009364   0x00000128   Code   RO          779    .text               delay.o
    0x0800948c   0x00000158   Code   RO          819    .text               usart.o
    0x080095e4   0x00000c3c   Code   RO          850    .text               usmart.o
    0x0800a220   0x00000528   Code   RO          895    .text               usmart_str.o
    0x0800a748   0x000007b0   Code   RO          915    .text               lwip_comm.o
    0x0800aef8   0x00000a90   Code   RO         1021    .text               tcp_client.o
    0x0800b988   0x00000e84   Code   RO         1060    .text               etharp.o
    0x0800c80c   0x00000228   Code   RO         1101    .text               ethernetif.o
    0x0800ca34   0x00000424   Code   RO         1156    .text               icmp.o
    0x0800ce58   0x000002b4   Code   RO         1217    .text               inet_chksum.o
    0x0800d10c   0x00000430   Code   RO         1237    .text               ip.o
    0x0800d53c   0x00000328   Code   RO         1272    .text               ip_addr.o
    0x0800d864   0x00000a28   Code   RO         1309    .text               ip_frag.o
    0x0800e28c   0x0000003e   Code   RO         1334    .text               def.o
    0x0800e2ca   0x00000002   PAD
    0x0800e2cc   0x00001a6c   Code   RO         1354    .text               dhcp.o
    0x0800fd38   0x00000024   Code   RO         1396    .text               init.o
    0x0800fd5c   0x000001d4   Code   RO         1431    .text               memp.o
    0x0800ff30   0x00000344   Code   RO         1472    .text               netif.o
    0x08010274   0x000010ac   Code   RO         1502    .text               pbuf.o
    0x08011320   0x0000024c   Code   RO         1522    .text               raw.o
    0x0801156c   0x000014a4   Code   RO         1558    .text               tcp.o
    0x08012a10   0x00001888   Code   RO         1590    .text               tcp_in.o
    0x08014298   0x0000133e   Code   RO         1621    .text               tcp_out.o
    0x080155d6   0x00000002   PAD
    0x080155d8   0x00000330   Code   RO         1642    .text               timers.o
    0x08015908   0x000005e8   Code   RO         1691    .text               udp.o
    0x08015ef0   0x00000744   Code   RO         1728    .text               mem.o
    0x08016634   0x000003d4   Code   RO         1751    .text               sys_arch.o
    0x08016a08   0x00000c00   Code   RO         1778    .text               api_lib.o
    0x08017608   0x000017bc   Code   RO         1817    .text               api_msg.o
    0x08018dc4   0x000003b8   Code   RO         1860    .text               netbuf.o
    0x0801917c   0x00001c44   Code   RO         1914    .text               sockets.o
    0x0801adc0   0x000003b8   Code   RO         1938    .text               tcpip.o
    0x0801b178   0x0000098c   Code   RO         1969    .text               os_core.o
    0x0801bb04   0x00000818   Code   RO         1997    .text               os_flag.o
    0x0801c31c   0x000001e4   Code   RO         2037    .text               os_mem.o
    0x0801c500   0x000005f8   Code   RO         2077    .text               os_q.o
    0x0801caf8   0x000003dc   Code   RO         2097    .text               os_sem.o
    0x0801ced4   0x000007cc   Code   RO         2117    .text               os_task.o
    0x0801d6a0   0x000001b8   Code   RO         2137    .text               os_time.o
    0x0801d858   0x00000670   Code   RO         2157    .text               os_tmr.o
    0x0801dec8   0x000001e8   Code   RO         2177    .text               os_cpu_c.o
    0x0801e0b0   0x000000c8   Code   RO         2205    .text               os_cpu_a.o
    0x0801e178   0x00000230   Code   RO         2210    .text               malloc.o
    0x0801e3a8   0x00000002   Code   RO         2242    .text               c_w.l(use_no_semi_2.o)
    0x0801e3aa   0x00000002   PAD
    0x0801e3ac   0x00000010   Code   RO         2244    .text               c_w.l(rt_ctype_table.o)
    0x0801e3bc   0x00000018   Code   RO         2250    .text               c_w.l(noretval__2printf.o)
    0x0801e3d4   0x00000028   Code   RO         2252    .text               c_w.l(noretval__2sprintf.o)
    0x0801e3fc   0x00000052   Code   RO         2256    .text               c_w.l(_printf_pad.o)
    0x0801e44e   0x00000052   Code   RO         2258    .text               c_w.l(_printf_str.o)
    0x0801e4a0   0x00000078   Code   RO         2260    .text               c_w.l(_printf_dec.o)
    0x0801e518   0x0000005c   Code   RO         2265    .text               c_w.l(_printf_hex_int.o)
    0x0801e574   0x0000018c   Code   RO         2300    .text               c_w.l(__printf_flags_ss_wp.o)
    0x0801e700   0x00000058   Code   RO         2309    .text               c_w.l(memcmp.o)
    0x0801e758   0x0000003e   Code   RO         2311    .text               c_w.l(strlen.o)
    0x0801e796   0x0000008a   Code   RO         2313    .text               c_w.l(rt_memcpy_v6.o)
    0x0801e820   0x00000044   Code   RO         2315    .text               c_w.l(rt_memclr.o)
    0x0801e864   0x0000004e   Code   RO         2317    .text               c_w.l(rt_memclr_w.o)
    0x0801e8b2   0x00000002   PAD
    0x0801e8b4   0x00000080   Code   RO         2319    .text               c_w.l(strcmpv7m.o)
    0x0801e934   0x00000006   Code   RO         2321    .text               c_w.l(heapauxi.o)
    0x0801e93a   0x00000002   Code   RO         2337    .text               c_w.l(use_no_semi.o)
    0x0801e93c   0x00000008   Code   RO         2343    .text               c_w.l(rt_locale_intlibspace.o)
    0x0801e944   0x000000b8   Code   RO         2345    .text               c_w.l(_printf_intcommon.o)
    0x0801e9fc   0x00000030   Code   RO         2347    .text               c_w.l(_printf_char_common.o)
    0x0801ea2c   0x0000000a   Code   RO         2349    .text               c_w.l(_sputc.o)
    0x0801ea36   0x0000002c   Code   RO         2351    .text               c_w.l(_printf_char.o)
    0x0801ea62   0x00000002   PAD
    0x0801ea64   0x00000024   Code   RO         2353    .text               c_w.l(_printf_char_file.o)
    0x0801ea88   0x00000064   Code   RO         2359    .text               c_w.l(rt_memcpy_w.o)
    0x0801eaec   0x00000008   Code   RO         2366    .text               c_w.l(libspace.o)
    0x0801eaf4   0x00000008   Code   RO         2386    .text               c_w.l(ferror.o)
    0x0801eafc   0x0000004a   Code   RO         2433    .text               c_w.l(sys_stackheap_outer.o)
    0x0801eb46   0x0000000c   Code   RO         2435    .text               c_w.l(exit.o)
    0x0801eb52   0x0000000e   Code   RO         2293    i._is_digit         c_w.l(__printf_wp.o)
    0x0801eb60   0x0000002c   Code   RO         2357    locale$$code        c_w.l(lc_ctype_c.o)
    0x0801eb8c   0x0000005a   Code   RO         2325    x$fpl$dfixu         fz_wm.l(dfixu.o)
    0x0801ebe6   0x00000026   Code   RO         2329    x$fpl$dfltu         fz_wm.l(dflt_clz.o)
    0x0801ec0c   0x00000154   Code   RO         2335    x$fpl$dmul          fz_wm.l(dmul.o)
    0x0801ed60   0x0000009c   Code   RO         2361    x$fpl$dnaninf       fz_wm.l(dnaninf.o)
    0x0801edfc   0x0000000c   Code   RO         2363    x$fpl$dretinf       fz_wm.l(dretinf.o)
    0x0801ee08   0x0000000a   Code   RO         2445    x$fpl$fpinit        fz_wm.l(fpinit.o)
    0x0801ee12   0x00000000   Code   RO         2365    x$fpl$usenofp       fz_wm.l(usenofp.o)
    0x0801ee12   0x000017c0   Data   RO          473    .constdata          lcd.o
    0x080205d2   0x00000002   PAD
    0x080205d4   0x0000001c   Data   RO          757    .constdata          stm32f4xx_fsmc.o
    0x080205f0   0x00000050   Data   RO         1062    .constdata          etharp.o
    0x08020640   0x00000008   Data   RO         1274    .constdata          ip_addr.o
    0x08020648   0x00000089   Data   RO         1356    .constdata          dhcp.o
    0x080206d1   0x00000001   PAD
    0x080206d2   0x00000038   Data   RO         1433    .constdata          memp.o
    0x0802070a   0x00000002   PAD
    0x0802070c   0x00000050   Data   RO         1559    .constdata          tcp.o
    0x0802075c   0x00000055   Data   RO         1622    .constdata          tcp_out.o
    0x080207b1   0x00000003   PAD
    0x080207b4   0x00000004   Data   RO         1752    .constdata          sys_arch.o
    0x080207b8   0x00000040   Data   RO         1916    .constdata          sockets.o
    0x080207f8   0x00000100   Data   RO         1971    .constdata          os_core.o
    0x080208f8   0x00000024   Data   RO         2216    .constdata          malloc.o
    0x0802091c   0x00000028   Data   RO         2266    .constdata          c_w.l(_printf_hex_int.o)
    0x08020944   0x00000011   Data   RO         2301    .constdata          c_w.l(__printf_flags_ss_wp.o)
    0x08020955   0x0000001f   Data   RO          851    .conststring        usmart.o
    0x08020974   0x00000102   Data   RO          874    .conststring        usmart_config.o
    0x08020a76   0x00000093   Data   RO         1434    .conststring        memp.o
    0x08020b09   0x00000061   Data   RO         1560    .conststring        tcp.o
    0x08020b6a   0x00000002   PAD
    0x08020b6c   0x00000020   Data   RO         2517    Region$$Table       anon$$obj.o
    0x08020b8c   0x00000110   Data   RO         2356    locale$$data        c_w.l(lc_ctype_c.o)


    Execution Region RW_IRAM1 (Base: 0x20000000, Size: 0x0001d238, Max: 0x00020000, ABSOLUTE, COMPRESSED[0x000000d0])

    Base Addr    Size         Type   Attr      Idx    E Section Name        Object

    0x20000000   0x00000018   Data   RW            5    .data               main.o
    0x20000018   0x00000014   Data   RW          342    .data               system_stm32f4xx.o
    0x2000002c   0x00000001   Data   RW          403    .data               key.o
    0x2000002d   0x00000003   PAD
    0x20000030   0x00000008   Data   RW          445    .data               timer.o
    0x20000038   0x00000004   Data   RW          474    .data               lcd.o
    0x2000003c   0x00000010   Data   RW          510    .data               lan8720.o
    0x2000004c   0x00000010   Data   RW          628    .data               stm32f4xx_rcc.o
    0x2000005c   0x00000010   Data   RW          711    .data               stm32f4x7_eth.o
    0x2000006c   0x00000004   Data   RW          780    .data               delay.o
    0x20000070   0x00000008   Data   RW          821    .data               usart.o
    0x20000078   0x0000001c   Data   RW          852    .data               usmart.o
    0x20000094   0x00000124   Data   RW          875    .data               usmart_config.o
    0x200001b8   0x0000001c   Data   RW          917    .data               lwip_comm.o
    0x200001d4   0x0000001c   Data   RW         1023    .data               tcp_client.o
    0x200001f0   0x00000001   Data   RW         1063    .data               etharp.o
    0x200001f1   0x00000003   PAD
    0x200001f4   0x00000012   Data   RW         1238    .data               ip.o
    0x20000206   0x00000002   PAD
    0x20000208   0x00000006   Data   RW         1310    .data               ip_frag.o
    0x2000020e   0x00000002   PAD
    0x20000210   0x00000004   Data   RW         1357    .data               dhcp.o
    0x20000214   0x0000003c   Data   RW         1435    .data               memp.o
    0x20000250   0x00000009   Data   RW         1473    .data               netif.o
    0x20000259   0x00000003   PAD
    0x2000025c   0x00000004   Data   RW         1523    .data               raw.o
    0x20000260   0x00000023   Data   RW         1561    .data               tcp.o
    0x20000283   0x00000001   PAD
    0x20000284   0x00000020   Data   RW         1592    .data               tcp_in.o
    0x200002a4   0x00000008   Data   RW         1643    .data               timers.o
    0x200002ac   0x00000008   Data   RW         1692    .data               udp.o
    0x200002b4   0x00000014   Data   RW         1729    .data               mem.o
    0x200002c8   0x00000008   Data   RW         1917    .data               sockets.o
    0x200002d0   0x0000000c   Data   RW         1939    .data               tcpip.o
    0x200002dc   0x00000060   Data   RW         1972    .data               os_core.o
    0x2000033c   0x00000006   Data   RW         2178    .data               os_cpu_c.o
    0x20000342   0x00000002   PAD
    0x20000344   0x00000024   Data   RW         2217    .data               malloc.o
    0x20000368   0x00000614   Zero   RW            4    .bss                main.o
    0x2000097c   0x0000000a   Zero   RW          444    .bss                timer.o
    0x20000986   0x0000000e   Zero   RW          472    .bss                lcd.o
    0x20000994   0x0000000c   Zero   RW          710    .bss                stm32f4x7_eth.o
    0x200009a0   0x000000c8   Zero   RW          820    .bss                usart.o
    0x20000a68   0x0000004c   Zero   RW          916    .bss                lwip_comm.o
    0x20000ab4   0x0000068c   Zero   RW         1022    .bss                tcp_client.o
    0x20001140   0x000000c8   Zero   RW         1061    .bss                etharp.o
    0x20001208   0x00000010   Zero   RW         1273    .bss                ip_addr.o
    0x20001218   0x00000032   Zero   RW         1355    .bss                dhcp.o
    0x2000124a   0x00000002   PAD
    0x2000124c   0x00000038   Zero   RW         1432    .bss                memp.o
    0x20001284   0x00000014   Zero   RW         1591    .bss                tcp_in.o
    0x20001298   0x00000060   Zero   RW         1915    .bss                sockets.o
    0x200012f8   0x00000fe0   Zero   RW         1970    .bss                os_core.o
    0x200022d8   0x0001a900   Zero   RW         2215    .bss                malloc.o
    0x2001cbd8   0x00000060   Zero   RW         2367    .bss                c_w.l(libspace.o)
    0x2001cc38   0x00000200   Zero   RW          579    HEAP                startup_stm32f40_41xxx.o
    0x2001ce38   0x00000400   Zero   RW          578    STACK               startup_stm32f40_41xxx.o



  Load Region LR$$.ARM.__AT_0x10000000 (Base: 0x10000000, Size: 0x00000000, Max: 0x0000f000, ABSOLUTE)

    Execution Region ER$$.ARM.__AT_0x10000000 (Base: 0x10000000, Size: 0x0000f000, Max: 0x0000f000, ABSOLUTE, UNINIT)

    Base Addr    Size         Type   Attr      Idx    E Section Name        Object

    0x10000000   0x0000f000   Zero   RW         2211    .ARM.__AT_0x10000000  malloc.o



  Load Region LR$$.ARM.__AT_0x1000F000 (Base: 0x1000f000, Size: 0x00000000, Max: 0x00000f00, ABSOLUTE)

    Execution Region ER$$.ARM.__AT_0x1000F000 (Base: 0x1000f000, Size: 0x00000f00, Max: 0x00000f00, ABSOLUTE, UNINIT)

    Base Addr    Size         Type   Attr      Idx    E Section Name        Object

    0x1000f000   0x00000f00   Zero   RW         2212    .ARM.__AT_0x1000F000  malloc.o



  Load Region LR$$.ARM.__AT_0x68000000 (Base: 0x68000000, Size: 0x00000000, Max: 0x00032000, ABSOLUTE)

    Execution Region ER$$.ARM.__AT_0x68000000 (Base: 0x68000000, Size: 0x00032000, Max: 0x00032000, ABSOLUTE, UNINIT)

    Base Addr    Size         Type   Attr      Idx    E Section Name        Object

    0x68000000   0x00032000   Zero   RW         2213    .ARM.__AT_0x68000000  malloc.o



  Load Region LR$$.ARM.__AT_0x68032000 (Base: 0x68032000, Size: 0x00000000, Max: 0x00003200, ABSOLUTE)

    Execution Region ER$$.ARM.__AT_0x68032000 (Base: 0x68032000, Size: 0x00003200, Max: 0x00003200, ABSOLUTE, UNINIT)

    Base Addr    Size         Type   Attr      Idx    E Section Name        Object

    0x68032000   0x00003200   Zero   RW         2214    .ARM.__AT_0x68032000  malloc.o


==============================================================================

Image component sizes


      Code (inc. data)   RO Data    RW Data    ZI Data      Debug   Object Name

      3072        816          0          0          0      17057   api_lib.o
      6076       1224          0          0          0      10103   api_msg.o
        62          0          0          0          0       1178   def.o
       296         18          0          4          0       1693   delay.o
      6764       1084        137          4         50      13018   dhcp.o
       404         16          0          0          0       2106   dht11.o
      3716        604         80          1        200       9631   etharp.o
       552        134          0          0          0       4574   ethernetif.o
      1060        372          0          0          0       2558   icmp.o
       972        246          0          0          0       1342   ihome_function.o
         0          0          0          0          0       5588   inet.o
       692        104          0          0          0       2901   inet_chksum.o
        36          0          0          0          0       4480   init.o
      1072        172          0         18          0       6891   ip.o
       808        112          8          0         16       9223   ip_addr.o
      2600        488          0          6          0       7124   ip_frag.o
       260         12          0          1          0        820   key.o
       916         58          0         16          0       3577   lan8720.o
     19598        178       6080          4         14      21998   lcd.o
       112          8          0          0          0        511   led.o
      1968        534          0         28         76      22920   lwip_comm.o
       580        170          0         24       1556     353618   main.o
       560         18         36         36     391680       4631   malloc.o
      1860        568          0         20          0       3982   mem.o
       468        198        203         60         56       2976   memp.o
       228         22          0          0          0       1861   misc.o
       952        340          0          0          0       3849   netbuf.o
       836        126          0          9          0       6217   netif.o
      2444        248        256         96       4064      16788   os_core.o
       200         32          0          0          0        272   os_cpu_a.o
       488          8          0          6          0      11954   os_cpu_c.o
      2072         40          0          0          0       6788   os_flag.o
       484         16          0          0          0       3020   os_mem.o
      1528         36          0          0          0       5429   os_q.o
       988         66          0          0          0       3806   os_sem.o
      1996         70          0          0          0       7429   os_task.o
       440         30          0          0          0       1754   os_time.o
      1648        134          0          0          0       5421   os_tmr.o
      4268       1238          0          0          0       9173   pbuf.o
       588        134          0          4          0       3221   raw.o
      7236        664         64          8         96      17234   sockets.o
       948         46          0          0          0       2195   sram.o
        64         26        392          0       1536        784   startup_stm32f40_41xxx.o
      3656        112          0         16         12      19578   stm32f4x7_eth.o
      1500         60         28          0          0       5618   stm32f4xx_fsmc.o
       660         44          0          0          0       4133   stm32f4xx_gpio.o
        20          0          0          0          0        899   stm32f4xx_it.o
      1628         52          0         16          0      12900   stm32f4xx_rcc.o
       152         18          0          0          0       1853   stm32f4xx_syscfg.o
      3234         60          0          0          0      22336   stm32f4xx_tim.o
      1108         34          0          0          0       7836   stm32f4xx_usart.o
       980        166          4          0          0       6122   sys_arch.o
       524         44          0         20          0       1631   system_stm32f4xx.o
      5284       1098        177         35          0      21363   tcp.o
      2704        532          0         28       1676       6929   tcp_client.o
      6280        960          0         32         20      14855   tcp_in.o
      4926        952         85          0          0       9575   tcp_out.o
       952        194          0         12          0       9552   tcpip.o
       496         26          0          8         10       1701   timer.o
       816        186          0          8          0       3395   timers.o
      1512        202          0          8          0      13869   udp.o
       344         16          0          8        200       3134   usart.o
      3132       1292         31         28          0       4086   usmart.o
         0          0        258        292          0       1432   usmart_config.o
      1320         12          0          0          0       5053   usmart_str.o

    ----------------------------------------------------------------------
    123148      16470       7881        872     401264     799545   Object Totals
         0          0         32          0          0          0   (incl. Generated)
         8          0         10         16          2          0   (incl. Padding)

    ----------------------------------------------------------------------

      Code (inc. data)   RO Data    RW Data    ZI Data      Debug   Library Member Name

        90          0          0          0          0          0   __dczerorl2.o
         8          0          0          0          0         68   __main.o
       396          6         17          0          0         92   __printf_flags_ss_wp.o
        14          0          0          0          0         68   __printf_wp.o
        52          8          0          0          0          0   __scatter.o
        28          0          0          0          0          0   __scatter_zi.o
         6          0          0          0          0          0   _printf_c.o
        44          0          0          0          0        108   _printf_char.o
        48          6          0          0          0         96   _printf_char_common.o
        36          4          0          0          0         80   _printf_char_file.o
         6          0          0          0          0          0   _printf_d.o
       120         18          0          0          0         92   _printf_dec.o
        92          4         40          0          0         88   _printf_hex_int.o
       184          0          0          0          0         88   _printf_intcommon.o
        82          0          0          0          0        108   _printf_pad.o
         0          0          0          0          0          0   _printf_percent.o
         4          0          0          0          0          0   _printf_percent_end.o
         6          0          0          0          0          0   _printf_s.o
        82          0          0          0          0         80   _printf_str.o
         6          0          0          0          0          0   _printf_u.o
         6          0          0          0          0          0   _printf_x.o
        10          0          0          0          0         68   _sputc.o
        12          0          0          0          0         72   exit.o
         8          0          0          0          0         68   ferror.o
         6          0          0          0          0        152   heapauxi.o
        44         10        272          0          0         76   lc_ctype_c.o
         2          0          0          0          0          0   libinit.o
        24          0          0          0          0          0   libinit2.o
         2          0          0          0          0          0   libshutdown.o
         2          0          0          0          0          0   libshutdown2.o
         8          4          0          0         96         68   libspace.o
        88          0          0          0          0         76   memcmp.o
        24          4          0          0          0         84   noretval__2printf.o
        40          6          0          0          0         84   noretval__2sprintf.o
        16          4          0          0          0         76   rt_ctype_table.o
         8          4          0          0          0         68   rt_locale_intlibspace.o
        68          0          0          0          0         68   rt_memclr.o
        78          0          0          0          0         80   rt_memclr_w.o
       138          0          0          0          0         68   rt_memcpy_v6.o
       100          0          0          0          0         80   rt_memcpy_w.o
         0          0          0          0          0          0   rtentry.o
        12          0          0          0          0          0   rtentry2.o
         6          0          0          0          0          0   rtentry4.o
         2          0          0          0          0          0   rtexit.o
        10          0          0          0          0          0   rtexit2.o
       128          0          0          0          0         68   strcmpv7m.o
        62          0          0          0          0         76   strlen.o
        74          0          0          0          0         80   sys_stackheap_outer.o
         2          0          0          0          0         68   use_no_semi.o
         2          0          0          0          0         68   use_no_semi_2.o
        90          4          0          0          0        140   dfixu.o
        38          0          0          0          0        116   dflt_clz.o
       340         12          0          0          0        152   dmul.o
       156          4          0          0          0        140   dnaninf.o
        12          0          0          0          0        116   dretinf.o
        10          0          0          0          0        116   fpinit.o
         0          0          0          0          0          0   usenofp.o

    ----------------------------------------------------------------------
      2942         98        329          0         96       3296   Library Totals
        10          0          0          0          0          0   (incl. Padding)

    ----------------------------------------------------------------------

      Code (inc. data)   RO Data    RW Data    ZI Data      Debug   Library Name

      2286         78        329          0         96       2516   c_w.l
       646         20          0          0          0        780   fz_wm.l

    ----------------------------------------------------------------------
      2942         98        329          0         96       3296   Library Totals

    ----------------------------------------------------------------------

==============================================================================


      Code (inc. data)   RO Data    RW Data    ZI Data      Debug   

    126090      16568       8210        872     401360     788333   Grand Totals
    126090      16568       8210        208     401360     788333   ELF Image Totals (compressed)
    126090      16568       8210        208          0          0   ROM Totals

==============================================================================

    Total RO  Size (Code + RO Data)               134300 ( 131.15kB)
    Total RW  Size (RW Data + ZI Data)            402232 ( 392.80kB)
    Total ROM Size (Code + RO Data + RW Data)     134508 ( 131.36kB)

==============================================================================

