Component: ARM Compiler 5.05 update 1 (build 106) Tool: armlink [4d0efa]

==============================================================================

Section Cross References

    main.o(.text) refers to os_core.o(.text) for OSStatInit
    main.o(.text) refers to os_cpu_a.o(.text) for OS_CPU_SR_Save
    main.o(.text) refers to os_q.o(.text) for OSQCreate
    main.o(.text) refers to lwip_comm.o(.text) for lwip_comm_dhcp_creat
    main.o(.text) refers to malloc.o(.text) for mymalloc
    main.o(.text) refers to os_task.o(.text) for OSTaskCreate
    main.o(.text) refers to delay.o(.text) for delay_init
    main.o(.text) refers to misc.o(.text) for NVIC_PriorityGroupConfig
    main.o(.text) refers to usart.o(.text) for uart_init
    main.o(.text) refers to led.o(.text) for LED_Init
    main.o(.text) refers to lcd.o(.text) for LCD_Init
    main.o(.text) refers to beep.o(.text) for BEEP_Init
    main.o(.text) refers to sram.o(.text) for FSMC_SRAM_Init
    main.o(.text) refers to timer.o(.text) for TIM3_Int_Init
    main.o(.text) refers to pwm.o(.text) for TIM14_PWM_Init
    main.o(.text) refers to lsens.o(.text) for Lsens_Init
    main.o(.text) refers to w25qxx.o(.text) for W25QXX_Init
    main.o(.text) refers to exfuns.o(.text) for exfuns_init
    main.o(.text) refers to ff.o(.text) for f_mount
    main.o(.text) refers to dht11.o(.text) for DHT11_Init
    main.o(.text) refers to text.o(.text) for Show_Str
    main.o(.text) refers to camera.o(.text) for camera_Init
    main.o(.text) refers to ihome_function.o(.bss) for dht11_q
    main.o(.text) refers to ihome_function.o(.data) for dht11_event
    main.o(.text) refers to tcp_client.o(.bss) for tcp_send_q
    main.o(.text) refers to tcp_client.o(.data) for tcp_send_event
    main.o(.text) refers to ihome_function.o(.text) for led_task
    main.o(.text) refers to usmart_config.o(.data) for usmart_dev
    main.o(.text) refers to lcd.o(.data) for POINT_COLOR
    main.o(.text) refers to exfuns.o(.bss) for fs
    main.o(.text) refers to main.o(.data) for sd_ok
    main.o(.text) refers to main.o(.bss) for START_TASK_STK
    system_stm32f4xx.o(.text) refers to system_stm32f4xx.o(.data) for SystemCoreClock
    ihome_function.o(.text) refers to _printf_percent.o(.ARM.Collect$$_printf_percent$$00000000) for _printf_percent
    ihome_function.o(.text) refers to _printf_d.o(.ARM.Collect$$_printf_percent$$00000009) for _printf_d
    ihome_function.o(.text) refers to _printf_s.o(.ARM.Collect$$_printf_percent$$00000014) for _printf_s
    ihome_function.o(.text) refers to _printf_dec.o(.text) for _printf_int_dec
    ihome_function.o(.text) refers to _printf_str.o(.text) for _printf_str
    ihome_function.o(.text) refers to _printf_c.o(.ARM.Collect$$_printf_percent$$00000013) for _printf_c
    ihome_function.o(.text) refers to _printf_x.o(.ARM.Collect$$_printf_percent$$0000000C) for _printf_x
    ihome_function.o(.text) refers to _printf_hex_int.o(.text) for _printf_longlong_hex
    ihome_function.o(.text) refers to noretval__2printf.o(.text) for __2printf
    ihome_function.o(.text) refers to dcmi.o(.text) for My_DCMI_Init
    ihome_function.o(.text) refers to camera.o(.text) for sw_ov2640_mode
    ihome_function.o(.text) refers to ov2640.o(.text) for OV2640_JPEG_Mode
    ihome_function.o(.text) refers to os_time.o(.text) for OSTimeDlyHMSM
    ihome_function.o(.text) refers to os_q.o(.text) for OSQPend
    ihome_function.o(.text) refers to strcmpv7m.o(.text) for strcmp
    ihome_function.o(.text) refers to malloc.o(.text) for mymalloc
    ihome_function.o(.text) refers to noretval__2sprintf.o(.text) for __2sprintf
    ihome_function.o(.text) refers to strlen.o(.text) for strlen
    ihome_function.o(.text) refers to api_lib.o(.text) for netconn_write_partly
    ihome_function.o(.text) refers to rt_memcpy_v6.o(.text) for __aeabi_memcpy
    ihome_function.o(.text) refers to lsens.o(.text) for Lsens_Get_Val
    ihome_function.o(.text) refers to stm32f4xx_tim.o(.text) for TIM_SetCompare1
    ihome_function.o(.text) refers to camera.o(.data) for ov2640_mode
    ihome_function.o(.text) refers to dcmi.o(.data) for dcmi_rx_callback
    ihome_function.o(.text) refers to ihome_function.o(.data) for camera_start
    ihome_function.o(.text) refers to main.o(.constdata) for slave
    ihome_function.o(.text) refers to tcp_server.o(.data) for serverconn
    ihome_function.o(.text) refers to tcp_client.o(.data) for tcp_send_event
    ihome_function.o(.text) refers to dht11.o(.text) for DHT11_Read_Data
    camera.o(.text) refers to _printf_pad.o(.text) for _printf_pre_padding
    camera.o(.text) refers to _printf_percent.o(.ARM.Collect$$_printf_percent$$00000000) for _printf_percent
    camera.o(.text) refers to _printf_d.o(.ARM.Collect$$_printf_percent$$00000009) for _printf_d
    camera.o(.text) refers to _printf_dec.o(.text) for _printf_int_dec
    camera.o(.text) refers to _printf_x.o(.ARM.Collect$$_printf_percent$$0000000C) for _printf_x
[...]
    tcp_abandon                              0x08017fa7   Thumb Code   168  tcp.o(.text)
    tcp_abort                                0x0801804f   Thumb Code    14  tcp.o(.text)
    tcp_bind                                 0x080180bd   Thumb Code   170  tcp.o(.text)
    tcp_listen_with_backlog                  0x0801816f   Thumb Code   420  tcp.o(.text)
    tcp_eff_send_mss                         0x08018313   Thumb Code    46  tcp.o(.text)
    tcp_next_iss                             0x08018341   Thumb Code    20  tcp.o(.text)
    tcp_connect                              0x08018355   Thumb Code   352  tcp.o(.text)
    tcp_setprio                              0x080184b5   Thumb Code     4  tcp.o(.text)
    tcp_alloc                                0x0801853f   Thumb Code   182  tcp.o(.text)
    tcp_new                                  0x080185f5   Thumb Code    10  tcp.o(.text)
    tcp_arg                                  0x080185ff   Thumb Code     4  tcp.o(.text)
    tcp_recv                                 0x08018603   Thumb Code    42  tcp.o(.text)
    tcp_sent                                 0x0801862d   Thumb Code    42  tcp.o(.text)
    tcp_err                                  0x08018657   Thumb Code   258  tcp.o(.text)
    tcp_accept                               0x08018759   Thumb Code     4  tcp.o(.text)
    tcp_poll                                 0x0801875d   Thumb Code    50  tcp.o(.text)
    tcp_debug_state_str                      0x0801878f   Thumb Code    10  tcp.o(.text)
    tcp_input                                0x08019987   Thumb Code  1674  tcp_in.o(.text)
    tcp_enqueue_flags                        0x0801a181   Thumb Code   418  tcp_out.o(.text)
    tcp_send_fin                             0x0801a323   Thumb Code    74  tcp_out.o(.text)
    tcp_write                                0x0801a607   Thumb Code  1744  tcp_out.o(.text)
    tcp_send_empty_ack                       0x0801acd7   Thumb Code    86  tcp_out.o(.text)
    tcp_output                               0x0801adff   Thumb Code   710  tcp_out.o(.text)
    tcp_rst                                  0x0801b0c5   Thumb Code   162  tcp_out.o(.text)
    tcp_rexmit_rto                           0x0801b167   Thumb Code    58  tcp_out.o(.text)
    tcp_rexmit                               0x0801b1a1   Thumb Code    90  tcp_out.o(.text)
    tcp_rexmit_fast                          0x0801b1fb   Thumb Code   120  tcp_out.o(.text)
    tcp_keepalive                            0x0801b273   Thumb Code    84  tcp_out.o(.text)
    tcp_zero_window_probe                    0x0801b2c7   Thumb Code   180  tcp_out.o(.text)
    sys_timeout                              0x0801b37d   Thumb Code   174  timers.o(.text)
    tcp_timer_needed                         0x0801b453   Thumb Code    38  timers.o(.text)
    sys_timeouts_init                        0x0801b4e1   Thumb Code    52  timers.o(.text)
    sys_untimeout                            0x0801b515   Thumb Code    90  timers.o(.text)
    sys_timeouts_mbox_fetch                  0x0801b56f   Thumb Code   132  timers.o(.text)
    udp_init                                 0x0801b6ad   Thumb Code     2  udp.o(.text)
    udp_input                                0x0801b6ff   Thumb Code   512  udp.o(.text)
    udp_bind                                 0x0801b8ff   Thumb Code   170  udp.o(.text)
    udp_sendto_if                            0x0801b9a9   Thumb Code   460  udp.o(.text)
    udp_sendto                               0x0801bb75   Thumb Code    54  udp.o(.text)
    udp_send                                 0x0801bbab   Thumb Code    20  udp.o(.text)
    udp_connect                              0x0801bbbf   Thumb Code    98  udp.o(.text)
    udp_disconnect                           0x0801bc21   Thumb Code    16  udp.o(.text)
    udp_recv                                 0x0801bc31   Thumb Code     6  udp.o(.text)
    udp_remove                               0x0801bc37   Thumb Code    60  udp.o(.text)
    udp_new                                  0x0801bc73   Thumb Code    28  udp.o(.text)
    mem_init                                 0x0801bd6f   Thumb Code   114  mem.o(.text)
    mem_free                                 0x0801bde1   Thumb Code   182  mem.o(.text)
    mem_trim                                 0x0801be97   Thumb Code   338  mem.o(.text)
    mem_malloc                               0x0801bfe9   Thumb Code   796  mem.o(.text)
    mem_calloc                               0x0801c305   Thumb Code    34  mem.o(.text)
    sys_mbox_new                             0x0801c3d9   Thumb Code   108  sys_arch.o(.text)
    sys_mbox_free                            0x0801c445   Thumb Code    56  sys_arch.o(.text)
    sys_mbox_post                            0x0801c47d   Thumb Code    28  sys_arch.o(.text)
    sys_mbox_trypost                         0x0801c499   Thumb Code    32  sys_arch.o(.text)
    sys_arch_mbox_fetch                      0x0801c4b9   Thumb Code   154  sys_arch.o(.text)
    sys_arch_mbox_tryfetch                   0x0801c553   Thumb Code    18  sys_arch.o(.text)
    sys_mbox_valid                           0x0801c565   Thumb Code    56  sys_arch.o(.text)
    sys_mbox_set_invalid                     0x0801c59d   Thumb Code     6  sys_arch.o(.text)
    sys_sem_new                              0x0801c5a3   Thumb Code    62  sys_arch.o(.text)
    sys_arch_sem_wait                        0x0801c5e1   Thumb Code    96  sys_arch.o(.text)
    sys_sem_signal                           0x0801c641   Thumb Code    12  sys_arch.o(.text)
    sys_sem_free                             0x0801c64d   Thumb Code    52  sys_arch.o(.text)
    sys_sem_valid                            0x0801c681   Thumb Code    22  sys_arch.o(.text)
    sys_sem_set_invalid                      0x0801c697   Thumb Code     6  sys_arch.o(.text)
    sys_init                                 0x0801c69d   Thumb Code     2  sys_arch.o(.text)
    sys_thread_new                           0x0801c69f   Thumb Code    66  sys_arch.o(.text)
    sys_msleep                               0x0801c6e1   Thumb Code    12  sys_arch.o(.text)
    sys_now                                  0x0801c6ed   Thumb Code    26  sys_arch.o(.text)
    netconn_new_with_proto_and_callback      0x0801c7ad   Thumb Code   194  api_lib.o(.text)
    netconn_delete                           0x0801c86f   Thumb Code    36  api_lib.o(.text)
    netconn_getaddr                          0x0801c893   Thumb Code   160  api_lib.o(.text)
    netconn_bind                             0x0801c933   Thumb Code    98  api_lib.o(.text)
    netconn_connect                          0x0801c995   Thumb Code    98  api_lib.o(.text)
    netconn_disconnect                       0x0801c9f7   Thumb Code    84  api_lib.o(.text)
    netconn_listen_with_backlog              0x0801ca4b   Thumb Code    86  api_lib.o(.text)
    netconn_accept                           0x0801caa1   Thumb Code   764  api_lib.o(.text)
    netconn_recv_tcp_pbuf                    0x0801cee9   Thumb Code    56  api_lib.o(.text)
    netconn_recv                             0x0801cf21   Thumb Code   270  api_lib.o(.text)
    netconn_recved                           0x0801d02f   Thumb Code    44  api_lib.o(.text)
    netconn_send                             0x0801d05b   Thumb Code    98  api_lib.o(.text)
    netconn_sendto                           0x0801d0bd   Thumb Code    44  api_lib.o(.text)
    netconn_write_partly                     0x0801d0e9   Thumb Code   438  api_lib.o(.text)
    netconn_close                            0x0801d2ff   Thumb Code    14  api_lib.o(.text)
    netconn_shutdown                         0x0801d30d   Thumb Code    36  api_lib.o(.text)
    netconn_free                             0x0801dd15   Thumb Code   328  api_msg.o(.text)
    netconn_alloc                            0x0801de5d   Thumb Code   170  api_msg.o(.text)
    do_newconn                               0x0801e069   Thumb Code    32  api_msg.o(.text)
    do_delconn                               0x0801e155   Thumb Code   636  api_msg.o(.text)
    do_bind                                  0x0801e3d1   Thumb Code   116  api_msg.o(.text)
    do_connect                               0x0801e511   Thumb Code   220  api_msg.o(.text)
    do_disconnect                            0x0801e5ed   Thumb Code    46  api_msg.o(.text)
    do_listen                                0x0801e61b   Thumb Code   386  api_msg.o(.text)
    do_send                                  0x0801e79d   Thumb Code   166  api_msg.o(.text)
    do_recv                                  0x0801e843   Thumb Code    72  api_msg.o(.text)
    do_write                                 0x0801e88b   Thumb Code   166  api_msg.o(.text)
    do_getaddr                               0x0801e931   Thumb Code   198  api_msg.o(.text)
    do_close                                 0x0801e9f7   Thumb Code   184  api_msg.o(.text)
    netbuf_new                               0x0801eae1   Thumb Code    30  netbuf.o(.text)
    netbuf_delete                            0x0801eaff   Thumb Code    32  netbuf.o(.text)
    netbuf_alloc                             0x0801eb1f   Thumb Code   102  netbuf.o(.text)
    netbuf_free                              0x0801eb85   Thumb Code    48  netbuf.o(.text)
    netbuf_ref                               0x0801ebb5   Thumb Code    92  netbuf.o(.text)
    netbuf_chain                             0x0801ec11   Thumb Code    78  netbuf.o(.text)
    netbuf_data                              0x0801ec5f   Thumb Code   122  netbuf.o(.text)
    netbuf_next                              0x0801ecd9   Thumb Code    64  netbuf.o(.text)
    netbuf_first                             0x0801ed19   Thumb Code    36  netbuf.o(.text)
    lwip_socket_init                         0x0801ee91   Thumb Code     2  sockets.o(.text)
    lwip_accept                              0x0801f13d   Thumb Code   660  sockets.o(.text)
    lwip_bind                                0x0801f3d1   Thumb Code   186  sockets.o(.text)
    lwip_close                               0x0801f48b   Thumb Code    94  sockets.o(.text)
    lwip_connect                             0x0801f4e9   Thumb Code   206  sockets.o(.text)
    lwip_listen                              0x0801f5b7   Thumb Code   136  sockets.o(.text)
    lwip_recvfrom                            0x0801f63f   Thumb Code   814  sockets.o(.text)
    lwip_read                                0x0801f96d   Thumb Code    28  sockets.o(.text)
    lwip_recv                                0x0801f989   Thumb Code    34  sockets.o(.text)
    lwip_sendto                              0x0801f9ab   Thumb Code   278  sockets.o(.text)
    lwip_send                                0x0801fac1   Thumb Code   156  sockets.o(.text)
    lwip_socket                              0x0801fb5d   Thumb Code   290  sockets.o(.text)
    lwip_write                               0x0801fc7f   Thumb Code    22  sockets.o(.text)
    lwip_select                              0x0801fe11   Thumb Code   868  sockets.o(.text)
    lwip_shutdown                            0x08020175   Thumb Code   298  sockets.o(.text)
    lwip_getpeername                         0x08020321   Thumb Code    22  sockets.o(.text)
    lwip_getsockname                         0x08020337   Thumb Code    22  sockets.o(.text)
    lwip_getsockopt                          0x0802053d   Thumb Code   408  sockets.o(.text)
    lwip_setsockopt                          0x0802087f   Thumb Code   312  sockets.o(.text)
    lwip_ioctl                               0x080209b7   Thumb Code   108  sockets.o(.text)
    lwip_fcntl                               0x08020a23   Thumb Code   116  sockets.o(.text)
    tcpip_input                              0x08020b8b   Thumb Code    72  tcpip.o(.text)
    tcpip_callback_with_block                0x08020bd3   Thumb Code    90  tcpip.o(.text)
    tcpip_timeout                            0x08020c2d   Thumb Code    64  tcpip.o(.text)
    tcpip_untimeout                          0x08020c6d   Thumb Code    56  tcpip.o(.text)
    tcpip_apimsg                             0x08020ca5   Thumb Code    60  tcpip.o(.text)
    tcpip_callbackmsg_new                    0x08020ce1   Thumb Code    32  tcpip.o(.text)
    tcpip_callbackmsg_delete                 0x08020d01   Thumb Code    14  tcpip.o(.text)
    tcpip_trycallback                        0x08020d0f   Thumb Code    28  tcpip.o(.text)
    tcpip_init                               0x08020d2b   Thumb Code    72  tcpip.o(.text)
    pbuf_free_callback                       0x08020d81   Thumb Code    16  tcpip.o(.text)
    mem_free_callback                        0x08020d91   Thumb Code    16  tcpip.o(.text)
    OS_StrLen                                0x08020e5d   Thumb Code    20  os_core.o(.text)
    OSEventNameGet                           0x08020e71   Thumb Code    98  os_core.o(.text)
    OSEventNameSet                           0x08020ed3   Thumb Code    84  os_core.o(.text)
    OS_TaskStatStkChk                        0x08020f27   Thumb Code    54  os_core.o(.text)
    OS_TaskStat                              0x08020f5d   Thumb Code   116  os_core.o(.text)
    OS_TaskIdle                              0x08021005   Thumb Code    34  os_core.o(.text)
    OS_MemClr                                0x0802105b   Thumb Code    18  os_core.o(.text)
    OSInit                                   0x08021183   Thumb Code    52  os_core.o(.text)
    OSIntEnter                               0x080211b7   Thumb Code    28  os_core.o(.text)
    OSIntExit                                0x080211ed   Thumb Code   260  os_core.o(.text)
    OSSchedLock                              0x080212f1   Thumb Code    50  os_core.o(.text)
    OS_Sched                                 0x08021323   Thumb Code    88  os_core.o(.text)
    OSSchedUnlock                            0x0802137b   Thumb Code    82  os_core.o(.text)
    OSStart                                  0x080213cd   Thumb Code    48  os_core.o(.text)
    OSStatInit                               0x080213fd   Thumb Code    62  os_core.o(.text)
    OSTimeTick                               0x0802143b   Thumb Code   210  os_core.o(.text)
    OSVersion                                0x0802150d   Thumb Code     6  os_core.o(.text)
    OS_Dummy                                 0x08021513   Thumb Code     2  os_core.o(.text)
    OS_EventTaskRemove                       0x08021515   Thumb Code    42  os_core.o(.text)
    OS_EventTaskRdy                          0x0802153f   Thumb Code   114  os_core.o(.text)
    OS_EventTaskWait                         0x080215b1   Thumb Code   112  os_core.o(.text)
    OS_EventWaitListInit                     0x08021621   Thumb Code    28  os_core.o(.text)
    OS_MemCopy                               0x0802163d   Thumb Code    20  os_core.o(.text)
    OS_TCBInit                               0x08021651   Thumb Code   360  os_core.o(.text)
    OSFlagAccept                             0x080217cd   Thumb Code   252  os_flag.o(.text)
    OSFlagCreate                             0x080218c9   Thumb Code    86  os_flag.o(.text)
    OS_FlagUnlink                            0x0802191f   Thumb Code    36  os_flag.o(.text)
    OSFlagDel                                0x08021995   Thumb Code   214  os_flag.o(.text)
    OSFlagNameGet                            0x08021a6b   Thumb Code    80  os_flag.o(.text)
    OSFlagNameSet                            0x08021abb   Thumb Code    66  os_flag.o(.text)
    OSFlagPend                               0x08021b95   Thumb Code   614  os_flag.o(.text)
    OSFlagPendGetFlagsRdy                    0x08021dfb   Thumb Code    26  os_flag.o(.text)
    OSFlagPost                               0x08021e15   Thumb Code   312  os_flag.o(.text)
    OSFlagQuery                              0x08021f4d   Thumb Code    48  os_flag.o(.text)
    OS_FlagInit                              0x08021f7d   Thumb Code    78  os_flag.o(.text)
    OSMemCreate                              0x08021fd9   Thumb Code   118  os_mem.o(.text)
    OSMemGet                                 0x0802204f   Thumb Code    62  os_mem.o(.text)
    OSMemNameGet                             0x0802208d   Thumb Code    60  os_mem.o(.text)
    OSMemNameSet                             0x080220c9   Thumb Code    48  os_mem.o(.text)
    OSMemPut                                 0x080220f9   Thumb Code    54  os_mem.o(.text)
    OSMemQuery                               0x0802212f   Thumb Code    52  os_mem.o(.text)
    OS_MemInit                               0x08022163   Thumb Code    74  os_mem.o(.text)
    OSQAccept                                0x080221bd   Thumb Code    88  os_q.o(.text)
    OSQCreate                                0x08022215   Thumb Code   144  os_q.o(.text)
    OSQDel                                   0x080222a5   Thumb Code   244  os_q.o(.text)
    OSQFlush                                 0x08022399   Thumb Code    36  os_q.o(.text)
    OSQPend                                  0x080223bd   Thumb Code   272  os_q.o(.text)
    OSQPendAbort                             0x080224cd   Thumb Code   128  os_q.o(.text)
    OSQPost                                  0x0802254d   Thumb Code   114  os_q.o(.text)
    OSQPostFront                             0x080225bf   Thumb Code   140  os_q.o(.text)
    OSQPostOpt                               0x0802264b   Thumb Code   182  os_q.o(.text)
    OSQQuery                                 0x08022701   Thumb Code    98  os_q.o(.text)
    OS_QInit                                 0x08022763   Thumb Code    74  os_q.o(.text)
    OSSemAccept                              0x080227b5   Thumb Code    42  os_sem.o(.text)
    OSSemCreate                              0x080227df   Thumb Code    72  os_sem.o(.text)
    OSSemDel                                 0x08022827   Thumb Code   230  os_sem.o(.text)
    OSSemPend                                0x0802290d   Thumb Code   222  os_sem.o(.text)
    OSSemPendAbort                           0x080229eb   Thumb Code   128  os_sem.o(.text)
    OSSemPost                                0x08022a6b   Thumb Code    88  os_sem.o(.text)
    OSSemQuery                               0x08022ac3   Thumb Code    76  os_sem.o(.text)
    OSSemSet                                 0x08022b0f   Thumb Code    66  os_sem.o(.text)
    OSTaskChangePrio                         0x08022b91   Thumb Code   308  os_task.o(.text)
    OSTaskCreate                             0x08022cc5   Thumb Code   148  os_task.o(.text)
    OS_TaskStkClr                            0x08022d59   Thumb Code    26  os_task.o(.text)
    OSTaskCreateExt                          0x08022d73   Thumb Code   170  os_task.o(.text)
    OSTaskDel                                0x08022e1d   Thumb Code   294  os_task.o(.text)
    OSTaskDelReq                             0x08022f43   Thumb Code   144  os_task.o(.text)
    OSTaskNameGet                            0x08022fd3   Thumb Code   114  os_task.o(.text)
    OSTaskNameSet                            0x08023045   Thumb Code    98  os_task.o(.text)
    OSTaskResume                             0x080230a7   Thumb Code   154  os_task.o(.text)
    OSTaskStkChk                             0x08023141   Thumb Code   132  os_task.o(.text)
    OSTaskSuspend                            0x080231c5   Thumb Code   152  os_task.o(.text)
    OSTaskQuery                              0x0802325d   Thumb Code    82  os_task.o(.text)
    OSTaskRegGet                             0x080232af   Thumb Code    60  os_task.o(.text)
    OSTaskRegSet                             0x080232eb   Thumb Code    62  os_task.o(.text)
    OS_TaskReturn                            0x08023329   Thumb Code    18  os_task.o(.text)
    OSTimeDly                                0x08023355   Thumb Code   100  os_time.o(.text)
    OSTimeDlyHMSM                            0x080233b9   Thumb Code    86  os_time.o(.text)
    OSTimeDlyResume                          0x0802340f   Thumb Code   168  os_time.o(.text)
    OSTimeGet                                0x080234b7   Thumb Code    24  os_time.o(.text)
    OSTimeSet                                0x080234cf   Thumb Code    24  os_time.o(.text)
    OSTmrCreate                              0x08023537   Thumb Code    96  os_tmr.o(.text)
    OSTmrDel                                 0x0802360f   Thumb Code   124  os_tmr.o(.text)
    OSTmrNameGet                             0x0802368b   Thumb Code   114  os_tmr.o(.text)
    OSTmrRemainGet                           0x080236fd   Thumb Code   164  os_tmr.o(.text)
    OSTmrStateGet                            0x080237a1   Thumb Code    86  os_tmr.o(.text)
    OSTmrStart                               0x0802385b   Thumb Code   128  os_tmr.o(.text)
    OSTmrStop                                0x080238db   Thumb Code   210  os_tmr.o(.text)
    OSTmrSignal                              0x080239ad   Thumb Code    16  os_tmr.o(.text)
    OSTmr_Init                               0x08023a61   Thumb Code   172  os_tmr.o(.text)
    OSInitHookBegin                          0x08023b75   Thumb Code     8  os_cpu_c.o(.text)
    OSInitHookEnd                            0x08023b7d   Thumb Code     2  os_cpu_c.o(.text)
    OSTaskCreateHook                         0x08023b7f   Thumb Code     2  os_cpu_c.o(.text)
    OSTaskDelHook                            0x08023b81   Thumb Code     2  os_cpu_c.o(.text)
    OSTaskIdleHook                           0x08023b83   Thumb Code     2  os_cpu_c.o(.text)
    OSTaskStatHook                           0x08023b85   Thumb Code     2  os_cpu_c.o(.text)
    OSTaskStkInit                            0x08023b87   Thumb Code   426  os_cpu_c.o(.text)
    OSTaskSwHook                             0x08023d31   Thumb Code     2  os_cpu_c.o(.text)
    OSTCBInitHook                            0x08023d33   Thumb Code     2  os_cpu_c.o(.text)
    OSTimeTickHook                           0x08023d35   Thumb Code    30  os_cpu_c.o(.text)
    OSTaskReturnHook                         0x08023d53   Thumb Code     2  os_cpu_c.o(.text)
    OS_CPU_SR_Save                           0x08023d5d   Thumb Code     0  os_cpu_a.o(.text)
    OS_CPU_SR_Restore                        0x08023d65   Thumb Code     0  os_cpu_a.o(.text)
    OSStartHighRdy                           0x08023d6b   Thumb Code     0  os_cpu_a.o(.text)
    OSCtxSw                                  0x08023d8f   Thumb Code     0  os_cpu_a.o(.text)
    OSIntCtxSw                               0x08023d9d   Thumb Code     0  os_cpu_a.o(.text)
    PendSV_Handler                           0x08023dad   Thumb Code     0  os_cpu_a.o(.text)
    mymemcpy                                 0x08023e25   Thumb Code    26  malloc.o(.text)
    mymemset                                 0x08023e3f   Thumb Code    20  malloc.o(.text)
    mymem_init                               0x08023e53   Thumb Code    54  malloc.o(.text)
    my_mem_perused                           0x08023e89   Thumb Code    54  malloc.o(.text)
    my_mem_malloc                            0x08023ebf   Thumb Code   154  malloc.o(.text)
    my_mem_free                              0x08023f59   Thumb Code    94  malloc.o(.text)
    myfree                                   0x08023fb7   Thumb Code    32  malloc.o(.text)
    mymalloc                                 0x08023fd7   Thumb Code    36  malloc.o(.text)
    myrealloc                                0x08023ffb   Thumb Code    68  malloc.o(.text)
    disk_initialize                          0x08024051   Thumb Code    52  diskio.o(.text)
    disk_status                              0x08024085   Thumb Code     6  diskio.o(.text)
    disk_read                                0x0802408b   Thumb Code   122  diskio.o(.text)
    disk_write                               0x08024105   Thumb Code   122  diskio.o(.text)
    disk_ioctl                               0x0802417f   Thumb Code   170  diskio.o(.text)
    get_fattime                              0x08024229   Thumb Code     4  diskio.o(.text)
    ff_memalloc                              0x0802422d   Thumb Code    14  diskio.o(.text)
    ff_memfree                               0x0802423b   Thumb Code    14  diskio.o(.text)
    clust2sect                               0x080243ff   Thumb Code    26  ff.o(.text)
    get_fat                                  0x08024419   Thumb Code   232  ff.o(.text)
    put_fat                                  0x08024501   Thumb Code   310  ff.o(.text)
    dir_sdi                                  0x080247ab   Thumb Code   158  ff.o(.text)
    f_mount                                  0x0802581d   Thumb Code    86  ff.o(.text)
    f_open                                   0x08025873   Thumb Code   384  ff.o(.text)
    f_read                                   0x080259f3   Thumb Code   448  ff.o(.text)
    f_write                                  0x08025bb3   Thumb Code   490  ff.o(.text)
    f_sync                                   0x08025d9d   Thumb Code   176  ff.o(.text)
    f_close                                  0x08025e4d   Thumb Code    36  ff.o(.text)
    f_lseek                                  0x08025e71   Thumb Code   654  ff.o(.text)
    f_opendir                                0x080260ff   Thumb Code   136  ff.o(.text)
    f_closedir                               0x08026187   Thumb Code    22  ff.o(.text)
    f_readdir                                0x0802619d   Thumb Code   114  ff.o(.text)
    f_stat                                   0x0802620f   Thumb Code    84  ff.o(.text)
    f_getfree                                0x08026263   Thumb Code   258  ff.o(.text)
    f_truncate                               0x08026365   Thumb Code   184  ff.o(.text)
    f_unlink                                 0x0802641d   Thumb Code   194  ff.o(.text)
    f_mkdir                                  0x080264df   Thumb Code   380  ff.o(.text)
    f_chmod                                  0x0802665b   Thumb Code   112  ff.o(.text)
    f_utime                                  0x080266cb   Thumb Code   110  ff.o(.text)
    f_rename                                 0x08026739   Thumb Code   314  ff.o(.text)
    f_getlabel                               0x08026873   Thumb Code   190  ff.o(.text)
    f_setlabel                               0x08026931   Thumb Code   470  ff.o(.text)
    f_mkfs                                   0x08026b07   Thumb Code  1570  ff.o(.text)
    f_gets                                   0x08027129   Thumb Code    82  ff.o(.text)
    f_putc                                   0x080271bf   Thumb Code    64  ff.o(.text)
    f_puts                                   0x080271ff   Thumb Code    74  ff.o(.text)
    f_printf                                 0x08027249   Thumb Code   674  ff.o(.text)
    exfuns_init                              0x080274ed   Thumb Code   114  exfuns.o(.text)
    char_upper                               0x0802755f   Thumb Code    26  exfuns.o(.text)
    f_typetell                               0x08027579   Thumb Code   172  exfuns.o(.text)
    exf_getfree                              0x08027625   Thumb Code    74  exfuns.o(.text)
    ff_convert                               0x08027685   Thumb Code   146  mycc936.o(.text)
    ff_wtoupper                              0x08027717   Thumb Code    46  mycc936.o(.text)
    Get_HzMat                                0x08027751   Thumb Code   220  text.o(.text)
    Show_Font                                0x0802782d   Thumb Code   190  text.o(.text)
    Show_Str                                 0x080278eb   Thumb Code   192  text.o(.text)
    Show_Str_Mid                             0x080279ab   Thumb Code   106  text.o(.text)
    __use_no_semihosting                     0x08027a25   Thumb Code     2  use_no_semi_2.o(.text)
    __rt_ctype_table                         0x08027a29   Thumb Code    16  rt_ctype_table.o(.text)
    __aeabi_ldivmod                          0x08027a39   Thumb Code     0  llsdiv.o(.text)
    _ll_sdiv                                 0x08027a39   Thumb Code    72  llsdiv.o(.text)
    __2printf                                0x08027a81   Thumb Code    20  noretval__2printf.o(.text)
    __2sprintf                               0x08027a99   Thumb Code    34  noretval__2sprintf.o(.text)
    _printf_pre_padding                      0x08027ac1   Thumb Code    44  _printf_pad.o(.text)
    _printf_post_padding                     0x08027aed   Thumb Code    34  _printf_pad.o(.text)
    _printf_str                              0x08027b0f   Thumb Code    82  _printf_str.o(.text)
    _printf_int_dec                          0x08027b61   Thumb Code   104  _printf_dec.o(.text)
    _printf_int_hex                          0x08027bd9   Thumb Code    84  _printf_hex_int.o(.text)
    _printf_longlong_hex                     0x08027bd9   Thumb Code     0  _printf_hex_int.o(.text)
    __printf                                 0x08027c31   Thumb Code   388  __printf_flags_ss_wp.o(.text)
    memcmp                                   0x08027db9   Thumb Code    88  memcmp.o(.text)
    strcpy                                   0x08027e11   Thumb Code    72  strcpy.o(.text)
    strlen                                   0x08027e59   Thumb Code    62  strlen.o(.text)
    __aeabi_memcpy                           0x08027e97   Thumb Code     0  rt_memcpy_v6.o(.text)
    __rt_memcpy                              0x08027e97   Thumb Code   138  rt_memcpy_v6.o(.text)
    _memcpy_lastbytes                        0x08027efd   Thumb Code     0  rt_memcpy_v6.o(.text)
    __aeabi_memclr                           0x08027f21   Thumb Code     0  rt_memclr.o(.text)
    __rt_memclr                              0x08027f21   Thumb Code    68  rt_memclr.o(.text)
    _memset                                  0x08027f25   Thumb Code     0  rt_memclr.o(.text)
    __aeabi_memclr4                          0x08027f65   Thumb Code     0  rt_memclr_w.o(.text)
    __aeabi_memclr8                          0x08027f65   Thumb Code     0  rt_memclr_w.o(.text)
    __rt_memclr_w                            0x08027f65   Thumb Code    78  rt_memclr_w.o(.text)
    _memset_w                                0x08027f69   Thumb Code     0  rt_memclr_w.o(.text)
    strcmp                                   0x08027fb5   Thumb Code   128  strcmpv7m.o(.text)
    __use_two_region_memory                  0x08028035   Thumb Code     2  heapauxi.o(.text)
    __rt_heap_escrow$2region                 0x08028037   Thumb Code     2  heapauxi.o(.text)
    __rt_heap_expand$2region                 0x08028039   Thumb Code     2  heapauxi.o(.text)
    __I$use$semihosting                      0x0802803b   Thumb Code     0  use_no_semi.o(.text)
    __use_no_semihosting_swi                 0x0802803b   Thumb Code     2  use_no_semi.o(.text)
    __rt_locale                              0x0802803d   Thumb Code     8  rt_locale_intlibspace.o(.text)
    __aeabi_uldivmod                         0x08028045   Thumb Code     0  lludivv7m.o(.text)
    _ll_udiv                                 0x08028045   Thumb Code   238  lludivv7m.o(.text)
    _printf_int_common                       0x08028133   Thumb Code   178  _printf_intcommon.o(.text)
    _printf_char_common                      0x080281ef   Thumb Code    32  _printf_char_common.o(.text)
    _sputc                                   0x08028215   Thumb Code    10  _sputc.o(.text)
    _printf_cs_common                        0x0802821f   Thumb Code    20  _printf_char.o(.text)
    _printf_char                             0x08028233   Thumb Code    16  _printf_char.o(.text)
    _printf_string                           0x08028243   Thumb Code     8  _printf_char.o(.text)
    _printf_char_file                        0x0802824d   Thumb Code    32  _printf_char_file.o(.text)
    __aeabi_memcpy4                          0x08028271   Thumb Code     0  rt_memcpy_w.o(.text)
    __aeabi_memcpy8                          0x08028271   Thumb Code     0  rt_memcpy_w.o(.text)
    __rt_memcpy_w                            0x08028271   Thumb Code   100  rt_memcpy_w.o(.text)
    _memcpy_lastbytes_aligned                0x080282b9   Thumb Code     0  rt_memcpy_w.o(.text)
    __user_libspace                          0x080282d5   Thumb Code     8  libspace.o(.text)
    __user_perproc_libspace                  0x080282d5   Thumb Code     0  libspace.o(.text)
    __user_perthread_libspace                0x080282d5   Thumb Code     0  libspace.o(.text)
    ferror                                   0x080282dd   Thumb Code     8  ferror.o(.text)
    __user_setup_stackheap                   0x080282e5   Thumb Code    74  sys_stackheap_outer.o(.text)
    exit                                     0x0802832f   Thumb Code    12  exit.o(.text)
    _is_digit                                0x0802833b   Thumb Code    14  __printf_wp.o(i._is_digit)
    _get_lc_ctype                            0x08028349   Thumb Code    44  lc_ctype_c.o(locale$$code)
    __aeabi_d2uiz                            0x08028375   Thumb Code     0  dfixu.o(x$fpl$dfixu)
    _dfixu                                   0x08028375   Thumb Code    90  dfixu.o(x$fpl$dfixu)
    __aeabi_ui2d                             0x080283cf   Thumb Code     0  dflt_clz.o(x$fpl$dfltu)
    _dfltu                                   0x080283cf   Thumb Code    38  dflt_clz.o(x$fpl$dfltu)
    __aeabi_dmul                             0x080283f5   Thumb Code     0  dmul.o(x$fpl$dmul)
    _dmul                                    0x080283f5   Thumb Code   332  dmul.o(x$fpl$dmul)
    __fpl_dnaninf                            0x08028549   Thumb Code   156  dnaninf.o(x$fpl$dnaninf)
    __fpl_dretinf                            0x080285e5   Thumb Code    12  dretinf.o(x$fpl$dretinf)
    _fp_init                                 0x080285f1   Thumb Code    10  fpinit.o(x$fpl$fpinit)
    __fplib_config_fpu_vfp                   0x080285f9   Thumb Code     0  fpinit.o(x$fpl$fpinit)
    __fplib_config_pureend_doubles           0x080285f9   Thumb Code     0  fpinit.o(x$fpl$fpinit)
    __I$use$fp                               0x080285fa   Number         0  usenofp.o(x$fpl$usenofp)
    master                                   0x080285fa   Data          33  main.o(.constdata)
    slave                                    0x0802861b   Data          33  main.o(.constdata)
    asc2_1206                                0x0802863c   Data        1140  lcd.o(.constdata)
    asc2_1608                                0x08028ab0   Data        1520  lcd.o(.constdata)
    asc2_2412                                0x080290a0   Data        3420  lcd.o(.constdata)
    ov2640_sxga_init_reg_tbl                 0x08029dfc   Data         356  ov2640.o(.constdata)
    ov2640_svga_init_reg_tbl                 0x08029f60   Data         354  ov2640.o(.constdata)
    ov2640_jpeg_reg_tbl                      0x0802a0c2   Data          14  ov2640.o(.constdata)
    ov2640_rgb565_reg_tbl                    0x0802a0d0   Data          28  ov2640.o(.constdata)
    ov2640_yuv422_reg_tbl                    0x0802a0ec   Data          16  ov2640.o(.constdata)
    FSMC_DefaultTimingStruct                 0x0802a124   Data          28  stm32f4xx_fsmc.o(.constdata)
    ethbroadcast                             0x0802a140   Data           6  etharp.o(.constdata)
    ethzero                                  0x0802a146   Data           6  etharp.o(.constdata)
    ip_addr_any                              0x0802a14c   Data           4  ip_addr.o(.constdata)
    ip_addr_broadcast                        0x0802a150   Data           4  ip_addr.o(.constdata)
    tcp_state_str                            0x0802a18c   Data          44  tcp.o(.constdata)
    tcp_backoff                              0x0802a1b8   Data          13  tcp.o(.constdata)
    tcp_persist_backoff                      0x0802a1c5   Data           7  tcp.o(.constdata)
    tcp_pcb_lists                            0x0802a1cc   Data          16  tcp.o(.constdata)
    pvNullPointer                            0x0802a1dc   Data           4  sys_arch.o(.constdata)
    OSUnMapTbl                               0x0802a220   Data         256  os_core.o(.constdata)
    memtblsize                               0x0802a320   Data          12  malloc.o(.constdata)
    memblksize                               0x0802a32c   Data          12  malloc.o(.constdata)
    memsize                                  0x0802a338   Data          12  malloc.o(.constdata)
    FILE_TYPE_TBL                            0x0802a380   Data         112  exfuns.o(.constdata)
    Region$$Table$$Base                      0x0802ab98   Number         0  anon$$obj.o(Region$$Table)
    Region$$Table$$Limit                     0x0802abb8   Number         0  anon$$obj.o(Region$$Table)
    __ctype                                  0x0802abc5   Data           0  lc_ctype_c.o(locale$$data)
    mem3base                                 0x10000000   Data       61440  malloc.o(.ARM.__AT_0x10000000)
    mem3mapbase                              0x1000f000   Data        3840  malloc.o(.ARM.__AT_0x1000F000)
    sd_ok                                    0x20000000   Data           1  main.o(.data)
    password                                 0x20000001   Data          33  main.o(.data)
    SystemCoreClock                          0x20000024   Data           4  system_stm32f4xx.o(.data)
    AHBPrescTable                            0x20000028   Data          16  system_stm32f4xx.o(.data)
    ihome_start_flag                         0x20000038   Data           4  ihome_function.o(.data)
    camera_start                             0x2000003c   Data           4  ihome_function.o(.data)
    LED_TASK_STK                             0x20000040   Data           4  ihome_function.o(.data)
    DHT11_TASK_STK                           0x20000044   Data           4  ihome_function.o(.data)
    CAMERA_TASK_STK                          0x20000048   Data           4  ihome_function.o(.data)
    led_event                                0x2000004c   Data           4  ihome_function.o(.data)
    dht11_event                              0x20000050   Data           4  ihome_function.o(.data)
    camera_event                             0x20000054   Data           4  ihome_function.o(.data)
    pname                                    0x20000058   Data           4  camera.o(.data)
    camera_server_isready                    0x2000005c   Data           4  camera.o(.data)
    ov2640_mode                              0x20000060   Data           1  camera.o(.data)
    jpeg_data_len                            0x20000064   Data           4  camera.o(.data)
    jpeg_data_ok                             0x20000068   Data           1  camera.o(.data)
    jpeg_buf0                                0x2000006c   Data           4  camera.o(.data)
    jpeg_buf1                                0x20000070   Data           4  camera.o(.data)
    jpeg_data_buf                            0x20000074   Data           4  camera.o(.data)
    TIM5CH1_CAPTURE_STA                      0x20000078   Data           1  timer.o(.data)
    TIM5CH1_CAPTURE_VAL                      0x2000007c   Data           4  timer.o(.data)
    POINT_COLOR                              0x20000080   Data           2  lcd.o(.data)
    BACK_COLOR                               0x20000082   Data           2  lcd.o(.data)
    DMARxDscrTab                             0x20000084   Data           4  lan8720.o(.data)
    DMATxDscrTab                             0x20000088   Data           4  lan8720.o(.data)
    Rx_Buff                                  0x2000008c   Data           4  lan8720.o(.data)
    Tx_Buff                                  0x20000090   Data           4  lan8720.o(.data)
    ov_frame                                 0x20000094   Data           1  dcmi.o(.data)
    dcmi_rx_callback                         0x20000098   Data           4  dcmi.o(.data)
    W25QXX_TYPE                              0x2000009c   Data           2  w25qxx.o(.data)
    TransferError                            0x200000aa   Data           1  sdio_sdcard.o(.data)
    TransferEnd                              0x200000ab   Data           1  sdio_sdcard.o(.data)
    tempbuff                                 0x200000ac   Data           4  sdio_sdcard.o(.data)
    DMATxDescToSet                           0x200000c0   Data           4  stm32f4x7_eth.o(.data)
    DMARxDescToGet                           0x200000c4   Data           4  stm32f4x7_eth.o(.data)
    DMA_RX_FRAME_infos                       0x200000c8   Data           4  stm32f4x7_eth.o(.data)
    Frame_Rx_index                           0x200000cc   Data           4  stm32f4x7_eth.o(.data)
    __stdout                                 0x200000d4   Data           4  usart.o(.data)
    USART_RX_STA                             0x200000d8   Data           2  usart.o(.data)
    sys_cmd_tab                              0x200000dc   Data          28  usmart.o(.data)
    usmart_nametab                           0x200000f8   Data          48  usmart_config.o(.data)
    usmart_dev                               0x20000128   Data         244  usmart_config.o(.data)
    server_ip                                0x2000021c   Data           4  lwip_comm.o(.data)
    TCPTimer                                 0x20000220   Data           4  lwip_comm.o(.data)
    ARPTimer                                 0x20000224   Data           4  lwip_comm.o(.data)
    lwip_localtime                           0x20000228   Data           4  lwip_comm.o(.data)
    DHCPfineTimer                            0x2000022c   Data           4  lwip_comm.o(.data)
    DHCPcoarseTimer                          0x20000230   Data           4  lwip_comm.o(.data)
    TCPIP_THREAD_TASK_STK                    0x20000234   Data           4  lwip_comm.o(.data)
    LWIP_DHCP_TASK_STK                       0x20000238   Data           4  lwip_comm.o(.data)
    conn                                     0x2000023c   Data           4  tcp_server.o(.data)
    serverconn                               0x20000240   Data           4  tcp_server.o(.data)
    videoconn                                0x20000244   Data           4  tcp_server.o(.data)
    video_server                             0x20000248   Data           4  tcp_server.o(.data)
    isAccepted                               0x2000024c   Data           1  tcp_server.o(.data)
    isChecked                                0x2000024d   Data           1  tcp_server.o(.data)
    video_isConnected                        0x2000024e   Data           1  tcp_server.o(.data)
    TCPSERVER_TASK_STK                       0x20000250   Data           4  tcp_server.o(.data)
    TCPSERVER_RECV_TASK_STK                  0x20000254   Data           4  tcp_server.o(.data)
    user_addr                                0x20000258   Data           4  tcp_server.o(.data)
    video_addr                               0x2000025c   Data           4  tcp_server.o(.data)
    tcp_clientconn                           0x20000268   Data           4  tcp_client.o(.data)
    isConnected                              0x2000026c   Data           1  tcp_client.o(.data)
    isAuthed                                 0x2000026d   Data           1  tcp_client.o(.data)
    TCP_CLIENT_CONNECT_TASK_STK              0x20000270   Data           4  tcp_client.o(.data)
    TCP_CLIENT_RECV_TASK_STK                 0x20000274   Data           4  tcp_client.o(.data)
    CLIENT_HANDLE_TASK_STK                   0x20000278   Data           4  tcp_client.o(.data)
    TCP_SEND_TASK_STK                        0x2000027c   Data           4  tcp_client.o(.data)
    tcp_handle_event                         0x20000280   Data           4  tcp_client.o(.data)
    tcp_send_event                           0x20000284   Data           4  tcp_client.o(.data)
    current_netif                            0x20000298   Data           4  ip.o(.data)
    current_header                           0x2000029c   Data           4  ip.o(.data)
    current_iphdr_src                        0x200002a0   Data           4  ip.o(.data)
    current_iphdr_dest                       0x200002a4   Data           4  ip.o(.data)
    memp_memory                              0x200002f0   Data           4  memp.o(.data)
    netif_list                               0x200002f4   Data           4  netif.o(.data)
    netif_default                            0x200002f8   Data           4  netif.o(.data)
    tcp_ticks                                0x20000308   Data           4  tcp.o(.data)
    tcp_bound_pcbs                           0x2000030c   Data           4  tcp.o(.data)
    tcp_listen_pcbs                          0x20000310   Data           4  tcp.o(.data)
    tcp_active_pcbs                          0x20000314   Data           4  tcp.o(.data)
    tcp_tw_pcbs                              0x20000318   Data           4  tcp.o(.data)
    tcp_tmp_pcb                              0x2000031c   Data           4  tcp.o(.data)
    tcp_active_pcbs_changed                  0x20000320   Data           1  tcp.o(.data)
    tcp_input_pcb                            0x20000344   Data           4  tcp_in.o(.data)
    udp_pcbs                                 0x20000354   Data           4  udp.o(.data)
    ram_heap                                 0x20000358   Data           4  mem.o(.data)
    OSCtxSwCtr                               0x20000380   Data           4  os_core.o(.data)
    OSEventFreeList                          0x20000384   Data           4  os_core.o(.data)
    OSFlagFreeList                           0x20000388   Data           4  os_core.o(.data)
    OSCPUUsage                               0x2000038c   Data           1  os_core.o(.data)
    OSIdleCtrMax                             0x20000390   Data           4  os_core.o(.data)
    OSIdleCtrRun                             0x20000394   Data           4  os_core.o(.data)
    OSStatRdy                                0x20000398   Data           1  os_core.o(.data)
    OSIntNesting                             0x20000399   Data           1  os_core.o(.data)
    OSLockNesting                            0x2000039a   Data           1  os_core.o(.data)
    OSPrioCur                                0x2000039b   Data           1  os_core.o(.data)
    OSPrioHighRdy                            0x2000039c   Data           1  os_core.o(.data)
    OSRdyGrp                                 0x2000039d   Data           1  os_core.o(.data)
    OSRdyTbl                                 0x2000039e   Data           8  os_core.o(.data)
    OSRunning                                0x200003a6   Data           1  os_core.o(.data)
    OSTaskCtr                                0x200003a7   Data           1  os_core.o(.data)
    OSIdleCtr                                0x200003a8   Data           4  os_core.o(.data)
    OSTCBCur                                 0x200003ac   Data           4  os_core.o(.data)
    OSTCBFreeList                            0x200003b0   Data           4  os_core.o(.data)
    OSTCBHighRdy                             0x200003b4   Data           4  os_core.o(.data)
    OSTCBList                                0x200003b8   Data           4  os_core.o(.data)
    OSTickStepState                          0x200003bc   Data           1  os_core.o(.data)
    OSMemFreeList                            0x200003c0   Data           4  os_core.o(.data)
    OSQFreeList                              0x200003c4   Data           4  os_core.o(.data)
    OSTime                                   0x200003c8   Data           4  os_core.o(.data)
    OSTmrFree                                0x200003cc   Data           2  os_core.o(.data)
    OSTmrUsed                                0x200003ce   Data           2  os_core.o(.data)
    OSTmrTime                                0x200003d0   Data           4  os_core.o(.data)
    OSTmrSem                                 0x200003d4   Data           4  os_core.o(.data)
    OSTmrSemSignal                           0x200003d8   Data           4  os_core.o(.data)
    OSTmrFreeList                            0x200003dc   Data           4  os_core.o(.data)
    OSInterrputSum                           0x200003e0   Data           4  os_cpu_c.o(.data)
    mallco_dev                               0x200003e8   Data          36  malloc.o(.data)
    FLASH_SECTOR_COUNT                       0x2000040c   Data           2  diskio.o(.data)
    file                                     0x20000410   Data           4  exfuns.o(.data)
    ftemp                                    0x20000414   Data           4  exfuns.o(.data)
    br                                       0x20000418   Data           4  exfuns.o(.data)
    bw                                       0x2000041c   Data           4  exfuns.o(.data)
    fatbuf                                   0x20000420   Data           4  exfuns.o(.data)
    START_TASK_STK                           0x20000424   Data         512  main.o(.bss)
    led_q                                    0x20000624   Data          24  ihome_function.o(.bss)
    dht11_q                                  0x2000063c   Data          24  ihome_function.o(.bss)
    camera_q                                 0x20000654   Data          24  ihome_function.o(.bss)
    TIM5_ICInitStructure                     0x2000066c   Data          10  timer.o(.bss)
    lcddev                                   0x20000676   Data          14  lcd.o(.bss)
    DCMI_InitStructure                       0x20000684   Data          14  dcmi.o(.bss)
    W25QXX_BUFFER                            0x20000692   Data        4096  w25qxx.o(.bss)
    SDIO_InitStructure                       0x20001698   Data          24  sdio_sdcard.o(.bss)
    SDIO_CmdInitStructure                    0x200016b0   Data          20  sdio_sdcard.o(.bss)
    SDIO_DataInitStructure                   0x200016c4   Data          24  sdio_sdcard.o(.bss)
    SDCardInfo                               0x20001700   Data          88  sdio_sdcard.o(.bss)
    SDIO_DATA_BUFFER                         0x20001758   Data         512  sdio_sdcard.o(.bss)
    RX_Frame_Descriptor                      0x20001958   Data          12  stm32f4x7_eth.o(.bss)
    USART_RX_BUF                             0x20001964   Data         200  usart.o(.bss)
    lwipdev                                  0x20001a2c   Data          23  lwip_comm.o(.bss)
    lwip_netif                               0x20001a44   Data          52  lwip_comm.o(.bss)
    tcp_handle_q                             0x20001a78   Data          40  tcp_client.o(.bss)
    tcp_send_q                               0x20001aa0   Data          80  tcp_client.o(.bss)
    dhcp_rx_options_val                      0x20001bc8   Data          40  dhcp.o(.bss)
    dhcp_rx_options_given                    0x20001bf0   Data          10  dhcp.o(.bss)
    OSEventTbl                               0x20001ca8   Data         720  os_core.o(.bss)
    OSFlagTbl                                0x20001f78   Data          80  os_core.o(.bss)
    OSTaskStatStk                            0x20001fc8   Data         512  os_core.o(.bss)
    OSTaskIdleStk                            0x200021c8   Data         512  os_core.o(.bss)
    OSTCBPrioTbl                             0x200023c8   Data         256  os_core.o(.bss)
    OSTCBTbl                                 0x200024c8   Data        2688  os_core.o(.bss)
    OSMemTbl                                 0x20002f48   Data         120  os_core.o(.bss)
    OSQTbl                                   0x20002fc0   Data         720  os_core.o(.bss)
    OSTmrTbl                                 0x20003290   Data         640  os_core.o(.bss)
    OSTmrTaskStk                             0x20003510   Data         512  os_core.o(.bss)
    OSTmrWheelTbl                            0x20003710   Data          64  os_core.o(.bss)
    mem1base                                 0x20003760   Data       102400  malloc.o(.bss)
    mem1mapbase                              0x2001c760   Data        6400  malloc.o(.bss)
    fs                                       0x2001e06c   Data          12  exfuns.o(.bss)
    fileinfo                                 0x2001e078   Data          32  exfuns.o(.bss)
    dir                                      0x2001e098   Data          36  exfuns.o(.bss)
    ftinfo                                   0x2001e0bc   Data          33  fontupd.o(.bss)
    __libspace_start                         0x2001e0e0   Data          96  libspace.o(.bss)
    __temporary_stack_top$libspace           0x2001e140   Data           0  libspace.o(.bss)
    mem2base                                 0x68000000   Data       983040  malloc.o(.ARM.__AT_0x68000000)
    mem2mapbase                              0x680f0000   Data       61440  malloc.o(.ARM.__AT_0x680F0000)



==============================================================================

Memory Map of the image

  Image Entry point : 0x08000189

  Load Region LR_IROM1 (Base: 0x08000000, Size: 0x0002b0ec, Max: 0x00100000, ABSOLUTE, COMPRESSED[0x0002adb0])

    Execution Region ER_IROM1 (Base: 0x08000000, Size: 0x0002acc8, Max: 0x00100000, ABSOLUTE)

    Base Addr    Size         Type   Attr      Idx    E Section Name        Object

    0x08000000   0x00000188   Data   RO          973    RESET               startup_stm32f40_41xxx.o
    0x08000188   0x00000008   Code   RO         3101  * !!!main             c_w.l(__main.o)
    0x08000190   0x00000034   Code   RO         3313    !!!scatter          c_w.l(__scatter.o)
    0x080001c4   0x0000005a   Code   RO         3311    !!dczerorl2         c_w.l(__dczerorl2.o)
    0x0800021e   0x00000002   PAD
    0x08000220   0x0000001c   Code   RO         3315    !!handler_zi        c_w.l(__scatter_zi.o)
    0x0800023c   0x00000000   Code   RO         3082    .ARM.Collect$$_printf_percent$$00000000  c_w.l(_printf_percent.o)
    0x0800023c   0x00000006   Code   RO         3080    .ARM.Collect$$_printf_percent$$00000009  c_w.l(_printf_d.o)
    0x08000242   0x00000006   Code   RO         3081    .ARM.Collect$$_printf_percent$$0000000A  c_w.l(_printf_u.o)
    0x08000248   0x00000006   Code   RO         3079    .ARM.Collect$$_printf_percent$$0000000C  c_w.l(_printf_x.o)
    0x0800024e   0x00000006   Code   RO         3077    .ARM.Collect$$_printf_percent$$00000013  c_w.l(_printf_c.o)
    0x08000254   0x00000006   Code   RO         3078    .ARM.Collect$$_printf_percent$$00000014  c_w.l(_printf_s.o)
    0x0800025a   0x00000004   Code   RO         3135    .ARM.Collect$$_printf_percent$$00000017  c_w.l(_printf_percent_end.o)
    0x0800025e   0x00000002   Code   RO         3232    .ARM.Collect$$libinit$$00000000  c_w.l(libinit.o)
    0x08000260   0x00000004   Code   RO         3174    .ARM.Collect$$libinit$$00000001  c_w.l(libinit2.o)
    0x08000264   0x00000000   Code   RO         3177    .ARM.Collect$$libinit$$00000004  c_w.l(libinit2.o)
    0x08000264   0x00000000   Code   RO         3180    .ARM.Collect$$libinit$$0000000A  c_w.l(libinit2.o)
    0x08000264   0x00000000   Code   RO         3182    .ARM.Collect$$libinit$$0000000C  c_w.l(libinit2.o)
    0x08000264   0x00000000   Code   RO         3184    .ARM.Collect$$libinit$$0000000E  c_w.l(libinit2.o)
    0x08000264   0x00000006   Code   RO         3185    .ARM.Collect$$libinit$$0000000F  c_w.l(libinit2.o)
    0x0800026a   0x00000000   Code   RO         3187    .ARM.Collect$$libinit$$00000011  c_w.l(libinit2.o)
    0x0800026a   0x0000000c   Code   RO         3188    .ARM.Collect$$libinit$$00000012  c_w.l(libinit2.o)
    0x08000276   0x00000000   Code   RO         3189    .ARM.Collect$$libinit$$00000013  c_w.l(libinit2.o)
    0x08000276   0x00000000   Code   RO         3191    .ARM.Collect$$libinit$$00000015  c_w.l(libinit2.o)
    0x08000276   0x00000000   Code   RO         3193    .ARM.Collect$$libinit$$00000017  c_w.l(libinit2.o)
    0x08000276   0x00000000   Code   RO         3195    .ARM.Collect$$libinit$$00000019  c_w.l(libinit2.o)
    0x08000276   0x00000000   Code   RO         3197    .ARM.Collect$$libinit$$0000001B  c_w.l(libinit2.o)
    0x08000276   0x00000000   Code   RO         3199    .ARM.Collect$$libinit$$0000001D  c_w.l(libinit2.o)
    0x08000276   0x00000000   Code   RO         3201    .ARM.Collect$$libinit$$0000001F  c_w.l(libinit2.o)
    0x08000276   0x00000000   Code   RO         3203    .ARM.Collect$$libinit$$00000021  c_w.l(libinit2.o)
    0x08000276   0x00000000   Code   RO         3205    .ARM.Collect$$libinit$$00000023  c_w.l(libinit2.o)
    0x08000276   0x00000000   Code   RO         3207    .ARM.Collect$$libinit$$00000025  c_w.l(libinit2.o)
    0x08000276   0x00000000   Code   RO         3211    .ARM.Collect$$libinit$$0000002C  c_w.l(libinit2.o)
    0x08000276   0x00000000   Code   RO         3213    .ARM.Collect$$libinit$$0000002E  c_w.l(libinit2.o)
    0x08000276   0x00000000   Code   RO         3215    .ARM.Collect$$libinit$$00000030  c_w.l(libinit2.o)
    0x08000276   0x00000000   Code   RO         3217    .ARM.Collect$$libinit$$00000032  c_w.l(libinit2.o)
    0x08000276   0x00000002   Code   RO         3218    .ARM.Collect$$libinit$$00000033  c_w.l(libinit2.o)
    0x08000278   0x00000002   Code   RO         3275    .ARM.Collect$$libshutdown$$00000000  c_w.l(libshutdown.o)
    0x0800027a   0x00000000   Code   RO         3282    .ARM.Collect$$libshutdown$$00000003  c_w.l(libshutdown2.o)
    0x0800027a   0x00000000   Code   RO         3285    .ARM.Collect$$libshutdown$$00000006  c_w.l(libshutdown2.o)
    0x0800027a   0x00000000   Code   RO         3288    .ARM.Collect$$libshutdown$$00000009  c_w.l(libshutdown2.o)
    0x0800027a   0x00000000   Code   RO         3290    .ARM.Collect$$libshutdown$$0000000B  c_w.l(libshutdown2.o)
    0x0800027a   0x00000000   Code   RO         3293    .ARM.Collect$$libshutdown$$0000000E  c_w.l(libshutdown2.o)
    0x0800027a   0x00000002   Code   RO         3294    .ARM.Collect$$libshutdown$$0000000F  c_w.l(libshutdown2.o)
    0x0800027c   0x00000000   Code   RO         3117    .ARM.Collect$$rtentry$$00000000  c_w.l(__rtentry.o)
    0x0800027c   0x00000000   Code   RO         3150    .ARM.Collect$$rtentry$$00000002  c_w.l(__rtentry2.o)
    0x0800027c   0x00000006   Code   RO         3162    .ARM.Collect$$rtentry$$00000004  c_w.l(__rtentry4.o)
    0x08000282   0x00000000   Code   RO         3152    .ARM.Collect$$rtentry$$00000009  c_w.l(__rtentry2.o)
    0x08000282   0x00000004   Code   RO         3153    .ARM.Collect$$rtentry$$0000000A  c_w.l(__rtentry2.o)
    0x08000286   0x00000000   Code   RO         3155    .ARM.Collect$$rtentry$$0000000C  c_w.l(__rtentry2.o)
    0x08000286   0x00000008   Code   RO         3156    .ARM.Collect$$rtentry$$0000000D  c_w.l(__rtentry2.o)
    0x0800028e   0x00000002   Code   RO         3235    .ARM.Collect$$rtexit$$00000000  c_w.l(rtexit.o)
    0x08000290   0x00000000   Code   RO         3248    .ARM.Collect$$rtexit$$00000002  c_w.l(rtexit2.o)
    0x08000290   0x00000004   Code   RO         3249    .ARM.Collect$$rtexit$$00000003  c_w.l(rtexit2.o)
    0x08000294   0x00000006   Code   RO         3250    .ARM.Collect$$rtexit$$00000004  c_w.l(rtexit2.o)
    0x0800029a   0x00000002   PAD
    0x0800029c   0x00000010   Code   RO         1271    .emb_text           sys.o
    0x080002ac   0x000003cc   Code   RO            3    .text               main.o
    0x08000678   0x00000014   Code   RO          375    .text               stm32f4xx_it.o
    0x0800068c   0x00000210   Code   RO          424    .text               system_stm32f4xx.o
    0x0800089c   0x00000e48   Code   RO          450    .text               ihome_function.o
    0x080016e4   0x000005a4   Code   RO          521    .text               camera.o
    0x08001c88   0x00000070   Code   RO          576    .text               led.o
    0x08001cf8   0x000001f0   Code   RO          596    .text               timer.o
    0x08001ee8   0x00004c80   Code   RO          624    .text               lcd.o
    0x08006b68   0x00000390   Code   RO          662    .text               lan8720.o
    0x08006ef8   0x000003b4   Code   RO          693    .text               sram.o
    0x080072ac   0x00000194   Code   RO          713    .text               dht11.o
    0x08007440   0x00000068   Code   RO          733    .text               lsens.o
    0x080074a8   0x0000008c   Code   RO          753    .text               adc3.o
    0x08007534   0x000000ac   Code   RO          773    .text               pwm.o
    0x080075e0   0x00000040   Code   RO          796    .text               beep.o
    0x08007620   0x00000304   Code   RO          816    .text               dcmi.o
    0x08007924   0x000005e4   Code   RO          843    .text               ov2640.o
    0x08007f08   0x00000274   Code   RO          869    .text               sccb.o
    0x0800817c   0x00000388   Code   RO          889    .text               w25qxx.o
    0x08008504   0x00001d60   Code   RO          919    .text               sdio_sdcard.o
    0x0800a264   0x00000118   Code   RO          953    .text               spi.o
    0x0800a37c   0x00000040   Code   RO          974    .text               startup_stm32f40_41xxx.o
    0x0800a3bc   0x000000e0   Code   RO          980    .text               misc.o
    0x0800a49c   0x00000294   Code   RO         1000    .text               stm32f4xx_gpio.o
    0x0800a730   0x0000065c   Code   RO         1020    .text               stm32f4xx_rcc.o
    0x0800ad8c   0x00000094   Code   RO         1042    .text               stm32f4xx_syscfg.o
    0x0800ae20   0x00000ca2   Code   RO         1062    .text               stm32f4xx_tim.o
    0x0800bac2   0x00000002   PAD
    0x0800bac4   0x00000454   Code   RO         1082    .text               stm32f4xx_usart.o
    0x0800bf18   0x00000e40   Code   RO         1102    .text               stm32f4x7_eth.o
    0x0800cd58   0x00000464   Code   RO         1126    .text               stm32f4xx_adc.o
    0x0800d1bc   0x000005c8   Code   RO         1146    .text               stm32f4xx_fsmc.o
    0x0800d784   0x000003a8   Code   RO         1169    .text               stm32f4xx_dma.o
    0x0800db2c   0x0000018c   Code   RO         1189    .text               stm32f4xx_dcmi.o
    0x0800dcb8   0x00000480   Code   RO         1209    .text               stm32f4xx_spi.o
    0x0800e138   0x000001dc   Code   RO         1229    .text               stm32f4xx_sdio.o
    0x0800e314   0x00000128   Code   RO         1249    .text               delay.o
    0x0800e43c   0x0000015c   Code   RO         1289    .text               usart.o
    0x0800e598   0x00000c3c   Code   RO         1320    .text               usmart.o
    0x0800f1d4   0x00000528   Code   RO         1365    .text               usmart_str.o
    0x0800f6fc   0x00000760   Code   RO         1385    .text               lwip_comm.o
    0x0800fe5c   0x00000420   Code   RO         1471    .text               tcp_server.o
    0x0801027c   0x000014dc   Code   RO         1512    .text               tcp_client.o
    0x08011758   0x00000e84   Code   RO         1552    .text               etharp.o
    0x080125dc   0x00000228   Code   RO         1587    .text               ethernetif.o
    0x08012804   0x00000424   Code   RO         1638    .text               icmp.o
    0x08012c28   0x000002b4   Code   RO         1699    .text               inet_chksum.o
    0x08012edc   0x00000430   Code   RO         1719    .text               ip.o
    0x0801330c   0x0000032c   Code   RO         1754    .text               ip_addr.o
    0x08013638   0x00000a28   Code   RO         1791    .text               ip_frag.o
    0x08014060   0x0000003e   Code   RO         1816    .text               def.o
    0x0801409e   0x00000002   PAD
    0x080140a0   0x00001a6c   Code   RO         1836    .text               dhcp.o
    0x08015b0c   0x00000024   Code   RO         1878    .text               init.o
    0x08015b30   0x000001d4   Code   RO         1913    .text               memp.o
    0x08015d04   0x00000340   Code   RO         1954    .text               netif.o
    0x08016044   0x000010a0   Code   RO         1984    .text               pbuf.o
    0x080170e4   0x0000024c   Code   RO         2004    .text               raw.o
    0x08017330   0x0000148c   Code   RO         2040    .text               tcp.o
    0x080187bc   0x00001878   Code   RO         2072    .text               tcp_in.o
    0x0801a034   0x00001346   Code   RO         2103    .text               tcp_out.o
    0x0801b37a   0x00000002   PAD
    0x0801b37c   0x00000330   Code   RO         2124    .text               timers.o
    0x0801b6ac   0x000005e8   Code   RO         2173    .text               udp.o
    0x0801bc94   0x00000744   Code   RO         2210    .text               mem.o
    0x0801c3d8   0x000003d4   Code   RO         2233    .text               sys_arch.o
    0x0801c7ac   0x00000ba4   Code   RO         2260    .text               api_lib.o
    0x0801d350   0x00001790   Code   RO         2299    .text               api_msg.o
    0x0801eae0   0x000003b0   Code   RO         2342    .text               netbuf.o
    0x0801ee90   0x00001c14   Code   RO         2396    .text               sockets.o
    0x08020aa4   0x000003b8   Code   RO         2420    .text               tcpip.o
    0x08020e5c   0x00000970   Code   RO         2451    .text               os_core.o
    0x080217cc   0x0000080c   Code   RO         2479    .text               os_flag.o
    0x08021fd8   0x000001e4   Code   RO         2519    .text               os_mem.o
    0x080221bc   0x000005f8   Code   RO         2559    .text               os_q.o
    0x080227b4   0x000003dc   Code   RO         2579    .text               os_sem.o
    0x08022b90   0x000007c4   Code   RO         2599    .text               os_task.o
    0x08023354   0x000001b0   Code   RO         2619    .text               os_time.o
    0x08023504   0x00000670   Code   RO         2639    .text               os_tmr.o
    0x08023b74   0x000001e8   Code   RO         2659    .text               os_cpu_c.o
    0x08023d5c   0x000000c8   Code   RO         2687    .text               os_cpu_a.o
    0x08023e24   0x0000022c   Code   RO         2692    .text               malloc.o
    0x08024050   0x00000200   Code   RO         2847    .text               diskio.o
    0x08024250   0x0000329a   Code   RO         2871    .text               ff.o
    0x080274ea   0x00000002   PAD
    0x080274ec   0x00000198   Code   RO         2892    .text               exfuns.o
    0x08027684   0x000000cc   Code   RO         2944    .text               mycc936.o
    0x08027750   0x000002d4   Code   RO         2994    .text               text.o
    0x08027a24   0x00000002   Code   RO         3014    .text               c_w.l(use_no_semi_2.o)
    0x08027a26   0x00000002   PAD
    0x08027a28   0x00000010   Code   RO         3016    .text               c_w.l(rt_ctype_table.o)
    0x08027a38   0x00000048   Code   RO         3018    .text               c_w.l(llsdiv.o)
    0x08027a80   0x00000018   Code   RO         3024    .text               c_w.l(noretval__2printf.o)
    0x08027a98   0x00000028   Code   RO         3026    .text               c_w.l(noretval__2sprintf.o)
    0x08027ac0   0x0000004e   Code   RO         3030    .text               c_w.l(_printf_pad.o)
    0x08027b0e   0x00000052   Code   RO         3032    .text               c_w.l(_printf_str.o)
    0x08027b60   0x00000078   Code   RO         3034    .text               c_w.l(_printf_dec.o)
    0x08027bd8   0x00000058   Code   RO         3039    .text               c_w.l(_printf_hex_int.o)
    0x08027c30   0x00000188   Code   RO         3074    .text               c_w.l(__printf_flags_ss_wp.o)
    0x08027db8   0x00000058   Code   RO         3083    .text               c_w.l(memcmp.o)
    0x08027e10   0x00000048   Code   RO         3085    .text               c_w.l(strcpy.o)
    0x08027e58   0x0000003e   Code   RO         3087    .text               c_w.l(strlen.o)
    0x08027e96   0x0000008a   Code   RO         3091    .text               c_w.l(rt_memcpy_v6.o)
    0x08027f20   0x00000044   Code   RO         3093    .text               c_w.l(rt_memclr.o)
    0x08027f64   0x0000004e   Code   RO         3095    .text               c_w.l(rt_memclr_w.o)
    0x08027fb2   0x00000002   PAD
    0x08027fb4   0x00000080   Code   RO         3097    .text               c_w.l(strcmpv7m.o)
    0x08028034   0x00000006   Code   RO         3099    .text               c_w.l(heapauxi.o)
    0x0802803a   0x00000002   Code   RO         3115    .text               c_w.l(use_no_semi.o)
    0x0802803c   0x00000008   Code   RO         3121    .text               c_w.l(rt_locale_intlibspace.o)
    0x08028044   0x000000ee   Code   RO         3123    .text               c_w.l(lludivv7m.o)
    0x08028132   0x000000b2   Code   RO         3125    .text               c_w.l(_printf_intcommon.o)
    0x080281e4   0x00000030   Code   RO         3127    .text               c_w.l(_printf_char_common.o)
    0x08028214   0x0000000a   Code   RO         3129    .text               c_w.l(_sputc.o)
    0x0802821e   0x0000002c   Code   RO         3131    .text               c_w.l(_printf_char.o)
    0x0802824a   0x00000002   PAD
    0x0802824c   0x00000024   Code   RO         3133    .text               c_w.l(_printf_char_file.o)
    0x08028270   0x00000064   Code   RO         3139    .text               c_w.l(rt_memcpy_w.o)
    0x080282d4   0x00000008   Code   RO         3146    .text               c_w.l(libspace.o)
    0x080282dc   0x00000008   Code   RO         3170    .text               c_w.l(ferror.o)
    0x080282e4   0x0000004a   Code   RO         3219    .text               c_w.l(sys_stackheap_outer.o)
    0x0802832e   0x0000000c   Code   RO         3223    .text               c_w.l(exit.o)
    0x0802833a   0x0000000e   Code   RO         3067    i._is_digit         c_w.l(__printf_wp.o)
    0x08028348   0x0000002c   Code   RO         3137    locale$$code        c_w.l(lc_ctype_c.o)
    0x08028374   0x0000005a   Code   RO         3103    x$fpl$dfixu         fz_wm.l(dfixu.o)
    0x080283ce   0x00000026   Code   RO         3107    x$fpl$dfltu         fz_wm.l(dflt_clz.o)
    0x080283f4   0x00000154   Code   RO         3113    x$fpl$dmul          fz_wm.l(dmul.o)
    0x08028548   0x0000009c   Code   RO         3141    x$fpl$dnaninf       fz_wm.l(dnaninf.o)
    0x080285e4   0x0000000c   Code   RO         3143    x$fpl$dretinf       fz_wm.l(dretinf.o)
    0x080285f0   0x0000000a   Code   RO         3233    x$fpl$fpinit        fz_wm.l(fpinit.o)
    0x080285fa   0x00000000   Code   RO         3145    x$fpl$usenofp       fz_wm.l(usenofp.o)
    0x080285fa   0x00000042   Data   RO            5    .constdata          main.o
    0x0802863c   0x000017c0   Data   RO          626    .constdata          lcd.o
    0x08029dfc   0x00000328   Data   RO          844    .constdata          ov2640.o
    0x0802a124   0x0000001c   Data   RO         1147    .constdata          stm32f4xx_fsmc.o
    0x0802a140   0x0000000c   Data   RO         1554    .constdata          etharp.o
    0x0802a14c   0x00000008   Data   RO         1756    .constdata          ip_addr.o
    0x0802a154   0x00000038   Data   RO         1915    .constdata          memp.o
    0x0802a18c   0x00000050   Data   RO         2041    .constdata          tcp.o
    0x0802a1dc   0x00000004   Data   RO         2234    .constdata          sys_arch.o
    0x0802a1e0   0x00000040   Data   RO         2398    .constdata          sockets.o
    0x0802a220   0x00000100   Data   RO         2453    .constdata          os_core.o
    0x0802a320   0x00000024   Data   RO         2698    .constdata          malloc.o
    0x0802a344   0x0000003a   Data   RO         2873    .constdata          ff.o
    0x0802a37e   0x00000002   PAD
    0x0802a380   0x00000070   Data   RO         2894    .constdata          exfuns.o
    0x0802a3f0   0x000003c0   Data   RO         2945    .constdata          mycc936.o
    0x0802a7b0   0x00000028   Data   RO         3040    .constdata          c_w.l(_printf_hex_int.o)
    0x0802a7d8   0x00000011   Data   RO         3075    .constdata          c_w.l(__printf_flags_ss_wp.o)
    0x0802a7e9   0x00000003   PAD
    0x0802a7ec   0x00000028   Data   RO         1321    .conststring        usmart.o
    0x0802a814   0x00000107   Data   RO         1344    .conststring        usmart_config.o
    0x0802a91b   0x00000001   PAD
    0x0802a91c   0x00000044   Data   RO         1555    .conststring        etharp.o
    0x0802a960   0x0000008c   Data   RO         1838    .conststring        dhcp.o
    0x0802a9ec   0x000000a0   Data   RO         1916    .conststring        memp.o
    0x0802aa8c   0x0000006d   Data   RO         2042    .conststring        tcp.o
    0x0802aaf9   0x00000003   PAD
    0x0802aafc   0x00000055   Data   RO         2104    .conststring        tcp_out.o
    0x0802ab51   0x00000003   PAD
    0x0802ab54   0x00000044   Data   RO         2895    .conststring        exfuns.o
    0x0802ab98   0x00000020   Data   RO         3309    Region$$Table       anon$$obj.o
    0x0802abb8   0x00000110   Data   RO         3136    locale$$data        c_w.l(lc_ctype_c.o)


    Execution Region RW_IRAM1 (Base: 0x20000000, Size: 0x0001e740, Max: 0x00020000, ABSOLUTE, COMPRESSED[0x000000e8])

    Base Addr    Size         Type   Attr      Idx    E Section Name        Object

    0x20000000   0x00000022   Data   RW            6    .data               main.o
    0x20000022   0x00000002   PAD
    0x20000024   0x00000014   Data   RW          425    .data               system_stm32f4xx.o
    0x20000038   0x00000020   Data   RW          452    .data               ihome_function.o
    0x20000058   0x00000020   Data   RW          522    .data               camera.o
    0x20000078   0x00000008   Data   RW          598    .data               timer.o
    0x20000080   0x00000004   Data   RW          627    .data               lcd.o
    0x20000084   0x00000010   Data   RW          663    .data               lan8720.o
    0x20000094   0x00000008   Data   RW          818    .data               dcmi.o
    0x2000009c   0x00000002   Data   RW          891    .data               w25qxx.o
    0x2000009e   0x00000002   PAD
    0x200000a0   0x00000010   Data   RW          921    .data               sdio_sdcard.o
    0x200000b0   0x00000010   Data   RW         1021    .data               stm32f4xx_rcc.o
    0x200000c0   0x00000010   Data   RW         1104    .data               stm32f4x7_eth.o
    0x200000d0   0x00000004   Data   RW         1250    .data               delay.o
    0x200000d4   0x00000006   Data   RW         1291    .data               usart.o
    0x200000da   0x00000002   PAD
    0x200000dc   0x0000001c   Data   RW         1322    .data               usmart.o
    0x200000f8   0x00000124   Data   RW         1345    .data               usmart_config.o
    0x2000021c   0x00000020   Data   RW         1387    .data               lwip_comm.o
    0x2000023c   0x0000002a   Data   RW         1472    .data               tcp_server.o
    0x20000266   0x00000002   PAD
    0x20000268   0x0000002c   Data   RW         1514    .data               tcp_client.o
    0x20000294   0x00000001   Data   RW         1556    .data               etharp.o
    0x20000295   0x00000003   PAD
    0x20000298   0x00000012   Data   RW         1720    .data               ip.o
    0x200002aa   0x00000002   PAD
    0x200002ac   0x00000006   Data   RW         1792    .data               ip_frag.o
    0x200002b2   0x00000002   PAD
    0x200002b4   0x00000004   Data   RW         1839    .data               dhcp.o
    0x200002b8   0x0000003c   Data   RW         1917    .data               memp.o
    0x200002f4   0x00000009   Data   RW         1955    .data               netif.o
    0x200002fd   0x00000003   PAD
    0x20000300   0x00000004   Data   RW         2005    .data               raw.o
    0x20000304   0x00000024   Data   RW         2043    .data               tcp.o
    0x20000328   0x00000020   Data   RW         2074    .data               tcp_in.o
    0x20000348   0x00000008   Data   RW         2125    .data               timers.o
    0x20000350   0x00000008   Data   RW         2174    .data               udp.o
    0x20000358   0x00000014   Data   RW         2211    .data               mem.o
    0x2000036c   0x00000008   Data   RW         2399    .data               sockets.o
    0x20000374   0x0000000c   Data   RW         2421    .data               tcpip.o
    0x20000380   0x00000060   Data   RW         2454    .data               os_core.o
    0x200003e0   0x00000006   Data   RW         2660    .data               os_cpu_c.o
    0x200003e6   0x00000002   PAD
    0x200003e8   0x00000024   Data   RW         2699    .data               malloc.o
    0x2000040c   0x00000002   Data   RW         2848    .data               diskio.o
    0x2000040e   0x00000002   Data   RW         2874    .data               ff.o
    0x20000410   0x00000014   Data   RW         2896    .data               exfuns.o
    0x20000424   0x00000200   Zero   RW            4    .bss                main.o
    0x20000624   0x00000048   Zero   RW          451    .bss                ihome_function.o
    0x2000066c   0x0000000a   Zero   RW          597    .bss                timer.o
    0x20000676   0x0000000e   Zero   RW          625    .bss                lcd.o
    0x20000684   0x0000000e   Zero   RW          817    .bss                dcmi.o
    0x20000692   0x00001000   Zero   RW          890    .bss                w25qxx.o
    0x20001692   0x00000006   PAD
    0x20001698   0x000002c0   Zero   RW          920    .bss                sdio_sdcard.o
    0x20001958   0x0000000c   Zero   RW         1103    .bss                stm32f4x7_eth.o
    0x20001964   0x000000c8   Zero   RW         1290    .bss                usart.o
    0x20001a2c   0x0000004c   Zero   RW         1386    .bss                lwip_comm.o
    0x20001a78   0x00000078   Zero   RW         1513    .bss                tcp_client.o
    0x20001af0   0x000000c8   Zero   RW         1553    .bss                etharp.o
    0x20001bb8   0x00000010   Zero   RW         1755    .bss                ip_addr.o
    0x20001bc8   0x00000032   Zero   RW         1837    .bss                dhcp.o
    0x20001bfa   0x00000002   PAD
    0x20001bfc   0x00000038   Zero   RW         1914    .bss                memp.o
    0x20001c34   0x00000014   Zero   RW         2073    .bss                tcp_in.o
    0x20001c48   0x00000060   Zero   RW         2397    .bss                sockets.o
    0x20001ca8   0x00001aa8   Zero   RW         2452    .bss                os_core.o
    0x20003750   0x00000010   PAD
    0x20003760   0x0001a900   Zero   RW         2697    .bss                malloc.o
    0x2001e060   0x0000000c   Zero   RW         2872    .bss                ff.o
    0x2001e06c   0x00000050   Zero   RW         2893    .bss                exfuns.o
    0x2001e0bc   0x00000021   Zero   RW         2966    .bss                fontupd.o
    0x2001e0dd   0x00000003   PAD
    0x2001e0e0   0x00000060   Zero   RW         3147    .bss                c_w.l(libspace.o)
    0x2001e140   0x00000200   Zero   RW          972    HEAP                startup_stm32f40_41xxx.o
    0x2001e340   0x00000400   Zero   RW          971    STACK               startup_stm32f40_41xxx.o



  Load Region LR$$.ARM.__AT_0x10000000 (Base: 0x10000000, Size: 0x00000000, Max: 0x0000f000, ABSOLUTE)

    Execution Region ER$$.ARM.__AT_0x10000000 (Base: 0x10000000, Size: 0x0000f000, Max: 0x0000f000, ABSOLUTE, UNINIT)

    Base Addr    Size         Type   Attr      Idx    E Section Name        Object

    0x10000000   0x0000f000   Zero   RW         2693    .ARM.__AT_0x10000000  malloc.o



  Load Region LR$$.ARM.__AT_0x1000F000 (Base: 0x1000f000, Size: 0x00000000, Max: 0x00000f00, ABSOLUTE)

    Execution Region ER$$.ARM.__AT_0x1000F000 (Base: 0x1000f000, Size: 0x00000f00, Max: 0x00000f00, ABSOLUTE, UNINIT)

    Base Addr    Size         Type   Attr      Idx    E Section Name        Object

    0x1000f000   0x00000f00   Zero   RW         2694    .ARM.__AT_0x1000F000  malloc.o



  Load Region LR$$.ARM.__AT_0x68000000 (Base: 0x68000000, Size: 0x00000000, Max: 0x000f0000, ABSOLUTE)

    Execution Region ER$$.ARM.__AT_0x68000000 (Base: 0x68000000, Size: 0x000f0000, Max: 0x000f0000, ABSOLUTE, UNINIT)

    Base Addr    Size         Type   Attr      Idx    E Section Name        Object

    0x68000000   0x000f0000   Zero   RW         2695    .ARM.__AT_0x68000000  malloc.o



  Load Region LR$$.ARM.__AT_0x680F0000 (Base: 0x680f0000, Size: 0x00000000, Max: 0x0000f000, ABSOLUTE)

    Execution Region ER$$.ARM.__AT_0x680F0000 (Base: 0x680f0000, Size: 0x0000f000, Max: 0x0000f000, ABSOLUTE, UNINIT)

    Base Addr    Size         Type   Attr      Idx    E Section Name        Object

    0x680f0000   0x0000f000   Zero   RW         2696    .ARM.__AT_0x680F0000  malloc.o


==============================================================================

Image component sizes


      Code (inc. data)   RO Data    RW Data    ZI Data      Debug   Object Name

       140          4          0          0          0        797   adc3.o
      2980        816          0          0          0      17229   api_lib.o
      6032       1224          0          0          0      10179   api_msg.o
        64          4          0          0          0        520   beep.o
         0          0          0          0          0       2528   bmp.o
      1444        216          0         32          0       3744   camera.o
       772         44          0          8         14       3057   dcmi.o
        62          0          0          0          0       1218   def.o
       296         16          0          4          0       1773   delay.o
      6764       1090        140          4         50      13166   dhcp.o
       404         12          0          0          0       2182   dht11.o
       512          8          0          2          0       4206   diskio.o
      3716        604         80          1        200       9795   etharp.o
       552        134          0          0          0       4730   ethernetif.o
       408         22        180         20         80       2724   exfuns.o
     12954        136         58          2         12      34766   ff.o
         0          0          0          0         33       1409   fontupd.o
      1060        372          0          0          0       2646   icmp.o
      3656        688          0         32         72       9916   ihome_function.o
         0          0          0          0          0       5660   inet.o
       692        104          0          0          0       2989   inet_chksum.o
        36          0          0          0          0       4568   init.o
      1072        172          0         18          0       7095   ip.o
       812        112          8          0         16       9499   ip_addr.o
      2600        486          0          6          0       7308   ip_frag.o
       912         56          0         16          0       3689   lan8720.o
     19584        174       6080          4         14      22226   lcd.o
       112          8          0          0          0        547   led.o
       104          6          0          0          0        743   lsens.o
      1888        696          0         32         76      20302   lwip_comm.o
       972        274         66         34        512     405698   main.o
       556         18         36         36    1218560       4800   malloc.o
      1860        568          0         20          0       4102   mem.o
       468        196        216         60         56       3104   memp.o
       224         20          0          0          0       1933   misc.o
       204         12        960          0          0       1625   mycc936.o
       944        340          0          0          0       3961   netbuf.o
       832        124          0          9          0       6361   netif.o
      2416        246        256         96       6824      16968   os_core.o
       200         32          0          0          0        316   os_cpu_a.o
       488          8          0          6          0      12166   os_cpu_c.o
      2060         42          0          0          0       6880   os_flag.o
       484         16          0          0          0       3104   os_mem.o
      1528         32          0          0          0       5521   os_q.o
       988         64          0          0          0       3886   os_sem.o
      1988         70          0          0          0       7537   os_task.o
       432         30          0          0          0       1794   os_time.o
      1648        134          0          0          0       5501   os_tmr.o
      1508         66        808          0          0       5865   ov2640.o
      4256       1236          0          0          0       9249   pbuf.o
       172         10          0          0          0        753   pwm.o
       588        134          0          4          0       3345   raw.o
       628         12          0          0          0       2015   sccb.o
      7520        282          0         16        704      24933   sdio_sdcard.o
      7188        668         64          8         96      17442   sockets.o
       280          8          0          0          0       1045   spi.o
       948         46          0          0          0       2271   sram.o
        64         26        392          0       1536        824   startup_stm32f40_41xxx.o
      3648         96          0         16         12      19710   stm32f4x7_eth.o
      1124         24          0          0          0      10606   stm32f4xx_adc.o
       396          4          0          0          0       3566   stm32f4xx_dcmi.o
       936         32          0          0          0       6413   stm32f4xx_dma.o
      1480         18         28          0          0       5742   stm32f4xx_fsmc.o
       660         44          0          0          0       4209   stm32f4xx_gpio.o
        20          0          0          0          0        935   stm32f4xx_it.o
      1628         52          0         16          0      13008   stm32f4xx_rcc.o
       476         16          0          0          0       7500   stm32f4xx_sdio.o
      1152         36          0          0          0       6961   stm32f4xx_spi.o
       148         12          0          0          0       1889   stm32f4xx_syscfg.o
      3234         60          0          0          0      22412   stm32f4xx_tim.o
      1108         34          0          0          0       7912   stm32f4xx_usart.o
        16          0          0          0          0        480   sys.o
       980        166          4          0          0       6286   sys_arch.o
       528         46          0         20          0       1747   system_stm32f4xx.o
      5260       1092        189         36          0      21639   tcp.o
      5340       1012          0         44        120       6195   tcp_client.o
      6264        964          0         32         20      15035   tcp_in.o
      4934        954         85          0          0       9691   tcp_out.o
      1056        414          0         42          0       2758   tcp_server.o
       952        194          0         12          0       9668   tcpip.o
       724         16          0          0          0       2964   text.o
       496         24          0          8         10       1777   timer.o
       816        186          0          8          0       3507   timers.o
      1512        202          0          8          0      14165   udp.o
       348         18          0          6        200       3318   usart.o
      3132       1290         40         28          0       4246   usmart.o
         0          0        263        292          0       1548   usmart_config.o
      1320         12          0          0          0       5145   usmart_str.o
       904         34          0          2       4096       4301   w25qxx.o

    ----------------------------------------------------------------------
    161672      18970       9994       1060    1233340     999543   Object Totals
         0          0         32          0          0          0   (incl. Generated)
         8          0          9         20         27          0   (incl. Padding)

    ----------------------------------------------------------------------

      Code (inc. data)   RO Data    RW Data    ZI Data      Debug   Library Member Name

        90          0          0          0          0          0   __dczerorl2.o
         8          0          0          0          0         68   __main.o
       392          4         17          0          0         92   __printf_flags_ss_wp.o
        14          0          0          0          0         68   __printf_wp.o
         0          0          0          0          0          0   __rtentry.o
        12          0          0          0          0          0   __rtentry2.o
         6          0          0          0          0          0   __rtentry4.o
        52          8          0          0          0          0   __scatter.o
        28          0          0          0          0          0   __scatter_zi.o
         6          0          0          0          0          0   _printf_c.o
        44          0          0          0          0        108   _printf_char.o
        48          6          0          0          0         96   _printf_char_common.o
        36          4          0          0          0         80   _printf_char_file.o
         6          0          0          0          0          0   _printf_d.o
       120         16          0          0          0         92   _printf_dec.o
        88          4         40          0          0         88   _printf_hex_int.o
       178          0          0          0          0         88   _printf_intcommon.o
        78          0          0          0          0        108   _printf_pad.o
         0          0          0          0          0          0   _printf_percent.o
         4          0          0          0          0          0   _printf_percent_end.o
         6          0          0          0          0          0   _printf_s.o
        82          0          0          0          0         80   _printf_str.o
         6          0          0          0          0          0   _printf_u.o
         6          0          0          0          0          0   _printf_x.o
        10          0          0          0          0         68   _sputc.o
        12          0          0          0          0         72   exit.o
         8          0          0          0          0         68   ferror.o
         6          0          0          0          0        152   heapauxi.o
        44         10        272          0          0         76   lc_ctype_c.o
         2          0          0          0          0          0   libinit.o
        24          0          0          0          0          0   libinit2.o
         2          0          0          0          0          0   libshutdown.o
         2          0          0          0          0          0   libshutdown2.o
         8          4          0          0         96         68   libspace.o
        72          0          0          0          0         76   llsdiv.o
       238          0          0          0          0        100   lludivv7m.o
        88          0          0          0          0         76   memcmp.o
        24          4          0          0          0         84   noretval__2printf.o
        40          6          0          0          0         84   noretval__2sprintf.o
        16          4          0          0          0         76   rt_ctype_table.o
         8          4          0          0          0         68   rt_locale_intlibspace.o
        68          0          0          0          0         68   rt_memclr.o
        78          0          0          0          0         80   rt_memclr_w.o
       138          0          0          0          0         68   rt_memcpy_v6.o
       100          0          0          0          0         80   rt_memcpy_w.o
         2          0          0          0          0          0   rtexit.o
        10          0          0          0          0          0   rtexit2.o
       128          0          0          0          0         68   strcmpv7m.o
        72          0          0          0          0         80   strcpy.o
        62          0          0          0          0         76   strlen.o
        74          0          0          0          0         80   sys_stackheap_outer.o
         2          0          0          0          0         68   use_no_semi.o
         2          0          0          0          0         68   use_no_semi_2.o
        90          4          0          0          0        140   dfixu.o
        38          0          0          0          0        116   dflt_clz.o
       340         12          0          0          0        152   dmul.o
       156          4          0          0          0        140   dnaninf.o
        12          0          0          0          0        116   dretinf.o
        10          0          0          0          0        116   fpinit.o
         0          0          0          0          0          0   usenofp.o

    ----------------------------------------------------------------------
      3306         94        332          0         96       3552   Library Totals
        10          0          3          0          0          0   (incl. Padding)

    ----------------------------------------------------------------------

      Code (inc. data)   RO Data    RW Data    ZI Data      Debug   Library Name

      2650         74        329          0         96       2772   c_w.l
       646         20          0          0          0        780   fz_wm.l

    ----------------------------------------------------------------------
      3306         94        332          0         96       3552   Library Totals

    ----------------------------------------------------------------------

==============================================================================


      Code (inc. data)   RO Data    RW Data    ZI Data      Debug   

    164978      19064      10326       1060    1233436     983935   Grand Totals
    164978      19064      10326        232    1233436     983935   ELF Image Totals (compressed)
    164978      19064      10326        232          0          0   ROM Totals

==============================================================================

    Total RO  Size (Code + RO Data)               175304 ( 171.20kB)
    Total RW  Size (RW Data + ZI Data)           1234496 (1205.56kB)
    Total ROM Size (Code + RO Data + RW Data)     175536 ( 171.42kB)

==============================================================================

