ARM Linker, 5.03 [Build 24] [MDK-ARM Standard]

==============================================================================

Section Cross References

    main.o(.text) refers to os_core.o(.text) for OSStatInit
    main.o(.text) refers to os_cpu_a.o(.text) for OS_CPU_SR_Save
    main.o(.text) refers to os_q.o(.text) for OSQCreate
    main.o(.text) refers to lwip_comm.o(.text) for lwip_comm_dhcp_creat
    main.o(.text) refers to malloc.o(.text) for mymalloc
    main.o(.text) refers to os_task.o(.text) for OSTaskCreate
    main.o(.text) refers to delay.o(.text) for delay_init
    main.o(.text) refers to misc.o(.text) for NVIC_PriorityGroupConfig
    main.o(.text) refers to usart.o(.text) for uart_init
    main.o(.text) refers to led.o(.text) for LED_Init
    main.o(.text) refers to key.o(.text) for KEY_Init
    main.o(.text) refers to lcd.o(.text) for LCD_Init
    main.o(.text) refers to sram.o(.text) for FSMC_SRAM_Init
    main.o(.text) refers to pwm.o(.text) for TIM14_PWM_Init
    main.o(.text) refers to lsens.o(.text) for Lsens_Init
    main.o(.text) refers to dht11.o(.text) for DHT11_Init
    main.o(.text) refers to os_time.o(.text) for OSTimeDlyHMSM
    main.o(.text) refers to ihome_function.o(.bss) for dht11_q
    main.o(.text) refers to ihome_function.o(.data) for dht11_event
    main.o(.text) refers to tcp_client.o(.bss) for tcp_send_q
    main.o(.text) refers to tcp_client.o(.data) for tcp_send_event
    main.o(.text) refers to ihome_function.o(.text) for led_task
    main.o(.text) refers to usmart_config.o(.data) for usmart_dev
    main.o(.text) refers to lcd.o(.data) for POINT_COLOR
    main.o(.text) refers to main.o(.bss) for START_TASK_STK
    system_stm32f4xx.o(.text) refers to system_stm32f4xx.o(.data) for SystemCoreClock
    ihome_function.o(.text) refers to _printf_percent.o(.ARM.Collect$$_printf_percent$$00000000) for _printf_percent
    ihome_function.o(.text) refers to _printf_d.o(.ARM.Collect$$_printf_percent$$00000009) for _printf_d
    ihome_function.o(.text) refers to _printf_s.o(.ARM.Collect$$_printf_percent$$00000014) for _printf_s
    ihome_function.o(.text) refers to _printf_dec.o(.text) for _printf_int_dec
    ihome_function.o(.text) refers to _printf_str.o(.text) for _printf_str
    ihome_function.o(.text) refers to _printf_c.o(.ARM.Collect$$_printf_percent$$00000013) for _printf_c
    ihome_function.o(.text) refers to lsens.o(.text) for Lsens_Get_Val
    ihome_function.o(.text) refers to stm32f4xx_tim.o(.text) for TIM_SetCompare1
    ihome_function.o(.text) refers to os_q.o(.text) for OSQPend
    ihome_function.o(.text) refers to strcmpv7m.o(.text) for strcmp
    ihome_function.o(.text) refers to noretval__2printf.o(.text) for __2printf
    ihome_function.o(.text) refers to malloc.o(.text) for myfree
    ihome_function.o(.text) refers to noretval__2sprintf.o(.text) for __2sprintf
    ihome_function.o(.text) refers to os_time.o(.text) for OSTimeDlyHMSM
    ihome_function.o(.text) refers to ihome_function.o(.data) for ihome_start_flag
    ihome_function.o(.text) refers to tcp_client.o(.data) for tcp_send_event
    ihome_function.o(.text) refers to main.o(.constdata) for slave
    ihome_function.o(.text) refers to dht11.o(.text) for DHT11_Read_Data
    key.o(.text) refers to stm32f4xx_rcc.o(.text) for RCC_AHB1PeriphClockCmd
    key.o(.text) refers to stm32f4xx_gpio.o(.text) for GPIO_Init
    key.o(.text) refers to delay.o(.text) for delay_ms
    key.o(.text) refers to key.o(.data) for key_up
    led.o(.text) refers to stm32f4xx_rcc.o(.text) for RCC_AHB1PeriphClockCmd
    led.o(.text) refers to stm32f4xx_gpio.o(.text) for GPIO_Init
    timer.o(.text) refers to stm32f4xx_rcc.o(.text) for RCC_APB1PeriphClockCmd
    timer.o(.text) refers to stm32f4xx_tim.o(.text) for TIM_TimeBaseInit
    timer.o(.text) refers to misc.o(.text) for NVIC_Init
    timer.o(.text) refers to stm32f4xx_gpio.o(.text) for GPIO_Init
    timer.o(.text) refers to timer.o(.bss) for TIM5_ICInitStructure
    timer.o(.text) refers to timer.o(.data) for TIM5CH1_CAPTURE_STA
    lcd.o(.text) refers to _printf_percent.o(.ARM.Collect$$_printf_percent$$00000000) for _printf_percent
    lcd.o(.text) refers to _printf_x.o(.ARM.Collect$$_printf_percent$$0000000C) for _printf_x
    lcd.o(.text) refers to _printf_hex_int.o(.text) for _printf_longlong_hex
    lcd.o(.text) refers to delay.o(.text) for delay_us
    lcd.o(.text) refers to lcd.o(.bss) for lcddev
    lcd.o(.text) refers to lcd.o(.data) for POINT_COLOR
    lcd.o(.text) refers to dflt_clz.o(x$fpl$dfltu) for __aeabi_ui2d
    lcd.o(.text) refers to dmul.o(x$fpl$dmul) for __aeabi_dmul
    lcd.o(.text) refers to dfixu.o(x$fpl$dfixu) for __aeabi_d2uiz
    lcd.o(.text) refers to stm32f4xx_rcc.o(.text) for RCC_AHB1PeriphClockCmd
    lcd.o(.text) refers to stm32f4xx_gpio.o(.text) for GPIO_Init
    lcd.o(.text) refers to stm32f4xx_fsmc.o(.text) for FSMC_NORSRAMInit
    lcd.o(.text) refers to noretval__2printf.o(.text) for __2printf
[...]
    FSMC_ClearFlag                           0x08009e23   Thumb Code   114  stm32f4xx_fsmc.o(.text)
    FSMC_GetITStatus                         0x08009e95   Thumb Code    60  stm32f4xx_fsmc.o(.text)
    FSMC_ClearITPendingBit                   0x08009ed1   Thumb Code    64  stm32f4xx_fsmc.o(.text)
    delay_schedlock                          0x08009f19   Thumb Code     8  delay.o(.text)
    delay_schedunlock                        0x08009f21   Thumb Code     8  delay.o(.text)
    delay_ostimedly                          0x08009f29   Thumb Code    12  delay.o(.text)
    SysTick_Handler                          0x08009f35   Thumb Code    24  delay.o(.text)
    delay_init                               0x08009f4d   Thumb Code    74  delay.o(.text)
    delay_us                                 0x08009f97   Thumb Code    86  delay.o(.text)
    delay_ms                                 0x08009fed   Thumb Code    66  delay.o(.text)
    _sys_exit                                0x0800a041   Thumb Code     6  usart.o(.text)
    fputc                                    0x0800a047   Thumb Code    20  usart.o(.text)
    uart_init                                0x0800a05b   Thumb Code   172  usart.o(.text)
    USART1_IRQHandler                        0x0800a107   Thumb Code   130  usart.o(.text)
    usmart_sys_cmd_exe                       0x0800a199   Thumb Code  1554  usmart.o(.text)
    usmart_reset_runtime                     0x0800a7ab   Thumb Code    38  usmart.o(.text)
    usmart_get_runtime                       0x0800a7d1   Thumb Code    56  usmart.o(.text)
    TIM4_IRQHandler                          0x0800a809   Thumb Code    50  usmart.o(.text)
    Timer4_Init                              0x0800a83b   Thumb Code    90  usmart.o(.text)
    usmart_init                              0x0800a895   Thumb Code    36  usmart.o(.text)
    usmart_cmd_rec                           0x0800a8b9   Thumb Code   170  usmart.o(.text)
    usmart_exe                               0x0800a963   Thumb Code   872  usmart.o(.text)
    usmart_scan                              0x0800accb   Thumb Code   118  usmart.o(.text)
    read_addr                                0x0800ad41   Thumb Code     6  usmart.o(.text)
    write_addr                               0x0800ad47   Thumb Code     4  usmart.o(.text)
    usmart_strcmp                            0x0800add5   Thumb Code    34  usmart_str.o(.text)
    usmart_strcopy                           0x0800adf7   Thumb Code    22  usmart_str.o(.text)
    usmart_strlen                            0x0800ae0d   Thumb Code    24  usmart_str.o(.text)
    usmart_pow                               0x0800ae25   Thumb Code    22  usmart_str.o(.text)
    usmart_str2num                           0x0800ae3b   Thumb Code   202  usmart_str.o(.text)
    usmart_get_cmdname                       0x0800af05   Thumb Code    54  usmart_str.o(.text)
    usmart_search_nextc                      0x0800af3b   Thumb Code    22  usmart_str.o(.text)
    usmart_get_fname                         0x0800af51   Thumb Code   440  usmart_str.o(.text)
    usmart_get_aparm                         0x0800b109   Thumb Code   200  usmart_str.o(.text)
    usmart_get_parmpos                       0x0800b1d1   Thumb Code    26  usmart_str.o(.text)
    usmart_get_fparam                        0x0800b1eb   Thumb Code   262  usmart_str.o(.text)
    lwip_pkt_handle                          0x0800b2fd   Thumb Code    10  lwip_comm.o(.text)
    lwip_comm_mem_free                       0x0800b307   Thumb Code    44  lwip_comm.o(.text)
    lwip_comm_mem_malloc                     0x0800b333   Thumb Code   100  lwip_comm.o(.text)
    lwip_comm_default_ip_set                 0x0800b397   Thumb Code    96  lwip_comm.o(.text)
    lwip_comm_init                           0x0800b3f7   Thumb Code   118  lwip_comm.o(.text)
    lwip_comm_dhcp_delete                    0x0800b46d   Thumb Code    16  lwip_comm.o(.text)
    lwip_dhcp_task                           0x0800b47d   Thumb Code  1300  lwip_comm.o(.text)
    lwip_comm_dhcp_creat                     0x0800b991   Thumb Code    36  lwip_comm.o(.text)
    lwip_periodic_handle                     0x0800b9b5   Thumb Code   140  lwip_comm.o(.text)
    tcp_server_recv                          0x0800ba5d   Thumb Code   258  tcp_server.o(.text)
    tcp_server_task                          0x0800bb5f   Thumb Code   316  tcp_server.o(.text)
    tcp_server_init                          0x0800bc9b   Thumb Code    92  tcp_server.o(.text)
    tcp_send_task                            0x0800be69   Thumb Code   262  tcp_client.o(.text)
    tcp_handle_task                          0x0800bf6f   Thumb Code  3196  tcp_client.o(.text)
    tcp_client_recv                          0x0800cbeb   Thumb Code   324  tcp_client.o(.text)
    tcp_client_connect                       0x0800cd2f   Thumb Code   384  tcp_client.o(.text)
    tcp_client_init                          0x0800ceaf   Thumb Code   166  tcp_client.o(.text)
    etharp_tmr                               0x0800d0f1   Thumb Code   144  etharp.o(.text)
    etharp_cleanup_netif                     0x0800d5cf   Thumb Code    52  etharp.o(.text)
    etharp_find_addr                         0x0800d603   Thumb Code   110  etharp.o(.text)
    etharp_request                           0x0800d8e3   Thumb Code    40  etharp.o(.text)
    etharp_query                             0x0800d999   Thumb Code   646  etharp.o(.text)
    etharp_output                            0x0800dc1f   Thumb Code   392  etharp.o(.text)
    ethernet_input                           0x0800dda7   Thumb Code   204  etharp.o(.text)
    ethernetif_input                         0x0800e03f   Thumb Code    48  ethernetif.o(.text)
    ethernetif_init                          0x0800e06f   Thumb Code    56  ethernetif.o(.text)
    icmp_input                               0x0800e12d   Thumb Code   492  icmp.o(.text)
    icmp_dest_unreach                        0x0800e3b9   Thumb Code    18  icmp.o(.text)
    icmp_time_exceeded                       0x0800e3cb   Thumb Code    18  icmp.o(.text)
    inet_chksum_pseudo                       0x0800e5af   Thumb Code   170  inet_chksum.o(.text)
    inet_chksum_pseudo_partial               0x0800e659   Thumb Code   218  inet_chksum.o(.text)
    inet_chksum                              0x0800e733   Thumb Code    20  inet_chksum.o(.text)
    inet_chksum_pbuf                         0x0800e747   Thumb Code    86  inet_chksum.o(.text)
    ip_route                                 0x0800e805   Thumb Code    80  ip.o(.text)
    ip_input                                 0x0800e855   Thumb Code   486  ip.o(.text)
    ip_output_if                             0x0800ea3b   Thumb Code   250  ip.o(.text)
    ip_output                                0x0800eb35   Thumb Code    84  ip.o(.text)
    ip4_addr_isbroadcast                     0x0800ec35   Thumb Code    78  ip_addr.o(.text)
    ip4_addr_netmask_valid                   0x0800ec83   Thumb Code    52  ip_addr.o(.text)
    ipaddr_aton                              0x0800ecb7   Thumb Code   364  ip_addr.o(.text)
    ipaddr_addr                              0x0800ee23   Thumb Code    24  ip_addr.o(.text)
    ipaddr_ntoa_r                            0x0800ee3b   Thumb Code   168  ip_addr.o(.text)
    ipaddr_ntoa                              0x0800eee3   Thumb Code    16  ip_addr.o(.text)
    ip_reass_tmr                             0x0800f0ab   Thumb Code    56  ip_frag.o(.text)
    ip_reass                                 0x0800f4e9   Thumb Code   410  ip_frag.o(.text)
    ip_frag                                  0x0800f709   Thumb Code   630  ip_frag.o(.text)
    lwip_htons                               0x0800f985   Thumb Code    12  def.o(.text)
    lwip_ntohs                               0x0800f991   Thumb Code    12  def.o(.text)
    lwip_htonl                               0x0800f99d   Thumb Code    26  def.o(.text)
    lwip_ntohl                               0x0800f9b7   Thumb Code    12  def.o(.text)
    dhcp_renew                               0x0801029f   Thumb Code   150  dhcp.o(.text)
    dhcp_coarse_tmr                          0x08010469   Thumb Code    74  dhcp.o(.text)
    dhcp_release                             0x08010567   Thumb Code   178  dhcp.o(.text)
    dhcp_fine_tmr                            0x0801080f   Thumb Code   134  dhcp.o(.text)
    dhcp_set_struct                          0x08010905   Thumb Code   106  dhcp.o(.text)
    dhcp_cleanup                             0x0801096f   Thumb Code    48  dhcp.o(.text)
    dhcp_stop                                0x0801099f   Thumb Code   114  dhcp.o(.text)
    dhcp_start                               0x0801106f   Thumb Code   438  dhcp.o(.text)
    dhcp_inform                              0x08011225   Thumb Code   210  dhcp.o(.text)
    dhcp_network_changed                     0x080112f7   Thumb Code    80  dhcp.o(.text)
    dhcp_arp_reply                           0x080113d5   Thumb Code    80  dhcp.o(.text)
    lwip_init                                0x08011431   Thumb Code    36  init.o(.text)
    memp_get_memorysize                      0x08011455   Thumb Code     8  memp.o(.text)
    memp_init                                0x0801145d   Thumb Code    86  memp.o(.text)
    memp_malloc                              0x080114b3   Thumb Code   102  memp.o(.text)
    memp_free                                0x08011519   Thumb Code    74  memp.o(.text)
    netif_init                               0x08011629   Thumb Code     2  netif.o(.text)
    netif_set_gw                             0x0801162b   Thumb Code    16  netif.o(.text)
    netif_set_netmask                        0x0801163b   Thumb Code    16  netif.o(.text)
    netif_set_ipaddr                         0x0801164b   Thumb Code   124  netif.o(.text)
    netif_set_addr                           0x080116c7   Thumb Code    40  netif.o(.text)
    netif_add                                0x080116ef   Thumb Code   150  netif.o(.text)
    netif_set_default                        0x08011785   Thumb Code    10  netif.o(.text)
    netif_set_down                           0x0801178f   Thumb Code    42  netif.o(.text)
    netif_remove                             0x080117b9   Thumb Code    94  netif.o(.text)
    netif_find                               0x08011817   Thumb Code    72  netif.o(.text)
    netif_set_up                             0x0801185f   Thumb Code    54  netif.o(.text)
    netif_set_link_up                        0x08011895   Thumb Code    66  netif.o(.text)
    netif_set_link_down                      0x080118d7   Thumb Code    24  netif.o(.text)
    pbuf_free                                0x0801196d   Thumb Code   274  pbuf.o(.text)
    pbuf_alloc                               0x08011a7f   Thumb Code   652  pbuf.o(.text)
    pbuf_alloced_custom                      0x08011d0b   Thumb Code   658  pbuf.o(.text)
    pbuf_realloc                             0x08011f9d   Thumb Code   272  pbuf.o(.text)
    pbuf_header                              0x080120ad   Thumb Code   214  pbuf.o(.text)
    pbuf_clen                                0x08012183   Thumb Code    18  pbuf.o(.text)
    pbuf_ref                                 0x08012195   Thumb Code    26  pbuf.o(.text)
    pbuf_cat                                 0x080121af   Thumb Code   138  pbuf.o(.text)
    pbuf_chain                               0x08012239   Thumb Code    26  pbuf.o(.text)
    pbuf_dechain                             0x08012253   Thumb Code   132  pbuf.o(.text)
    pbuf_copy                                0x080122d7   Thumb Code   790  pbuf.o(.text)
    pbuf_copy_partial                        0x080125ed   Thumb Code   190  pbuf.o(.text)
    pbuf_take                                0x080126ab   Thumb Code   214  pbuf.o(.text)
    pbuf_coalesce                            0x08012781   Thumb Code    84  pbuf.o(.text)
    pbuf_get_at                              0x080127d5   Thumb Code    46  pbuf.o(.text)
    pbuf_memcmp                              0x08012803   Thumb Code    96  pbuf.o(.text)
    pbuf_memfind                             0x08012863   Thumb Code    76  pbuf.o(.text)
    pbuf_strstr                              0x080128af   Thumb Code    60  pbuf.o(.text)
    raw_input                                0x08012a19   Thumb Code   102  raw.o(.text)
    raw_bind                                 0x08012a7f   Thumb Code    16  raw.o(.text)
    raw_connect                              0x08012a8f   Thumb Code    16  raw.o(.text)
    raw_recv                                 0x08012a9f   Thumb Code     6  raw.o(.text)
    raw_sendto                               0x08012aa5   Thumb Code   190  raw.o(.text)
    raw_send                                 0x08012b63   Thumb Code    18  raw.o(.text)
    raw_remove                               0x08012b75   Thumb Code    60  raw.o(.text)
    raw_new                                  0x08012bb1   Thumb Code    46  raw.o(.text)
    tcp_init                                 0x08012c65   Thumb Code     2  tcp.o(.text)
    tcp_seg_free                             0x08012c67   Thumb Code    26  tcp.o(.text)
    tcp_segs_free                            0x08012c81   Thumb Code    24  tcp.o(.text)
    tcp_pcb_purge                            0x08012c99   Thumb Code    88  tcp.o(.text)
    tcp_slowtmr                              0x08012cf1   Thumb Code  1428  tcp.o(.text)
    tcp_pcb_remove                           0x08013285   Thumb Code   192  tcp.o(.text)
    tcp_close                                0x08013511   Thumb Code    28  tcp.o(.text)
    tcp_update_rcv_ann_wnd                   0x0801352d   Thumb Code   106  tcp.o(.text)
    tcp_recved                               0x08013597   Thumb Code   430  tcp.o(.text)
    tcp_recv_null                            0x08013745   Thumb Code    46  tcp.o(.text)
    tcp_process_refused_data                 0x08013773   Thumb Code   148  tcp.o(.text)
    tcp_fasttmr                              0x08013807   Thumb Code   114  tcp.o(.text)
    tcp_tmr                                  0x08013879   Thumb Code    30  tcp.o(.text)
    tcp_shutdown                             0x08013897   Thumb Code    98  tcp.o(.text)
    tcp_abandon                              0x080138f9   Thumb Code   168  tcp.o(.text)
    tcp_abort                                0x080139a1   Thumb Code    14  tcp.o(.text)
    tcp_bind                                 0x08013a0f   Thumb Code   170  tcp.o(.text)
    tcp_listen_with_backlog                  0x08013ac1   Thumb Code   222  tcp.o(.text)
    tcp_eff_send_mss                         0x08013b9f   Thumb Code    46  tcp.o(.text)
    tcp_next_iss                             0x08013bcd   Thumb Code    20  tcp.o(.text)
    tcp_connect                              0x08013be1   Thumb Code   538  tcp.o(.text)
    tcp_setprio                              0x08013dfb   Thumb Code     4  tcp.o(.text)
    tcp_alloc                                0x08013e85   Thumb Code   202  tcp.o(.text)
    tcp_new                                  0x08013f4f   Thumb Code    10  tcp.o(.text)
    tcp_arg                                  0x08013f59   Thumb Code     4  tcp.o(.text)
    tcp_recv                                 0x08013f5d   Thumb Code    42  tcp.o(.text)
    tcp_sent                                 0x08013f87   Thumb Code    42  tcp.o(.text)
    tcp_err                                  0x08013fb1   Thumb Code    44  tcp.o(.text)
    tcp_accept                               0x08013fdd   Thumb Code     4  tcp.o(.text)
    tcp_poll                                 0x08013fe1   Thumb Code    50  tcp.o(.text)
    tcp_debug_state_str                      0x08014013   Thumb Code    10  tcp.o(.text)
    tcp_input                                0x080152e5   Thumb Code  1672  tcp_in.o(.text)
    tcp_enqueue_flags                        0x08015add   Thumb Code   416  tcp_out.o(.text)
    tcp_send_fin                             0x08015c7d   Thumb Code    74  tcp_out.o(.text)
    tcp_write                                0x08015f5f   Thumb Code  1742  tcp_out.o(.text)
    tcp_send_empty_ack                       0x0801662d   Thumb Code    86  tcp_out.o(.text)
    tcp_output                               0x08016753   Thumb Code   710  tcp_out.o(.text)
    tcp_rst                                  0x08016a19   Thumb Code   162  tcp_out.o(.text)
    tcp_rexmit_rto                           0x08016abb   Thumb Code    58  tcp_out.o(.text)
    tcp_rexmit                               0x08016af5   Thumb Code    90  tcp_out.o(.text)
    tcp_rexmit_fast                          0x08016b4f   Thumb Code   120  tcp_out.o(.text)
    tcp_keepalive                            0x08016bc7   Thumb Code    84  tcp_out.o(.text)
    tcp_zero_window_probe                    0x08016c1b   Thumb Code   180  tcp_out.o(.text)
    sys_timeout                              0x08016cd1   Thumb Code   174  timers.o(.text)
    tcp_timer_needed                         0x08016da7   Thumb Code    38  timers.o(.text)
    sys_timeouts_init                        0x08016e35   Thumb Code    52  timers.o(.text)
    sys_untimeout                            0x08016e69   Thumb Code    90  timers.o(.text)
    sys_timeouts_mbox_fetch                  0x08016ec3   Thumb Code   132  timers.o(.text)
    udp_init                                 0x08017001   Thumb Code     2  udp.o(.text)
    udp_input                                0x08017053   Thumb Code   512  udp.o(.text)
    udp_bind                                 0x08017253   Thumb Code   170  udp.o(.text)
    udp_sendto_if                            0x080172fd   Thumb Code   460  udp.o(.text)
    udp_sendto                               0x080174c9   Thumb Code    54  udp.o(.text)
    udp_send                                 0x080174ff   Thumb Code    20  udp.o(.text)
    udp_connect                              0x08017513   Thumb Code    98  udp.o(.text)
    udp_disconnect                           0x08017575   Thumb Code    16  udp.o(.text)
    udp_recv                                 0x08017585   Thumb Code     6  udp.o(.text)
    udp_remove                               0x0801758b   Thumb Code    60  udp.o(.text)
    udp_new                                  0x080175c7   Thumb Code    28  udp.o(.text)
    mem_init                                 0x080176c3   Thumb Code   114  mem.o(.text)
    mem_free                                 0x08017735   Thumb Code   182  mem.o(.text)
    mem_trim                                 0x080177eb   Thumb Code   338  mem.o(.text)
    mem_malloc                               0x0801793d   Thumb Code   796  mem.o(.text)
    mem_calloc                               0x08017c59   Thumb Code    34  mem.o(.text)
    sys_mbox_new                             0x08017d2d   Thumb Code   108  sys_arch.o(.text)
    sys_mbox_free                            0x08017d99   Thumb Code    56  sys_arch.o(.text)
    sys_mbox_post                            0x08017dd1   Thumb Code    28  sys_arch.o(.text)
    sys_mbox_trypost                         0x08017ded   Thumb Code    32  sys_arch.o(.text)
    sys_arch_mbox_fetch                      0x08017e0d   Thumb Code   154  sys_arch.o(.text)
    sys_arch_mbox_tryfetch                   0x08017ea7   Thumb Code    18  sys_arch.o(.text)
    sys_mbox_valid                           0x08017eb9   Thumb Code    56  sys_arch.o(.text)
    sys_mbox_set_invalid                     0x08017ef1   Thumb Code     6  sys_arch.o(.text)
    sys_sem_new                              0x08017ef7   Thumb Code    62  sys_arch.o(.text)
    sys_arch_sem_wait                        0x08017f35   Thumb Code    96  sys_arch.o(.text)
    sys_sem_signal                           0x08017f95   Thumb Code    12  sys_arch.o(.text)
    sys_sem_free                             0x08017fa1   Thumb Code    52  sys_arch.o(.text)
    sys_sem_valid                            0x08017fd5   Thumb Code    22  sys_arch.o(.text)
    sys_sem_set_invalid                      0x08017feb   Thumb Code     6  sys_arch.o(.text)
    sys_init                                 0x08017ff1   Thumb Code     2  sys_arch.o(.text)
    sys_thread_new                           0x08017ff3   Thumb Code    66  sys_arch.o(.text)
    sys_msleep                               0x08018035   Thumb Code    12  sys_arch.o(.text)
    sys_now                                  0x08018041   Thumb Code    26  sys_arch.o(.text)
    netconn_new_with_proto_and_callback      0x08018101   Thumb Code   196  api_lib.o(.text)
    netconn_delete                           0x080181c5   Thumb Code    36  api_lib.o(.text)
    netconn_getaddr                          0x080181e9   Thumb Code   162  api_lib.o(.text)
    netconn_bind                             0x0801828b   Thumb Code    98  api_lib.o(.text)
    netconn_connect                          0x080182ed   Thumb Code    98  api_lib.o(.text)
    netconn_disconnect                       0x0801834f   Thumb Code    84  api_lib.o(.text)
    netconn_listen_with_backlog              0x080183a3   Thumb Code    86  api_lib.o(.text)
    netconn_accept                           0x080183f9   Thumb Code   764  api_lib.o(.text)
    netconn_recv_tcp_pbuf                    0x08018841   Thumb Code    56  api_lib.o(.text)
    netconn_recv                             0x08018879   Thumb Code   270  api_lib.o(.text)
    netconn_recved                           0x08018987   Thumb Code    44  api_lib.o(.text)
    netconn_send                             0x080189b3   Thumb Code    98  api_lib.o(.text)
    netconn_sendto                           0x08018a15   Thumb Code    44  api_lib.o(.text)
    netconn_write_partly                     0x08018a41   Thumb Code   438  api_lib.o(.text)
    netconn_close                            0x08018c57   Thumb Code    14  api_lib.o(.text)
    netconn_shutdown                         0x08018c65   Thumb Code    36  api_lib.o(.text)
    netconn_free                             0x0801966d   Thumb Code   328  api_msg.o(.text)
    netconn_alloc                            0x080197b5   Thumb Code   170  api_msg.o(.text)
    do_newconn                               0x080199c1   Thumb Code    32  api_msg.o(.text)
    do_delconn                               0x08019aa9   Thumb Code   636  api_msg.o(.text)
    do_bind                                  0x08019d25   Thumb Code   116  api_msg.o(.text)
    do_connect                               0x08019e63   Thumb Code   220  api_msg.o(.text)
    do_disconnect                            0x08019f3f   Thumb Code    46  api_msg.o(.text)
    do_listen                                0x08019f6d   Thumb Code   198  api_msg.o(.text)
    do_send                                  0x0801a033   Thumb Code   356  api_msg.o(.text)
    do_recv                                  0x0801a197   Thumb Code    72  api_msg.o(.text)
    do_write                                 0x0801a1df   Thumb Code   166  api_msg.o(.text)
    do_getaddr                               0x0801a285   Thumb Code   198  api_msg.o(.text)
    do_close                                 0x0801a34b   Thumb Code   184  api_msg.o(.text)
    netbuf_new                               0x0801a435   Thumb Code    30  netbuf.o(.text)
    netbuf_delete                            0x0801a453   Thumb Code    32  netbuf.o(.text)
    netbuf_alloc                             0x0801a473   Thumb Code   102  netbuf.o(.text)
    netbuf_free                              0x0801a4d9   Thumb Code    50  netbuf.o(.text)
    netbuf_ref                               0x0801a50b   Thumb Code    92  netbuf.o(.text)
    netbuf_chain                             0x0801a567   Thumb Code    82  netbuf.o(.text)
    netbuf_data                              0x0801a5b9   Thumb Code   122  netbuf.o(.text)
    netbuf_next                              0x0801a633   Thumb Code    64  netbuf.o(.text)
    netbuf_first                             0x0801a673   Thumb Code    38  netbuf.o(.text)
    lwip_socket_init                         0x0801a7ed   Thumb Code     2  sockets.o(.text)
    lwip_accept                              0x0801aa99   Thumb Code   656  sockets.o(.text)
    lwip_bind                                0x0801ad29   Thumb Code   184  sockets.o(.text)
    lwip_close                               0x0801ade1   Thumb Code    94  sockets.o(.text)
    lwip_connect                             0x0801ae3f   Thumb Code   204  sockets.o(.text)
    lwip_listen                              0x0801af0b   Thumb Code   136  sockets.o(.text)
    lwip_recvfrom                            0x0801af93   Thumb Code   810  sockets.o(.text)
    lwip_read                                0x0801b2bd   Thumb Code    28  sockets.o(.text)
    lwip_recv                                0x0801b2d9   Thumb Code    34  sockets.o(.text)
    lwip_sendto                              0x0801b2fb   Thumb Code   276  sockets.o(.text)
    lwip_send                                0x0801b40f   Thumb Code   156  sockets.o(.text)
    lwip_socket                              0x0801b4ab   Thumb Code   292  sockets.o(.text)
    lwip_write                               0x0801b5cf   Thumb Code    22  sockets.o(.text)
    lwip_select                              0x0801b761   Thumb Code   864  sockets.o(.text)
    lwip_shutdown                            0x0801bac1   Thumb Code   296  sockets.o(.text)
    lwip_getpeername                         0x0801bc6b   Thumb Code    22  sockets.o(.text)
    lwip_getsockname                         0x0801bc81   Thumb Code    22  sockets.o(.text)
    lwip_getsockopt                          0x0801be87   Thumb Code   408  sockets.o(.text)
    lwip_setsockopt                          0x0801c1c9   Thumb Code   312  sockets.o(.text)
    lwip_ioctl                               0x0801c301   Thumb Code   108  sockets.o(.text)
    lwip_fcntl                               0x0801c36d   Thumb Code   116  sockets.o(.text)
    tcpip_input                              0x0801c4d3   Thumb Code    72  tcpip.o(.text)
    tcpip_callback_with_block                0x0801c51b   Thumb Code    90  tcpip.o(.text)
    tcpip_timeout                            0x0801c575   Thumb Code    64  tcpip.o(.text)
    tcpip_untimeout                          0x0801c5b5   Thumb Code    56  tcpip.o(.text)
    tcpip_apimsg                             0x0801c5ed   Thumb Code    60  tcpip.o(.text)
    tcpip_callbackmsg_new                    0x0801c629   Thumb Code    32  tcpip.o(.text)
    tcpip_callbackmsg_delete                 0x0801c649   Thumb Code    14  tcpip.o(.text)
    tcpip_trycallback                        0x0801c657   Thumb Code    28  tcpip.o(.text)
    tcpip_init                               0x0801c673   Thumb Code    72  tcpip.o(.text)
    pbuf_free_callback                       0x0801c6c9   Thumb Code    16  tcpip.o(.text)
    mem_free_callback                        0x0801c6d9   Thumb Code    16  tcpip.o(.text)
    OS_StrLen                                0x0801c7a5   Thumb Code    20  os_core.o(.text)
    OSEventNameGet                           0x0801c7b9   Thumb Code    98  os_core.o(.text)
    OSEventNameSet                           0x0801c81b   Thumb Code    84  os_core.o(.text)
    OS_TaskStatStkChk                        0x0801c86f   Thumb Code    54  os_core.o(.text)
    OS_TaskStat                              0x0801c8a5   Thumb Code   116  os_core.o(.text)
    OS_TaskIdle                              0x0801c94d   Thumb Code    34  os_core.o(.text)
    OS_MemClr                                0x0801c9a3   Thumb Code    18  os_core.o(.text)
    OSInit                                   0x0801cacb   Thumb Code    52  os_core.o(.text)
    OSIntEnter                               0x0801caff   Thumb Code    28  os_core.o(.text)
    OSIntExit                                0x0801cb35   Thumb Code   260  os_core.o(.text)
    OSSchedLock                              0x0801cc39   Thumb Code    50  os_core.o(.text)
    OS_Sched                                 0x0801cc6b   Thumb Code    88  os_core.o(.text)
    OSSchedUnlock                            0x0801ccc3   Thumb Code    82  os_core.o(.text)
    OSStart                                  0x0801cd15   Thumb Code    48  os_core.o(.text)
    OSStatInit                               0x0801cd45   Thumb Code    62  os_core.o(.text)
    OSTimeTick                               0x0801cd83   Thumb Code   218  os_core.o(.text)
    OSVersion                                0x0801ce5d   Thumb Code     6  os_core.o(.text)
    OS_Dummy                                 0x0801ce63   Thumb Code     2  os_core.o(.text)
    OS_EventTaskRemove                       0x0801ce65   Thumb Code    42  os_core.o(.text)
    OS_EventTaskRdy                          0x0801ce8f   Thumb Code   118  os_core.o(.text)
    OS_EventTaskWait                         0x0801cf05   Thumb Code   112  os_core.o(.text)
    OS_EventWaitListInit                     0x0801cf75   Thumb Code    28  os_core.o(.text)
    OS_MemCopy                               0x0801cf91   Thumb Code    20  os_core.o(.text)
    OS_TCBInit                               0x0801cfa5   Thumb Code   374  os_core.o(.text)
    OSFlagAccept                             0x0801d131   Thumb Code   252  os_flag.o(.text)
    OSFlagCreate                             0x0801d22d   Thumb Code    86  os_flag.o(.text)
    OS_FlagUnlink                            0x0801d283   Thumb Code    36  os_flag.o(.text)
    OSFlagDel                                0x0801d307   Thumb Code   214  os_flag.o(.text)
    OSFlagNameGet                            0x0801d3dd   Thumb Code    80  os_flag.o(.text)
    OSFlagNameSet                            0x0801d42d   Thumb Code    66  os_flag.o(.text)
    OSFlagPend                               0x0801d507   Thumb Code   614  os_flag.o(.text)
    OSFlagPendGetFlagsRdy                    0x0801d76d   Thumb Code    26  os_flag.o(.text)
    OSFlagPost                               0x0801d787   Thumb Code   312  os_flag.o(.text)
    OSFlagQuery                              0x0801d8bf   Thumb Code    48  os_flag.o(.text)
    OS_FlagInit                              0x0801d8ef   Thumb Code    78  os_flag.o(.text)
    OSMemCreate                              0x0801d949   Thumb Code   118  os_mem.o(.text)
    OSMemGet                                 0x0801d9bf   Thumb Code    62  os_mem.o(.text)
    OSMemNameGet                             0x0801d9fd   Thumb Code    60  os_mem.o(.text)
    OSMemNameSet                             0x0801da39   Thumb Code    48  os_mem.o(.text)
    OSMemPut                                 0x0801da69   Thumb Code    54  os_mem.o(.text)
    OSMemQuery                               0x0801da9f   Thumb Code    52  os_mem.o(.text)
    OS_MemInit                               0x0801dad3   Thumb Code    74  os_mem.o(.text)
    OSQAccept                                0x0801db2d   Thumb Code    88  os_q.o(.text)
    OSQCreate                                0x0801db85   Thumb Code   144  os_q.o(.text)
    OSQDel                                   0x0801dc15   Thumb Code   244  os_q.o(.text)
    OSQFlush                                 0x0801dd09   Thumb Code    36  os_q.o(.text)
    OSQPend                                  0x0801dd2d   Thumb Code   272  os_q.o(.text)
    OSQPendAbort                             0x0801de3d   Thumb Code   126  os_q.o(.text)
    OSQPost                                  0x0801debb   Thumb Code   114  os_q.o(.text)
    OSQPostFront                             0x0801df2d   Thumb Code   142  os_q.o(.text)
    OSQPostOpt                               0x0801dfbb   Thumb Code   182  os_q.o(.text)
    OSQQuery                                 0x0801e071   Thumb Code    98  os_q.o(.text)
    OS_QInit                                 0x0801e0d3   Thumb Code    74  os_q.o(.text)
    OSSemAccept                              0x0801e125   Thumb Code    42  os_sem.o(.text)
    OSSemCreate                              0x0801e14f   Thumb Code    72  os_sem.o(.text)
    OSSemDel                                 0x0801e197   Thumb Code   230  os_sem.o(.text)
    OSSemPend                                0x0801e27d   Thumb Code   222  os_sem.o(.text)
    OSSemPendAbort                           0x0801e35b   Thumb Code   126  os_sem.o(.text)
    OSSemPost                                0x0801e3d9   Thumb Code    88  os_sem.o(.text)
    OSSemQuery                               0x0801e431   Thumb Code    76  os_sem.o(.text)
    OSSemSet                                 0x0801e47d   Thumb Code    66  os_sem.o(.text)
    OSTaskChangePrio                         0x0801e501   Thumb Code   310  os_task.o(.text)
    OSTaskCreate                             0x0801e637   Thumb Code   148  os_task.o(.text)
    OS_TaskStkClr                            0x0801e6cb   Thumb Code    26  os_task.o(.text)
    OSTaskCreateExt                          0x0801e6e5   Thumb Code   170  os_task.o(.text)
    OSTaskDel                                0x0801e78f   Thumb Code   294  os_task.o(.text)
    OSTaskDelReq                             0x0801e8b5   Thumb Code   146  os_task.o(.text)
    OSTaskNameGet                            0x0801e947   Thumb Code   114  os_task.o(.text)
    OSTaskNameSet                            0x0801e9b9   Thumb Code    98  os_task.o(.text)
    OSTaskResume                             0x0801ea1b   Thumb Code   160  os_task.o(.text)
    OSTaskStkChk                             0x0801eabb   Thumb Code   132  os_task.o(.text)
    OSTaskSuspend                            0x0801eb3f   Thumb Code   152  os_task.o(.text)
    OSTaskQuery                              0x0801ebd7   Thumb Code    82  os_task.o(.text)
    OSTaskRegGet                             0x0801ec29   Thumb Code    60  os_task.o(.text)
    OSTaskRegSet                             0x0801ec65   Thumb Code    62  os_task.o(.text)
    OS_TaskReturn                            0x0801eca3   Thumb Code    18  os_task.o(.text)
    OSTimeDly                                0x0801eccd   Thumb Code   100  os_time.o(.text)
    OSTimeDlyHMSM                            0x0801ed31   Thumb Code    86  os_time.o(.text)
    OSTimeDlyResume                          0x0801ed87   Thumb Code   176  os_time.o(.text)
    OSTimeGet                                0x0801ee37   Thumb Code    24  os_time.o(.text)
    OSTimeSet                                0x0801ee4f   Thumb Code    24  os_time.o(.text)
    OSTmrCreate                              0x0801eeb7   Thumb Code    96  os_tmr.o(.text)
    OSTmrDel                                 0x0801ef8f   Thumb Code   124  os_tmr.o(.text)
    OSTmrNameGet                             0x0801f00b   Thumb Code   114  os_tmr.o(.text)
    OSTmrRemainGet                           0x0801f07d   Thumb Code   164  os_tmr.o(.text)
    OSTmrStateGet                            0x0801f121   Thumb Code    86  os_tmr.o(.text)
    OSTmrStart                               0x0801f1db   Thumb Code   128  os_tmr.o(.text)
    OSTmrStop                                0x0801f25b   Thumb Code   210  os_tmr.o(.text)
    OSTmrSignal                              0x0801f32d   Thumb Code    16  os_tmr.o(.text)
    OSTmr_Init                               0x0801f3e1   Thumb Code   172  os_tmr.o(.text)
    OSInitHookBegin                          0x0801f4f5   Thumb Code     8  os_cpu_c.o(.text)
    OSInitHookEnd                            0x0801f4fd   Thumb Code     2  os_cpu_c.o(.text)
    OSTaskCreateHook                         0x0801f4ff   Thumb Code     2  os_cpu_c.o(.text)
    OSTaskDelHook                            0x0801f501   Thumb Code     2  os_cpu_c.o(.text)
    OSTaskIdleHook                           0x0801f503   Thumb Code     2  os_cpu_c.o(.text)
    OSTaskStatHook                           0x0801f505   Thumb Code     2  os_cpu_c.o(.text)
    OSTaskStkInit                            0x0801f507   Thumb Code   426  os_cpu_c.o(.text)
    OSTaskSwHook                             0x0801f6b1   Thumb Code     2  os_cpu_c.o(.text)
    OSTCBInitHook                            0x0801f6b3   Thumb Code     2  os_cpu_c.o(.text)
    OSTimeTickHook                           0x0801f6b5   Thumb Code    30  os_cpu_c.o(.text)
    OSTaskReturnHook                         0x0801f6d3   Thumb Code     2  os_cpu_c.o(.text)
    OS_CPU_SR_Save                           0x0801f6dd   Thumb Code     0  os_cpu_a.o(.text)
    OS_CPU_SR_Restore                        0x0801f6e5   Thumb Code     0  os_cpu_a.o(.text)
    OSStartHighRdy                           0x0801f6eb   Thumb Code     0  os_cpu_a.o(.text)
    OSCtxSw                                  0x0801f70f   Thumb Code     0  os_cpu_a.o(.text)
    OSIntCtxSw                               0x0801f71d   Thumb Code     0  os_cpu_a.o(.text)
    PendSV_Handler                           0x0801f72d   Thumb Code     0  os_cpu_a.o(.text)
    mymemcpy                                 0x0801f7a5   Thumb Code    26  malloc.o(.text)
    mymemset                                 0x0801f7bf   Thumb Code    20  malloc.o(.text)
    mymem_init                               0x0801f7d3   Thumb Code    54  malloc.o(.text)
    mem_perused                              0x0801f809   Thumb Code    54  malloc.o(.text)
    mymem_malloc                             0x0801f83f   Thumb Code   162  malloc.o(.text)
    mymem_free                               0x0801f8e1   Thumb Code    94  malloc.o(.text)
    myfree                                   0x0801f93f   Thumb Code    32  malloc.o(.text)
    mymalloc                                 0x0801f95f   Thumb Code    34  malloc.o(.text)
    myrealloc                                0x0801f981   Thumb Code    66  malloc.o(.text)
    __use_no_semihosting                     0x0801f9d5   Thumb Code     2  use_no_semi_2.o(.text)
    __rt_ctype_table                         0x0801f9d9   Thumb Code    16  rt_ctype_table.o(.text)
    __2printf                                0x0801f9e9   Thumb Code    20  noretval__2printf.o(.text)
    __2sprintf                               0x0801fa01   Thumb Code    34  noretval__2sprintf.o(.text)
    _printf_pre_padding                      0x0801fa29   Thumb Code    46  _printf_pad.o(.text)
    _printf_post_padding                     0x0801fa57   Thumb Code    36  _printf_pad.o(.text)
    _printf_str                              0x0801fa7b   Thumb Code    82  _printf_str.o(.text)
    _printf_int_dec                          0x0801facd   Thumb Code   102  _printf_dec.o(.text)
    _printf_int_hex                          0x0801fb45   Thumb Code    88  _printf_hex_int.o(.text)
    _printf_longlong_hex                     0x0801fb45   Thumb Code     0  _printf_hex_int.o(.text)
    __printf                                 0x0801fba1   Thumb Code   390  __printf_flags_ss_wp.o(.text)
    memcmp                                   0x0801fd2d   Thumb Code    88  memcmp.o(.text)
    strlen                                   0x0801fd85   Thumb Code    62  strlen.o(.text)
    __aeabi_memcpy                           0x0801fdc3   Thumb Code     0  rt_memcpy_v6.o(.text)
    __rt_memcpy                              0x0801fdc3   Thumb Code   138  rt_memcpy_v6.o(.text)
    _memcpy_lastbytes                        0x0801fe29   Thumb Code     0  rt_memcpy_v6.o(.text)
    __aeabi_memclr                           0x0801fe4d   Thumb Code     0  rt_memclr.o(.text)
    __rt_memclr                              0x0801fe4d   Thumb Code    68  rt_memclr.o(.text)
    _memset                                  0x0801fe51   Thumb Code     0  rt_memclr.o(.text)
    __aeabi_memclr4                          0x0801fe91   Thumb Code     0  rt_memclr_w.o(.text)
    __aeabi_memclr8                          0x0801fe91   Thumb Code     0  rt_memclr_w.o(.text)
    __rt_memclr_w                            0x0801fe91   Thumb Code    78  rt_memclr_w.o(.text)
    _memset_w                                0x0801fe95   Thumb Code     0  rt_memclr_w.o(.text)
    strcmp                                   0x0801fee1   Thumb Code   128  strcmpv7m.o(.text)
    __use_two_region_memory                  0x0801ff61   Thumb Code     2  heapauxi.o(.text)
    __rt_heap_escrow$2region                 0x0801ff63   Thumb Code     2  heapauxi.o(.text)
    __rt_heap_expand$2region                 0x0801ff65   Thumb Code     2  heapauxi.o(.text)
    __I$use$semihosting                      0x0801ff67   Thumb Code     0  use_no_semi.o(.text)
    __use_no_semihosting_swi                 0x0801ff67   Thumb Code     2  use_no_semi.o(.text)
    __rt_locale                              0x0801ff69   Thumb Code     8  rt_locale_intlibspace.o(.text)
    _printf_int_common                       0x0801ff71   Thumb Code   184  _printf_intcommon.o(.text)
    _printf_char_common                      0x08020033   Thumb Code    32  _printf_char_common.o(.text)
    _sputc                                   0x08020059   Thumb Code    10  _sputc.o(.text)
    _printf_cs_common                        0x08020063   Thumb Code    20  _printf_char.o(.text)
    _printf_char                             0x08020077   Thumb Code    16  _printf_char.o(.text)
    _printf_string                           0x08020087   Thumb Code     8  _printf_char.o(.text)
    _printf_char_file                        0x08020091   Thumb Code    32  _printf_char_file.o(.text)
    __aeabi_memcpy4                          0x080200b5   Thumb Code     0  rt_memcpy_w.o(.text)
    __aeabi_memcpy8                          0x080200b5   Thumb Code     0  rt_memcpy_w.o(.text)
    __rt_memcpy_w                            0x080200b5   Thumb Code   100  rt_memcpy_w.o(.text)
    _memcpy_lastbytes_aligned                0x080200fd   Thumb Code     0  rt_memcpy_w.o(.text)
    __user_libspace                          0x08020119   Thumb Code     8  libspace.o(.text)
    __user_perproc_libspace                  0x08020119   Thumb Code     0  libspace.o(.text)
    __user_perthread_libspace                0x08020119   Thumb Code     0  libspace.o(.text)
    ferror                                   0x08020121   Thumb Code     8  ferror.o(.text)
    __user_setup_stackheap                   0x08020129   Thumb Code    74  sys_stackheap_outer.o(.text)
    exit                                     0x08020173   Thumb Code    12  exit.o(.text)
    _is_digit                                0x0802017f   Thumb Code    14  __printf_wp.o(i._is_digit)
    _get_lc_ctype                            0x0802018d   Thumb Code    44  lc_ctype_c.o(locale$$code)
    __aeabi_d2uiz                            0x080201b9   Thumb Code     0  dfixu.o(x$fpl$dfixu)
    _dfixu                                   0x080201b9   Thumb Code    90  dfixu.o(x$fpl$dfixu)
    __aeabi_ui2d                             0x08020213   Thumb Code     0  dflt_clz.o(x$fpl$dfltu)
    _dfltu                                   0x08020213   Thumb Code    38  dflt_clz.o(x$fpl$dfltu)
    __aeabi_dmul                             0x08020239   Thumb Code     0  dmul.o(x$fpl$dmul)
    _dmul                                    0x08020239   Thumb Code   332  dmul.o(x$fpl$dmul)
    __fpl_dnaninf                            0x0802038d   Thumb Code   156  dnaninf.o(x$fpl$dnaninf)
    __fpl_dretinf                            0x08020429   Thumb Code    12  dretinf.o(x$fpl$dretinf)
    _fp_init                                 0x08020435   Thumb Code    10  fpinit.o(x$fpl$fpinit)
    __fplib_config_fpu_vfp                   0x0802043d   Thumb Code     0  fpinit.o(x$fpl$fpinit)
    __fplib_config_pureend_doubles           0x0802043d   Thumb Code     0  fpinit.o(x$fpl$fpinit)
    __I$use$fp                               0x0802043e   Number         0  usenofp.o(x$fpl$usenofp)
    master                                   0x0802043e   Data          33  main.o(.constdata)
    slave                                    0x0802045f   Data          33  main.o(.constdata)
    asc2_1206                                0x08020480   Data        1140  lcd.o(.constdata)
    asc2_1608                                0x080208f4   Data        1520  lcd.o(.constdata)
    asc2_2412                                0x08020ee4   Data        3420  lcd.o(.constdata)
    FSMC_DefaultTimingStruct                 0x08021c40   Data          28  stm32f4xx_fsmc.o(.constdata)
    ethbroadcast                             0x08021c5c   Data           6  etharp.o(.constdata)
    ethzero                                  0x08021c62   Data           6  etharp.o(.constdata)
    ip_addr_any                              0x08021cac   Data           4  ip_addr.o(.constdata)
    ip_addr_broadcast                        0x08021cb0   Data           4  ip_addr.o(.constdata)
    tcp_state_str                            0x08021d78   Data          44  tcp.o(.constdata)
    tcp_backoff                              0x08021da4   Data          13  tcp.o(.constdata)
    tcp_persist_backoff                      0x08021db1   Data           7  tcp.o(.constdata)
    tcp_pcb_lists                            0x08021db8   Data          16  tcp.o(.constdata)
    pvNullPointer                            0x08021e20   Data           4  sys_arch.o(.constdata)
    OSUnMapTbl                               0x08021e64   Data         256  os_core.o(.constdata)
    memtblsize                               0x08021f64   Data          12  malloc.o(.constdata)
    memblksize                               0x08021f70   Data          12  malloc.o(.constdata)
    memsize                                  0x08021f7c   Data          12  malloc.o(.constdata)
    Region$$Table$$Base                      0x080221d8   Number         0  anon$$obj.o(Region$$Table)
    Region$$Table$$Limit                     0x080221f8   Number         0  anon$$obj.o(Region$$Table)
    __ctype                                  0x08022205   Data           0  lc_ctype_c.o(locale$$data)
    mem3base                                 0x10000000   Data       61440  malloc.o(.ARM.__AT_0x10000000)
    mem3mapbase                              0x1000f000   Data        3840  malloc.o(.ARM.__AT_0x1000F000)
    password                                 0x20000000   Data          33  main.o(.data)
    SystemCoreClock                          0x20000024   Data           4  system_stm32f4xx.o(.data)
    AHBPrescTable                            0x20000028   Data          16  system_stm32f4xx.o(.data)
    ihome_start_flag                         0x20000038   Data           4  ihome_function.o(.data)
    LED_TASK_STK                             0x2000003c   Data           4  ihome_function.o(.data)
    DHT11_TASK_STK                           0x20000040   Data           4  ihome_function.o(.data)
    led_event                                0x20000044   Data           4  ihome_function.o(.data)
    dht11_event                              0x20000048   Data           4  ihome_function.o(.data)
    TIM5CH1_CAPTURE_STA                      0x20000050   Data           1  timer.o(.data)
    TIM5CH1_CAPTURE_VAL                      0x20000054   Data           4  timer.o(.data)
    POINT_COLOR                              0x20000058   Data           2  lcd.o(.data)
    BACK_COLOR                               0x2000005a   Data           2  lcd.o(.data)
    DMARxDscrTab                             0x2000005c   Data           4  lan8720.o(.data)
    DMATxDscrTab                             0x20000060   Data           4  lan8720.o(.data)
    Rx_Buff                                  0x20000064   Data           4  lan8720.o(.data)
    Tx_Buff                                  0x20000068   Data           4  lan8720.o(.data)
    DMATxDescToSet                           0x2000007c   Data           4  stm32f4x7_eth.o(.data)
    DMARxDescToGet                           0x20000080   Data           4  stm32f4x7_eth.o(.data)
    DMA_RX_FRAME_infos                       0x20000084   Data           4  stm32f4x7_eth.o(.data)
    Frame_Rx_index                           0x20000088   Data           4  stm32f4x7_eth.o(.data)
    USART_RX_STA                             0x20000090   Data           2  usart.o(.data)
    __stdout                                 0x20000094   Data           4  usart.o(.data)
    sys_cmd_tab                              0x20000098   Data          28  usmart.o(.data)
    usmart_nametab                           0x200000b4   Data          48  usmart_config.o(.data)
    usmart_dev                               0x200000e4   Data         244  usmart_config.o(.data)
    server_ip                                0x200001d8   Data           4  lwip_comm.o(.data)
    TCPTimer                                 0x200001dc   Data           4  lwip_comm.o(.data)
    ARPTimer                                 0x200001e0   Data           4  lwip_comm.o(.data)
    DHCPfineTimer                            0x200001e4   Data           4  lwip_comm.o(.data)
    DHCPcoarseTimer                          0x200001e8   Data           4  lwip_comm.o(.data)
    lwip_localtime                           0x200001ec   Data           4  lwip_comm.o(.data)
    TCPIP_THREAD_TASK_STK                    0x200001f0   Data           4  lwip_comm.o(.data)
    LWIP_DHCP_TASK_STK                       0x200001f4   Data           4  lwip_comm.o(.data)
    isAccepted                               0x200001f8   Data           1  tcp_server.o(.data)
    isChecked                                0x200001f9   Data           1  tcp_server.o(.data)
    conn                                     0x20000204   Data           4  tcp_server.o(.data)
    serverconn                               0x20000208   Data           4  tcp_server.o(.data)
    TCPSERVER_TASK_STK                       0x2000020c   Data           4  tcp_server.o(.data)
    TCPSERVER_RECV_TASK_STK                  0x20000210   Data           4  tcp_server.o(.data)
    user_addr                                0x20000214   Data           4  tcp_server.o(.data)
    isConnected                              0x20000218   Data           1  tcp_client.o(.data)
    isAuthed                                 0x20000219   Data           1  tcp_client.o(.data)
    tcp_clientconn                           0x20000228   Data           4  tcp_client.o(.data)
    TCP_CLIENT_CONNECT_TASK_STK              0x2000022c   Data           4  tcp_client.o(.data)
    TCP_CLIENT_RECV_TASK_STK                 0x20000230   Data           4  tcp_client.o(.data)
    CLIENT_HANDLE_TASK_STK                   0x20000234   Data           4  tcp_client.o(.data)
    TCP_SEND_TASK_STK                        0x20000238   Data           4  tcp_client.o(.data)
    tcp_handle_event                         0x2000023c   Data           4  tcp_client.o(.data)
    tcp_send_event                           0x20000240   Data           4  tcp_client.o(.data)
    current_netif                            0x20000248   Data           4  ip.o(.data)
    current_header                           0x2000024c   Data           4  ip.o(.data)
    current_iphdr_src                        0x20000250   Data           4  ip.o(.data)
    current_iphdr_dest                       0x20000254   Data           4  ip.o(.data)
    memp_memory                              0x200002a0   Data           4  memp.o(.data)
    netif_list                               0x200002a4   Data           4  netif.o(.data)
    netif_default                            0x200002a8   Data           4  netif.o(.data)
    tcp_ticks                                0x200002bc   Data           4  tcp.o(.data)
    tcp_bound_pcbs                           0x200002c0   Data           4  tcp.o(.data)
    tcp_listen_pcbs                          0x200002c4   Data           4  tcp.o(.data)
    tcp_active_pcbs                          0x200002c8   Data           4  tcp.o(.data)
    tcp_tw_pcbs                              0x200002cc   Data           4  tcp.o(.data)
    tcp_tmp_pcb                              0x200002d0   Data           4  tcp.o(.data)
    tcp_active_pcbs_changed                  0x200002d4   Data           1  tcp.o(.data)
    tcp_input_pcb                            0x200002f4   Data           4  tcp_in.o(.data)
    udp_pcbs                                 0x20000304   Data           4  udp.o(.data)
    ram_heap                                 0x20000308   Data           4  mem.o(.data)
    OSCtxSwCtr                               0x20000330   Data           4  os_core.o(.data)
    OSEventFreeList                          0x20000334   Data           4  os_core.o(.data)
    OSFlagFreeList                           0x20000338   Data           4  os_core.o(.data)
    OSCPUUsage                               0x2000033c   Data           1  os_core.o(.data)
    OSIdleCtrMax                             0x20000340   Data           4  os_core.o(.data)
    OSIdleCtrRun                             0x20000344   Data           4  os_core.o(.data)
    OSStatRdy                                0x20000348   Data           1  os_core.o(.data)
    OSIntNesting                             0x20000349   Data           1  os_core.o(.data)
    OSLockNesting                            0x2000034a   Data           1  os_core.o(.data)
    OSPrioCur                                0x2000034b   Data           1  os_core.o(.data)
    OSPrioHighRdy                            0x2000034c   Data           1  os_core.o(.data)
    OSRdyGrp                                 0x2000034d   Data           1  os_core.o(.data)
    OSRdyTbl                                 0x2000034e   Data           8  os_core.o(.data)
    OSRunning                                0x20000356   Data           1  os_core.o(.data)
    OSTaskCtr                                0x20000357   Data           1  os_core.o(.data)
    OSIdleCtr                                0x20000358   Data           4  os_core.o(.data)
    OSTCBCur                                 0x2000035c   Data           4  os_core.o(.data)
    OSTCBFreeList                            0x20000360   Data           4  os_core.o(.data)
    OSTCBHighRdy                             0x20000364   Data           4  os_core.o(.data)
    OSTCBList                                0x20000368   Data           4  os_core.o(.data)
    OSTickStepState                          0x2000036c   Data           1  os_core.o(.data)
    OSMemFreeList                            0x20000370   Data           4  os_core.o(.data)
    OSQFreeList                              0x20000374   Data           4  os_core.o(.data)
    OSTime                                   0x20000378   Data           4  os_core.o(.data)
    OSTmrFree                                0x2000037c   Data           2  os_core.o(.data)
    OSTmrUsed                                0x2000037e   Data           2  os_core.o(.data)
    OSTmrTime                                0x20000380   Data           4  os_core.o(.data)
    OSTmrSem                                 0x20000384   Data           4  os_core.o(.data)
    OSTmrSemSignal                           0x20000388   Data           4  os_core.o(.data)
    OSTmrFreeList                            0x2000038c   Data           4  os_core.o(.data)
    OSInterrputSum                           0x20000390   Data           4  os_cpu_c.o(.data)
    mallco_dev                               0x20000398   Data          36  malloc.o(.data)
    START_TASK_STK                           0x200003bc   Data         512  main.o(.bss)
    led_q                                    0x200005bc   Data          24  ihome_function.o(.bss)
    dht11_q                                  0x200005d4   Data          24  ihome_function.o(.bss)
    TIM5_ICInitStructure                     0x200005ec   Data          10  timer.o(.bss)
    lcddev                                   0x200005f6   Data          14  lcd.o(.bss)
    RX_Frame_Descriptor                      0x20000604   Data          12  stm32f4x7_eth.o(.bss)
    USART_RX_BUF                             0x20000610   Data         200  usart.o(.bss)
    lwipdev                                  0x200006d8   Data          23  lwip_comm.o(.bss)
    lwip_netif                               0x200006f0   Data          52  lwip_comm.o(.bss)
    tcp_handle_q                             0x20000724   Data          40  tcp_client.o(.bss)
    tcp_send_q                               0x2000074c   Data          40  tcp_client.o(.bss)
    dhcp_rx_options_val                      0x2000084c   Data          40  dhcp.o(.bss)
    dhcp_rx_options_given                    0x20000874   Data          10  dhcp.o(.bss)
    OSEventTbl                               0x2000092c   Data         480  os_core.o(.bss)
    OSFlagTbl                                0x20000b0c   Data          80  os_core.o(.bss)
    OSTaskStatStk                            0x20000b5c   Data         512  os_core.o(.bss)
    OSTaskIdleStk                            0x20000d5c   Data         512  os_core.o(.bss)
    OSTCBPrioTbl                             0x20000f5c   Data         256  os_core.o(.bss)
    OSTCBTbl                                 0x2000105c   Data        1848  os_core.o(.bss)
    OSMemTbl                                 0x20001794   Data         120  os_core.o(.bss)
    OSQTbl                                   0x2000180c   Data         480  os_core.o(.bss)
    OSTmrTbl                                 0x200019ec   Data         640  os_core.o(.bss)
    OSTmrTaskStk                             0x20001c6c   Data         512  os_core.o(.bss)
    OSTmrWheelTbl                            0x20001e6c   Data          64  os_core.o(.bss)
    mem1base                                 0x20001eac   Data       102400  malloc.o(.bss)
    mem1mapbase                              0x2001aeac   Data        6400  malloc.o(.bss)
    __libspace_start                         0x2001c7ac   Data          96  libspace.o(.bss)
    __temporary_stack_top$libspace           0x2001c80c   Data           0  libspace.o(.bss)
    mem2base                                 0x68000000   Data       204800  malloc.o(.ARM.__AT_0x68000000)
    mem2mapbase                              0x68032000   Data       12800  malloc.o(.ARM.__AT_0x68032000)



==============================================================================

Memory Map of the image

  Image Entry point : 0x08000189

  Load Region LR_IROM1 (Base: 0x08000000, Size: 0x000226c4, Max: 0x00100000, ABSOLUTE, COMPRESSED[0x000223e4])

    Execution Region ER_IROM1 (Base: 0x08000000, Size: 0x00022308, Max: 0x00100000, ABSOLUTE)

    Base Addr    Size         Type   Attr      Idx    E Section Name        Object

    0x08000000   0x00000188   Data   RO          681    RESET               startup_stm32f40_41xxx.o
    0x08000188   0x00000008   Code   RO         2458  * !!!main             c_w.l(__main.o)
    0x08000190   0x00000034   Code   RO         2656    !!!scatter          c_w.l(__scatter.o)
    0x080001c4   0x0000005a   Code   RO         2654    !!dczerorl2         c_w.l(__dczerorl2.o)
    0x0800021e   0x00000002   PAD
    0x08000220   0x0000001c   Code   RO         2658    !!handler_zi        c_w.l(__scatter_zi.o)
    0x0800023c   0x00000000   Code   RO         2443    .ARM.Collect$$_printf_percent$$00000000  c_w.l(_printf_percent.o)
    0x0800023c   0x00000006   Code   RO         2441    .ARM.Collect$$_printf_percent$$00000009  c_w.l(_printf_d.o)
    0x08000242   0x00000006   Code   RO         2442    .ARM.Collect$$_printf_percent$$0000000A  c_w.l(_printf_u.o)
    0x08000248   0x00000006   Code   RO         2440    .ARM.Collect$$_printf_percent$$0000000C  c_w.l(_printf_x.o)
    0x0800024e   0x00000006   Code   RO         2438    .ARM.Collect$$_printf_percent$$00000013  c_w.l(_printf_c.o)
    0x08000254   0x00000006   Code   RO         2439    .ARM.Collect$$_printf_percent$$00000014  c_w.l(_printf_s.o)
    0x0800025a   0x00000004   Code   RO         2490    .ARM.Collect$$_printf_percent$$00000017  c_w.l(_printf_percent_end.o)
    0x0800025e   0x00000002   Code   RO         2579    .ARM.Collect$$libinit$$00000000  c_w.l(libinit.o)
    0x08000260   0x00000004   Code   RO         2525    .ARM.Collect$$libinit$$00000001  c_w.l(libinit2.o)
    0x08000264   0x00000000   Code   RO         2529    .ARM.Collect$$libinit$$00000008  c_w.l(libinit2.o)
    0x08000264   0x00000000   Code   RO         2531    .ARM.Collect$$libinit$$0000000A  c_w.l(libinit2.o)
    0x08000264   0x00000000   Code   RO         2533    .ARM.Collect$$libinit$$0000000C  c_w.l(libinit2.o)
    0x08000264   0x00000006   Code   RO         2534    .ARM.Collect$$libinit$$0000000D  c_w.l(libinit2.o)
    0x0800026a   0x00000000   Code   RO         2536    .ARM.Collect$$libinit$$0000000F  c_w.l(libinit2.o)
    0x0800026a   0x0000000c   Code   RO         2537    .ARM.Collect$$libinit$$00000010  c_w.l(libinit2.o)
    0x08000276   0x00000000   Code   RO         2538    .ARM.Collect$$libinit$$00000011  c_w.l(libinit2.o)
    0x08000276   0x00000000   Code   RO         2540    .ARM.Collect$$libinit$$00000013  c_w.l(libinit2.o)
    0x08000276   0x00000000   Code   RO         2542    .ARM.Collect$$libinit$$00000015  c_w.l(libinit2.o)
    0x08000276   0x00000000   Code   RO         2544    .ARM.Collect$$libinit$$00000017  c_w.l(libinit2.o)
    0x08000276   0x00000000   Code   RO         2546    .ARM.Collect$$libinit$$00000019  c_w.l(libinit2.o)
    0x08000276   0x00000000   Code   RO         2548    .ARM.Collect$$libinit$$0000001B  c_w.l(libinit2.o)
    0x08000276   0x00000000   Code   RO         2550    .ARM.Collect$$libinit$$0000001D  c_w.l(libinit2.o)
    0x08000276   0x00000000   Code   RO         2552    .ARM.Collect$$libinit$$0000001F  c_w.l(libinit2.o)
    0x08000276   0x00000000   Code   RO         2554    .ARM.Collect$$libinit$$00000021  c_w.l(libinit2.o)
    0x08000276   0x00000000   Code   RO         2556    .ARM.Collect$$libinit$$00000023  c_w.l(libinit2.o)
    0x08000276   0x00000000   Code   RO         2560    .ARM.Collect$$libinit$$0000002A  c_w.l(libinit2.o)
    0x08000276   0x00000000   Code   RO         2562    .ARM.Collect$$libinit$$0000002C  c_w.l(libinit2.o)
    0x08000276   0x00000000   Code   RO         2564    .ARM.Collect$$libinit$$0000002E  c_w.l(libinit2.o)
    0x08000276   0x00000000   Code   RO         2566    .ARM.Collect$$libinit$$00000030  c_w.l(libinit2.o)
    0x08000276   0x00000002   Code   RO         2567    .ARM.Collect$$libinit$$00000031  c_w.l(libinit2.o)
    0x08000278   0x00000002   Code   RO         2612    .ARM.Collect$$libshutdown$$00000000  c_w.l(libshutdown.o)
    0x0800027a   0x00000000   Code   RO         2619    .ARM.Collect$$libshutdown$$00000003  c_w.l(libshutdown2.o)
    0x0800027a   0x00000000   Code   RO         2622    .ARM.Collect$$libshutdown$$00000006  c_w.l(libshutdown2.o)
    0x0800027a   0x00000000   Code   RO         2625    .ARM.Collect$$libshutdown$$00000009  c_w.l(libshutdown2.o)
    0x0800027a   0x00000000   Code   RO         2627    .ARM.Collect$$libshutdown$$0000000B  c_w.l(libshutdown2.o)
    0x0800027a   0x00000000   Code   RO         2630    .ARM.Collect$$libshutdown$$0000000E  c_w.l(libshutdown2.o)
    0x0800027a   0x00000002   Code   RO         2631    .ARM.Collect$$libshutdown$$0000000F  c_w.l(libshutdown2.o)
    0x0800027c   0x00000000   Code   RO         2474    .ARM.Collect$$rtentry$$00000000  c_w.l(rtentry.o)
    0x0800027c   0x00000000   Code   RO         2505    .ARM.Collect$$rtentry$$00000002  c_w.l(rtentry2.o)
    0x0800027c   0x00000006   Code   RO         2517    .ARM.Collect$$rtentry$$00000004  c_w.l(rtentry4.o)
    0x08000282   0x00000000   Code   RO         2507    .ARM.Collect$$rtentry$$00000009  c_w.l(rtentry2.o)
    0x08000282   0x00000004   Code   RO         2508    .ARM.Collect$$rtentry$$0000000A  c_w.l(rtentry2.o)
    0x08000286   0x00000000   Code   RO         2510    .ARM.Collect$$rtentry$$0000000C  c_w.l(rtentry2.o)
    0x08000286   0x00000008   Code   RO         2511    .ARM.Collect$$rtentry$$0000000D  c_w.l(rtentry2.o)
    0x0800028e   0x00000002   Code   RO         2582    .ARM.Collect$$rtexit$$00000000  c_w.l(rtexit.o)
    0x08000290   0x00000000   Code   RO         2591    .ARM.Collect$$rtexit$$00000002  c_w.l(rtexit2.o)
    0x08000290   0x00000004   Code   RO         2592    .ARM.Collect$$rtexit$$00000003  c_w.l(rtexit2.o)
    0x08000294   0x00000006   Code   RO         2593    .ARM.Collect$$rtexit$$00000004  c_w.l(rtexit2.o)
    0x0800029a   0x00000002   PAD
    0x0800029c   0x000002d0   Code   RO            3    .text               main.o
    0x0800056c   0x00000014   Code   RO          309    .text               stm32f4xx_it.o
    0x08000580   0x0000020c   Code   RO          358    .text               system_stm32f4xx.o
    0x0800078c   0x000008e4   Code   RO          384    .text               ihome_function.o
    0x08001070   0x00000104   Code   RO          436    .text               key.o
    0x08001174   0x00000070   Code   RO          457    .text               led.o
    0x080011e4   0x000001f0   Code   RO          477    .text               timer.o
    0x080013d4   0x00004c8e   Code   RO          509    .text               lcd.o
    0x08006062   0x00000002   PAD
    0x08006064   0x00000394   Code   RO          547    .text               lan8720.o
    0x080063f8   0x000003b4   Code   RO          578    .text               sram.o
    0x080067ac   0x00000194   Code   RO          598    .text               dht11.o
    0x08006940   0x00000068   Code   RO          618    .text               lsens.o
    0x080069a8   0x0000008c   Code   RO          638    .text               adc3.o
    0x08006a34   0x000000ac   Code   RO          658    .text               pwm.o
    0x08006ae0   0x00000040   Code   RO          682    .text               startup_stm32f40_41xxx.o
    0x08006b20   0x000000e4   Code   RO          688    .text               misc.o
    0x08006c04   0x00000294   Code   RO          708    .text               stm32f4xx_gpio.o
    0x08006e98   0x0000065c   Code   RO          728    .text               stm32f4xx_rcc.o
    0x080074f4   0x00000098   Code   RO          750    .text               stm32f4xx_syscfg.o
    0x0800758c   0x00000ca2   Code   RO          770    .text               stm32f4xx_tim.o
    0x0800822e   0x00000002   PAD
    0x08008230   0x00000454   Code   RO          790    .text               stm32f4xx_usart.o
    0x08008684   0x00000e48   Code   RO          810    .text               stm32f4x7_eth.o
    0x080094cc   0x00000470   Code   RO          837    .text               stm32f4xx_adc.o
    0x0800993c   0x000005dc   Code   RO          857    .text               stm32f4xx_fsmc.o
    0x08009f18   0x00000128   Code   RO          880    .text               delay.o
    0x0800a040   0x00000158   Code   RO          920    .text               usart.o
    0x0800a198   0x00000c3c   Code   RO          951    .text               usmart.o
    0x0800add4   0x00000528   Code   RO          996    .text               usmart_str.o
    0x0800b2fc   0x00000760   Code   RO         1016    .text               lwip_comm.o
    0x0800ba5c   0x0000040c   Code   RO         1118    .text               tcp_server.o
    0x0800be68   0x00001218   Code   RO         1162    .text               tcp_client.o
    0x0800d080   0x00000e84   Code   RO         1206    .text               etharp.o
    0x0800df04   0x00000228   Code   RO         1240    .text               ethernetif.o
    0x0800e12c   0x00000424   Code   RO         1291    .text               icmp.o
    0x0800e550   0x000002b4   Code   RO         1352    .text               inet_chksum.o
    0x0800e804   0x00000430   Code   RO         1372    .text               ip.o
    0x0800ec34   0x00000328   Code   RO         1407    .text               ip_addr.o
    0x0800ef5c   0x00000a28   Code   RO         1444    .text               ip_frag.o
    0x0800f984   0x0000003e   Code   RO         1469    .text               def.o
    0x0800f9c2   0x00000002   PAD
    0x0800f9c4   0x00001a6c   Code   RO         1489    .text               dhcp.o
    0x08011430   0x00000024   Code   RO         1531    .text               init.o
    0x08011454   0x000001d4   Code   RO         1566    .text               memp.o
    0x08011628   0x00000344   Code   RO         1607    .text               netif.o
    0x0801196c   0x000010ac   Code   RO         1637    .text               pbuf.o
    0x08012a18   0x0000024c   Code   RO         1657    .text               raw.o
    0x08012c64   0x000014a4   Code   RO         1693    .text               tcp.o
    0x08014108   0x00001888   Code   RO         1725    .text               tcp_in.o
    0x08015990   0x0000133e   Code   RO         1756    .text               tcp_out.o
    0x08016cce   0x00000002   PAD
    0x08016cd0   0x00000330   Code   RO         1777    .text               timers.o
    0x08017000   0x000005e8   Code   RO         1826    .text               udp.o
    0x080175e8   0x00000744   Code   RO         1863    .text               mem.o
    0x08017d2c   0x000003d4   Code   RO         1886    .text               sys_arch.o
    0x08018100   0x00000ba8   Code   RO         1913    .text               api_lib.o
    0x08018ca8   0x0000178c   Code   RO         1952    .text               api_msg.o
    0x0801a434   0x000003b8   Code   RO         1995    .text               netbuf.o
    0x0801a7ec   0x00001c00   Code   RO         2049    .text               sockets.o
    0x0801c3ec   0x000003b8   Code   RO         2073    .text               tcpip.o
    0x0801c7a4   0x0000098c   Code   RO         2104    .text               os_core.o
    0x0801d130   0x00000818   Code   RO         2132    .text               os_flag.o
    0x0801d948   0x000001e4   Code   RO         2172    .text               os_mem.o
    0x0801db2c   0x000005f8   Code   RO         2212    .text               os_q.o
    0x0801e124   0x000003dc   Code   RO         2232    .text               os_sem.o
    0x0801e500   0x000007cc   Code   RO         2252    .text               os_task.o
    0x0801eccc   0x000001b8   Code   RO         2272    .text               os_time.o
    0x0801ee84   0x00000670   Code   RO         2292    .text               os_tmr.o
    0x0801f4f4   0x000001e8   Code   RO         2312    .text               os_cpu_c.o
    0x0801f6dc   0x000000c8   Code   RO         2340    .text               os_cpu_a.o
    0x0801f7a4   0x00000230   Code   RO         2345    .text               malloc.o
    0x0801f9d4   0x00000002   Code   RO         2377    .text               c_w.l(use_no_semi_2.o)
    0x0801f9d6   0x00000002   PAD
    0x0801f9d8   0x00000010   Code   RO         2379    .text               c_w.l(rt_ctype_table.o)
    0x0801f9e8   0x00000018   Code   RO         2385    .text               c_w.l(noretval__2printf.o)
    0x0801fa00   0x00000028   Code   RO         2387    .text               c_w.l(noretval__2sprintf.o)
    0x0801fa28   0x00000052   Code   RO         2391    .text               c_w.l(_printf_pad.o)
    0x0801fa7a   0x00000052   Code   RO         2393    .text               c_w.l(_printf_str.o)
    0x0801facc   0x00000078   Code   RO         2395    .text               c_w.l(_printf_dec.o)
    0x0801fb44   0x0000005c   Code   RO         2400    .text               c_w.l(_printf_hex_int.o)
    0x0801fba0   0x0000018c   Code   RO         2435    .text               c_w.l(__printf_flags_ss_wp.o)
    0x0801fd2c   0x00000058   Code   RO         2444    .text               c_w.l(memcmp.o)
    0x0801fd84   0x0000003e   Code   RO         2446    .text               c_w.l(strlen.o)
    0x0801fdc2   0x0000008a   Code   RO         2448    .text               c_w.l(rt_memcpy_v6.o)
    0x0801fe4c   0x00000044   Code   RO         2450    .text               c_w.l(rt_memclr.o)
    0x0801fe90   0x0000004e   Code   RO         2452    .text               c_w.l(rt_memclr_w.o)
    0x0801fede   0x00000002   PAD
    0x0801fee0   0x00000080   Code   RO         2454    .text               c_w.l(strcmpv7m.o)
    0x0801ff60   0x00000006   Code   RO         2456    .text               c_w.l(heapauxi.o)
    0x0801ff66   0x00000002   Code   RO         2472    .text               c_w.l(use_no_semi.o)
    0x0801ff68   0x00000008   Code   RO         2478    .text               c_w.l(rt_locale_intlibspace.o)
    0x0801ff70   0x000000b8   Code   RO         2480    .text               c_w.l(_printf_intcommon.o)
    0x08020028   0x00000030   Code   RO         2482    .text               c_w.l(_printf_char_common.o)
    0x08020058   0x0000000a   Code   RO         2484    .text               c_w.l(_sputc.o)
    0x08020062   0x0000002c   Code   RO         2486    .text               c_w.l(_printf_char.o)
    0x0802008e   0x00000002   PAD
    0x08020090   0x00000024   Code   RO         2488    .text               c_w.l(_printf_char_file.o)
    0x080200b4   0x00000064   Code   RO         2494    .text               c_w.l(rt_memcpy_w.o)
    0x08020118   0x00000008   Code   RO         2501    .text               c_w.l(libspace.o)
    0x08020120   0x00000008   Code   RO         2521    .text               c_w.l(ferror.o)
    0x08020128   0x0000004a   Code   RO         2568    .text               c_w.l(sys_stackheap_outer.o)
    0x08020172   0x0000000c   Code   RO         2570    .text               c_w.l(exit.o)
    0x0802017e   0x0000000e   Code   RO         2428    i._is_digit         c_w.l(__printf_wp.o)
    0x0802018c   0x0000002c   Code   RO         2492    locale$$code        c_w.l(lc_ctype_c.o)
    0x080201b8   0x0000005a   Code   RO         2460    x$fpl$dfixu         fz_wm.l(dfixu.o)
    0x08020212   0x00000026   Code   RO         2464    x$fpl$dfltu         fz_wm.l(dflt_clz.o)
    0x08020238   0x00000154   Code   RO         2470    x$fpl$dmul          fz_wm.l(dmul.o)
    0x0802038c   0x0000009c   Code   RO         2496    x$fpl$dnaninf       fz_wm.l(dnaninf.o)
    0x08020428   0x0000000c   Code   RO         2498    x$fpl$dretinf       fz_wm.l(dretinf.o)
    0x08020434   0x0000000a   Code   RO         2580    x$fpl$fpinit        fz_wm.l(fpinit.o)
    0x0802043e   0x00000000   Code   RO         2500    x$fpl$usenofp       fz_wm.l(usenofp.o)
    0x0802043e   0x00000042   Data   RO            5    .constdata          main.o
    0x08020480   0x000017c0   Data   RO          511    .constdata          lcd.o
    0x08021c40   0x0000001c   Data   RO          858    .constdata          stm32f4xx_fsmc.o
    0x08021c5c   0x00000050   Data   RO         1208    .constdata          etharp.o
    0x08021cac   0x00000008   Data   RO         1409    .constdata          ip_addr.o
    0x08021cb4   0x00000089   Data   RO         1491    .constdata          dhcp.o
    0x08021d3d   0x00000001   PAD
    0x08021d3e   0x00000038   Data   RO         1568    .constdata          memp.o
    0x08021d76   0x00000002   PAD
    0x08021d78   0x00000050   Data   RO         1694    .constdata          tcp.o
    0x08021dc8   0x00000055   Data   RO         1757    .constdata          tcp_out.o
    0x08021e1d   0x00000003   PAD
    0x08021e20   0x00000004   Data   RO         1887    .constdata          sys_arch.o
    0x08021e24   0x00000040   Data   RO         2051    .constdata          sockets.o
    0x08021e64   0x00000100   Data   RO         2106    .constdata          os_core.o
    0x08021f64   0x00000024   Data   RO         2351    .constdata          malloc.o
    0x08021f88   0x00000028   Data   RO         2401    .constdata          c_w.l(_printf_hex_int.o)
    0x08021fb0   0x00000011   Data   RO         2436    .constdata          c_w.l(__printf_flags_ss_wp.o)
    0x08021fc1   0x0000001f   Data   RO          952    .conststring        usmart.o
    0x08021fe0   0x00000102   Data   RO          975    .conststring        usmart_config.o
    0x080220e2   0x00000093   Data   RO         1569    .conststring        memp.o
    0x08022175   0x00000061   Data   RO         1695    .conststring        tcp.o
    0x080221d6   0x00000002   PAD
    0x080221d8   0x00000020   Data   RO         2652    Region$$Table       anon$$obj.o
    0x080221f8   0x00000110   Data   RO         2491    locale$$data        c_w.l(lc_ctype_c.o)


    Execution Region RW_IRAM1 (Base: 0x20000000, Size: 0x0001ce10, Max: 0x00020000, ABSOLUTE, COMPRESSED[0x000000dc])

    Base Addr    Size         Type   Attr      Idx    E Section Name        Object

    0x20000000   0x00000021   Data   RW            6    .data               main.o
    0x20000021   0x00000003   PAD
    0x20000024   0x00000014   Data   RW          359    .data               system_stm32f4xx.o
    0x20000038   0x00000014   Data   RW          386    .data               ihome_function.o
    0x2000004c   0x00000001   Data   RW          437    .data               key.o
    0x2000004d   0x00000003   PAD
    0x20000050   0x00000008   Data   RW          479    .data               timer.o
    0x20000058   0x00000004   Data   RW          512    .data               lcd.o
    0x2000005c   0x00000010   Data   RW          548    .data               lan8720.o
    0x2000006c   0x00000010   Data   RW          729    .data               stm32f4xx_rcc.o
    0x2000007c   0x00000010   Data   RW          812    .data               stm32f4x7_eth.o
    0x2000008c   0x00000004   Data   RW          881    .data               delay.o
    0x20000090   0x00000008   Data   RW          922    .data               usart.o
    0x20000098   0x0000001c   Data   RW          953    .data               usmart.o
    0x200000b4   0x00000124   Data   RW          976    .data               usmart_config.o
    0x200001d8   0x00000020   Data   RW         1018    .data               lwip_comm.o
    0x200001f8   0x00000020   Data   RW         1119    .data               tcp_server.o
    0x20000218   0x0000002c   Data   RW         1164    .data               tcp_client.o
    0x20000244   0x00000001   Data   RW         1209    .data               etharp.o
    0x20000245   0x00000003   PAD
    0x20000248   0x00000012   Data   RW         1373    .data               ip.o
    0x2000025a   0x00000002   PAD
    0x2000025c   0x00000006   Data   RW         1445    .data               ip_frag.o
    0x20000262   0x00000002   PAD
    0x20000264   0x00000004   Data   RW         1492    .data               dhcp.o
    0x20000268   0x0000003c   Data   RW         1570    .data               memp.o
    0x200002a4   0x00000009   Data   RW         1608    .data               netif.o
    0x200002ad   0x00000003   PAD
    0x200002b0   0x00000004   Data   RW         1658    .data               raw.o
    0x200002b4   0x00000023   Data   RW         1696    .data               tcp.o
    0x200002d7   0x00000001   PAD
    0x200002d8   0x00000020   Data   RW         1727    .data               tcp_in.o
    0x200002f8   0x00000008   Data   RW         1778    .data               timers.o
    0x20000300   0x00000008   Data   RW         1827    .data               udp.o
    0x20000308   0x00000014   Data   RW         1864    .data               mem.o
    0x2000031c   0x00000008   Data   RW         2052    .data               sockets.o
    0x20000324   0x0000000c   Data   RW         2074    .data               tcpip.o
    0x20000330   0x00000060   Data   RW         2107    .data               os_core.o
    0x20000390   0x00000006   Data   RW         2313    .data               os_cpu_c.o
    0x20000396   0x00000002   PAD
    0x20000398   0x00000024   Data   RW         2352    .data               malloc.o
    0x200003bc   0x00000200   Zero   RW            4    .bss                main.o
    0x200005bc   0x00000030   Zero   RW          385    .bss                ihome_function.o
    0x200005ec   0x0000000a   Zero   RW          478    .bss                timer.o
    0x200005f6   0x0000000e   Zero   RW          510    .bss                lcd.o
    0x20000604   0x0000000c   Zero   RW          811    .bss                stm32f4x7_eth.o
    0x20000610   0x000000c8   Zero   RW          921    .bss                usart.o
    0x200006d8   0x0000004c   Zero   RW         1017    .bss                lwip_comm.o
    0x20000724   0x00000050   Zero   RW         1163    .bss                tcp_client.o
    0x20000774   0x000000c8   Zero   RW         1207    .bss                etharp.o
    0x2000083c   0x00000010   Zero   RW         1408    .bss                ip_addr.o
    0x2000084c   0x00000032   Zero   RW         1490    .bss                dhcp.o
    0x2000087e   0x00000002   PAD
    0x20000880   0x00000038   Zero   RW         1567    .bss                memp.o
    0x200008b8   0x00000014   Zero   RW         1726    .bss                tcp_in.o
    0x200008cc   0x00000060   Zero   RW         2050    .bss                sockets.o
    0x2000092c   0x00001580   Zero   RW         2105    .bss                os_core.o
    0x20001eac   0x0001a900   Zero   RW         2350    .bss                malloc.o
    0x2001c7ac   0x00000060   Zero   RW         2502    .bss                c_w.l(libspace.o)
    0x2001c80c   0x00000004   PAD
    0x2001c810   0x00000200   Zero   RW          680    HEAP                startup_stm32f40_41xxx.o
    0x2001ca10   0x00000400   Zero   RW          679    STACK               startup_stm32f40_41xxx.o



  Load Region LR$$.ARM.__AT_0x10000000 (Base: 0x10000000, Size: 0x00000000, Max: 0x0000f000, ABSOLUTE)

    Execution Region ER$$.ARM.__AT_0x10000000 (Base: 0x10000000, Size: 0x0000f000, Max: 0x0000f000, ABSOLUTE, UNINIT)

    Base Addr    Size         Type   Attr      Idx    E Section Name        Object

    0x10000000   0x0000f000   Zero   RW         2346    .ARM.__AT_0x10000000  malloc.o



  Load Region LR$$.ARM.__AT_0x1000F000 (Base: 0x1000f000, Size: 0x00000000, Max: 0x00000f00, ABSOLUTE)

    Execution Region ER$$.ARM.__AT_0x1000F000 (Base: 0x1000f000, Size: 0x00000f00, Max: 0x00000f00, ABSOLUTE, UNINIT)

    Base Addr    Size         Type   Attr      Idx    E Section Name        Object

    0x1000f000   0x00000f00   Zero   RW         2347    .ARM.__AT_0x1000F000  malloc.o



  Load Region LR$$.ARM.__AT_0x68000000 (Base: 0x68000000, Size: 0x00000000, Max: 0x00032000, ABSOLUTE)

    Execution Region ER$$.ARM.__AT_0x68000000 (Base: 0x68000000, Size: 0x00032000, Max: 0x00032000, ABSOLUTE, UNINIT)

    Base Addr    Size         Type   Attr      Idx    E Section Name        Object

    0x68000000   0x00032000   Zero   RW         2348    .ARM.__AT_0x68000000  malloc.o



  Load Region LR$$.ARM.__AT_0x68032000 (Base: 0x68032000, Size: 0x00000000, Max: 0x00003200, ABSOLUTE)

    Execution Region ER$$.ARM.__AT_0x68032000 (Base: 0x68032000, Size: 0x00003200, Max: 0x00003200, ABSOLUTE, UNINIT)

    Base Addr    Size         Type   Attr      Idx    E Section Name        Object

    0x68032000   0x00003200   Zero   RW         2349    .ARM.__AT_0x68032000  malloc.o


==============================================================================

Image component sizes


      Code (inc. data)   RO Data    RW Data    ZI Data      Debug   Object Name

       140          4          0          0          0        761   adc3.o
      2984        816          0          0          0      16761   api_lib.o
      6028       1224          0          0          0      10091   api_msg.o
        62          0          0          0          0       1178   def.o
       296         18          0          4          0       1693   delay.o
      6764       1084        137          4         50      13018   dhcp.o
       404         16          0          0          0       2106   dht11.o
      3716        604         80          1        200       9631   etharp.o
       552        134          0          0          0       4574   ethernetif.o
      1060        372          0          0          0       2558   icmp.o
      2276        370          0         20         48       2389   ihome_function.o
         0          0          0          0          0       5588   inet.o
       692        104          0          0          0       2901   inet_chksum.o
        36          0          0          0          0       4480   init.o
      1072        172          0         18          0       6891   ip.o
       808        112          8          0         16       9223   ip_addr.o
      2600        488          0          6          0       7124   ip_frag.o
       260         12          0          1          0        820   key.o
       916         58          0         16          0       3577   lan8720.o
     19598        178       6080          4         14      21998   lcd.o
       112          8          0          0          0        511   led.o
       104          6          0          0          0        707   lsens.o
      1888        694          0         32         76      22854   lwip_comm.o
       720        200         66         33        512     367417   main.o
       560         18         36         36     391680       4631   malloc.o
      1860        568          0         20          0       3982   mem.o
       468        198        203         60         56       2976   memp.o
       228         22          0          0          0       1861   misc.o
       952        340          0          0          0       3849   netbuf.o
       836        126          0          9          0       6217   netif.o
      2444        246        256         96       5504      16788   os_core.o
       200         32          0          0          0        272   os_cpu_a.o
       488          8          0          6          0      11954   os_cpu_c.o
      2072         40          0          0          0       6788   os_flag.o
       484         16          0          0          0       3020   os_mem.o
      1528         34          0          0          0       5429   os_q.o
       988         66          0          0          0       3806   os_sem.o
      1996         70          0          0          0       7429   os_task.o
       440         30          0          0          0       1754   os_time.o
      1648        134          0          0          0       5421   os_tmr.o
      4268       1238          0          0          0       9173   pbuf.o
       172         10          0          0          0        717   pwm.o
       588        134          0          4          0       3221   raw.o
      7168        662         64          8         96      17198   sockets.o
       948         46          0          0          0       2195   sram.o
        64         26        392          0       1536        784   startup_stm32f40_41xxx.o
      3656        112          0         16         12      19578   stm32f4x7_eth.o
      1136         28          0          0          0      10530   stm32f4xx_adc.o
      1500         60         28          0          0       5618   stm32f4xx_fsmc.o
       660         44          0          0          0       4133   stm32f4xx_gpio.o
        20          0          0          0          0        899   stm32f4xx_it.o
      1628         52          0         16          0      12900   stm32f4xx_rcc.o
       152         18          0          0          0       1853   stm32f4xx_syscfg.o
      3234         60          0          0          0      22336   stm32f4xx_tim.o
      1108         34          0          0          0       7836   stm32f4xx_usart.o
       980        166          4          0          0       6122   sys_arch.o
       524         44          0         20          0       1631   system_stm32f4xx.o
      5284       1098        177         35          0      21363   tcp.o
      4632        866          0         44         80       5643   tcp_client.o
      6280        960          0         32         20      14855   tcp_in.o
      4926        952         85          0          0       9575   tcp_out.o
      1036        370          0         32          0       5350   tcp_server.o
       952        194          0         12          0       9400   tcpip.o
       496         26          0          8         10       1701   timer.o
       816        186          0          8          0       3395   timers.o
      1512        202          0          8          0      13869   udp.o
       344         16          0          8        200       3134   usart.o
      3132       1292         31         28          0       4086   usmart.o
         0          0        258        292          0       1432   usmart_config.o
      1320         12          0          0          0       5053   usmart_str.o

    ----------------------------------------------------------------------
    128824      17530       7945        956     400112     830608   Object Totals
         0          0         32          0          0          0   (incl. Generated)
         8          0          8         19          2          0   (incl. Padding)

    ----------------------------------------------------------------------

      Code (inc. data)   RO Data    RW Data    ZI Data      Debug   Library Member Name

        90          0          0          0          0          0   __dczerorl2.o
         8          0          0          0          0         68   __main.o
       396          6         17          0          0         92   __printf_flags_ss_wp.o
        14          0          0          0          0         68   __printf_wp.o
        52          8          0          0          0          0   __scatter.o
        28          0          0          0          0          0   __scatter_zi.o
         6          0          0          0          0          0   _printf_c.o
        44          0          0          0          0        108   _printf_char.o
        48          6          0          0          0         96   _printf_char_common.o
        36          4          0          0          0         80   _printf_char_file.o
         6          0          0          0          0          0   _printf_d.o
       120         18          0          0          0         92   _printf_dec.o
        92          4         40          0          0         88   _printf_hex_int.o
       184          0          0          0          0         88   _printf_intcommon.o
        82          0          0          0          0        108   _printf_pad.o
         0          0          0          0          0          0   _printf_percent.o
         4          0          0          0          0          0   _printf_percent_end.o
         6          0          0          0          0          0   _printf_s.o
        82          0          0          0          0         80   _printf_str.o
         6          0          0          0          0          0   _printf_u.o
         6          0          0          0          0          0   _printf_x.o
        10          0          0          0          0         68   _sputc.o
        12          0          0          0          0         72   exit.o
         8          0          0          0          0         68   ferror.o
         6          0          0          0          0        152   heapauxi.o
        44         10        272          0          0         76   lc_ctype_c.o
         2          0          0          0          0          0   libinit.o
        24          0          0          0          0          0   libinit2.o
         2          0          0          0          0          0   libshutdown.o
         2          0          0          0          0          0   libshutdown2.o
         8          4          0          0         96         68   libspace.o
        88          0          0          0          0         76   memcmp.o
        24          4          0          0          0         84   noretval__2printf.o
        40          6          0          0          0         84   noretval__2sprintf.o
        16          4          0          0          0         76   rt_ctype_table.o
         8          4          0          0          0         68   rt_locale_intlibspace.o
        68          0          0          0          0         68   rt_memclr.o
        78          0          0          0          0         80   rt_memclr_w.o
       138          0          0          0          0         68   rt_memcpy_v6.o
       100          0          0          0          0         80   rt_memcpy_w.o
         0          0          0          0          0          0   rtentry.o
        12          0          0          0          0          0   rtentry2.o
         6          0          0          0          0          0   rtentry4.o
         2          0          0          0          0          0   rtexit.o
        10          0          0          0          0          0   rtexit2.o
       128          0          0          0          0         68   strcmpv7m.o
        62          0          0          0          0         76   strlen.o
        74          0          0          0          0         80   sys_stackheap_outer.o
         2          0          0          0          0         68   use_no_semi.o
         2          0          0          0          0         68   use_no_semi_2.o
        90          4          0          0          0        140   dfixu.o
        38          0          0          0          0        116   dflt_clz.o
       340         12          0          0          0        152   dmul.o
       156          4          0          0          0        140   dnaninf.o
        12          0          0          0          0        116   dretinf.o
        10          0          0          0          0        116   fpinit.o
         0          0          0          0          0          0   usenofp.o

    ----------------------------------------------------------------------
      2942         98        329          0        100       3296   Library Totals
        10          0          0          0          4          0   (incl. Padding)

    ----------------------------------------------------------------------

      Code (inc. data)   RO Data    RW Data    ZI Data      Debug   Library Name

      2286         78        329          0         96       2516   c_w.l
       646         20          0          0          0        780   fz_wm.l

    ----------------------------------------------------------------------
      2942         98        329          0        100       3296   Library Totals

    ----------------------------------------------------------------------

==============================================================================


      Code (inc. data)   RO Data    RW Data    ZI Data      Debug   

    131766      17628       8274        956     400212     818596   Grand Totals
    131766      17628       8274        220     400212     818596   ELF Image Totals (compressed)
    131766      17628       8274        220          0          0   ROM Totals

==============================================================================

    Total RO  Size (Code + RO Data)               140040 ( 136.76kB)
    Total RW  Size (RW Data + ZI Data)            401168 ( 391.77kB)
    Total ROM Size (Code + RO Data + RW Data)     140260 ( 136.97kB)

==============================================================================

