ARM Linker, 5.03 [Build 24] [MDK-ARM Standard]

==============================================================================

Section Cross References

    main.o(.text) refers to os_core.o(.text) for OSStatInit
    main.o(.text) refers to os_cpu_a.o(.text) for OS_CPU_SR_Save
    main.o(.text) refers to os_q.o(.text) for OSQCreate
    main.o(.text) refers to lwip_comm.o(.text) for lwip_comm_dhcp_creat
    main.o(.text) refers to malloc.o(.text) for mymalloc
    main.o(.text) refers to os_task.o(.text) for OSTaskCreate
    main.o(.text) refers to delay.o(.text) for delay_init
    main.o(.text) refers to misc.o(.text) for NVIC_PriorityGroupConfig
    main.o(.text) refers to usart.o(.text) for uart_init
    main.o(.text) refers to led.o(.text) for LED_Init
    main.o(.text) refers to key.o(.text) for KEY_Init
    main.o(.text) refers to lcd.o(.text) for LCD_Init
    main.o(.text) refers to beep.o(.text) for BEEP_Init
    main.o(.text) refers to sram.o(.text) for FSMC_SRAM_Init
    main.o(.text) refers to timer.o(.text) for TIM3_Int_Init
    main.o(.text) refers to pwm.o(.text) for TIM14_PWM_Init
    main.o(.text) refers to lsens.o(.text) for Lsens_Init
    main.o(.text) refers to w25qxx.o(.text) for W25QXX_Init
    main.o(.text) refers to exfuns.o(.text) for exfuns_init
    main.o(.text) refers to ff.o(.text) for f_mount
    main.o(.text) refers to text.o(.text) for Show_Str
    main.o(.text) refers to camera.o(.text) for camera_Init
    main.o(.text) refers to ihome_function.o(.bss) for dht11_q
    main.o(.text) refers to ihome_function.o(.data) for dht11_event
    main.o(.text) refers to tcp_client.o(.bss) for tcp_send_q
    main.o(.text) refers to tcp_client.o(.data) for tcp_send_event
    main.o(.text) refers to ihome_function.o(.text) for led_task
    main.o(.text) refers to usmart_config.o(.data) for usmart_dev
    main.o(.text) refers to lcd.o(.data) for POINT_COLOR
    main.o(.text) refers to exfuns.o(.bss) for fs
    main.o(.text) refers to main.o(.data) for sd_ok
    main.o(.text) refers to main.o(.bss) for START_TASK_STK
    system_stm32f4xx.o(.text) refers to system_stm32f4xx.o(.data) for SystemCoreClock
    ihome_function.o(.text) refers to _printf_percent.o(.ARM.Collect$$_printf_percent$$00000000) for _printf_percent
    ihome_function.o(.text) refers to _printf_d.o(.ARM.Collect$$_printf_percent$$00000009) for _printf_d
    ihome_function.o(.text) refers to _printf_s.o(.ARM.Collect$$_printf_percent$$00000014) for _printf_s
    ihome_function.o(.text) refers to _printf_dec.o(.text) for _printf_int_dec
    ihome_function.o(.text) refers to _printf_str.o(.text) for _printf_str
    ihome_function.o(.text) refers to _printf_c.o(.ARM.Collect$$_printf_percent$$00000013) for _printf_c
    ihome_function.o(.text) refers to _printf_x.o(.ARM.Collect$$_printf_percent$$0000000C) for _printf_x
    ihome_function.o(.text) refers to _printf_hex_int.o(.text) for _printf_longlong_hex
    ihome_function.o(.text) refers to noretval__2printf.o(.text) for __2printf
    ihome_function.o(.text) refers to dcmi.o(.text) for My_DCMI_Init
    ihome_function.o(.text) refers to camera.o(.text) for sw_ov2640_mode
    ihome_function.o(.text) refers to ov2640.o(.text) for OV2640_JPEG_Mode
    ihome_function.o(.text) refers to os_time.o(.text) for OSTimeDlyHMSM
    ihome_function.o(.text) refers to os_q.o(.text) for OSQPend
    ihome_function.o(.text) refers to strcmpv7m.o(.text) for strcmp
    ihome_function.o(.text) refers to malloc.o(.text) for mymalloc
    ihome_function.o(.text) refers to noretval__2sprintf.o(.text) for __2sprintf
    ihome_function.o(.text) refers to strlen.o(.text) for strlen
    ihome_function.o(.text) refers to api_lib.o(.text) for netconn_write_partly
    ihome_function.o(.text) refers to rt_memcpy_v6.o(.text) for __aeabi_memcpy
    ihome_function.o(.text) refers to camera.o(.data) for ov2640_mode
    ihome_function.o(.text) refers to dcmi.o(.data) for dcmi_rx_callback
    ihome_function.o(.text) refers to ihome_function.o(.data) for camera_start
    ihome_function.o(.text) refers to tcp_client.o(.data) for tcp_send_event
    ihome_function.o(.text) refers to main.o(.constdata) for slave
    ihome_function.o(.text) refers to tcp_server.o(.data) for video_server
    ihome_function.o(.text) refers to lsens.o(.text) for Lsens_Get_Val
    ihome_function.o(.text) refers to stm32f4xx_tim.o(.text) for TIM_SetCompare1
    ihome_function.o(.text) refers to dht11.o(.text) for DHT11_Read_Data
    camera.o(.text) refers to _printf_pad.o(.text) for _printf_pre_padding
    camera.o(.text) refers to _printf_percent.o(.ARM.Collect$$_printf_percent$$00000000) for _printf_percent
    camera.o(.text) refers to _printf_d.o(.ARM.Collect$$_printf_percent$$00000009) for _printf_d
    camera.o(.text) refers to _printf_dec.o(.text) for _printf_int_dec
    camera.o(.text) refers to _printf_x.o(.ARM.Collect$$_printf_percent$$0000000C) for _printf_x
    camera.o(.text) refers to _printf_hex_int.o(.text) for _printf_longlong_hex
[...]
    tcp_bind                                 0x080184df   Thumb Code   170  tcp.o(.text)
    tcp_listen_with_backlog                  0x08018591   Thumb Code   222  tcp.o(.text)
    tcp_eff_send_mss                         0x0801866f   Thumb Code    46  tcp.o(.text)
    tcp_next_iss                             0x0801869d   Thumb Code    20  tcp.o(.text)
    tcp_connect                              0x080186b1   Thumb Code   538  tcp.o(.text)
    tcp_setprio                              0x080188cb   Thumb Code     4  tcp.o(.text)
    tcp_alloc                                0x08018955   Thumb Code   202  tcp.o(.text)
    tcp_new                                  0x08018a1f   Thumb Code    10  tcp.o(.text)
    tcp_arg                                  0x08018a29   Thumb Code     4  tcp.o(.text)
    tcp_recv                                 0x08018a2d   Thumb Code    42  tcp.o(.text)
    tcp_sent                                 0x08018a57   Thumb Code    42  tcp.o(.text)
    tcp_err                                  0x08018a81   Thumb Code    44  tcp.o(.text)
    tcp_accept                               0x08018aad   Thumb Code     4  tcp.o(.text)
    tcp_poll                                 0x08018ab1   Thumb Code    50  tcp.o(.text)
    tcp_debug_state_str                      0x08018ae3   Thumb Code    10  tcp.o(.text)
    tcp_input                                0x08019db5   Thumb Code  1672  tcp_in.o(.text)
    tcp_enqueue_flags                        0x0801a5ad   Thumb Code   416  tcp_out.o(.text)
    tcp_send_fin                             0x0801a74d   Thumb Code    74  tcp_out.o(.text)
    tcp_write                                0x0801aa2f   Thumb Code  1742  tcp_out.o(.text)
    tcp_send_empty_ack                       0x0801b0fd   Thumb Code    86  tcp_out.o(.text)
    tcp_output                               0x0801b223   Thumb Code   710  tcp_out.o(.text)
    tcp_rst                                  0x0801b4e9   Thumb Code   162  tcp_out.o(.text)
    tcp_rexmit_rto                           0x0801b58b   Thumb Code    58  tcp_out.o(.text)
    tcp_rexmit                               0x0801b5c5   Thumb Code    90  tcp_out.o(.text)
    tcp_rexmit_fast                          0x0801b61f   Thumb Code   120  tcp_out.o(.text)
    tcp_keepalive                            0x0801b697   Thumb Code    84  tcp_out.o(.text)
    tcp_zero_window_probe                    0x0801b6eb   Thumb Code   180  tcp_out.o(.text)
    sys_timeout                              0x0801b7a1   Thumb Code   174  timers.o(.text)
    tcp_timer_needed                         0x0801b877   Thumb Code    38  timers.o(.text)
    sys_timeouts_init                        0x0801b905   Thumb Code    52  timers.o(.text)
    sys_untimeout                            0x0801b939   Thumb Code    90  timers.o(.text)
    sys_timeouts_mbox_fetch                  0x0801b993   Thumb Code   132  timers.o(.text)
    udp_init                                 0x0801bad1   Thumb Code     2  udp.o(.text)
    udp_input                                0x0801bb23   Thumb Code   512  udp.o(.text)
    udp_bind                                 0x0801bd23   Thumb Code   170  udp.o(.text)
    udp_sendto_if                            0x0801bdcd   Thumb Code   460  udp.o(.text)
    udp_sendto                               0x0801bf99   Thumb Code    54  udp.o(.text)
    udp_send                                 0x0801bfcf   Thumb Code    20  udp.o(.text)
    udp_connect                              0x0801bfe3   Thumb Code    98  udp.o(.text)
    udp_disconnect                           0x0801c045   Thumb Code    16  udp.o(.text)
    udp_recv                                 0x0801c055   Thumb Code     6  udp.o(.text)
    udp_remove                               0x0801c05b   Thumb Code    60  udp.o(.text)
    udp_new                                  0x0801c097   Thumb Code    28  udp.o(.text)
    mem_init                                 0x0801c193   Thumb Code   114  mem.o(.text)
    mem_free                                 0x0801c205   Thumb Code   182  mem.o(.text)
    mem_trim                                 0x0801c2bb   Thumb Code   338  mem.o(.text)
    mem_malloc                               0x0801c40d   Thumb Code   796  mem.o(.text)
    mem_calloc                               0x0801c729   Thumb Code    34  mem.o(.text)
    sys_mbox_new                             0x0801c7fd   Thumb Code   108  sys_arch.o(.text)
    sys_mbox_free                            0x0801c869   Thumb Code    56  sys_arch.o(.text)
    sys_mbox_post                            0x0801c8a1   Thumb Code    28  sys_arch.o(.text)
    sys_mbox_trypost                         0x0801c8bd   Thumb Code    32  sys_arch.o(.text)
    sys_arch_mbox_fetch                      0x0801c8dd   Thumb Code   154  sys_arch.o(.text)
    sys_arch_mbox_tryfetch                   0x0801c977   Thumb Code    18  sys_arch.o(.text)
    sys_mbox_valid                           0x0801c989   Thumb Code    56  sys_arch.o(.text)
    sys_mbox_set_invalid                     0x0801c9c1   Thumb Code     6  sys_arch.o(.text)
    sys_sem_new                              0x0801c9c7   Thumb Code    62  sys_arch.o(.text)
    sys_arch_sem_wait                        0x0801ca05   Thumb Code    96  sys_arch.o(.text)
    sys_sem_signal                           0x0801ca65   Thumb Code    12  sys_arch.o(.text)
    sys_sem_free                             0x0801ca71   Thumb Code    52  sys_arch.o(.text)
    sys_sem_valid                            0x0801caa5   Thumb Code    22  sys_arch.o(.text)
    sys_sem_set_invalid                      0x0801cabb   Thumb Code     6  sys_arch.o(.text)
    sys_init                                 0x0801cac1   Thumb Code     2  sys_arch.o(.text)
    sys_thread_new                           0x0801cac3   Thumb Code    66  sys_arch.o(.text)
    sys_msleep                               0x0801cb05   Thumb Code    12  sys_arch.o(.text)
    sys_now                                  0x0801cb11   Thumb Code    26  sys_arch.o(.text)
    netconn_new_with_proto_and_callback      0x0801cbd1   Thumb Code   196  api_lib.o(.text)
    netconn_delete                           0x0801cc95   Thumb Code    36  api_lib.o(.text)
    netconn_getaddr                          0x0801ccb9   Thumb Code   162  api_lib.o(.text)
    netconn_bind                             0x0801cd5b   Thumb Code    98  api_lib.o(.text)
    netconn_connect                          0x0801cdbd   Thumb Code    98  api_lib.o(.text)
    netconn_disconnect                       0x0801ce1f   Thumb Code    84  api_lib.o(.text)
    netconn_listen_with_backlog              0x0801ce73   Thumb Code    86  api_lib.o(.text)
    netconn_accept                           0x0801cec9   Thumb Code   764  api_lib.o(.text)
    netconn_recv_tcp_pbuf                    0x0801d311   Thumb Code    56  api_lib.o(.text)
    netconn_recv                             0x0801d349   Thumb Code   270  api_lib.o(.text)
    netconn_recved                           0x0801d457   Thumb Code    44  api_lib.o(.text)
    netconn_send                             0x0801d483   Thumb Code    98  api_lib.o(.text)
    netconn_sendto                           0x0801d4e5   Thumb Code    44  api_lib.o(.text)
    netconn_write_partly                     0x0801d511   Thumb Code   438  api_lib.o(.text)
    netconn_close                            0x0801d727   Thumb Code    14  api_lib.o(.text)
    netconn_shutdown                         0x0801d735   Thumb Code    36  api_lib.o(.text)
    netconn_free                             0x0801e13d   Thumb Code   328  api_msg.o(.text)
    netconn_alloc                            0x0801e285   Thumb Code   170  api_msg.o(.text)
    do_newconn                               0x0801e491   Thumb Code    32  api_msg.o(.text)
    do_delconn                               0x0801e579   Thumb Code   636  api_msg.o(.text)
    do_bind                                  0x0801e7f5   Thumb Code   116  api_msg.o(.text)
    do_connect                               0x0801e933   Thumb Code   220  api_msg.o(.text)
    do_disconnect                            0x0801ea0f   Thumb Code    46  api_msg.o(.text)
    do_listen                                0x0801ea3d   Thumb Code   198  api_msg.o(.text)
    do_send                                  0x0801eb03   Thumb Code   356  api_msg.o(.text)
    do_recv                                  0x0801ec67   Thumb Code    72  api_msg.o(.text)
    do_write                                 0x0801ecaf   Thumb Code   166  api_msg.o(.text)
    do_getaddr                               0x0801ed55   Thumb Code   198  api_msg.o(.text)
    do_close                                 0x0801ee1b   Thumb Code   184  api_msg.o(.text)
    netbuf_new                               0x0801ef05   Thumb Code    30  netbuf.o(.text)
    netbuf_delete                            0x0801ef23   Thumb Code    32  netbuf.o(.text)
    netbuf_alloc                             0x0801ef43   Thumb Code   102  netbuf.o(.text)
    netbuf_free                              0x0801efa9   Thumb Code    50  netbuf.o(.text)
    netbuf_ref                               0x0801efdb   Thumb Code    92  netbuf.o(.text)
    netbuf_chain                             0x0801f037   Thumb Code    82  netbuf.o(.text)
    netbuf_data                              0x0801f089   Thumb Code   122  netbuf.o(.text)
    netbuf_next                              0x0801f103   Thumb Code    64  netbuf.o(.text)
    netbuf_first                             0x0801f143   Thumb Code    38  netbuf.o(.text)
    lwip_socket_init                         0x0801f2bd   Thumb Code     2  sockets.o(.text)
    lwip_accept                              0x0801f569   Thumb Code   656  sockets.o(.text)
    lwip_bind                                0x0801f7f9   Thumb Code   184  sockets.o(.text)
    lwip_close                               0x0801f8b1   Thumb Code    94  sockets.o(.text)
    lwip_connect                             0x0801f90f   Thumb Code   204  sockets.o(.text)
    lwip_listen                              0x0801f9db   Thumb Code   136  sockets.o(.text)
    lwip_recvfrom                            0x0801fa63   Thumb Code   810  sockets.o(.text)
    lwip_read                                0x0801fd8d   Thumb Code    28  sockets.o(.text)
    lwip_recv                                0x0801fda9   Thumb Code    34  sockets.o(.text)
    lwip_sendto                              0x0801fdcb   Thumb Code   276  sockets.o(.text)
    lwip_send                                0x0801fedf   Thumb Code   156  sockets.o(.text)
    lwip_socket                              0x0801ff7b   Thumb Code   292  sockets.o(.text)
    lwip_write                               0x0802009f   Thumb Code    22  sockets.o(.text)
    lwip_select                              0x08020231   Thumb Code   864  sockets.o(.text)
    lwip_shutdown                            0x08020591   Thumb Code   296  sockets.o(.text)
    lwip_getpeername                         0x0802073b   Thumb Code    22  sockets.o(.text)
    lwip_getsockname                         0x08020751   Thumb Code    22  sockets.o(.text)
    lwip_getsockopt                          0x08020957   Thumb Code   408  sockets.o(.text)
    lwip_setsockopt                          0x08020c99   Thumb Code   312  sockets.o(.text)
    lwip_ioctl                               0x08020dd1   Thumb Code   108  sockets.o(.text)
    lwip_fcntl                               0x08020e3d   Thumb Code   116  sockets.o(.text)
    tcpip_input                              0x08020fa3   Thumb Code    72  tcpip.o(.text)
    tcpip_callback_with_block                0x08020feb   Thumb Code    90  tcpip.o(.text)
    tcpip_timeout                            0x08021045   Thumb Code    64  tcpip.o(.text)
    tcpip_untimeout                          0x08021085   Thumb Code    56  tcpip.o(.text)
    tcpip_apimsg                             0x080210bd   Thumb Code    60  tcpip.o(.text)
    tcpip_callbackmsg_new                    0x080210f9   Thumb Code    32  tcpip.o(.text)
    tcpip_callbackmsg_delete                 0x08021119   Thumb Code    14  tcpip.o(.text)
    tcpip_trycallback                        0x08021127   Thumb Code    28  tcpip.o(.text)
    tcpip_init                               0x08021143   Thumb Code    72  tcpip.o(.text)
    pbuf_free_callback                       0x08021199   Thumb Code    16  tcpip.o(.text)
    mem_free_callback                        0x080211a9   Thumb Code    16  tcpip.o(.text)
    OS_StrLen                                0x08021275   Thumb Code    20  os_core.o(.text)
    OSEventNameGet                           0x08021289   Thumb Code    98  os_core.o(.text)
    OSEventNameSet                           0x080212eb   Thumb Code    84  os_core.o(.text)
    OS_TaskStatStkChk                        0x0802133f   Thumb Code    54  os_core.o(.text)
    OS_TaskStat                              0x08021375   Thumb Code   116  os_core.o(.text)
    OS_TaskIdle                              0x0802141d   Thumb Code    34  os_core.o(.text)
    OS_MemClr                                0x08021473   Thumb Code    18  os_core.o(.text)
    OSInit                                   0x0802159b   Thumb Code    52  os_core.o(.text)
    OSIntEnter                               0x080215cf   Thumb Code    28  os_core.o(.text)
    OSIntExit                                0x08021605   Thumb Code   260  os_core.o(.text)
    OSSchedLock                              0x08021709   Thumb Code    50  os_core.o(.text)
    OS_Sched                                 0x0802173b   Thumb Code    88  os_core.o(.text)
    OSSchedUnlock                            0x08021793   Thumb Code    82  os_core.o(.text)
    OSStart                                  0x080217e5   Thumb Code    48  os_core.o(.text)
    OSStatInit                               0x08021815   Thumb Code    62  os_core.o(.text)
    OSTimeTick                               0x08021853   Thumb Code   218  os_core.o(.text)
    OSVersion                                0x0802192d   Thumb Code     6  os_core.o(.text)
    OS_Dummy                                 0x08021933   Thumb Code     2  os_core.o(.text)
    OS_EventTaskRemove                       0x08021935   Thumb Code    42  os_core.o(.text)
    OS_EventTaskRdy                          0x0802195f   Thumb Code   118  os_core.o(.text)
    OS_EventTaskWait                         0x080219d5   Thumb Code   112  os_core.o(.text)
    OS_EventWaitListInit                     0x08021a45   Thumb Code    28  os_core.o(.text)
    OS_MemCopy                               0x08021a61   Thumb Code    20  os_core.o(.text)
    OS_TCBInit                               0x08021a75   Thumb Code   374  os_core.o(.text)
    OSFlagAccept                             0x08021c01   Thumb Code   252  os_flag.o(.text)
    OSFlagCreate                             0x08021cfd   Thumb Code    86  os_flag.o(.text)
    OS_FlagUnlink                            0x08021d53   Thumb Code    36  os_flag.o(.text)
    OSFlagDel                                0x08021dd7   Thumb Code   214  os_flag.o(.text)
    OSFlagNameGet                            0x08021ead   Thumb Code    80  os_flag.o(.text)
    OSFlagNameSet                            0x08021efd   Thumb Code    66  os_flag.o(.text)
    OSFlagPend                               0x08021fd7   Thumb Code   614  os_flag.o(.text)
    OSFlagPendGetFlagsRdy                    0x0802223d   Thumb Code    26  os_flag.o(.text)
    OSFlagPost                               0x08022257   Thumb Code   312  os_flag.o(.text)
    OSFlagQuery                              0x0802238f   Thumb Code    48  os_flag.o(.text)
    OS_FlagInit                              0x080223bf   Thumb Code    78  os_flag.o(.text)
    OSMemCreate                              0x08022419   Thumb Code   118  os_mem.o(.text)
    OSMemGet                                 0x0802248f   Thumb Code    62  os_mem.o(.text)
    OSMemNameGet                             0x080224cd   Thumb Code    60  os_mem.o(.text)
    OSMemNameSet                             0x08022509   Thumb Code    48  os_mem.o(.text)
    OSMemPut                                 0x08022539   Thumb Code    54  os_mem.o(.text)
    OSMemQuery                               0x0802256f   Thumb Code    52  os_mem.o(.text)
    OS_MemInit                               0x080225a3   Thumb Code    74  os_mem.o(.text)
    OSQAccept                                0x080225fd   Thumb Code    88  os_q.o(.text)
    OSQCreate                                0x08022655   Thumb Code   144  os_q.o(.text)
    OSQDel                                   0x080226e5   Thumb Code   244  os_q.o(.text)
    OSQFlush                                 0x080227d9   Thumb Code    36  os_q.o(.text)
    OSQPend                                  0x080227fd   Thumb Code   272  os_q.o(.text)
    OSQPendAbort                             0x0802290d   Thumb Code   126  os_q.o(.text)
    OSQPost                                  0x0802298b   Thumb Code   114  os_q.o(.text)
    OSQPostFront                             0x080229fd   Thumb Code   142  os_q.o(.text)
    OSQPostOpt                               0x08022a8b   Thumb Code   182  os_q.o(.text)
    OSQQuery                                 0x08022b41   Thumb Code    98  os_q.o(.text)
    OS_QInit                                 0x08022ba3   Thumb Code    74  os_q.o(.text)
    OSSemAccept                              0x08022bf5   Thumb Code    42  os_sem.o(.text)
    OSSemCreate                              0x08022c1f   Thumb Code    72  os_sem.o(.text)
    OSSemDel                                 0x08022c67   Thumb Code   230  os_sem.o(.text)
    OSSemPend                                0x08022d4d   Thumb Code   222  os_sem.o(.text)
    OSSemPendAbort                           0x08022e2b   Thumb Code   126  os_sem.o(.text)
    OSSemPost                                0x08022ea9   Thumb Code    88  os_sem.o(.text)
    OSSemQuery                               0x08022f01   Thumb Code    76  os_sem.o(.text)
    OSSemSet                                 0x08022f4d   Thumb Code    66  os_sem.o(.text)
    OSTaskChangePrio                         0x08022fd1   Thumb Code   310  os_task.o(.text)
    OSTaskCreate                             0x08023107   Thumb Code   148  os_task.o(.text)
    OS_TaskStkClr                            0x0802319b   Thumb Code    26  os_task.o(.text)
    OSTaskCreateExt                          0x080231b5   Thumb Code   170  os_task.o(.text)
    OSTaskDel                                0x0802325f   Thumb Code   294  os_task.o(.text)
    OSTaskDelReq                             0x08023385   Thumb Code   146  os_task.o(.text)
    OSTaskNameGet                            0x08023417   Thumb Code   114  os_task.o(.text)
    OSTaskNameSet                            0x08023489   Thumb Code    98  os_task.o(.text)
    OSTaskResume                             0x080234eb   Thumb Code   160  os_task.o(.text)
    OSTaskStkChk                             0x0802358b   Thumb Code   132  os_task.o(.text)
    OSTaskSuspend                            0x0802360f   Thumb Code   152  os_task.o(.text)
    OSTaskQuery                              0x080236a7   Thumb Code    82  os_task.o(.text)
    OSTaskRegGet                             0x080236f9   Thumb Code    60  os_task.o(.text)
    OSTaskRegSet                             0x08023735   Thumb Code    62  os_task.o(.text)
    OS_TaskReturn                            0x08023773   Thumb Code    18  os_task.o(.text)
    OSTimeDly                                0x0802379d   Thumb Code   100  os_time.o(.text)
    OSTimeDlyHMSM                            0x08023801   Thumb Code    86  os_time.o(.text)
    OSTimeDlyResume                          0x08023857   Thumb Code   176  os_time.o(.text)
    OSTimeGet                                0x08023907   Thumb Code    24  os_time.o(.text)
    OSTimeSet                                0x0802391f   Thumb Code    24  os_time.o(.text)
    OSTmrCreate                              0x08023987   Thumb Code    96  os_tmr.o(.text)
    OSTmrDel                                 0x08023a5f   Thumb Code   124  os_tmr.o(.text)
    OSTmrNameGet                             0x08023adb   Thumb Code   114  os_tmr.o(.text)
    OSTmrRemainGet                           0x08023b4d   Thumb Code   164  os_tmr.o(.text)
    OSTmrStateGet                            0x08023bf1   Thumb Code    86  os_tmr.o(.text)
    OSTmrStart                               0x08023cab   Thumb Code   128  os_tmr.o(.text)
    OSTmrStop                                0x08023d2b   Thumb Code   210  os_tmr.o(.text)
    OSTmrSignal                              0x08023dfd   Thumb Code    16  os_tmr.o(.text)
    OSTmr_Init                               0x08023eb1   Thumb Code   172  os_tmr.o(.text)
    OSInitHookBegin                          0x08023fc5   Thumb Code     8  os_cpu_c.o(.text)
    OSInitHookEnd                            0x08023fcd   Thumb Code     2  os_cpu_c.o(.text)
    OSTaskCreateHook                         0x08023fcf   Thumb Code     2  os_cpu_c.o(.text)
    OSTaskDelHook                            0x08023fd1   Thumb Code     2  os_cpu_c.o(.text)
    OSTaskIdleHook                           0x08023fd3   Thumb Code     2  os_cpu_c.o(.text)
    OSTaskStatHook                           0x08023fd5   Thumb Code     2  os_cpu_c.o(.text)
    OSTaskStkInit                            0x08023fd7   Thumb Code   426  os_cpu_c.o(.text)
    OSTaskSwHook                             0x08024181   Thumb Code     2  os_cpu_c.o(.text)
    OSTCBInitHook                            0x08024183   Thumb Code     2  os_cpu_c.o(.text)
    OSTimeTickHook                           0x08024185   Thumb Code    30  os_cpu_c.o(.text)
    OSTaskReturnHook                         0x080241a3   Thumb Code     2  os_cpu_c.o(.text)
    OS_CPU_SR_Save                           0x080241ad   Thumb Code     0  os_cpu_a.o(.text)
    OS_CPU_SR_Restore                        0x080241b5   Thumb Code     0  os_cpu_a.o(.text)
    OSStartHighRdy                           0x080241bb   Thumb Code     0  os_cpu_a.o(.text)
    OSCtxSw                                  0x080241df   Thumb Code     0  os_cpu_a.o(.text)
    OSIntCtxSw                               0x080241ed   Thumb Code     0  os_cpu_a.o(.text)
    PendSV_Handler                           0x080241fd   Thumb Code     0  os_cpu_a.o(.text)
    mymemcpy                                 0x08024275   Thumb Code    26  malloc.o(.text)
    mymemset                                 0x0802428f   Thumb Code    20  malloc.o(.text)
    mymem_init                               0x080242a3   Thumb Code    54  malloc.o(.text)
    my_mem_perused                           0x080242d9   Thumb Code    54  malloc.o(.text)
    my_mem_malloc                            0x0802430f   Thumb Code   154  malloc.o(.text)
    my_mem_free                              0x080243a9   Thumb Code    94  malloc.o(.text)
    myfree                                   0x08024407   Thumb Code    32  malloc.o(.text)
    mymalloc                                 0x08024427   Thumb Code    34  malloc.o(.text)
    myrealloc                                0x08024449   Thumb Code    66  malloc.o(.text)
    disk_initialize                          0x0802449d   Thumb Code    52  diskio.o(.text)
    disk_status                              0x080244d1   Thumb Code     6  diskio.o(.text)
    disk_read                                0x080244d7   Thumb Code   122  diskio.o(.text)
    disk_write                               0x08024551   Thumb Code   122  diskio.o(.text)
    disk_ioctl                               0x080245cb   Thumb Code   170  diskio.o(.text)
    get_fattime                              0x08024675   Thumb Code     4  diskio.o(.text)
    ff_memalloc                              0x08024679   Thumb Code    14  diskio.o(.text)
    ff_memfree                               0x08024687   Thumb Code    14  diskio.o(.text)
    clust2sect                               0x0802484b   Thumb Code    26  ff.o(.text)
    get_fat                                  0x08024865   Thumb Code   232  ff.o(.text)
    put_fat                                  0x0802494d   Thumb Code   316  ff.o(.text)
    dir_sdi                                  0x08024bfd   Thumb Code   158  ff.o(.text)
    f_mount                                  0x08025c6b   Thumb Code    86  ff.o(.text)
    f_open                                   0x08025cc1   Thumb Code   380  ff.o(.text)
    f_read                                   0x08025e3d   Thumb Code   446  ff.o(.text)
    f_write                                  0x08025ffb   Thumb Code   488  ff.o(.text)
    f_sync                                   0x080261e3   Thumb Code   174  ff.o(.text)
    f_close                                  0x08026291   Thumb Code    36  ff.o(.text)
    f_lseek                                  0x080262b5   Thumb Code   652  ff.o(.text)
    f_opendir                                0x08026541   Thumb Code   136  ff.o(.text)
    f_closedir                               0x080265c9   Thumb Code    22  ff.o(.text)
    f_readdir                                0x080265df   Thumb Code   114  ff.o(.text)
    f_stat                                   0x08026651   Thumb Code    84  ff.o(.text)
    f_getfree                                0x080266a5   Thumb Code   258  ff.o(.text)
    f_truncate                               0x080267a7   Thumb Code   184  ff.o(.text)
    f_unlink                                 0x0802685f   Thumb Code   194  ff.o(.text)
    f_mkdir                                  0x08026921   Thumb Code   380  ff.o(.text)
    f_chmod                                  0x08026a9d   Thumb Code   112  ff.o(.text)
    f_utime                                  0x08026b0d   Thumb Code   110  ff.o(.text)
    f_rename                                 0x08026b7b   Thumb Code   314  ff.o(.text)
    f_getlabel                               0x08026cb5   Thumb Code   190  ff.o(.text)
    f_setlabel                               0x08026d73   Thumb Code   468  ff.o(.text)
    f_mkfs                                   0x08026f47   Thumb Code  1570  ff.o(.text)
    f_gets                                   0x08027569   Thumb Code    82  ff.o(.text)
    f_putc                                   0x080275ff   Thumb Code    64  ff.o(.text)
    f_puts                                   0x0802763f   Thumb Code    74  ff.o(.text)
    f_printf                                 0x08027689   Thumb Code   674  ff.o(.text)
    exfuns_init                              0x0802792d   Thumb Code   114  exfuns.o(.text)
    char_upper                               0x0802799f   Thumb Code    26  exfuns.o(.text)
    f_typetell                               0x080279b9   Thumb Code   172  exfuns.o(.text)
    exf_getfree                              0x08027a65   Thumb Code    74  exfuns.o(.text)
    ff_convert                               0x08027ac5   Thumb Code   146  mycc936.o(.text)
    ff_wtoupper                              0x08027b57   Thumb Code    46  mycc936.o(.text)
    Get_HzMat                                0x08027b91   Thumb Code   220  text.o(.text)
    Show_Font                                0x08027c6d   Thumb Code   190  text.o(.text)
    Show_Str                                 0x08027d2b   Thumb Code   192  text.o(.text)
    Show_Str_Mid                             0x08027deb   Thumb Code   106  text.o(.text)
    __use_no_semihosting                     0x08027e65   Thumb Code     2  use_no_semi_2.o(.text)
    __rt_ctype_table                         0x08027e69   Thumb Code    16  rt_ctype_table.o(.text)
    __aeabi_ldivmod                          0x08027e79   Thumb Code     0  llsdiv.o(.text)
    _ll_sdiv                                 0x08027e79   Thumb Code    72  llsdiv.o(.text)
    __2printf                                0x08027ec1   Thumb Code    20  noretval__2printf.o(.text)
    __2sprintf                               0x08027ed9   Thumb Code    34  noretval__2sprintf.o(.text)
    _printf_pre_padding                      0x08027f01   Thumb Code    46  _printf_pad.o(.text)
    _printf_post_padding                     0x08027f2f   Thumb Code    36  _printf_pad.o(.text)
    _printf_str                              0x08027f53   Thumb Code    82  _printf_str.o(.text)
    _printf_int_dec                          0x08027fa5   Thumb Code   102  _printf_dec.o(.text)
    _printf_int_hex                          0x0802801d   Thumb Code    88  _printf_hex_int.o(.text)
    _printf_longlong_hex                     0x0802801d   Thumb Code     0  _printf_hex_int.o(.text)
    __printf                                 0x08028079   Thumb Code   390  __printf_flags_ss_wp.o(.text)
    memcmp                                   0x08028205   Thumb Code    88  memcmp.o(.text)
    strcpy                                   0x0802825d   Thumb Code    72  strcpy.o(.text)
    strlen                                   0x080282a5   Thumb Code    62  strlen.o(.text)
    __aeabi_memcpy                           0x080282e3   Thumb Code     0  rt_memcpy_v6.o(.text)
    __rt_memcpy                              0x080282e3   Thumb Code   138  rt_memcpy_v6.o(.text)
    _memcpy_lastbytes                        0x08028349   Thumb Code     0  rt_memcpy_v6.o(.text)
    __aeabi_memclr                           0x0802836d   Thumb Code     0  rt_memclr.o(.text)
    __rt_memclr                              0x0802836d   Thumb Code    68  rt_memclr.o(.text)
    _memset                                  0x08028371   Thumb Code     0  rt_memclr.o(.text)
    __aeabi_memclr4                          0x080283b1   Thumb Code     0  rt_memclr_w.o(.text)
    __aeabi_memclr8                          0x080283b1   Thumb Code     0  rt_memclr_w.o(.text)
    __rt_memclr_w                            0x080283b1   Thumb Code    78  rt_memclr_w.o(.text)
    _memset_w                                0x080283b5   Thumb Code     0  rt_memclr_w.o(.text)
    strcmp                                   0x08028401   Thumb Code   128  strcmpv7m.o(.text)
    __use_two_region_memory                  0x08028481   Thumb Code     2  heapauxi.o(.text)
    __rt_heap_escrow$2region                 0x08028483   Thumb Code     2  heapauxi.o(.text)
    __rt_heap_expand$2region                 0x08028485   Thumb Code     2  heapauxi.o(.text)
    __I$use$semihosting                      0x08028487   Thumb Code     0  use_no_semi.o(.text)
    __use_no_semihosting_swi                 0x08028487   Thumb Code     2  use_no_semi.o(.text)
    __rt_locale                              0x08028489   Thumb Code     8  rt_locale_intlibspace.o(.text)
    __aeabi_uldivmod                         0x08028491   Thumb Code     0  lludivv7m.o(.text)
    _ll_udiv                                 0x08028491   Thumb Code   238  lludivv7m.o(.text)
    _printf_int_common                       0x0802857f   Thumb Code   184  _printf_intcommon.o(.text)
    _printf_char_common                      0x08028643   Thumb Code    32  _printf_char_common.o(.text)
    _sputc                                   0x08028669   Thumb Code    10  _sputc.o(.text)
    _printf_cs_common                        0x08028673   Thumb Code    20  _printf_char.o(.text)
    _printf_char                             0x08028687   Thumb Code    16  _printf_char.o(.text)
    _printf_string                           0x08028697   Thumb Code     8  _printf_char.o(.text)
    _printf_char_file                        0x080286a1   Thumb Code    32  _printf_char_file.o(.text)
    __aeabi_memcpy4                          0x080286c5   Thumb Code     0  rt_memcpy_w.o(.text)
    __aeabi_memcpy8                          0x080286c5   Thumb Code     0  rt_memcpy_w.o(.text)
    __rt_memcpy_w                            0x080286c5   Thumb Code   100  rt_memcpy_w.o(.text)
    _memcpy_lastbytes_aligned                0x0802870d   Thumb Code     0  rt_memcpy_w.o(.text)
    __user_libspace                          0x08028729   Thumb Code     8  libspace.o(.text)
    __user_perproc_libspace                  0x08028729   Thumb Code     0  libspace.o(.text)
    __user_perthread_libspace                0x08028729   Thumb Code     0  libspace.o(.text)
    ferror                                   0x08028731   Thumb Code     8  ferror.o(.text)
    __user_setup_stackheap                   0x08028739   Thumb Code    74  sys_stackheap_outer.o(.text)
    exit                                     0x08028783   Thumb Code    12  exit.o(.text)
    _is_digit                                0x0802878f   Thumb Code    14  __printf_wp.o(i._is_digit)
    _get_lc_ctype                            0x0802879d   Thumb Code    44  lc_ctype_c.o(locale$$code)
    __aeabi_d2uiz                            0x080287c9   Thumb Code     0  dfixu.o(x$fpl$dfixu)
    _dfixu                                   0x080287c9   Thumb Code    90  dfixu.o(x$fpl$dfixu)
    __aeabi_ui2d                             0x08028823   Thumb Code     0  dflt_clz.o(x$fpl$dfltu)
    _dfltu                                   0x08028823   Thumb Code    38  dflt_clz.o(x$fpl$dfltu)
    __aeabi_dmul                             0x08028849   Thumb Code     0  dmul.o(x$fpl$dmul)
    _dmul                                    0x08028849   Thumb Code   332  dmul.o(x$fpl$dmul)
    __fpl_dnaninf                            0x0802899d   Thumb Code   156  dnaninf.o(x$fpl$dnaninf)
    __fpl_dretinf                            0x08028a39   Thumb Code    12  dretinf.o(x$fpl$dretinf)
    _fp_init                                 0x08028a45   Thumb Code    10  fpinit.o(x$fpl$fpinit)
    __fplib_config_fpu_vfp                   0x08028a4d   Thumb Code     0  fpinit.o(x$fpl$fpinit)
    __fplib_config_pureend_doubles           0x08028a4d   Thumb Code     0  fpinit.o(x$fpl$fpinit)
    __I$use$fp                               0x08028a4e   Number         0  usenofp.o(x$fpl$usenofp)
    master                                   0x08028a4e   Data          33  main.o(.constdata)
    slave                                    0x08028a6f   Data          33  main.o(.constdata)
    asc2_1206                                0x08028a90   Data        1140  lcd.o(.constdata)
    asc2_1608                                0x08028f04   Data        1520  lcd.o(.constdata)
    asc2_2412                                0x080294f4   Data        3420  lcd.o(.constdata)
    ov2640_sxga_init_reg_tbl                 0x0802a250   Data         356  ov2640.o(.constdata)
    ov2640_svga_init_reg_tbl                 0x0802a3b4   Data         354  ov2640.o(.constdata)
    ov2640_jpeg_reg_tbl                      0x0802a516   Data          14  ov2640.o(.constdata)
    ov2640_rgb565_reg_tbl                    0x0802a524   Data          28  ov2640.o(.constdata)
    ov2640_yuv422_reg_tbl                    0x0802a540   Data          16  ov2640.o(.constdata)
    FSMC_DefaultTimingStruct                 0x0802a578   Data          28  stm32f4xx_fsmc.o(.constdata)
    ethbroadcast                             0x0802a594   Data           6  etharp.o(.constdata)
    ethzero                                  0x0802a59a   Data           6  etharp.o(.constdata)
    ip_addr_any                              0x0802a5e4   Data           4  ip_addr.o(.constdata)
    ip_addr_broadcast                        0x0802a5e8   Data           4  ip_addr.o(.constdata)
    tcp_state_str                            0x0802a6b0   Data          44  tcp.o(.constdata)
    tcp_backoff                              0x0802a6dc   Data          13  tcp.o(.constdata)
    tcp_persist_backoff                      0x0802a6e9   Data           7  tcp.o(.constdata)
    tcp_pcb_lists                            0x0802a6f0   Data          16  tcp.o(.constdata)
    pvNullPointer                            0x0802a758   Data           4  sys_arch.o(.constdata)
    OSUnMapTbl                               0x0802a79c   Data         256  os_core.o(.constdata)
    memtblsize                               0x0802a89c   Data          12  malloc.o(.constdata)
    memblksize                               0x0802a8a8   Data          12  malloc.o(.constdata)
    memsize                                  0x0802a8b4   Data          12  malloc.o(.constdata)
    FILE_TYPE_TBL                            0x0802a8fc   Data         112  exfuns.o(.constdata)
    Region$$Table$$Base                      0x0802afb4   Number         0  anon$$obj.o(Region$$Table)
    Region$$Table$$Limit                     0x0802afd4   Number         0  anon$$obj.o(Region$$Table)
    __ctype                                  0x0802afe1   Data           0  lc_ctype_c.o(locale$$data)
    mem3base                                 0x10000000   Data       61440  malloc.o(.ARM.__AT_0x10000000)
    mem3mapbase                              0x1000f000   Data        3840  malloc.o(.ARM.__AT_0x1000F000)
    sd_ok                                    0x20000000   Data           1  main.o(.data)
    password                                 0x20000001   Data          33  main.o(.data)
    SystemCoreClock                          0x20000024   Data           4  system_stm32f4xx.o(.data)
    AHBPrescTable                            0x20000028   Data          16  system_stm32f4xx.o(.data)
    ihome_start_flag                         0x20000038   Data           4  ihome_function.o(.data)
    camera_start                             0x2000003c   Data           4  ihome_function.o(.data)
    LED_TASK_STK                             0x20000040   Data           4  ihome_function.o(.data)
    DHT11_TASK_STK                           0x20000044   Data           4  ihome_function.o(.data)
    CAMERA_TASK_STK                          0x20000048   Data           4  ihome_function.o(.data)
    led_event                                0x2000004c   Data           4  ihome_function.o(.data)
    dht11_event                              0x20000050   Data           4  ihome_function.o(.data)
    camera_event                             0x20000054   Data           4  ihome_function.o(.data)
    camera_server_isready                    0x20000058   Data           4  camera.o(.data)
    ov2640_mode                              0x2000005c   Data           1  camera.o(.data)
    jpeg_data_len                            0x20000060   Data           4  camera.o(.data)
    jpeg_data_ok                             0x20000064   Data           1  camera.o(.data)
    pname                                    0x20000068   Data           4  camera.o(.data)
    jpeg_buf0                                0x2000006c   Data           4  camera.o(.data)
    jpeg_buf1                                0x20000070   Data           4  camera.o(.data)
    jpeg_data_buf                            0x20000074   Data           4  camera.o(.data)
    TIM5CH1_CAPTURE_STA                      0x2000007c   Data           1  timer.o(.data)
    TIM5CH1_CAPTURE_VAL                      0x20000080   Data           4  timer.o(.data)
    POINT_COLOR                              0x20000084   Data           2  lcd.o(.data)
    BACK_COLOR                               0x20000086   Data           2  lcd.o(.data)
    DMARxDscrTab                             0x20000088   Data           4  lan8720.o(.data)
    DMATxDscrTab                             0x2000008c   Data           4  lan8720.o(.data)
    Rx_Buff                                  0x20000090   Data           4  lan8720.o(.data)
    Tx_Buff                                  0x20000094   Data           4  lan8720.o(.data)
    ov_frame                                 0x20000098   Data           1  dcmi.o(.data)
    dcmi_rx_callback                         0x2000009c   Data           4  dcmi.o(.data)
    W25QXX_TYPE                              0x200000a0   Data           2  w25qxx.o(.data)
    TransferError                            0x200000ae   Data           1  sdio_sdcard.o(.data)
    TransferEnd                              0x200000af   Data           1  sdio_sdcard.o(.data)
    tempbuff                                 0x200000b0   Data           4  sdio_sdcard.o(.data)
    DMATxDescToSet                           0x200000c4   Data           4  stm32f4x7_eth.o(.data)
    DMARxDescToGet                           0x200000c8   Data           4  stm32f4x7_eth.o(.data)
    DMA_RX_FRAME_infos                       0x200000cc   Data           4  stm32f4x7_eth.o(.data)
    Frame_Rx_index                           0x200000d0   Data           4  stm32f4x7_eth.o(.data)
    USART_RX_STA                             0x200000d8   Data           2  usart.o(.data)
    __stdout                                 0x200000dc   Data           4  usart.o(.data)
    sys_cmd_tab                              0x200000e0   Data          28  usmart.o(.data)
    usmart_nametab                           0x200000fc   Data          48  usmart_config.o(.data)
    usmart_dev                               0x2000012c   Data         244  usmart_config.o(.data)
    server_ip                                0x20000220   Data           4  lwip_comm.o(.data)
    TCPTimer                                 0x20000224   Data           4  lwip_comm.o(.data)
    ARPTimer                                 0x20000228   Data           4  lwip_comm.o(.data)
    DHCPfineTimer                            0x2000022c   Data           4  lwip_comm.o(.data)
    DHCPcoarseTimer                          0x20000230   Data           4  lwip_comm.o(.data)
    lwip_localtime                           0x20000234   Data           4  lwip_comm.o(.data)
    TCPIP_THREAD_TASK_STK                    0x20000238   Data           4  lwip_comm.o(.data)
    LWIP_DHCP_TASK_STK                       0x2000023c   Data           4  lwip_comm.o(.data)
    isAccepted                               0x20000240   Data           1  tcp_server.o(.data)
    isChecked                                0x20000241   Data           1  tcp_server.o(.data)
    video_isConnected                        0x20000242   Data           1  tcp_server.o(.data)
    conn                                     0x20000254   Data           4  tcp_server.o(.data)
    serverconn                               0x20000258   Data           4  tcp_server.o(.data)
    videoconn                                0x2000025c   Data           4  tcp_server.o(.data)
    video_server                             0x20000260   Data           4  tcp_server.o(.data)
    TCPSERVER_TASK_STK                       0x20000264   Data           4  tcp_server.o(.data)
    TCPSERVER_RECV_TASK_STK                  0x20000268   Data           4  tcp_server.o(.data)
    VIDEOSERVER_TASK_STK                     0x2000026c   Data           4  tcp_server.o(.data)
    user_addr                                0x20000270   Data           4  tcp_server.o(.data)
    video_addr                               0x20000274   Data           4  tcp_server.o(.data)
    isConnected                              0x20000278   Data           1  tcp_client.o(.data)
    isAuthed                                 0x20000279   Data           1  tcp_client.o(.data)
    tcp_clientconn                           0x20000288   Data           4  tcp_client.o(.data)
    TCP_CLIENT_CONNECT_TASK_STK              0x2000028c   Data           4  tcp_client.o(.data)
    TCP_CLIENT_RECV_TASK_STK                 0x20000290   Data           4  tcp_client.o(.data)
    CLIENT_HANDLE_TASK_STK                   0x20000294   Data           4  tcp_client.o(.data)
    TCP_SEND_TASK_STK                        0x20000298   Data           4  tcp_client.o(.data)
    tcp_handle_event                         0x2000029c   Data           4  tcp_client.o(.data)
    tcp_send_event                           0x200002a0   Data           4  tcp_client.o(.data)
    current_netif                            0x200002a8   Data           4  ip.o(.data)
    current_header                           0x200002ac   Data           4  ip.o(.data)
    current_iphdr_src                        0x200002b0   Data           4  ip.o(.data)
    current_iphdr_dest                       0x200002b4   Data           4  ip.o(.data)
    memp_memory                              0x20000300   Data           4  memp.o(.data)
    netif_list                               0x20000304   Data           4  netif.o(.data)
    netif_default                            0x20000308   Data           4  netif.o(.data)
    tcp_ticks                                0x2000031c   Data           4  tcp.o(.data)
    tcp_bound_pcbs                           0x20000320   Data           4  tcp.o(.data)
    tcp_listen_pcbs                          0x20000324   Data           4  tcp.o(.data)
    tcp_active_pcbs                          0x20000328   Data           4  tcp.o(.data)
    tcp_tw_pcbs                              0x2000032c   Data           4  tcp.o(.data)
    tcp_tmp_pcb                              0x20000330   Data           4  tcp.o(.data)
    tcp_active_pcbs_changed                  0x20000334   Data           1  tcp.o(.data)
    tcp_input_pcb                            0x20000354   Data           4  tcp_in.o(.data)
    udp_pcbs                                 0x20000364   Data           4  udp.o(.data)
    ram_heap                                 0x20000368   Data           4  mem.o(.data)
    OSCtxSwCtr                               0x20000390   Data           4  os_core.o(.data)
    OSEventFreeList                          0x20000394   Data           4  os_core.o(.data)
    OSFlagFreeList                           0x20000398   Data           4  os_core.o(.data)
    OSCPUUsage                               0x2000039c   Data           1  os_core.o(.data)
    OSIdleCtrMax                             0x200003a0   Data           4  os_core.o(.data)
    OSIdleCtrRun                             0x200003a4   Data           4  os_core.o(.data)
    OSStatRdy                                0x200003a8   Data           1  os_core.o(.data)
    OSIntNesting                             0x200003a9   Data           1  os_core.o(.data)
    OSLockNesting                            0x200003aa   Data           1  os_core.o(.data)
    OSPrioCur                                0x200003ab   Data           1  os_core.o(.data)
    OSPrioHighRdy                            0x200003ac   Data           1  os_core.o(.data)
    OSRdyGrp                                 0x200003ad   Data           1  os_core.o(.data)
    OSRdyTbl                                 0x200003ae   Data           8  os_core.o(.data)
    OSRunning                                0x200003b6   Data           1  os_core.o(.data)
    OSTaskCtr                                0x200003b7   Data           1  os_core.o(.data)
    OSIdleCtr                                0x200003b8   Data           4  os_core.o(.data)
    OSTCBCur                                 0x200003bc   Data           4  os_core.o(.data)
    OSTCBFreeList                            0x200003c0   Data           4  os_core.o(.data)
    OSTCBHighRdy                             0x200003c4   Data           4  os_core.o(.data)
    OSTCBList                                0x200003c8   Data           4  os_core.o(.data)
    OSTickStepState                          0x200003cc   Data           1  os_core.o(.data)
    OSMemFreeList                            0x200003d0   Data           4  os_core.o(.data)
    OSQFreeList                              0x200003d4   Data           4  os_core.o(.data)
    OSTime                                   0x200003d8   Data           4  os_core.o(.data)
    OSTmrFree                                0x200003dc   Data           2  os_core.o(.data)
    OSTmrUsed                                0x200003de   Data           2  os_core.o(.data)
    OSTmrTime                                0x200003e0   Data           4  os_core.o(.data)
    OSTmrSem                                 0x200003e4   Data           4  os_core.o(.data)
    OSTmrSemSignal                           0x200003e8   Data           4  os_core.o(.data)
    OSTmrFreeList                            0x200003ec   Data           4  os_core.o(.data)
    OSInterrputSum                           0x200003f0   Data           4  os_cpu_c.o(.data)
    mallco_dev                               0x200003f8   Data          36  malloc.o(.data)
    FLASH_SECTOR_COUNT                       0x2000041c   Data           2  diskio.o(.data)
    file                                     0x20000420   Data           4  exfuns.o(.data)
    ftemp                                    0x20000424   Data           4  exfuns.o(.data)
    br                                       0x20000428   Data           4  exfuns.o(.data)
    bw                                       0x2000042c   Data           4  exfuns.o(.data)
    fatbuf                                   0x20000430   Data           4  exfuns.o(.data)
    START_TASK_STK                           0x20000434   Data         512  main.o(.bss)
    led_q                                    0x20000634   Data          24  ihome_function.o(.bss)
    dht11_q                                  0x2000064c   Data          24  ihome_function.o(.bss)
    camera_q                                 0x20000664   Data          24  ihome_function.o(.bss)
    TIM5_ICInitStructure                     0x2000067c   Data          10  timer.o(.bss)
    lcddev                                   0x20000686   Data          14  lcd.o(.bss)
    DCMI_InitStructure                       0x20000694   Data          14  dcmi.o(.bss)
    W25QXX_BUFFER                            0x200006a2   Data        4096  w25qxx.o(.bss)
    SDIO_InitStructure                       0x200016a8   Data          24  sdio_sdcard.o(.bss)
    SDIO_CmdInitStructure                    0x200016c0   Data          20  sdio_sdcard.o(.bss)
    SDIO_DataInitStructure                   0x200016d4   Data          24  sdio_sdcard.o(.bss)
    SDCardInfo                               0x20001710   Data          88  sdio_sdcard.o(.bss)
    SDIO_DATA_BUFFER                         0x20001768   Data         512  sdio_sdcard.o(.bss)
    RX_Frame_Descriptor                      0x20001968   Data          12  stm32f4x7_eth.o(.bss)
    USART_RX_BUF                             0x20001974   Data         200  usart.o(.bss)
    lwipdev                                  0x20001a3c   Data          23  lwip_comm.o(.bss)
    lwip_netif                               0x20001a54   Data          52  lwip_comm.o(.bss)
    tcp_handle_q                             0x20001a88   Data          40  tcp_client.o(.bss)
    tcp_send_q                               0x20001ab0   Data          80  tcp_client.o(.bss)
    dhcp_rx_options_val                      0x20001bd8   Data          40  dhcp.o(.bss)
    dhcp_rx_options_given                    0x20001c00   Data          10  dhcp.o(.bss)
    OSEventTbl                               0x20001cb8   Data         480  os_core.o(.bss)
    OSFlagTbl                                0x20001e98   Data          80  os_core.o(.bss)
    OSTaskStatStk                            0x20001ee8   Data         512  os_core.o(.bss)
    OSTaskIdleStk                            0x200020e8   Data         512  os_core.o(.bss)
    OSTCBPrioTbl                             0x200022e8   Data         256  os_core.o(.bss)
    OSTCBTbl                                 0x200023e8   Data        1848  os_core.o(.bss)
    OSMemTbl                                 0x20002b20   Data         120  os_core.o(.bss)
    OSQTbl                                   0x20002b98   Data         480  os_core.o(.bss)
    OSTmrTbl                                 0x20002d78   Data         640  os_core.o(.bss)
    OSTmrTaskStk                             0x20002ff8   Data         512  os_core.o(.bss)
    OSTmrWheelTbl                            0x200031f8   Data          64  os_core.o(.bss)
    mem1base                                 0x20003240   Data       102400  malloc.o(.bss)
    mem1mapbase                              0x2001c240   Data        6400  malloc.o(.bss)
    fs                                       0x2001db4c   Data          12  exfuns.o(.bss)
    fileinfo                                 0x2001db58   Data          32  exfuns.o(.bss)
    dir                                      0x2001db78   Data          36  exfuns.o(.bss)
    ftinfo                                   0x2001db9c   Data          33  fontupd.o(.bss)
    __libspace_start                         0x2001dbc0   Data          96  libspace.o(.bss)
    __temporary_stack_top$libspace           0x2001dc20   Data           0  libspace.o(.bss)
    mem2base                                 0x68000000   Data       983040  malloc.o(.ARM.__AT_0x68000000)
    mem2mapbase                              0x680f0000   Data       61440  malloc.o(.ARM.__AT_0x680F0000)



==============================================================================

Memory Map of the image

  Image Entry point : 0x08000189

  Load Region LR_IROM1 (Base: 0x08000000, Size: 0x0002b518, Max: 0x00100000, ABSOLUTE, COMPRESSED[0x0002b1c8])

    Execution Region ER_IROM1 (Base: 0x08000000, Size: 0x0002b0e4, Max: 0x00100000, ABSOLUTE)

    Base Addr    Size         Type   Attr      Idx    E Section Name        Object

    0x08000000   0x00000188   Data   RO          973    RESET               startup_stm32f40_41xxx.o
    0x08000188   0x00000008   Code   RO         3100  * !!!main             c_w.l(__main.o)
    0x08000190   0x00000034   Code   RO         3310    !!!scatter          c_w.l(__scatter.o)
    0x080001c4   0x0000005a   Code   RO         3308    !!dczerorl2         c_w.l(__dczerorl2.o)
    0x0800021e   0x00000002   PAD
    0x08000220   0x0000001c   Code   RO         3312    !!handler_zi        c_w.l(__scatter_zi.o)
    0x0800023c   0x00000000   Code   RO         3081    .ARM.Collect$$_printf_percent$$00000000  c_w.l(_printf_percent.o)
    0x0800023c   0x00000006   Code   RO         3079    .ARM.Collect$$_printf_percent$$00000009  c_w.l(_printf_d.o)
    0x08000242   0x00000006   Code   RO         3080    .ARM.Collect$$_printf_percent$$0000000A  c_w.l(_printf_u.o)
    0x08000248   0x00000006   Code   RO         3078    .ARM.Collect$$_printf_percent$$0000000C  c_w.l(_printf_x.o)
    0x0800024e   0x00000006   Code   RO         3076    .ARM.Collect$$_printf_percent$$00000013  c_w.l(_printf_c.o)
    0x08000254   0x00000006   Code   RO         3077    .ARM.Collect$$_printf_percent$$00000014  c_w.l(_printf_s.o)
    0x0800025a   0x00000004   Code   RO         3134    .ARM.Collect$$_printf_percent$$00000017  c_w.l(_printf_percent_end.o)
    0x0800025e   0x00000002   Code   RO         3229    .ARM.Collect$$libinit$$00000000  c_w.l(libinit.o)
    0x08000260   0x00000004   Code   RO         3173    .ARM.Collect$$libinit$$00000001  c_w.l(libinit2.o)
    0x08000264   0x00000000   Code   RO         3177    .ARM.Collect$$libinit$$00000008  c_w.l(libinit2.o)
    0x08000264   0x00000000   Code   RO         3179    .ARM.Collect$$libinit$$0000000A  c_w.l(libinit2.o)
    0x08000264   0x00000000   Code   RO         3181    .ARM.Collect$$libinit$$0000000C  c_w.l(libinit2.o)
    0x08000264   0x00000006   Code   RO         3182    .ARM.Collect$$libinit$$0000000D  c_w.l(libinit2.o)
    0x0800026a   0x00000000   Code   RO         3184    .ARM.Collect$$libinit$$0000000F  c_w.l(libinit2.o)
    0x0800026a   0x0000000c   Code   RO         3185    .ARM.Collect$$libinit$$00000010  c_w.l(libinit2.o)
    0x08000276   0x00000000   Code   RO         3186    .ARM.Collect$$libinit$$00000011  c_w.l(libinit2.o)
    0x08000276   0x00000000   Code   RO         3188    .ARM.Collect$$libinit$$00000013  c_w.l(libinit2.o)
    0x08000276   0x00000000   Code   RO         3190    .ARM.Collect$$libinit$$00000015  c_w.l(libinit2.o)
    0x08000276   0x00000000   Code   RO         3192    .ARM.Collect$$libinit$$00000017  c_w.l(libinit2.o)
    0x08000276   0x00000000   Code   RO         3194    .ARM.Collect$$libinit$$00000019  c_w.l(libinit2.o)
    0x08000276   0x00000000   Code   RO         3196    .ARM.Collect$$libinit$$0000001B  c_w.l(libinit2.o)
    0x08000276   0x00000000   Code   RO         3198    .ARM.Collect$$libinit$$0000001D  c_w.l(libinit2.o)
    0x08000276   0x00000000   Code   RO         3200    .ARM.Collect$$libinit$$0000001F  c_w.l(libinit2.o)
    0x08000276   0x00000000   Code   RO         3202    .ARM.Collect$$libinit$$00000021  c_w.l(libinit2.o)
    0x08000276   0x00000000   Code   RO         3204    .ARM.Collect$$libinit$$00000023  c_w.l(libinit2.o)
    0x08000276   0x00000000   Code   RO         3208    .ARM.Collect$$libinit$$0000002A  c_w.l(libinit2.o)
    0x08000276   0x00000000   Code   RO         3210    .ARM.Collect$$libinit$$0000002C  c_w.l(libinit2.o)
    0x08000276   0x00000000   Code   RO         3212    .ARM.Collect$$libinit$$0000002E  c_w.l(libinit2.o)
    0x08000276   0x00000000   Code   RO         3214    .ARM.Collect$$libinit$$00000030  c_w.l(libinit2.o)
    0x08000276   0x00000002   Code   RO         3215    .ARM.Collect$$libinit$$00000031  c_w.l(libinit2.o)
    0x08000278   0x00000002   Code   RO         3272    .ARM.Collect$$libshutdown$$00000000  c_w.l(libshutdown.o)
    0x0800027a   0x00000000   Code   RO         3279    .ARM.Collect$$libshutdown$$00000003  c_w.l(libshutdown2.o)
    0x0800027a   0x00000000   Code   RO         3282    .ARM.Collect$$libshutdown$$00000006  c_w.l(libshutdown2.o)
    0x0800027a   0x00000000   Code   RO         3285    .ARM.Collect$$libshutdown$$00000009  c_w.l(libshutdown2.o)
    0x0800027a   0x00000000   Code   RO         3287    .ARM.Collect$$libshutdown$$0000000B  c_w.l(libshutdown2.o)
    0x0800027a   0x00000000   Code   RO         3290    .ARM.Collect$$libshutdown$$0000000E  c_w.l(libshutdown2.o)
    0x0800027a   0x00000002   Code   RO         3291    .ARM.Collect$$libshutdown$$0000000F  c_w.l(libshutdown2.o)
    0x0800027c   0x00000000   Code   RO         3116    .ARM.Collect$$rtentry$$00000000  c_w.l(rtentry.o)
    0x0800027c   0x00000000   Code   RO         3149    .ARM.Collect$$rtentry$$00000002  c_w.l(rtentry2.o)
    0x0800027c   0x00000006   Code   RO         3161    .ARM.Collect$$rtentry$$00000004  c_w.l(rtentry4.o)
    0x08000282   0x00000000   Code   RO         3151    .ARM.Collect$$rtentry$$00000009  c_w.l(rtentry2.o)
    0x08000282   0x00000004   Code   RO         3152    .ARM.Collect$$rtentry$$0000000A  c_w.l(rtentry2.o)
    0x08000286   0x00000000   Code   RO         3154    .ARM.Collect$$rtentry$$0000000C  c_w.l(rtentry2.o)
    0x08000286   0x00000008   Code   RO         3155    .ARM.Collect$$rtentry$$0000000D  c_w.l(rtentry2.o)
    0x0800028e   0x00000002   Code   RO         3232    .ARM.Collect$$rtexit$$00000000  c_w.l(rtexit.o)
    0x08000290   0x00000000   Code   RO         3245    .ARM.Collect$$rtexit$$00000002  c_w.l(rtexit2.o)
    0x08000290   0x00000004   Code   RO         3246    .ARM.Collect$$rtexit$$00000003  c_w.l(rtexit2.o)
    0x08000294   0x00000006   Code   RO         3247    .ARM.Collect$$rtexit$$00000004  c_w.l(rtexit2.o)
    0x0800029a   0x00000002   PAD
    0x0800029c   0x00000010   Code   RO         1271    .emb_text           sys.o
    0x080002ac   0x00000314   Code   RO            3    .text               main.o
    0x080005c0   0x00000014   Code   RO          375    .text               stm32f4xx_it.o
    0x080005d4   0x0000020c   Code   RO          424    .text               system_stm32f4xx.o
    0x080007e0   0x00000f7c   Code   RO          450    .text               ihome_function.o
    0x0800175c   0x000005ac   Code   RO          521    .text               camera.o
    0x08001d08   0x00000104   Code   RO          555    .text               key.o
    0x08001e0c   0x00000070   Code   RO          576    .text               led.o
    0x08001e7c   0x000001f0   Code   RO          596    .text               timer.o
    0x0800206c   0x00004c8e   Code   RO          624    .text               lcd.o
    0x08006cfa   0x00000002   PAD
    0x08006cfc   0x00000394   Code   RO          662    .text               lan8720.o
    0x08007090   0x000003b4   Code   RO          693    .text               sram.o
    0x08007444   0x00000194   Code   RO          713    .text               dht11.o
    0x080075d8   0x00000068   Code   RO          733    .text               lsens.o
    0x08007640   0x0000008c   Code   RO          753    .text               adc3.o
    0x080076cc   0x000000ac   Code   RO          773    .text               pwm.o
    0x08007778   0x00000040   Code   RO          796    .text               beep.o
    0x080077b8   0x00000304   Code   RO          816    .text               dcmi.o
    0x08007abc   0x000005e4   Code   RO          843    .text               ov2640.o
    0x080080a0   0x00000288   Code   RO          869    .text               sccb.o
    0x08008328   0x0000039c   Code   RO          889    .text               w25qxx.o
    0x080086c4   0x00001d84   Code   RO          919    .text               sdio_sdcard.o
    0x0800a448   0x00000118   Code   RO          953    .text               spi.o
    0x0800a560   0x00000040   Code   RO          974    .text               startup_stm32f40_41xxx.o
    0x0800a5a0   0x000000e4   Code   RO          980    .text               misc.o
    0x0800a684   0x00000294   Code   RO         1000    .text               stm32f4xx_gpio.o
    0x0800a918   0x0000065c   Code   RO         1020    .text               stm32f4xx_rcc.o
    0x0800af74   0x00000098   Code   RO         1042    .text               stm32f4xx_syscfg.o
    0x0800b00c   0x00000ca2   Code   RO         1062    .text               stm32f4xx_tim.o
    0x0800bcae   0x00000002   PAD
    0x0800bcb0   0x00000454   Code   RO         1082    .text               stm32f4xx_usart.o
    0x0800c104   0x00000e48   Code   RO         1102    .text               stm32f4x7_eth.o
    0x0800cf4c   0x00000470   Code   RO         1126    .text               stm32f4xx_adc.o
    0x0800d3bc   0x000005dc   Code   RO         1146    .text               stm32f4xx_fsmc.o
    0x0800d998   0x000003a4   Code   RO         1169    .text               stm32f4xx_dma.o
    0x0800dd3c   0x0000018c   Code   RO         1189    .text               stm32f4xx_dcmi.o
    0x0800dec8   0x0000047c   Code   RO         1209    .text               stm32f4xx_spi.o
    0x0800e344   0x000001e4   Code   RO         1229    .text               stm32f4xx_sdio.o
    0x0800e528   0x00000128   Code   RO         1249    .text               delay.o
    0x0800e650   0x00000158   Code   RO         1289    .text               usart.o
    0x0800e7a8   0x00000c3c   Code   RO         1320    .text               usmart.o
    0x0800f3e4   0x00000528   Code   RO         1365    .text               usmart_str.o
    0x0800f90c   0x00000764   Code   RO         1385    .text               lwip_comm.o
    0x08010070   0x00000600   Code   RO         1471    .text               tcp_server.o
    0x08010670   0x000014e0   Code   RO         1512    .text               tcp_client.o
    0x08011b50   0x00000e84   Code   RO         1552    .text               etharp.o
    0x080129d4   0x00000228   Code   RO         1586    .text               ethernetif.o
    0x08012bfc   0x00000424   Code   RO         1637    .text               icmp.o
    0x08013020   0x000002b4   Code   RO         1698    .text               inet_chksum.o
    0x080132d4   0x00000430   Code   RO         1718    .text               ip.o
    0x08013704   0x00000328   Code   RO         1753    .text               ip_addr.o
    0x08013a2c   0x00000a28   Code   RO         1790    .text               ip_frag.o
    0x08014454   0x0000003e   Code   RO         1815    .text               def.o
    0x08014492   0x00000002   PAD
    0x08014494   0x00001a6c   Code   RO         1835    .text               dhcp.o
    0x08015f00   0x00000024   Code   RO         1877    .text               init.o
    0x08015f24   0x000001d4   Code   RO         1912    .text               memp.o
    0x080160f8   0x00000344   Code   RO         1953    .text               netif.o
    0x0801643c   0x000010ac   Code   RO         1983    .text               pbuf.o
    0x080174e8   0x0000024c   Code   RO         2003    .text               raw.o
    0x08017734   0x000014a4   Code   RO         2039    .text               tcp.o
    0x08018bd8   0x00001888   Code   RO         2071    .text               tcp_in.o
    0x0801a460   0x0000133e   Code   RO         2102    .text               tcp_out.o
    0x0801b79e   0x00000002   PAD
    0x0801b7a0   0x00000330   Code   RO         2123    .text               timers.o
    0x0801bad0   0x000005e8   Code   RO         2172    .text               udp.o
    0x0801c0b8   0x00000744   Code   RO         2209    .text               mem.o
    0x0801c7fc   0x000003d4   Code   RO         2232    .text               sys_arch.o
    0x0801cbd0   0x00000ba8   Code   RO         2259    .text               api_lib.o
    0x0801d778   0x0000178c   Code   RO         2298    .text               api_msg.o
    0x0801ef04   0x000003b8   Code   RO         2341    .text               netbuf.o
    0x0801f2bc   0x00001c00   Code   RO         2395    .text               sockets.o
    0x08020ebc   0x000003b8   Code   RO         2419    .text               tcpip.o
    0x08021274   0x0000098c   Code   RO         2450    .text               os_core.o
    0x08021c00   0x00000818   Code   RO         2478    .text               os_flag.o
    0x08022418   0x000001e4   Code   RO         2518    .text               os_mem.o
    0x080225fc   0x000005f8   Code   RO         2558    .text               os_q.o
    0x08022bf4   0x000003dc   Code   RO         2578    .text               os_sem.o
    0x08022fd0   0x000007cc   Code   RO         2598    .text               os_task.o
    0x0802379c   0x000001b8   Code   RO         2618    .text               os_time.o
    0x08023954   0x00000670   Code   RO         2638    .text               os_tmr.o
    0x08023fc4   0x000001e8   Code   RO         2658    .text               os_cpu_c.o
    0x080241ac   0x000000c8   Code   RO         2686    .text               os_cpu_a.o
    0x08024274   0x00000228   Code   RO         2691    .text               malloc.o
    0x0802449c   0x00000200   Code   RO         2846    .text               diskio.o
    0x0802469c   0x0000328e   Code   RO         2870    .text               ff.o
    0x0802792a   0x00000002   PAD
    0x0802792c   0x00000198   Code   RO         2891    .text               exfuns.o
    0x08027ac4   0x000000cc   Code   RO         2943    .text               mycc936.o
    0x08027b90   0x000002d4   Code   RO         2993    .text               text.o
    0x08027e64   0x00000002   Code   RO         3013    .text               c_w.l(use_no_semi_2.o)
    0x08027e66   0x00000002   PAD
    0x08027e68   0x00000010   Code   RO         3015    .text               c_w.l(rt_ctype_table.o)
    0x08027e78   0x00000048   Code   RO         3017    .text               c_w.l(llsdiv.o)
    0x08027ec0   0x00000018   Code   RO         3023    .text               c_w.l(noretval__2printf.o)
    0x08027ed8   0x00000028   Code   RO         3025    .text               c_w.l(noretval__2sprintf.o)
    0x08027f00   0x00000052   Code   RO         3029    .text               c_w.l(_printf_pad.o)
    0x08027f52   0x00000052   Code   RO         3031    .text               c_w.l(_printf_str.o)
    0x08027fa4   0x00000078   Code   RO         3033    .text               c_w.l(_printf_dec.o)
    0x0802801c   0x0000005c   Code   RO         3038    .text               c_w.l(_printf_hex_int.o)
    0x08028078   0x0000018c   Code   RO         3073    .text               c_w.l(__printf_flags_ss_wp.o)
    0x08028204   0x00000058   Code   RO         3082    .text               c_w.l(memcmp.o)
    0x0802825c   0x00000048   Code   RO         3084    .text               c_w.l(strcpy.o)
    0x080282a4   0x0000003e   Code   RO         3086    .text               c_w.l(strlen.o)
    0x080282e2   0x0000008a   Code   RO         3090    .text               c_w.l(rt_memcpy_v6.o)
    0x0802836c   0x00000044   Code   RO         3092    .text               c_w.l(rt_memclr.o)
    0x080283b0   0x0000004e   Code   RO         3094    .text               c_w.l(rt_memclr_w.o)
    0x080283fe   0x00000002   PAD
    0x08028400   0x00000080   Code   RO         3096    .text               c_w.l(strcmpv7m.o)
    0x08028480   0x00000006   Code   RO         3098    .text               c_w.l(heapauxi.o)
    0x08028486   0x00000002   Code   RO         3114    .text               c_w.l(use_no_semi.o)
    0x08028488   0x00000008   Code   RO         3120    .text               c_w.l(rt_locale_intlibspace.o)
    0x08028490   0x000000ee   Code   RO         3122    .text               c_w.l(lludivv7m.o)
    0x0802857e   0x000000b8   Code   RO         3124    .text               c_w.l(_printf_intcommon.o)
    0x08028636   0x00000002   PAD
    0x08028638   0x00000030   Code   RO         3126    .text               c_w.l(_printf_char_common.o)
    0x08028668   0x0000000a   Code   RO         3128    .text               c_w.l(_sputc.o)
    0x08028672   0x0000002c   Code   RO         3130    .text               c_w.l(_printf_char.o)
    0x0802869e   0x00000002   PAD
    0x080286a0   0x00000024   Code   RO         3132    .text               c_w.l(_printf_char_file.o)
    0x080286c4   0x00000064   Code   RO         3138    .text               c_w.l(rt_memcpy_w.o)
    0x08028728   0x00000008   Code   RO         3145    .text               c_w.l(libspace.o)
    0x08028730   0x00000008   Code   RO         3169    .text               c_w.l(ferror.o)
    0x08028738   0x0000004a   Code   RO         3216    .text               c_w.l(sys_stackheap_outer.o)
    0x08028782   0x0000000c   Code   RO         3220    .text               c_w.l(exit.o)
    0x0802878e   0x0000000e   Code   RO         3066    i._is_digit         c_w.l(__printf_wp.o)
    0x0802879c   0x0000002c   Code   RO         3136    locale$$code        c_w.l(lc_ctype_c.o)
    0x080287c8   0x0000005a   Code   RO         3102    x$fpl$dfixu         fz_wm.l(dfixu.o)
    0x08028822   0x00000026   Code   RO         3106    x$fpl$dfltu         fz_wm.l(dflt_clz.o)
    0x08028848   0x00000154   Code   RO         3112    x$fpl$dmul          fz_wm.l(dmul.o)
    0x0802899c   0x0000009c   Code   RO         3140    x$fpl$dnaninf       fz_wm.l(dnaninf.o)
    0x08028a38   0x0000000c   Code   RO         3142    x$fpl$dretinf       fz_wm.l(dretinf.o)
    0x08028a44   0x0000000a   Code   RO         3230    x$fpl$fpinit        fz_wm.l(fpinit.o)
    0x08028a4e   0x00000000   Code   RO         3144    x$fpl$usenofp       fz_wm.l(usenofp.o)
    0x08028a4e   0x00000042   Data   RO            5    .constdata          main.o
    0x08028a90   0x000017c0   Data   RO          626    .constdata          lcd.o
    0x0802a250   0x00000328   Data   RO          844    .constdata          ov2640.o
    0x0802a578   0x0000001c   Data   RO         1147    .constdata          stm32f4xx_fsmc.o
    0x0802a594   0x00000050   Data   RO         1554    .constdata          etharp.o
    0x0802a5e4   0x00000008   Data   RO         1755    .constdata          ip_addr.o
    0x0802a5ec   0x00000089   Data   RO         1837    .constdata          dhcp.o
    0x0802a675   0x00000001   PAD
    0x0802a676   0x00000038   Data   RO         1914    .constdata          memp.o
    0x0802a6ae   0x00000002   PAD
    0x0802a6b0   0x00000050   Data   RO         2040    .constdata          tcp.o
    0x0802a700   0x00000055   Data   RO         2103    .constdata          tcp_out.o
    0x0802a755   0x00000003   PAD
    0x0802a758   0x00000004   Data   RO         2233    .constdata          sys_arch.o
    0x0802a75c   0x00000040   Data   RO         2397    .constdata          sockets.o
    0x0802a79c   0x00000100   Data   RO         2452    .constdata          os_core.o
    0x0802a89c   0x00000024   Data   RO         2697    .constdata          malloc.o
    0x0802a8c0   0x0000003a   Data   RO         2872    .constdata          ff.o
    0x0802a8fa   0x00000002   PAD
    0x0802a8fc   0x00000070   Data   RO         2893    .constdata          exfuns.o
    0x0802a96c   0x000003c0   Data   RO         2944    .constdata          mycc936.o
    0x0802ad2c   0x00000028   Data   RO         3039    .constdata          c_w.l(_printf_hex_int.o)
    0x0802ad54   0x00000011   Data   RO         3074    .constdata          c_w.l(__printf_flags_ss_wp.o)
    0x0802ad65   0x0000001f   Data   RO         1321    .conststring        usmart.o
    0x0802ad84   0x00000102   Data   RO         1344    .conststring        usmart_config.o
    0x0802ae86   0x00000093   Data   RO         1915    .conststring        memp.o
    0x0802af19   0x00000061   Data   RO         2041    .conststring        tcp.o
    0x0802af7a   0x00000038   Data   RO         2894    .conststring        exfuns.o
    0x0802afb2   0x00000002   PAD
    0x0802afb4   0x00000020   Data   RO         3306    Region$$Table       anon$$obj.o
    0x0802afd4   0x00000110   Data   RO         3135    locale$$data        c_w.l(lc_ctype_c.o)


    Execution Region RW_IRAM1 (Base: 0x20000000, Size: 0x0001e220, Max: 0x00020000, ABSOLUTE, COMPRESSED[0x000000e4])

    Base Addr    Size         Type   Attr      Idx    E Section Name        Object

    0x20000000   0x00000022   Data   RW            6    .data               main.o
    0x20000022   0x00000002   PAD
    0x20000024   0x00000014   Data   RW          425    .data               system_stm32f4xx.o
    0x20000038   0x00000020   Data   RW          452    .data               ihome_function.o
    0x20000058   0x00000020   Data   RW          522    .data               camera.o
    0x20000078   0x00000001   Data   RW          556    .data               key.o
    0x20000079   0x00000003   PAD
    0x2000007c   0x00000008   Data   RW          598    .data               timer.o
    0x20000084   0x00000004   Data   RW          627    .data               lcd.o
    0x20000088   0x00000010   Data   RW          663    .data               lan8720.o
    0x20000098   0x00000008   Data   RW          818    .data               dcmi.o
    0x200000a0   0x00000002   Data   RW          891    .data               w25qxx.o
    0x200000a2   0x00000002   PAD
    0x200000a4   0x00000010   Data   RW          921    .data               sdio_sdcard.o
    0x200000b4   0x00000010   Data   RW         1021    .data               stm32f4xx_rcc.o
    0x200000c4   0x00000010   Data   RW         1104    .data               stm32f4x7_eth.o
    0x200000d4   0x00000004   Data   RW         1250    .data               delay.o
    0x200000d8   0x00000008   Data   RW         1291    .data               usart.o
    0x200000e0   0x0000001c   Data   RW         1322    .data               usmart.o
    0x200000fc   0x00000124   Data   RW         1345    .data               usmart_config.o
    0x20000220   0x00000020   Data   RW         1387    .data               lwip_comm.o
    0x20000240   0x00000038   Data   RW         1472    .data               tcp_server.o
    0x20000278   0x0000002c   Data   RW         1514    .data               tcp_client.o
    0x200002a4   0x00000001   Data   RW         1555    .data               etharp.o
    0x200002a5   0x00000003   PAD
    0x200002a8   0x00000012   Data   RW         1719    .data               ip.o
    0x200002ba   0x00000002   PAD
    0x200002bc   0x00000006   Data   RW         1791    .data               ip_frag.o
    0x200002c2   0x00000002   PAD
    0x200002c4   0x00000004   Data   RW         1838    .data               dhcp.o
    0x200002c8   0x0000003c   Data   RW         1916    .data               memp.o
    0x20000304   0x00000009   Data   RW         1954    .data               netif.o
    0x2000030d   0x00000003   PAD
    0x20000310   0x00000004   Data   RW         2004    .data               raw.o
    0x20000314   0x00000023   Data   RW         2042    .data               tcp.o
    0x20000337   0x00000001   PAD
    0x20000338   0x00000020   Data   RW         2073    .data               tcp_in.o
    0x20000358   0x00000008   Data   RW         2124    .data               timers.o
    0x20000360   0x00000008   Data   RW         2173    .data               udp.o
    0x20000368   0x00000014   Data   RW         2210    .data               mem.o
    0x2000037c   0x00000008   Data   RW         2398    .data               sockets.o
    0x20000384   0x0000000c   Data   RW         2420    .data               tcpip.o
    0x20000390   0x00000060   Data   RW         2453    .data               os_core.o
    0x200003f0   0x00000006   Data   RW         2659    .data               os_cpu_c.o
    0x200003f6   0x00000002   PAD
    0x200003f8   0x00000024   Data   RW         2698    .data               malloc.o
    0x2000041c   0x00000002   Data   RW         2847    .data               diskio.o
    0x2000041e   0x00000002   Data   RW         2873    .data               ff.o
    0x20000420   0x00000014   Data   RW         2895    .data               exfuns.o
    0x20000434   0x00000200   Zero   RW            4    .bss                main.o
    0x20000634   0x00000048   Zero   RW          451    .bss                ihome_function.o
    0x2000067c   0x0000000a   Zero   RW          597    .bss                timer.o
    0x20000686   0x0000000e   Zero   RW          625    .bss                lcd.o
    0x20000694   0x0000000e   Zero   RW          817    .bss                dcmi.o
    0x200006a2   0x00001000   Zero   RW          890    .bss                w25qxx.o
    0x200016a2   0x00000006   PAD
    0x200016a8   0x000002c0   Zero   RW          920    .bss                sdio_sdcard.o
    0x20001968   0x0000000c   Zero   RW         1103    .bss                stm32f4x7_eth.o
    0x20001974   0x000000c8   Zero   RW         1290    .bss                usart.o
    0x20001a3c   0x0000004c   Zero   RW         1386    .bss                lwip_comm.o
    0x20001a88   0x00000078   Zero   RW         1513    .bss                tcp_client.o
    0x20001b00   0x000000c8   Zero   RW         1553    .bss                etharp.o
    0x20001bc8   0x00000010   Zero   RW         1754    .bss                ip_addr.o
    0x20001bd8   0x00000032   Zero   RW         1836    .bss                dhcp.o
    0x20001c0a   0x00000002   PAD
    0x20001c0c   0x00000038   Zero   RW         1913    .bss                memp.o
    0x20001c44   0x00000014   Zero   RW         2072    .bss                tcp_in.o
    0x20001c58   0x00000060   Zero   RW         2396    .bss                sockets.o
    0x20001cb8   0x00001580   Zero   RW         2451    .bss                os_core.o
    0x20003238   0x00000008   PAD
    0x20003240   0x0001a900   Zero   RW         2696    .bss                malloc.o
    0x2001db40   0x0000000c   Zero   RW         2871    .bss                ff.o
    0x2001db4c   0x00000050   Zero   RW         2892    .bss                exfuns.o
    0x2001db9c   0x00000021   Zero   RW         2965    .bss                fontupd.o
    0x2001dbbd   0x00000003   PAD
    0x2001dbc0   0x00000060   Zero   RW         3146    .bss                c_w.l(libspace.o)
    0x2001dc20   0x00000200   Zero   RW          972    HEAP                startup_stm32f40_41xxx.o
    0x2001de20   0x00000400   Zero   RW          971    STACK               startup_stm32f40_41xxx.o



  Load Region LR$$.ARM.__AT_0x10000000 (Base: 0x10000000, Size: 0x00000000, Max: 0x0000f000, ABSOLUTE)

    Execution Region ER$$.ARM.__AT_0x10000000 (Base: 0x10000000, Size: 0x0000f000, Max: 0x0000f000, ABSOLUTE, UNINIT)

    Base Addr    Size         Type   Attr      Idx    E Section Name        Object

    0x10000000   0x0000f000   Zero   RW         2692    .ARM.__AT_0x10000000  malloc.o



  Load Region LR$$.ARM.__AT_0x1000F000 (Base: 0x1000f000, Size: 0x00000000, Max: 0x00000f00, ABSOLUTE)

    Execution Region ER$$.ARM.__AT_0x1000F000 (Base: 0x1000f000, Size: 0x00000f00, Max: 0x00000f00, ABSOLUTE, UNINIT)

    Base Addr    Size         Type   Attr      Idx    E Section Name        Object

    0x1000f000   0x00000f00   Zero   RW         2693    .ARM.__AT_0x1000F000  malloc.o



  Load Region LR$$.ARM.__AT_0x68000000 (Base: 0x68000000, Size: 0x00000000, Max: 0x000f0000, ABSOLUTE)

    Execution Region ER$$.ARM.__AT_0x68000000 (Base: 0x68000000, Size: 0x000f0000, Max: 0x000f0000, ABSOLUTE, UNINIT)

    Base Addr    Size         Type   Attr      Idx    E Section Name        Object

    0x68000000   0x000f0000   Zero   RW         2694    .ARM.__AT_0x68000000  malloc.o



  Load Region LR$$.ARM.__AT_0x680F0000 (Base: 0x680f0000, Size: 0x00000000, Max: 0x0000f000, ABSOLUTE)

    Execution Region ER$$.ARM.__AT_0x680F0000 (Base: 0x680f0000, Size: 0x0000f000, Max: 0x0000f000, ABSOLUTE, UNINIT)

    Base Addr    Size         Type   Attr      Idx    E Section Name        Object

    0x680f0000   0x0000f000   Zero   RW         2695    .ARM.__AT_0x680F0000  malloc.o


==============================================================================

Image component sizes


      Code (inc. data)   RO Data    RW Data    ZI Data      Debug   Object Name

       140          4          0          0          0        761   adc3.o
      2984        816          0          0          0      16761   api_lib.o
      6028       1224          0          0          0      10091   api_msg.o
        64          4          0          0          0        480   beep.o
         0          0          0          0          0       2488   bmp.o
      1452        214          0         32          0       3632   camera.o
       772         44          0          8         14       2945   dcmi.o
        62          0          0          0          0       1178   def.o
       296         18          0          4          0       1693   delay.o
      6764       1084        137          4         50      13018   dhcp.o
       404         16          0          0          0       2106   dht11.o
       512          8          0          2          0       4050   diskio.o
      3716        604         80          1        200       9631   etharp.o
       552        134          0          0          0       4574   ethernetif.o
       408         22        168         20         80       2596   exfuns.o
     12942        138         58          2         12      34262   ff.o
         0          0          0          0         33       1285   fontupd.o
      1060        372          0          0          0       2558   icmp.o
      3964        760          0         32         72       9712   ihome_function.o
         0          0          0          0          0       5588   inet.o
       692        104          0          0          0       2901   inet_chksum.o
        36          0          0          0          0       4480   init.o
      1072        172          0         18          0       6891   ip.o
       808        112          8          0         16       9223   ip_addr.o
      2600        488          0          6          0       7124   ip_frag.o
       260         12          0          1          0        820   key.o
       916         58          0         16          0       3577   lan8720.o
     19598        178       6080          4         14      21998   lcd.o
       112          8          0          0          0        511   led.o
       104          6          0          0          0        707   lsens.o
      1892        698          0         32         76      19902   lwip_comm.o
       788        214         66         34        512     404034   main.o
       552         18         36         36    1218560       4644   malloc.o
      1860        568          0         20          0       3982   mem.o
       468        198        203         60         56       2976   memp.o
       228         22          0          0          0       1861   misc.o
       204         12        960          0          0       1549   mycc936.o
       952        340          0          0          0       3849   netbuf.o
       836        126          0          9          0       6217   netif.o
      2444        246        256         96       5504      16788   os_core.o
       200         32          0          0          0        272   os_cpu_a.o
       488          8          0          6          0      11954   os_cpu_c.o
      2072         40          0          0          0       6788   os_flag.o
       484         16          0          0          0       3020   os_mem.o
      1528         34          0          0          0       5429   os_q.o
       988         66          0          0          0       3806   os_sem.o
      1996         70          0          0          0       7429   os_task.o
       440         30          0          0          0       1754   os_time.o
      1648        134          0          0          0       5421   os_tmr.o
      1508         70        808          0          0       5709   ov2640.o
      4268       1238          0          0          0       9173   pbuf.o
       172         10          0          0          0        717   pwm.o
       588        134          0          4          0       3221   raw.o
       648         16          0          0          0       1979   sccb.o
      7556        288          0         16        704      24721   sdio_sdcard.o
      7168        662         64          8         96      17198   sockets.o
       280          8          0          0          0       1009   spi.o
       948         46          0          0          0       2195   sram.o
        64         26        392          0       1536        784   startup_stm32f40_41xxx.o
      3656        112          0         16         12      19578   stm32f4x7_eth.o
      1136         28          0          0          0      10530   stm32f4xx_adc.o
       396          6          0          0          0       3494   stm32f4xx_dcmi.o
       932         32          0          0          0       6333   stm32f4xx_dma.o
      1500         60         28          0          0       5618   stm32f4xx_fsmc.o
       660         44          0          0          0       4133   stm32f4xx_gpio.o
        20          0          0          0          0        899   stm32f4xx_it.o
      1628         52          0         16          0      12900   stm32f4xx_rcc.o
       484         30          0          0          0       7428   stm32f4xx_sdio.o
      1148         36          0          0          0       6885   stm32f4xx_spi.o
       152         18          0          0          0       1853   stm32f4xx_syscfg.o
      3234         60          0          0          0      22336   stm32f4xx_tim.o
      1108         34          0          0          0       7836   stm32f4xx_usart.o
        16          0          0          0          0        436   sys.o
       980        166          4          0          0       6122   sys_arch.o
       524         44          0         20          0       1631   system_stm32f4xx.o
      5284       1098        177         35          0      21363   tcp.o
      5344       1014          0         44        120       6083   tcp_client.o
      6280        960          0         32         20      14855   tcp_in.o
      4926        952         85          0          0       9575   tcp_out.o
      1536        570          0         56          0       3033   tcp_server.o
       952        194          0         12          0       9400   tcpip.o
       724         16          0          0          0       2852   text.o
       496         26          0          8         10       1701   timer.o
       816        186          0          8          0       3395   timers.o
      1512        202          0          8          0      13869   udp.o
       344         16          0          8        200       3134   usart.o
      3132       1292         31         28          0       4086   usmart.o
         0          0        258        292          0       1432   usmart_config.o
      1320         12          0          0          0       5053   usmart_str.o
       924         34          0          2       4096       4189   w25qxx.o

    ----------------------------------------------------------------------
    162760      19264       9941       1076    1232012     988054   Object Totals
         0          0         32          0          0          0   (incl. Generated)
        10          0         10         20         19          0   (incl. Padding)

    ----------------------------------------------------------------------

      Code (inc. data)   RO Data    RW Data    ZI Data      Debug   Library Member Name

        90          0          0          0          0          0   __dczerorl2.o
         8          0          0          0          0         68   __main.o
       396          6         17          0          0         92   __printf_flags_ss_wp.o
        14          0          0          0          0         68   __printf_wp.o
        52          8          0          0          0          0   __scatter.o
        28          0          0          0          0          0   __scatter_zi.o
         6          0          0          0          0          0   _printf_c.o
        44          0          0          0          0        108   _printf_char.o
        48          6          0          0          0         96   _printf_char_common.o
        36          4          0          0          0         80   _printf_char_file.o
         6          0          0          0          0          0   _printf_d.o
       120         18          0          0          0         92   _printf_dec.o
        92          4         40          0          0         88   _printf_hex_int.o
       184          0          0          0          0         88   _printf_intcommon.o
        82          0          0          0          0        108   _printf_pad.o
         0          0          0          0          0          0   _printf_percent.o
         4          0          0          0          0          0   _printf_percent_end.o
         6          0          0          0          0          0   _printf_s.o
        82          0          0          0          0         80   _printf_str.o
         6          0          0          0          0          0   _printf_u.o
         6          0          0          0          0          0   _printf_x.o
        10          0          0          0          0         68   _sputc.o
        12          0          0          0          0         72   exit.o
         8          0          0          0          0         68   ferror.o
         6          0          0          0          0        152   heapauxi.o
        44         10        272          0          0         76   lc_ctype_c.o
         2          0          0          0          0          0   libinit.o
        24          0          0          0          0          0   libinit2.o
         2          0          0          0          0          0   libshutdown.o
         2          0          0          0          0          0   libshutdown2.o
         8          4          0          0         96         68   libspace.o
        72          0          0          0          0         76   llsdiv.o
       238          0          0          0          0        100   lludivv7m.o
        88          0          0          0          0         76   memcmp.o
        24          4          0          0          0         84   noretval__2printf.o
        40          6          0          0          0         84   noretval__2sprintf.o
        16          4          0          0          0         76   rt_ctype_table.o
         8          4          0          0          0         68   rt_locale_intlibspace.o
        68          0          0          0          0         68   rt_memclr.o
        78          0          0          0          0         80   rt_memclr_w.o
       138          0          0          0          0         68   rt_memcpy_v6.o
       100          0          0          0          0         80   rt_memcpy_w.o
         0          0          0          0          0          0   rtentry.o
        12          0          0          0          0          0   rtentry2.o
         6          0          0          0          0          0   rtentry4.o
         2          0          0          0          0          0   rtexit.o
        10          0          0          0          0          0   rtexit2.o
       128          0          0          0          0         68   strcmpv7m.o
        72          0          0          0          0         80   strcpy.o
        62          0          0          0          0         76   strlen.o
        74          0          0          0          0         80   sys_stackheap_outer.o
         2          0          0          0          0         68   use_no_semi.o
         2          0          0          0          0         68   use_no_semi_2.o
        90          4          0          0          0        140   dfixu.o
        38          0          0          0          0        116   dflt_clz.o
       340         12          0          0          0        152   dmul.o
       156          4          0          0          0        140   dnaninf.o
        12          0          0          0          0        116   dretinf.o
        10          0          0          0          0        116   fpinit.o
         0          0          0          0          0          0   usenofp.o

    ----------------------------------------------------------------------
      3326         98        329          0         96       3552   Library Totals
        12          0          0          0          0          0   (incl. Padding)

    ----------------------------------------------------------------------

      Code (inc. data)   RO Data    RW Data    ZI Data      Debug   Library Name

      2668         78        329          0         96       2772   c_w.l
       646         20          0          0          0        780   fz_wm.l

    ----------------------------------------------------------------------
      3326         98        329          0         96       3552   Library Totals

    ----------------------------------------------------------------------

==============================================================================


      Code (inc. data)   RO Data    RW Data    ZI Data      Debug   

    166086      19362      10270       1076    1232108     972142   Grand Totals
    166086      19362      10270        228    1232108     972142   ELF Image Totals (compressed)
    166086      19362      10270        228          0          0   ROM Totals

==============================================================================

    Total RO  Size (Code + RO Data)               176356 ( 172.22kB)
    Total RW  Size (RW Data + ZI Data)           1233184 (1204.28kB)
    Total ROM Size (Code + RO Data + RW Data)     176584 ( 172.45kB)

==============================================================================

