ARM Linker, 5.03 [Build 24] [MDK-ARM Standard]

==============================================================================

Section Cross References

    main.o(.text) refers to os_core.o(.text) for OSStatInit
    main.o(.text) refers to os_cpu_a.o(.text) for OS_CPU_SR_Save
    main.o(.text) refers to os_q.o(.text) for OSQCreate
    main.o(.text) refers to lwip_comm.o(.text) for lwip_comm_dhcp_creat
    main.o(.text) refers to malloc.o(.text) for mymalloc
    main.o(.text) refers to os_task.o(.text) for OSTaskCreate
    main.o(.text) refers to delay.o(.text) for delay_init
    main.o(.text) refers to misc.o(.text) for NVIC_PriorityGroupConfig
    main.o(.text) refers to usart.o(.text) for uart_init
    main.o(.text) refers to led.o(.text) for LED_Init
    main.o(.text) refers to key.o(.text) for KEY_Init
    main.o(.text) refers to lcd.o(.text) for LCD_Init
    main.o(.text) refers to sram.o(.text) for FSMC_SRAM_Init
    main.o(.text) refers to pwm.o(.text) for TIM14_PWM_Init
    main.o(.text) refers to lsens.o(.text) for Lsens_Init
    main.o(.text) refers to dht11.o(.text) for DHT11_Init
    main.o(.text) refers to os_time.o(.text) for OSTimeDlyHMSM
    main.o(.text) refers to ihome_function.o(.bss) for dht11_q
    main.o(.text) refers to ihome_function.o(.data) for dht11_event
    main.o(.text) refers to tcp_client.o(.bss) for tcp_send_q
    main.o(.text) refers to tcp_client.o(.data) for tcp_send_event
    main.o(.text) refers to ihome_function.o(.text) for led_task
    main.o(.text) refers to usmart_config.o(.data) for usmart_dev
    main.o(.text) refers to lcd.o(.data) for POINT_COLOR
    main.o(.text) refers to main.o(.bss) for START_TASK_STK
    system_stm32f4xx.o(.text) refers to system_stm32f4xx.o(.data) for SystemCoreClock
    ihome_function.o(.text) refers to _printf_percent.o(.ARM.Collect$$_printf_percent$$00000000) for _printf_percent
    ihome_function.o(.text) refers to _printf_d.o(.ARM.Collect$$_printf_percent$$00000009) for _printf_d
    ihome_function.o(.text) refers to _printf_s.o(.ARM.Collect$$_printf_percent$$00000014) for _printf_s
    ihome_function.o(.text) refers to _printf_dec.o(.text) for _printf_int_dec
    ihome_function.o(.text) refers to _printf_str.o(.text) for _printf_str
    ihome_function.o(.text) refers to _printf_c.o(.ARM.Collect$$_printf_percent$$00000013) for _printf_c
    ihome_function.o(.text) refers to noretval__2printf.o(.text) for __2printf
    ihome_function.o(.text) refers to lsens.o(.text) for Lsens_Get_Val
    ihome_function.o(.text) refers to stm32f4xx_tim.o(.text) for TIM_SetCompare1
    ihome_function.o(.text) refers to os_q.o(.text) for OSQPend
    ihome_function.o(.text) refers to strcmpv7m.o(.text) for strcmp
    ihome_function.o(.text) refers to malloc.o(.text) for myfree
    ihome_function.o(.text) refers to noretval__2sprintf.o(.text) for __2sprintf
    ihome_function.o(.text) refers to os_time.o(.text) for OSTimeDlyHMSM
    ihome_function.o(.text) refers to ihome_function.o(.data) for ihome_start_flag
    ihome_function.o(.text) refers to tcp_client.o(.data) for tcp_send_event
    ihome_function.o(.text) refers to main.o(.constdata) for slave
    ihome_function.o(.text) refers to dht11.o(.text) for DHT11_Read_Data
    key.o(.text) refers to stm32f4xx_rcc.o(.text) for RCC_AHB1PeriphClockCmd
    key.o(.text) refers to stm32f4xx_gpio.o(.text) for GPIO_Init
    key.o(.text) refers to delay.o(.text) for delay_ms
    key.o(.text) refers to key.o(.data) for key_up
    led.o(.text) refers to stm32f4xx_rcc.o(.text) for RCC_AHB1PeriphClockCmd
    led.o(.text) refers to stm32f4xx_gpio.o(.text) for GPIO_Init
    timer.o(.text) refers to stm32f4xx_rcc.o(.text) for RCC_APB1PeriphClockCmd
    timer.o(.text) refers to stm32f4xx_tim.o(.text) for TIM_TimeBaseInit
    timer.o(.text) refers to misc.o(.text) for NVIC_Init
    timer.o(.text) refers to stm32f4xx_gpio.o(.text) for GPIO_Init
    timer.o(.text) refers to timer.o(.bss) for TIM5_ICInitStructure
    timer.o(.text) refers to timer.o(.data) for TIM5CH1_CAPTURE_STA
    lcd.o(.text) refers to _printf_percent.o(.ARM.Collect$$_printf_percent$$00000000) for _printf_percent
    lcd.o(.text) refers to _printf_x.o(.ARM.Collect$$_printf_percent$$0000000C) for _printf_x
    lcd.o(.text) refers to _printf_hex_int.o(.text) for _printf_longlong_hex
    lcd.o(.text) refers to delay.o(.text) for delay_us
    lcd.o(.text) refers to lcd.o(.bss) for lcddev
    lcd.o(.text) refers to lcd.o(.data) for POINT_COLOR
    lcd.o(.text) refers to dflt_clz.o(x$fpl$dfltu) for __aeabi_ui2d
    lcd.o(.text) refers to dmul.o(x$fpl$dmul) for __aeabi_dmul
    lcd.o(.text) refers to dfixu.o(x$fpl$dfixu) for __aeabi_d2uiz
    lcd.o(.text) refers to stm32f4xx_rcc.o(.text) for RCC_AHB1PeriphClockCmd
    lcd.o(.text) refers to stm32f4xx_gpio.o(.text) for GPIO_Init
    lcd.o(.text) refers to stm32f4xx_fsmc.o(.text) for FSMC_NORSRAMInit
    lcd.o(.text) refers to noretval__2printf.o(.text) for __2printf
[...]
    FSMC_PCCARDStructInit                    0x08009d2b   Thumb Code    60  stm32f4xx_fsmc.o(.text)
    FSMC_PCCARDCmd                           0x08009d67   Thumb Code    40  stm32f4xx_fsmc.o(.text)
    FSMC_ITConfig                            0x08009d8f   Thumb Code   128  stm32f4xx_fsmc.o(.text)
    FSMC_GetFlagStatus                       0x08009e0f   Thumb Code    48  stm32f4xx_fsmc.o(.text)
    FSMC_ClearFlag                           0x08009e3f   Thumb Code   114  stm32f4xx_fsmc.o(.text)
    FSMC_GetITStatus                         0x08009eb1   Thumb Code    60  stm32f4xx_fsmc.o(.text)
    FSMC_ClearITPendingBit                   0x08009eed   Thumb Code    64  stm32f4xx_fsmc.o(.text)
    delay_schedlock                          0x08009f35   Thumb Code     8  delay.o(.text)
    delay_schedunlock                        0x08009f3d   Thumb Code     8  delay.o(.text)
    delay_ostimedly                          0x08009f45   Thumb Code    12  delay.o(.text)
    SysTick_Handler                          0x08009f51   Thumb Code    24  delay.o(.text)
    delay_init                               0x08009f69   Thumb Code    74  delay.o(.text)
    delay_us                                 0x08009fb3   Thumb Code    86  delay.o(.text)
    delay_ms                                 0x0800a009   Thumb Code    66  delay.o(.text)
    _sys_exit                                0x0800a05d   Thumb Code     6  usart.o(.text)
    fputc                                    0x0800a063   Thumb Code    20  usart.o(.text)
    uart_init                                0x0800a077   Thumb Code   172  usart.o(.text)
    USART1_IRQHandler                        0x0800a123   Thumb Code   130  usart.o(.text)
    usmart_sys_cmd_exe                       0x0800a1b5   Thumb Code  1554  usmart.o(.text)
    usmart_reset_runtime                     0x0800a7c7   Thumb Code    38  usmart.o(.text)
    usmart_get_runtime                       0x0800a7ed   Thumb Code    56  usmart.o(.text)
    TIM4_IRQHandler                          0x0800a825   Thumb Code    50  usmart.o(.text)
    Timer4_Init                              0x0800a857   Thumb Code    90  usmart.o(.text)
    usmart_init                              0x0800a8b1   Thumb Code    36  usmart.o(.text)
    usmart_cmd_rec                           0x0800a8d5   Thumb Code   170  usmart.o(.text)
    usmart_exe                               0x0800a97f   Thumb Code   872  usmart.o(.text)
    usmart_scan                              0x0800ace7   Thumb Code   118  usmart.o(.text)
    read_addr                                0x0800ad5d   Thumb Code     6  usmart.o(.text)
    write_addr                               0x0800ad63   Thumb Code     4  usmart.o(.text)
    usmart_strcmp                            0x0800adf1   Thumb Code    34  usmart_str.o(.text)
    usmart_strcopy                           0x0800ae13   Thumb Code    22  usmart_str.o(.text)
    usmart_strlen                            0x0800ae29   Thumb Code    24  usmart_str.o(.text)
    usmart_pow                               0x0800ae41   Thumb Code    22  usmart_str.o(.text)
    usmart_str2num                           0x0800ae57   Thumb Code   202  usmart_str.o(.text)
    usmart_get_cmdname                       0x0800af21   Thumb Code    54  usmart_str.o(.text)
    usmart_search_nextc                      0x0800af57   Thumb Code    22  usmart_str.o(.text)
    usmart_get_fname                         0x0800af6d   Thumb Code   440  usmart_str.o(.text)
    usmart_get_aparm                         0x0800b125   Thumb Code   200  usmart_str.o(.text)
    usmart_get_parmpos                       0x0800b1ed   Thumb Code    26  usmart_str.o(.text)
    usmart_get_fparam                        0x0800b207   Thumb Code   262  usmart_str.o(.text)
    lwip_pkt_handle                          0x0800b319   Thumb Code    10  lwip_comm.o(.text)
    lwip_comm_mem_free                       0x0800b323   Thumb Code    44  lwip_comm.o(.text)
    lwip_comm_mem_malloc                     0x0800b34f   Thumb Code   100  lwip_comm.o(.text)
    lwip_comm_default_ip_set                 0x0800b3b3   Thumb Code    96  lwip_comm.o(.text)
    lwip_comm_init                           0x0800b413   Thumb Code   118  lwip_comm.o(.text)
    lwip_dhcp_task                           0x0800b489   Thumb Code   534  lwip_comm.o(.text)
    lwip_comm_dhcp_creat                     0x0800b69f   Thumb Code    36  lwip_comm.o(.text)
    lwip_comm_dhcp_delete                    0x0800b6c3   Thumb Code    16  lwip_comm.o(.text)
    lwip_periodic_handle                     0x0800b6d3   Thumb Code   718  lwip_comm.o(.text)
    tcp_send_task                            0x0800b9b1   Thumb Code   248  tcp_client.o(.text)
    tcp_handle_task                          0x0800baa9   Thumb Code  3146  tcp_client.o(.text)
    tcp_client_recv                          0x0800c6f3   Thumb Code   324  tcp_client.o(.text)
    tcp_client_connect                       0x0800c837   Thumb Code   384  tcp_client.o(.text)
    tcp_client_init                          0x0800c9b7   Thumb Code   166  tcp_client.o(.text)
    etharp_tmr                               0x0800cbf9   Thumb Code   144  etharp.o(.text)
    etharp_cleanup_netif                     0x0800d0d7   Thumb Code    52  etharp.o(.text)
    etharp_find_addr                         0x0800d10b   Thumb Code   110  etharp.o(.text)
    etharp_request                           0x0800d3eb   Thumb Code    40  etharp.o(.text)
    etharp_query                             0x0800d4a1   Thumb Code   646  etharp.o(.text)
    etharp_output                            0x0800d727   Thumb Code   392  etharp.o(.text)
    ethernet_input                           0x0800d8af   Thumb Code   204  etharp.o(.text)
    ethernetif_input                         0x0800db47   Thumb Code    48  ethernetif.o(.text)
    ethernetif_init                          0x0800db77   Thumb Code    56  ethernetif.o(.text)
    icmp_input                               0x0800dc35   Thumb Code   492  icmp.o(.text)
    icmp_dest_unreach                        0x0800dec1   Thumb Code    18  icmp.o(.text)
    icmp_time_exceeded                       0x0800ded3   Thumb Code    18  icmp.o(.text)
    inet_chksum_pseudo                       0x0800e0b7   Thumb Code   170  inet_chksum.o(.text)
    inet_chksum_pseudo_partial               0x0800e161   Thumb Code   218  inet_chksum.o(.text)
    inet_chksum                              0x0800e23b   Thumb Code    20  inet_chksum.o(.text)
    inet_chksum_pbuf                         0x0800e24f   Thumb Code    86  inet_chksum.o(.text)
    ip_route                                 0x0800e30d   Thumb Code    80  ip.o(.text)
    ip_input                                 0x0800e35d   Thumb Code   486  ip.o(.text)
    ip_output_if                             0x0800e543   Thumb Code   250  ip.o(.text)
    ip_output                                0x0800e63d   Thumb Code    84  ip.o(.text)
    ip4_addr_isbroadcast                     0x0800e73d   Thumb Code    78  ip_addr.o(.text)
    ip4_addr_netmask_valid                   0x0800e78b   Thumb Code    52  ip_addr.o(.text)
    ipaddr_aton                              0x0800e7bf   Thumb Code   364  ip_addr.o(.text)
    ipaddr_addr                              0x0800e92b   Thumb Code    24  ip_addr.o(.text)
    ipaddr_ntoa_r                            0x0800e943   Thumb Code   168  ip_addr.o(.text)
    ipaddr_ntoa                              0x0800e9eb   Thumb Code    16  ip_addr.o(.text)
    ip_reass_tmr                             0x0800ebb3   Thumb Code    56  ip_frag.o(.text)
    ip_reass                                 0x0800eff1   Thumb Code   410  ip_frag.o(.text)
    ip_frag                                  0x0800f211   Thumb Code   630  ip_frag.o(.text)
    lwip_htons                               0x0800f48d   Thumb Code    12  def.o(.text)
    lwip_ntohs                               0x0800f499   Thumb Code    12  def.o(.text)
    lwip_htonl                               0x0800f4a5   Thumb Code    26  def.o(.text)
    lwip_ntohl                               0x0800f4bf   Thumb Code    12  def.o(.text)
    dhcp_renew                               0x0800fda7   Thumb Code   150  dhcp.o(.text)
    dhcp_coarse_tmr                          0x0800ff71   Thumb Code    74  dhcp.o(.text)
    dhcp_release                             0x0801006f   Thumb Code   178  dhcp.o(.text)
    dhcp_fine_tmr                            0x08010317   Thumb Code   134  dhcp.o(.text)
    dhcp_set_struct                          0x0801040d   Thumb Code   106  dhcp.o(.text)
    dhcp_cleanup                             0x08010477   Thumb Code    48  dhcp.o(.text)
    dhcp_stop                                0x080104a7   Thumb Code   114  dhcp.o(.text)
    dhcp_start                               0x08010b77   Thumb Code   438  dhcp.o(.text)
    dhcp_inform                              0x08010d2d   Thumb Code   210  dhcp.o(.text)
    dhcp_network_changed                     0x08010dff   Thumb Code    80  dhcp.o(.text)
    dhcp_arp_reply                           0x08010edd   Thumb Code    80  dhcp.o(.text)
    lwip_init                                0x08010f39   Thumb Code    36  init.o(.text)
    memp_get_memorysize                      0x08010f5d   Thumb Code     8  memp.o(.text)
    memp_init                                0x08010f65   Thumb Code    86  memp.o(.text)
    memp_malloc                              0x08010fbb   Thumb Code   102  memp.o(.text)
    memp_free                                0x08011021   Thumb Code    74  memp.o(.text)
    netif_init                               0x08011131   Thumb Code     2  netif.o(.text)
    netif_set_gw                             0x08011133   Thumb Code    16  netif.o(.text)
    netif_set_netmask                        0x08011143   Thumb Code    16  netif.o(.text)
    netif_set_ipaddr                         0x08011153   Thumb Code   124  netif.o(.text)
    netif_set_addr                           0x080111cf   Thumb Code    40  netif.o(.text)
    netif_add                                0x080111f7   Thumb Code   150  netif.o(.text)
    netif_set_default                        0x0801128d   Thumb Code    10  netif.o(.text)
    netif_set_down                           0x08011297   Thumb Code    42  netif.o(.text)
    netif_remove                             0x080112c1   Thumb Code    94  netif.o(.text)
    netif_find                               0x0801131f   Thumb Code    72  netif.o(.text)
    netif_set_up                             0x08011367   Thumb Code    54  netif.o(.text)
    netif_set_link_up                        0x0801139d   Thumb Code    66  netif.o(.text)
    netif_set_link_down                      0x080113df   Thumb Code    24  netif.o(.text)
    pbuf_free                                0x08011475   Thumb Code   274  pbuf.o(.text)
    pbuf_alloc                               0x08011587   Thumb Code   652  pbuf.o(.text)
    pbuf_alloced_custom                      0x08011813   Thumb Code   658  pbuf.o(.text)
    pbuf_realloc                             0x08011aa5   Thumb Code   272  pbuf.o(.text)
    pbuf_header                              0x08011bb5   Thumb Code   214  pbuf.o(.text)
    pbuf_clen                                0x08011c8b   Thumb Code    18  pbuf.o(.text)
    pbuf_ref                                 0x08011c9d   Thumb Code    26  pbuf.o(.text)
    pbuf_cat                                 0x08011cb7   Thumb Code   138  pbuf.o(.text)
    pbuf_chain                               0x08011d41   Thumb Code    26  pbuf.o(.text)
    pbuf_dechain                             0x08011d5b   Thumb Code   132  pbuf.o(.text)
    pbuf_copy                                0x08011ddf   Thumb Code   790  pbuf.o(.text)
    pbuf_copy_partial                        0x080120f5   Thumb Code   190  pbuf.o(.text)
    pbuf_take                                0x080121b3   Thumb Code   214  pbuf.o(.text)
    pbuf_coalesce                            0x08012289   Thumb Code    84  pbuf.o(.text)
    pbuf_get_at                              0x080122dd   Thumb Code    46  pbuf.o(.text)
    pbuf_memcmp                              0x0801230b   Thumb Code    96  pbuf.o(.text)
    pbuf_memfind                             0x0801236b   Thumb Code    76  pbuf.o(.text)
    pbuf_strstr                              0x080123b7   Thumb Code    60  pbuf.o(.text)
    raw_input                                0x08012521   Thumb Code   102  raw.o(.text)
    raw_bind                                 0x08012587   Thumb Code    16  raw.o(.text)
    raw_connect                              0x08012597   Thumb Code    16  raw.o(.text)
    raw_recv                                 0x080125a7   Thumb Code     6  raw.o(.text)
    raw_sendto                               0x080125ad   Thumb Code   190  raw.o(.text)
    raw_send                                 0x0801266b   Thumb Code    18  raw.o(.text)
    raw_remove                               0x0801267d   Thumb Code    60  raw.o(.text)
    raw_new                                  0x080126b9   Thumb Code    46  raw.o(.text)
    tcp_init                                 0x0801276d   Thumb Code     2  tcp.o(.text)
    tcp_seg_free                             0x0801276f   Thumb Code    26  tcp.o(.text)
    tcp_segs_free                            0x08012789   Thumb Code    24  tcp.o(.text)
    tcp_pcb_purge                            0x080127a1   Thumb Code    88  tcp.o(.text)
    tcp_slowtmr                              0x080127f9   Thumb Code  1428  tcp.o(.text)
    tcp_pcb_remove                           0x08012d8d   Thumb Code   192  tcp.o(.text)
    tcp_close                                0x08013019   Thumb Code    28  tcp.o(.text)
    tcp_update_rcv_ann_wnd                   0x08013035   Thumb Code   106  tcp.o(.text)
    tcp_recved                               0x0801309f   Thumb Code   430  tcp.o(.text)
    tcp_recv_null                            0x0801324d   Thumb Code    46  tcp.o(.text)
    tcp_process_refused_data                 0x0801327b   Thumb Code   148  tcp.o(.text)
    tcp_fasttmr                              0x0801330f   Thumb Code   114  tcp.o(.text)
    tcp_tmr                                  0x08013381   Thumb Code    30  tcp.o(.text)
    tcp_shutdown                             0x0801339f   Thumb Code    98  tcp.o(.text)
    tcp_abandon                              0x08013401   Thumb Code   168  tcp.o(.text)
    tcp_abort                                0x080134a9   Thumb Code    14  tcp.o(.text)
    tcp_bind                                 0x08013517   Thumb Code   170  tcp.o(.text)
    tcp_listen_with_backlog                  0x080135c9   Thumb Code   222  tcp.o(.text)
    tcp_eff_send_mss                         0x080136a7   Thumb Code    46  tcp.o(.text)
    tcp_next_iss                             0x080136d5   Thumb Code    20  tcp.o(.text)
    tcp_connect                              0x080136e9   Thumb Code   538  tcp.o(.text)
    tcp_setprio                              0x08013903   Thumb Code     4  tcp.o(.text)
    tcp_alloc                                0x0801398d   Thumb Code   202  tcp.o(.text)
    tcp_new                                  0x08013a57   Thumb Code    10  tcp.o(.text)
    tcp_arg                                  0x08013a61   Thumb Code     4  tcp.o(.text)
    tcp_recv                                 0x08013a65   Thumb Code    42  tcp.o(.text)
    tcp_sent                                 0x08013a8f   Thumb Code    42  tcp.o(.text)
    tcp_err                                  0x08013ab9   Thumb Code    44  tcp.o(.text)
    tcp_accept                               0x08013ae5   Thumb Code     4  tcp.o(.text)
    tcp_poll                                 0x08013ae9   Thumb Code    50  tcp.o(.text)
    tcp_debug_state_str                      0x08013b1b   Thumb Code    10  tcp.o(.text)
    tcp_input                                0x08014ded   Thumb Code  1672  tcp_in.o(.text)
    tcp_enqueue_flags                        0x080155e5   Thumb Code   416  tcp_out.o(.text)
    tcp_send_fin                             0x08015785   Thumb Code    74  tcp_out.o(.text)
    tcp_write                                0x08015a67   Thumb Code  1742  tcp_out.o(.text)
    tcp_send_empty_ack                       0x08016135   Thumb Code    86  tcp_out.o(.text)
    tcp_output                               0x0801625b   Thumb Code   710  tcp_out.o(.text)
    tcp_rst                                  0x08016521   Thumb Code   162  tcp_out.o(.text)
    tcp_rexmit_rto                           0x080165c3   Thumb Code    58  tcp_out.o(.text)
    tcp_rexmit                               0x080165fd   Thumb Code    90  tcp_out.o(.text)
    tcp_rexmit_fast                          0x08016657   Thumb Code   120  tcp_out.o(.text)
    tcp_keepalive                            0x080166cf   Thumb Code    84  tcp_out.o(.text)
    tcp_zero_window_probe                    0x08016723   Thumb Code   180  tcp_out.o(.text)
    sys_timeout                              0x080167d9   Thumb Code   174  timers.o(.text)
    tcp_timer_needed                         0x080168af   Thumb Code    38  timers.o(.text)
    sys_timeouts_init                        0x0801693d   Thumb Code    52  timers.o(.text)
    sys_untimeout                            0x08016971   Thumb Code    90  timers.o(.text)
    sys_timeouts_mbox_fetch                  0x080169cb   Thumb Code   132  timers.o(.text)
    udp_init                                 0x08016b09   Thumb Code     2  udp.o(.text)
    udp_input                                0x08016b5b   Thumb Code   512  udp.o(.text)
    udp_bind                                 0x08016d5b   Thumb Code   170  udp.o(.text)
    udp_sendto_if                            0x08016e05   Thumb Code   460  udp.o(.text)
    udp_sendto                               0x08016fd1   Thumb Code    54  udp.o(.text)
    udp_send                                 0x08017007   Thumb Code    20  udp.o(.text)
    udp_connect                              0x0801701b   Thumb Code    98  udp.o(.text)
    udp_disconnect                           0x0801707d   Thumb Code    16  udp.o(.text)
    udp_recv                                 0x0801708d   Thumb Code     6  udp.o(.text)
    udp_remove                               0x08017093   Thumb Code    60  udp.o(.text)
    udp_new                                  0x080170cf   Thumb Code    28  udp.o(.text)
    mem_init                                 0x080171cb   Thumb Code   114  mem.o(.text)
    mem_free                                 0x0801723d   Thumb Code   182  mem.o(.text)
    mem_trim                                 0x080172f3   Thumb Code   338  mem.o(.text)
    mem_malloc                               0x08017445   Thumb Code   796  mem.o(.text)
    mem_calloc                               0x08017761   Thumb Code    34  mem.o(.text)
    sys_mbox_new                             0x08017835   Thumb Code   108  sys_arch.o(.text)
    sys_mbox_free                            0x080178a1   Thumb Code    56  sys_arch.o(.text)
    sys_mbox_post                            0x080178d9   Thumb Code    28  sys_arch.o(.text)
    sys_mbox_trypost                         0x080178f5   Thumb Code    32  sys_arch.o(.text)
    sys_arch_mbox_fetch                      0x08017915   Thumb Code   154  sys_arch.o(.text)
    sys_arch_mbox_tryfetch                   0x080179af   Thumb Code    18  sys_arch.o(.text)
    sys_mbox_valid                           0x080179c1   Thumb Code    56  sys_arch.o(.text)
    sys_mbox_set_invalid                     0x080179f9   Thumb Code     6  sys_arch.o(.text)
    sys_sem_new                              0x080179ff   Thumb Code    62  sys_arch.o(.text)
    sys_arch_sem_wait                        0x08017a3d   Thumb Code    96  sys_arch.o(.text)
    sys_sem_signal                           0x08017a9d   Thumb Code    12  sys_arch.o(.text)
    sys_sem_free                             0x08017aa9   Thumb Code    52  sys_arch.o(.text)
    sys_sem_valid                            0x08017add   Thumb Code    22  sys_arch.o(.text)
    sys_sem_set_invalid                      0x08017af3   Thumb Code     6  sys_arch.o(.text)
    sys_init                                 0x08017af9   Thumb Code     2  sys_arch.o(.text)
    sys_thread_new                           0x08017afb   Thumb Code    66  sys_arch.o(.text)
    sys_msleep                               0x08017b3d   Thumb Code    12  sys_arch.o(.text)
    sys_now                                  0x08017b49   Thumb Code    26  sys_arch.o(.text)
    netconn_new_with_proto_and_callback      0x08017c09   Thumb Code   196  api_lib.o(.text)
    netconn_delete                           0x08017ccd   Thumb Code    36  api_lib.o(.text)
    netconn_getaddr                          0x08017cf1   Thumb Code   162  api_lib.o(.text)
    netconn_bind                             0x08017d93   Thumb Code    98  api_lib.o(.text)
    netconn_connect                          0x08017df5   Thumb Code    98  api_lib.o(.text)
    netconn_disconnect                       0x08017e57   Thumb Code    84  api_lib.o(.text)
    netconn_listen_with_backlog              0x08017eab   Thumb Code    86  api_lib.o(.text)
    netconn_accept                           0x08017f01   Thumb Code   808  api_lib.o(.text)
    netconn_recv_tcp_pbuf                    0x0801839f   Thumb Code    56  api_lib.o(.text)
    netconn_recv                             0x080183d7   Thumb Code   270  api_lib.o(.text)
    netconn_recved                           0x080184e5   Thumb Code    46  api_lib.o(.text)
    netconn_send                             0x08018513   Thumb Code    98  api_lib.o(.text)
    netconn_sendto                           0x08018575   Thumb Code    44  api_lib.o(.text)
    netconn_write_partly                     0x080185a1   Thumb Code   434  api_lib.o(.text)
    netconn_close                            0x080187b3   Thumb Code    14  api_lib.o(.text)
    netconn_shutdown                         0x080187c1   Thumb Code    36  api_lib.o(.text)
    netconn_free                             0x080191e3   Thumb Code   330  api_msg.o(.text)
    netconn_alloc                            0x0801932d   Thumb Code   174  api_msg.o(.text)
    do_newconn                               0x0801953d   Thumb Code    32  api_msg.o(.text)
    do_delconn                               0x08019625   Thumb Code   636  api_msg.o(.text)
    do_bind                                  0x080198a1   Thumb Code   116  api_msg.o(.text)
    do_connect                               0x080199e7   Thumb Code   230  api_msg.o(.text)
    do_disconnect                            0x08019acd   Thumb Code    46  api_msg.o(.text)
    do_listen                                0x08019afb   Thumb Code   390  api_msg.o(.text)
    do_send                                  0x08019c81   Thumb Code   166  api_msg.o(.text)
    do_recv                                  0x08019d27   Thumb Code    72  api_msg.o(.text)
    do_write                                 0x08019d6f   Thumb Code   166  api_msg.o(.text)
    do_getaddr                               0x08019e15   Thumb Code   198  api_msg.o(.text)
    do_close                                 0x08019edb   Thumb Code   184  api_msg.o(.text)
    netbuf_new                               0x08019fc5   Thumb Code    30  netbuf.o(.text)
    netbuf_delete                            0x08019fe3   Thumb Code    32  netbuf.o(.text)
    netbuf_alloc                             0x0801a003   Thumb Code   102  netbuf.o(.text)
    netbuf_free                              0x0801a069   Thumb Code    50  netbuf.o(.text)
    netbuf_ref                               0x0801a09b   Thumb Code    92  netbuf.o(.text)
    netbuf_chain                             0x0801a0f7   Thumb Code    82  netbuf.o(.text)
    netbuf_data                              0x0801a149   Thumb Code   122  netbuf.o(.text)
    netbuf_next                              0x0801a1c3   Thumb Code    64  netbuf.o(.text)
    netbuf_first                             0x0801a203   Thumb Code    38  netbuf.o(.text)
    lwip_socket_init                         0x0801a37d   Thumb Code     2  sockets.o(.text)
    lwip_accept                              0x0801a629   Thumb Code   666  sockets.o(.text)
    lwip_bind                                0x0801a8c3   Thumb Code   184  sockets.o(.text)
    lwip_close                               0x0801a97b   Thumb Code    94  sockets.o(.text)
    lwip_connect                             0x0801a9d9   Thumb Code   204  sockets.o(.text)
    lwip_listen                              0x0801aaa5   Thumb Code   136  sockets.o(.text)
    lwip_recvfrom                            0x0801ab2d   Thumb Code   812  sockets.o(.text)
    lwip_read                                0x0801ae59   Thumb Code    28  sockets.o(.text)
    lwip_recv                                0x0801ae75   Thumb Code    34  sockets.o(.text)
    lwip_sendto                              0x0801ae97   Thumb Code   276  sockets.o(.text)
    lwip_send                                0x0801afab   Thumb Code   156  sockets.o(.text)
    lwip_socket                              0x0801b047   Thumb Code   296  sockets.o(.text)
    lwip_write                               0x0801b16f   Thumb Code    22  sockets.o(.text)
    lwip_select                              0x0801b301   Thumb Code   864  sockets.o(.text)
    lwip_shutdown                            0x0801b661   Thumb Code   296  sockets.o(.text)
    lwip_getpeername                         0x0801b80b   Thumb Code    22  sockets.o(.text)
    lwip_getsockname                         0x0801b821   Thumb Code    22  sockets.o(.text)
    lwip_getsockopt                          0x0801ba33   Thumb Code   408  sockets.o(.text)
    lwip_setsockopt                          0x0801bd81   Thumb Code   318  sockets.o(.text)
    lwip_ioctl                               0x0801bebf   Thumb Code   116  sockets.o(.text)
    lwip_fcntl                               0x0801bf33   Thumb Code   142  sockets.o(.text)
    tcpip_input                              0x0801c0a7   Thumb Code    72  tcpip.o(.text)
    tcpip_callback_with_block                0x0801c0ef   Thumb Code    90  tcpip.o(.text)
    tcpip_timeout                            0x0801c149   Thumb Code    64  tcpip.o(.text)
    tcpip_untimeout                          0x0801c189   Thumb Code    56  tcpip.o(.text)
    tcpip_apimsg                             0x0801c1c1   Thumb Code    60  tcpip.o(.text)
    tcpip_callbackmsg_new                    0x0801c1fd   Thumb Code    32  tcpip.o(.text)
    tcpip_callbackmsg_delete                 0x0801c21d   Thumb Code    14  tcpip.o(.text)
    tcpip_trycallback                        0x0801c22b   Thumb Code    28  tcpip.o(.text)
    tcpip_init                               0x0801c247   Thumb Code    72  tcpip.o(.text)
    pbuf_free_callback                       0x0801c29d   Thumb Code    16  tcpip.o(.text)
    mem_free_callback                        0x0801c2ad   Thumb Code    16  tcpip.o(.text)
    OS_StrLen                                0x0801c379   Thumb Code    20  os_core.o(.text)
    OSEventNameGet                           0x0801c38d   Thumb Code    98  os_core.o(.text)
    OSEventNameSet                           0x0801c3ef   Thumb Code    84  os_core.o(.text)
    OS_TaskStatStkChk                        0x0801c443   Thumb Code    54  os_core.o(.text)
    OS_TaskStat                              0x0801c479   Thumb Code   116  os_core.o(.text)
    OS_TaskIdle                              0x0801c521   Thumb Code    34  os_core.o(.text)
    OS_MemClr                                0x0801c577   Thumb Code    18  os_core.o(.text)
    OSInit                                   0x0801c69d   Thumb Code    52  os_core.o(.text)
    OSIntEnter                               0x0801c6d1   Thumb Code    28  os_core.o(.text)
    OSIntExit                                0x0801c707   Thumb Code   262  os_core.o(.text)
    OSSchedLock                              0x0801c80d   Thumb Code    50  os_core.o(.text)
    OS_Sched                                 0x0801c83f   Thumb Code    88  os_core.o(.text)
    OSSchedUnlock                            0x0801c897   Thumb Code    82  os_core.o(.text)
    OSStart                                  0x0801c8e9   Thumb Code    48  os_core.o(.text)
    OSStatInit                               0x0801c919   Thumb Code    62  os_core.o(.text)
    OSTimeTick                               0x0801c957   Thumb Code   218  os_core.o(.text)
    OSVersion                                0x0801ca31   Thumb Code     6  os_core.o(.text)
    OS_Dummy                                 0x0801ca37   Thumb Code     2  os_core.o(.text)
    OS_EventTaskRemove                       0x0801ca39   Thumb Code    42  os_core.o(.text)
    OS_EventTaskRdy                          0x0801ca63   Thumb Code   118  os_core.o(.text)
    OS_EventTaskWait                         0x0801cad9   Thumb Code   112  os_core.o(.text)
    OS_EventWaitListInit                     0x0801cb49   Thumb Code    28  os_core.o(.text)
    OS_MemCopy                               0x0801cb65   Thumb Code    20  os_core.o(.text)
    OS_TCBInit                               0x0801cb79   Thumb Code   374  os_core.o(.text)
    OSFlagAccept                             0x0801cd05   Thumb Code   252  os_flag.o(.text)
    OSFlagCreate                             0x0801ce01   Thumb Code    86  os_flag.o(.text)
    OS_FlagUnlink                            0x0801ce57   Thumb Code    36  os_flag.o(.text)
    OSFlagDel                                0x0801cedb   Thumb Code   214  os_flag.o(.text)
    OSFlagNameGet                            0x0801cfb1   Thumb Code    80  os_flag.o(.text)
    OSFlagNameSet                            0x0801d001   Thumb Code    66  os_flag.o(.text)
    OSFlagPend                               0x0801d0db   Thumb Code   614  os_flag.o(.text)
    OSFlagPendGetFlagsRdy                    0x0801d341   Thumb Code    26  os_flag.o(.text)
    OSFlagPost                               0x0801d35b   Thumb Code   312  os_flag.o(.text)
    OSFlagQuery                              0x0801d493   Thumb Code    48  os_flag.o(.text)
    OS_FlagInit                              0x0801d4c3   Thumb Code    78  os_flag.o(.text)
    OSMemCreate                              0x0801d51d   Thumb Code   118  os_mem.o(.text)
    OSMemGet                                 0x0801d593   Thumb Code    62  os_mem.o(.text)
    OSMemNameGet                             0x0801d5d1   Thumb Code    60  os_mem.o(.text)
    OSMemNameSet                             0x0801d60d   Thumb Code    48  os_mem.o(.text)
    OSMemPut                                 0x0801d63d   Thumb Code    54  os_mem.o(.text)
    OSMemQuery                               0x0801d673   Thumb Code    52  os_mem.o(.text)
    OS_MemInit                               0x0801d6a7   Thumb Code    74  os_mem.o(.text)
    OSQAccept                                0x0801d701   Thumb Code    88  os_q.o(.text)
    OSQCreate                                0x0801d759   Thumb Code   144  os_q.o(.text)
    OSQDel                                   0x0801d7e9   Thumb Code   244  os_q.o(.text)
    OSQFlush                                 0x0801d8dd   Thumb Code    36  os_q.o(.text)
    OSQPend                                  0x0801d901   Thumb Code   272  os_q.o(.text)
    OSQPendAbort                             0x0801da11   Thumb Code   126  os_q.o(.text)
    OSQPost                                  0x0801da8f   Thumb Code   114  os_q.o(.text)
    OSQPostFront                             0x0801db01   Thumb Code   142  os_q.o(.text)
    OSQPostOpt                               0x0801db8f   Thumb Code   182  os_q.o(.text)
    OSQQuery                                 0x0801dc45   Thumb Code    98  os_q.o(.text)
    OS_QInit                                 0x0801dca7   Thumb Code    72  os_q.o(.text)
    OSSemAccept                              0x0801dcf9   Thumb Code    42  os_sem.o(.text)
    OSSemCreate                              0x0801dd23   Thumb Code    72  os_sem.o(.text)
    OSSemDel                                 0x0801dd6b   Thumb Code   230  os_sem.o(.text)
    OSSemPend                                0x0801de51   Thumb Code   222  os_sem.o(.text)
    OSSemPendAbort                           0x0801df2f   Thumb Code   126  os_sem.o(.text)
    OSSemPost                                0x0801dfad   Thumb Code    88  os_sem.o(.text)
    OSSemQuery                               0x0801e005   Thumb Code    76  os_sem.o(.text)
    OSSemSet                                 0x0801e051   Thumb Code    66  os_sem.o(.text)
    OSTaskChangePrio                         0x0801e0d5   Thumb Code   310  os_task.o(.text)
    OSTaskCreate                             0x0801e20b   Thumb Code   148  os_task.o(.text)
    OS_TaskStkClr                            0x0801e29f   Thumb Code    26  os_task.o(.text)
    OSTaskCreateExt                          0x0801e2b9   Thumb Code   170  os_task.o(.text)
    OSTaskDel                                0x0801e363   Thumb Code   294  os_task.o(.text)
    OSTaskDelReq                             0x0801e489   Thumb Code   146  os_task.o(.text)
    OSTaskNameGet                            0x0801e51b   Thumb Code   114  os_task.o(.text)
    OSTaskNameSet                            0x0801e58d   Thumb Code    98  os_task.o(.text)
    OSTaskResume                             0x0801e5ef   Thumb Code   160  os_task.o(.text)
    OSTaskStkChk                             0x0801e68f   Thumb Code   132  os_task.o(.text)
    OSTaskSuspend                            0x0801e713   Thumb Code   152  os_task.o(.text)
    OSTaskQuery                              0x0801e7ab   Thumb Code    82  os_task.o(.text)
    OSTaskRegGet                             0x0801e7fd   Thumb Code    60  os_task.o(.text)
    OSTaskRegSet                             0x0801e839   Thumb Code    62  os_task.o(.text)
    OS_TaskReturn                            0x0801e877   Thumb Code    18  os_task.o(.text)
    OSTimeDly                                0x0801e8a1   Thumb Code   100  os_time.o(.text)
    OSTimeDlyHMSM                            0x0801e905   Thumb Code    86  os_time.o(.text)
    OSTimeDlyResume                          0x0801e95b   Thumb Code   176  os_time.o(.text)
    OSTimeGet                                0x0801ea0b   Thumb Code    24  os_time.o(.text)
    OSTimeSet                                0x0801ea23   Thumb Code    24  os_time.o(.text)
    OSTmrCreate                              0x0801ea8b   Thumb Code    96  os_tmr.o(.text)
    OSTmrDel                                 0x0801eb63   Thumb Code   124  os_tmr.o(.text)
    OSTmrNameGet                             0x0801ebdf   Thumb Code   114  os_tmr.o(.text)
    OSTmrRemainGet                           0x0801ec51   Thumb Code   164  os_tmr.o(.text)
    OSTmrStateGet                            0x0801ecf5   Thumb Code    86  os_tmr.o(.text)
    OSTmrStart                               0x0801edaf   Thumb Code   128  os_tmr.o(.text)
    OSTmrStop                                0x0801ee2f   Thumb Code   210  os_tmr.o(.text)
    OSTmrSignal                              0x0801ef01   Thumb Code    16  os_tmr.o(.text)
    OSTmr_Init                               0x0801efb5   Thumb Code   172  os_tmr.o(.text)
    OSInitHookBegin                          0x0801f0c9   Thumb Code     8  os_cpu_c.o(.text)
    OSInitHookEnd                            0x0801f0d1   Thumb Code     2  os_cpu_c.o(.text)
    OSTaskCreateHook                         0x0801f0d3   Thumb Code     2  os_cpu_c.o(.text)
    OSTaskDelHook                            0x0801f0d5   Thumb Code     2  os_cpu_c.o(.text)
    OSTaskIdleHook                           0x0801f0d7   Thumb Code     2  os_cpu_c.o(.text)
    OSTaskStatHook                           0x0801f0d9   Thumb Code     2  os_cpu_c.o(.text)
    OSTaskStkInit                            0x0801f0db   Thumb Code   426  os_cpu_c.o(.text)
    OSTaskSwHook                             0x0801f285   Thumb Code     2  os_cpu_c.o(.text)
    OSTCBInitHook                            0x0801f287   Thumb Code     2  os_cpu_c.o(.text)
    OSTimeTickHook                           0x0801f289   Thumb Code    30  os_cpu_c.o(.text)
    OSTaskReturnHook                         0x0801f2a7   Thumb Code     2  os_cpu_c.o(.text)
    OS_CPU_SR_Save                           0x0801f2b1   Thumb Code     0  os_cpu_a.o(.text)
    OS_CPU_SR_Restore                        0x0801f2b9   Thumb Code     0  os_cpu_a.o(.text)
    OSStartHighRdy                           0x0801f2bf   Thumb Code     0  os_cpu_a.o(.text)
    OSCtxSw                                  0x0801f2e3   Thumb Code     0  os_cpu_a.o(.text)
    OSIntCtxSw                               0x0801f2f1   Thumb Code     0  os_cpu_a.o(.text)
    PendSV_Handler                           0x0801f301   Thumb Code     0  os_cpu_a.o(.text)
    mymemcpy                                 0x0801f379   Thumb Code    26  malloc.o(.text)
    mymemset                                 0x0801f393   Thumb Code    20  malloc.o(.text)
    mymem_init                               0x0801f3a7   Thumb Code    54  malloc.o(.text)
    mem_perused                              0x0801f3dd   Thumb Code    54  malloc.o(.text)
    mymem_malloc                             0x0801f413   Thumb Code   162  malloc.o(.text)
    mymem_free                               0x0801f4b5   Thumb Code    94  malloc.o(.text)
    myfree                                   0x0801f513   Thumb Code    32  malloc.o(.text)
    mymalloc                                 0x0801f533   Thumb Code    34  malloc.o(.text)
    myrealloc                                0x0801f555   Thumb Code    66  malloc.o(.text)
    __use_no_semihosting                     0x0801f5a9   Thumb Code     2  use_no_semi_2.o(.text)
    __rt_ctype_table                         0x0801f5ad   Thumb Code    16  rt_ctype_table.o(.text)
    __2printf                                0x0801f5bd   Thumb Code    20  noretval__2printf.o(.text)
    __2sprintf                               0x0801f5d5   Thumb Code    34  noretval__2sprintf.o(.text)
    _printf_pre_padding                      0x0801f5fd   Thumb Code    46  _printf_pad.o(.text)
    _printf_post_padding                     0x0801f62b   Thumb Code    36  _printf_pad.o(.text)
    _printf_str                              0x0801f64f   Thumb Code    82  _printf_str.o(.text)
    _printf_int_dec                          0x0801f6a1   Thumb Code   102  _printf_dec.o(.text)
    _printf_int_hex                          0x0801f719   Thumb Code    88  _printf_hex_int.o(.text)
    _printf_longlong_hex                     0x0801f719   Thumb Code     0  _printf_hex_int.o(.text)
    __printf                                 0x0801f775   Thumb Code   390  __printf_flags_ss_wp.o(.text)
    memcmp                                   0x0801f901   Thumb Code    88  memcmp.o(.text)
    strlen                                   0x0801f959   Thumb Code    62  strlen.o(.text)
    __aeabi_memcpy                           0x0801f997   Thumb Code     0  rt_memcpy_v6.o(.text)
    __rt_memcpy                              0x0801f997   Thumb Code   138  rt_memcpy_v6.o(.text)
    _memcpy_lastbytes                        0x0801f9fd   Thumb Code     0  rt_memcpy_v6.o(.text)
    __aeabi_memclr                           0x0801fa21   Thumb Code     0  rt_memclr.o(.text)
    __rt_memclr                              0x0801fa21   Thumb Code    68  rt_memclr.o(.text)
    _memset                                  0x0801fa25   Thumb Code     0  rt_memclr.o(.text)
    __aeabi_memclr4                          0x0801fa65   Thumb Code     0  rt_memclr_w.o(.text)
    __aeabi_memclr8                          0x0801fa65   Thumb Code     0  rt_memclr_w.o(.text)
    __rt_memclr_w                            0x0801fa65   Thumb Code    78  rt_memclr_w.o(.text)
    _memset_w                                0x0801fa69   Thumb Code     0  rt_memclr_w.o(.text)
    strcmp                                   0x0801fab5   Thumb Code   128  strcmpv7m.o(.text)
    __use_two_region_memory                  0x0801fb35   Thumb Code     2  heapauxi.o(.text)
    __rt_heap_escrow$2region                 0x0801fb37   Thumb Code     2  heapauxi.o(.text)
    __rt_heap_expand$2region                 0x0801fb39   Thumb Code     2  heapauxi.o(.text)
    __I$use$semihosting                      0x0801fb3b   Thumb Code     0  use_no_semi.o(.text)
    __use_no_semihosting_swi                 0x0801fb3b   Thumb Code     2  use_no_semi.o(.text)
    __rt_locale                              0x0801fb3d   Thumb Code     8  rt_locale_intlibspace.o(.text)
    _printf_int_common                       0x0801fb45   Thumb Code   184  _printf_intcommon.o(.text)
    _printf_char_common                      0x0801fc07   Thumb Code    32  _printf_char_common.o(.text)
    _sputc                                   0x0801fc2d   Thumb Code    10  _sputc.o(.text)
    _printf_cs_common                        0x0801fc37   Thumb Code    20  _printf_char.o(.text)
    _printf_char                             0x0801fc4b   Thumb Code    16  _printf_char.o(.text)
    _printf_string                           0x0801fc5b   Thumb Code     8  _printf_char.o(.text)
    _printf_char_file                        0x0801fc65   Thumb Code    32  _printf_char_file.o(.text)
    __aeabi_memcpy4                          0x0801fc89   Thumb Code     0  rt_memcpy_w.o(.text)
    __aeabi_memcpy8                          0x0801fc89   Thumb Code     0  rt_memcpy_w.o(.text)
    __rt_memcpy_w                            0x0801fc89   Thumb Code   100  rt_memcpy_w.o(.text)
    _memcpy_lastbytes_aligned                0x0801fcd1   Thumb Code     0  rt_memcpy_w.o(.text)
    __user_libspace                          0x0801fced   Thumb Code     8  libspace.o(.text)
    __user_perproc_libspace                  0x0801fced   Thumb Code     0  libspace.o(.text)
    __user_perthread_libspace                0x0801fced   Thumb Code     0  libspace.o(.text)
    ferror                                   0x0801fcf5   Thumb Code     8  ferror.o(.text)
    __user_setup_stackheap                   0x0801fcfd   Thumb Code    74  sys_stackheap_outer.o(.text)
    exit                                     0x0801fd47   Thumb Code    12  exit.o(.text)
    _is_digit                                0x0801fd53   Thumb Code    14  __printf_wp.o(i._is_digit)
    _get_lc_ctype                            0x0801fd61   Thumb Code    44  lc_ctype_c.o(locale$$code)
    __aeabi_d2uiz                            0x0801fd8d   Thumb Code     0  dfixu.o(x$fpl$dfixu)
    _dfixu                                   0x0801fd8d   Thumb Code    90  dfixu.o(x$fpl$dfixu)
    __aeabi_ui2d                             0x0801fde7   Thumb Code     0  dflt_clz.o(x$fpl$dfltu)
    _dfltu                                   0x0801fde7   Thumb Code    38  dflt_clz.o(x$fpl$dfltu)
    __aeabi_dmul                             0x0801fe0d   Thumb Code     0  dmul.o(x$fpl$dmul)
    _dmul                                    0x0801fe0d   Thumb Code   332  dmul.o(x$fpl$dmul)
    __fpl_dnaninf                            0x0801ff61   Thumb Code   156  dnaninf.o(x$fpl$dnaninf)
    __fpl_dretinf                            0x0801fffd   Thumb Code    12  dretinf.o(x$fpl$dretinf)
    _fp_init                                 0x08020009   Thumb Code    10  fpinit.o(x$fpl$fpinit)
    __fplib_config_fpu_vfp                   0x08020011   Thumb Code     0  fpinit.o(x$fpl$fpinit)
    __fplib_config_pureend_doubles           0x08020011   Thumb Code     0  fpinit.o(x$fpl$fpinit)
    __I$use$fp                               0x08020012   Number         0  usenofp.o(x$fpl$usenofp)
    master                                   0x08020012   Data          33  main.o(.constdata)
    slave                                    0x08020033   Data          33  main.o(.constdata)
    asc2_1206                                0x08020054   Data        1140  lcd.o(.constdata)
    asc2_1608                                0x080204c8   Data        1520  lcd.o(.constdata)
    asc2_2412                                0x08020ab8   Data        3420  lcd.o(.constdata)
    FSMC_DefaultTimingStruct                 0x08021814   Data          28  stm32f4xx_fsmc.o(.constdata)
    ethbroadcast                             0x08021830   Data           6  etharp.o(.constdata)
    ethzero                                  0x08021836   Data           6  etharp.o(.constdata)
    ip_addr_any                              0x08021880   Data           4  ip_addr.o(.constdata)
    ip_addr_broadcast                        0x08021884   Data           4  ip_addr.o(.constdata)
    tcp_state_str                            0x0802194c   Data          44  tcp.o(.constdata)
    tcp_backoff                              0x08021978   Data          13  tcp.o(.constdata)
    tcp_persist_backoff                      0x08021985   Data           7  tcp.o(.constdata)
    tcp_pcb_lists                            0x0802198c   Data          16  tcp.o(.constdata)
    pvNullPointer                            0x080219f4   Data           4  sys_arch.o(.constdata)
    OSUnMapTbl                               0x08021a38   Data         256  os_core.o(.constdata)
    memtblsize                               0x08021b38   Data          12  malloc.o(.constdata)
    memblksize                               0x08021b44   Data          12  malloc.o(.constdata)
    memsize                                  0x08021b50   Data          12  malloc.o(.constdata)
    Region$$Table$$Base                      0x08021dac   Number         0  anon$$obj.o(Region$$Table)
    Region$$Table$$Limit                     0x08021dcc   Number         0  anon$$obj.o(Region$$Table)
    __ctype                                  0x08021dd9   Data           0  lc_ctype_c.o(locale$$data)
    mem3base                                 0x10000000   Data       61440  malloc.o(.ARM.__AT_0x10000000)
    mem3mapbase                              0x1000f000   Data        3840  malloc.o(.ARM.__AT_0x1000F000)
    password                                 0x20000000   Data          33  main.o(.data)
    SystemCoreClock                          0x20000024   Data           4  system_stm32f4xx.o(.data)
    AHBPrescTable                            0x20000028   Data          16  system_stm32f4xx.o(.data)
    ihome_start_flag                         0x20000038   Data           4  ihome_function.o(.data)
    LED_TASK_STK                             0x2000003c   Data           4  ihome_function.o(.data)
    DHT11_TASK_STK                           0x20000040   Data           4  ihome_function.o(.data)
    led_event                                0x20000044   Data           4  ihome_function.o(.data)
    dht11_event                              0x20000048   Data           4  ihome_function.o(.data)
    TIM5CH1_CAPTURE_STA                      0x20000050   Data           1  timer.o(.data)
    TIM5CH1_CAPTURE_VAL                      0x20000054   Data           4  timer.o(.data)
    POINT_COLOR                              0x20000058   Data           2  lcd.o(.data)
    BACK_COLOR                               0x2000005a   Data           2  lcd.o(.data)
    DMARxDscrTab                             0x2000005c   Data           4  lan8720.o(.data)
    DMATxDscrTab                             0x20000060   Data           4  lan8720.o(.data)
    Rx_Buff                                  0x20000064   Data           4  lan8720.o(.data)
    Tx_Buff                                  0x20000068   Data           4  lan8720.o(.data)
    DMATxDescToSet                           0x2000007c   Data           4  stm32f4x7_eth.o(.data)
    DMARxDescToGet                           0x20000080   Data           4  stm32f4x7_eth.o(.data)
    DMA_RX_FRAME_infos                       0x20000084   Data           4  stm32f4x7_eth.o(.data)
    Frame_Rx_index                           0x20000088   Data           4  stm32f4x7_eth.o(.data)
    USART_RX_STA                             0x20000090   Data           2  usart.o(.data)
    __stdout                                 0x20000094   Data           4  usart.o(.data)
    sys_cmd_tab                              0x20000098   Data          28  usmart.o(.data)
    usmart_nametab                           0x200000b4   Data          48  usmart_config.o(.data)
    usmart_dev                               0x200000e4   Data         244  usmart_config.o(.data)
    server_ip                                0x200001d8   Data           4  lwip_comm.o(.data)
    TCPTimer                                 0x200001dc   Data           4  lwip_comm.o(.data)
    ARPTimer                                 0x200001e0   Data           4  lwip_comm.o(.data)
    DHCPfineTimer                            0x200001e4   Data           4  lwip_comm.o(.data)
    DHCPcoarseTimer                          0x200001e8   Data           4  lwip_comm.o(.data)
    lwip_localtime                           0x200001ec   Data           4  lwip_comm.o(.data)
    TCPIP_THREAD_TASK_STK                    0x200001f0   Data           4  lwip_comm.o(.data)
    LWIP_DHCP_TASK_STK                       0x200001f4   Data           4  lwip_comm.o(.data)
    isConnected                              0x200001f8   Data           1  tcp_client.o(.data)
    isAuthed                                 0x200001f9   Data           1  tcp_client.o(.data)
    tcp_clientconn                           0x20000208   Data           4  tcp_client.o(.data)
    tcp_client_flag                          0x2000020c   Data           1  tcp_client.o(.data)
    TCP_CLIENT_CONNECT_TASK_STK              0x20000210   Data           4  tcp_client.o(.data)
    TCP_CLIENT_RECV_TASK_STK                 0x20000214   Data           4  tcp_client.o(.data)
    CLIENT_HANDLE_TASK_STK                   0x20000218   Data           4  tcp_client.o(.data)
    TCP_SEND_TASK_STK                        0x2000021c   Data           4  tcp_client.o(.data)
    tcp_handle_event                         0x20000220   Data           4  tcp_client.o(.data)
    tcp_send_event                           0x20000224   Data           4  tcp_client.o(.data)
    isAccepted                               0x20000228   Data           1  tcp_server.o(.data)
    isChecked                                0x20000229   Data           1  tcp_server.o(.data)
    conn                                     0x20000234   Data           4  tcp_server.o(.data)
    serverconn                               0x20000238   Data           4  tcp_server.o(.data)
    TCPSERVER_TASK_STK                       0x2000023c   Data           4  tcp_server.o(.data)
    TCPSERVER_RECV_TASK_STK                  0x20000240   Data           4  tcp_server.o(.data)
    user_addr                                0x20000244   Data           4  tcp_server.o(.data)
    current_netif                            0x2000024c   Data           4  ip.o(.data)
    current_header                           0x20000250   Data           4  ip.o(.data)
    current_iphdr_src                        0x20000254   Data           4  ip.o(.data)
    current_iphdr_dest                       0x20000258   Data           4  ip.o(.data)
    memp_memory                              0x200002a4   Data           4  memp.o(.data)
    netif_list                               0x200002a8   Data           4  netif.o(.data)
    netif_default                            0x200002ac   Data           4  netif.o(.data)
    tcp_ticks                                0x200002c0   Data           4  tcp.o(.data)
    tcp_bound_pcbs                           0x200002c4   Data           4  tcp.o(.data)
    tcp_listen_pcbs                          0x200002c8   Data           4  tcp.o(.data)
    tcp_active_pcbs                          0x200002cc   Data           4  tcp.o(.data)
    tcp_tw_pcbs                              0x200002d0   Data           4  tcp.o(.data)
    tcp_tmp_pcb                              0x200002d4   Data           4  tcp.o(.data)
    tcp_active_pcbs_changed                  0x200002d8   Data           1  tcp.o(.data)
    tcp_input_pcb                            0x200002f8   Data           4  tcp_in.o(.data)
    udp_pcbs                                 0x20000308   Data           4  udp.o(.data)
    ram_heap                                 0x2000030c   Data           4  mem.o(.data)
    OSCtxSwCtr                               0x20000334   Data           4  os_core.o(.data)
    OSEventFreeList                          0x20000338   Data           4  os_core.o(.data)
    OSFlagFreeList                           0x2000033c   Data           4  os_core.o(.data)
    OSCPUUsage                               0x20000340   Data           1  os_core.o(.data)
    OSIdleCtrMax                             0x20000344   Data           4  os_core.o(.data)
    OSIdleCtrRun                             0x20000348   Data           4  os_core.o(.data)
    OSStatRdy                                0x2000034c   Data           1  os_core.o(.data)
    OSIntNesting                             0x2000034d   Data           1  os_core.o(.data)
    OSLockNesting                            0x2000034e   Data           1  os_core.o(.data)
    OSPrioCur                                0x2000034f   Data           1  os_core.o(.data)
    OSPrioHighRdy                            0x20000350   Data           1  os_core.o(.data)
    OSRdyGrp                                 0x20000351   Data           1  os_core.o(.data)
    OSRdyTbl                                 0x20000352   Data           8  os_core.o(.data)
    OSRunning                                0x2000035a   Data           1  os_core.o(.data)
    OSTaskCtr                                0x2000035b   Data           1  os_core.o(.data)
    OSIdleCtr                                0x2000035c   Data           4  os_core.o(.data)
    OSTCBCur                                 0x20000360   Data           4  os_core.o(.data)
    OSTCBFreeList                            0x20000364   Data           4  os_core.o(.data)
    OSTCBHighRdy                             0x20000368   Data           4  os_core.o(.data)
    OSTCBList                                0x2000036c   Data           4  os_core.o(.data)
    OSTickStepState                          0x20000370   Data           1  os_core.o(.data)
    OSMemFreeList                            0x20000374   Data           4  os_core.o(.data)
    OSQFreeList                              0x20000378   Data           4  os_core.o(.data)
    OSTime                                   0x2000037c   Data           4  os_core.o(.data)
    OSTmrFree                                0x20000380   Data           2  os_core.o(.data)
    OSTmrUsed                                0x20000382   Data           2  os_core.o(.data)
    OSTmrTime                                0x20000384   Data           4  os_core.o(.data)
    OSTmrSem                                 0x20000388   Data           4  os_core.o(.data)
    OSTmrSemSignal                           0x2000038c   Data           4  os_core.o(.data)
    OSTmrFreeList                            0x20000390   Data           4  os_core.o(.data)
    OSInterrputSum                           0x20000394   Data           4  os_cpu_c.o(.data)
    mallco_dev                               0x2000039c   Data          36  malloc.o(.data)
    START_TASK_STK                           0x200003c0   Data         512  main.o(.bss)
    led_q                                    0x200005c0   Data          24  ihome_function.o(.bss)
    dht11_q                                  0x200005d8   Data          24  ihome_function.o(.bss)
    TIM5_ICInitStructure                     0x200005f0   Data          10  timer.o(.bss)
    lcddev                                   0x200005fa   Data          14  lcd.o(.bss)
    RX_Frame_Descriptor                      0x20000608   Data          12  stm32f4x7_eth.o(.bss)
    USART_RX_BUF                             0x20000614   Data         200  usart.o(.bss)
    lwipdev                                  0x200006dc   Data          23  lwip_comm.o(.bss)
    lwip_netif                               0x200006f4   Data          52  lwip_comm.o(.bss)
    tcp_handle_q                             0x20000728   Data          40  tcp_client.o(.bss)
    tcp_send_q                               0x20000750   Data          40  tcp_client.o(.bss)
    dhcp_rx_options_val                      0x20000850   Data          40  dhcp.o(.bss)
    dhcp_rx_options_given                    0x20000878   Data          10  dhcp.o(.bss)
    OSEventTbl                               0x20000930   Data         240  os_core.o(.bss)
    OSFlagTbl                                0x20000a20   Data          80  os_core.o(.bss)
    OSTaskStatStk                            0x20000a70   Data         512  os_core.o(.bss)
    OSTaskIdleStk                            0x20000c70   Data         512  os_core.o(.bss)
    OSTCBPrioTbl                             0x20000e70   Data         256  os_core.o(.bss)
    OSTCBTbl                                 0x20000f70   Data        1008  os_core.o(.bss)
    OSMemTbl                                 0x20001360   Data         120  os_core.o(.bss)
    OSQTbl                                   0x200013d8   Data         240  os_core.o(.bss)
    OSTmrTbl                                 0x200014c8   Data         640  os_core.o(.bss)
    OSTmrTaskStk                             0x20001748   Data         512  os_core.o(.bss)
    OSTmrWheelTbl                            0x20001948   Data          64  os_core.o(.bss)
    mem1base                                 0x20001988   Data       102400  malloc.o(.bss)
    mem1mapbase                              0x2001a988   Data        6400  malloc.o(.bss)
    __libspace_start                         0x2001c288   Data          96  libspace.o(.bss)
    __temporary_stack_top$libspace           0x2001c2e8   Data           0  libspace.o(.bss)
    mem2base                                 0x68000000   Data       204800  malloc.o(.ARM.__AT_0x68000000)
    mem2mapbase                              0x68032000   Data       12800  malloc.o(.ARM.__AT_0x68032000)



==============================================================================

Memory Map of the image

  Image Entry point : 0x08000189

  Load Region LR_IROM1 (Base: 0x08000000, Size: 0x0002229c, Max: 0x00100000, ABSOLUTE, COMPRESSED[0x00021fb8])

    Execution Region ER_IROM1 (Base: 0x08000000, Size: 0x00021edc, Max: 0x00100000, ABSOLUTE)

    Base Addr    Size         Type   Attr      Idx    E Section Name        Object

    0x08000000   0x00000188   Data   RO          677    RESET               startup_stm32f40_41xxx.o
    0x08000188   0x00000008   Code   RO         2449  * !!!main             c_w.l(__main.o)
    0x08000190   0x00000034   Code   RO         2647    !!!scatter          c_w.l(__scatter.o)
    0x080001c4   0x0000005a   Code   RO         2645    !!dczerorl2         c_w.l(__dczerorl2.o)
    0x0800021e   0x00000002   PAD
    0x08000220   0x0000001c   Code   RO         2649    !!handler_zi        c_w.l(__scatter_zi.o)
    0x0800023c   0x00000000   Code   RO         2434    .ARM.Collect$$_printf_percent$$00000000  c_w.l(_printf_percent.o)
    0x0800023c   0x00000006   Code   RO         2432    .ARM.Collect$$_printf_percent$$00000009  c_w.l(_printf_d.o)
    0x08000242   0x00000006   Code   RO         2433    .ARM.Collect$$_printf_percent$$0000000A  c_w.l(_printf_u.o)
    0x08000248   0x00000006   Code   RO         2431    .ARM.Collect$$_printf_percent$$0000000C  c_w.l(_printf_x.o)
    0x0800024e   0x00000006   Code   RO         2429    .ARM.Collect$$_printf_percent$$00000013  c_w.l(_printf_c.o)
    0x08000254   0x00000006   Code   RO         2430    .ARM.Collect$$_printf_percent$$00000014  c_w.l(_printf_s.o)
    0x0800025a   0x00000004   Code   RO         2481    .ARM.Collect$$_printf_percent$$00000017  c_w.l(_printf_percent_end.o)
    0x0800025e   0x00000002   Code   RO         2570    .ARM.Collect$$libinit$$00000000  c_w.l(libinit.o)
    0x08000260   0x00000004   Code   RO         2516    .ARM.Collect$$libinit$$00000001  c_w.l(libinit2.o)
    0x08000264   0x00000000   Code   RO         2520    .ARM.Collect$$libinit$$00000008  c_w.l(libinit2.o)
    0x08000264   0x00000000   Code   RO         2522    .ARM.Collect$$libinit$$0000000A  c_w.l(libinit2.o)
    0x08000264   0x00000000   Code   RO         2524    .ARM.Collect$$libinit$$0000000C  c_w.l(libinit2.o)
    0x08000264   0x00000006   Code   RO         2525    .ARM.Collect$$libinit$$0000000D  c_w.l(libinit2.o)
    0x0800026a   0x00000000   Code   RO         2527    .ARM.Collect$$libinit$$0000000F  c_w.l(libinit2.o)
    0x0800026a   0x0000000c   Code   RO         2528    .ARM.Collect$$libinit$$00000010  c_w.l(libinit2.o)
    0x08000276   0x00000000   Code   RO         2529    .ARM.Collect$$libinit$$00000011  c_w.l(libinit2.o)
    0x08000276   0x00000000   Code   RO         2531    .ARM.Collect$$libinit$$00000013  c_w.l(libinit2.o)
    0x08000276   0x00000000   Code   RO         2533    .ARM.Collect$$libinit$$00000015  c_w.l(libinit2.o)
    0x08000276   0x00000000   Code   RO         2535    .ARM.Collect$$libinit$$00000017  c_w.l(libinit2.o)
    0x08000276   0x00000000   Code   RO         2537    .ARM.Collect$$libinit$$00000019  c_w.l(libinit2.o)
    0x08000276   0x00000000   Code   RO         2539    .ARM.Collect$$libinit$$0000001B  c_w.l(libinit2.o)
    0x08000276   0x00000000   Code   RO         2541    .ARM.Collect$$libinit$$0000001D  c_w.l(libinit2.o)
    0x08000276   0x00000000   Code   RO         2543    .ARM.Collect$$libinit$$0000001F  c_w.l(libinit2.o)
    0x08000276   0x00000000   Code   RO         2545    .ARM.Collect$$libinit$$00000021  c_w.l(libinit2.o)
    0x08000276   0x00000000   Code   RO         2547    .ARM.Collect$$libinit$$00000023  c_w.l(libinit2.o)
    0x08000276   0x00000000   Code   RO         2551    .ARM.Collect$$libinit$$0000002A  c_w.l(libinit2.o)
    0x08000276   0x00000000   Code   RO         2553    .ARM.Collect$$libinit$$0000002C  c_w.l(libinit2.o)
    0x08000276   0x00000000   Code   RO         2555    .ARM.Collect$$libinit$$0000002E  c_w.l(libinit2.o)
    0x08000276   0x00000000   Code   RO         2557    .ARM.Collect$$libinit$$00000030  c_w.l(libinit2.o)
    0x08000276   0x00000002   Code   RO         2558    .ARM.Collect$$libinit$$00000031  c_w.l(libinit2.o)
    0x08000278   0x00000002   Code   RO         2603    .ARM.Collect$$libshutdown$$00000000  c_w.l(libshutdown.o)
    0x0800027a   0x00000000   Code   RO         2610    .ARM.Collect$$libshutdown$$00000003  c_w.l(libshutdown2.o)
    0x0800027a   0x00000000   Code   RO         2613    .ARM.Collect$$libshutdown$$00000006  c_w.l(libshutdown2.o)
    0x0800027a   0x00000000   Code   RO         2616    .ARM.Collect$$libshutdown$$00000009  c_w.l(libshutdown2.o)
    0x0800027a   0x00000000   Code   RO         2618    .ARM.Collect$$libshutdown$$0000000B  c_w.l(libshutdown2.o)
    0x0800027a   0x00000000   Code   RO         2621    .ARM.Collect$$libshutdown$$0000000E  c_w.l(libshutdown2.o)
    0x0800027a   0x00000002   Code   RO         2622    .ARM.Collect$$libshutdown$$0000000F  c_w.l(libshutdown2.o)
    0x0800027c   0x00000000   Code   RO         2465    .ARM.Collect$$rtentry$$00000000  c_w.l(rtentry.o)
    0x0800027c   0x00000000   Code   RO         2496    .ARM.Collect$$rtentry$$00000002  c_w.l(rtentry2.o)
    0x0800027c   0x00000006   Code   RO         2508    .ARM.Collect$$rtentry$$00000004  c_w.l(rtentry4.o)
    0x08000282   0x00000000   Code   RO         2498    .ARM.Collect$$rtentry$$00000009  c_w.l(rtentry2.o)
    0x08000282   0x00000004   Code   RO         2499    .ARM.Collect$$rtentry$$0000000A  c_w.l(rtentry2.o)
    0x08000286   0x00000000   Code   RO         2501    .ARM.Collect$$rtentry$$0000000C  c_w.l(rtentry2.o)
    0x08000286   0x00000008   Code   RO         2502    .ARM.Collect$$rtentry$$0000000D  c_w.l(rtentry2.o)
    0x0800028e   0x00000002   Code   RO         2573    .ARM.Collect$$rtexit$$00000000  c_w.l(rtexit.o)
    0x08000290   0x00000000   Code   RO         2582    .ARM.Collect$$rtexit$$00000002  c_w.l(rtexit2.o)
    0x08000290   0x00000004   Code   RO         2583    .ARM.Collect$$rtexit$$00000003  c_w.l(rtexit2.o)
    0x08000294   0x00000006   Code   RO         2584    .ARM.Collect$$rtexit$$00000004  c_w.l(rtexit2.o)
    0x0800029a   0x00000002   PAD
    0x0800029c   0x000002d0   Code   RO            3    .text               main.o
    0x0800056c   0x00000014   Code   RO          305    .text               stm32f4xx_it.o
    0x08000580   0x0000020c   Code   RO          354    .text               system_stm32f4xx.o
    0x0800078c   0x00000900   Code   RO          380    .text               ihome_function.o
    0x0800108c   0x00000104   Code   RO          432    .text               key.o
    0x08001190   0x00000070   Code   RO          453    .text               led.o
    0x08001200   0x000001f0   Code   RO          473    .text               timer.o
    0x080013f0   0x00004c8e   Code   RO          505    .text               lcd.o
    0x0800607e   0x00000002   PAD
    0x08006080   0x00000394   Code   RO          543    .text               lan8720.o
    0x08006414   0x000003b4   Code   RO          574    .text               sram.o
    0x080067c8   0x00000194   Code   RO          594    .text               dht11.o
    0x0800695c   0x00000068   Code   RO          614    .text               lsens.o
    0x080069c4   0x0000008c   Code   RO          634    .text               adc3.o
    0x08006a50   0x000000ac   Code   RO          654    .text               pwm.o
    0x08006afc   0x00000040   Code   RO          678    .text               startup_stm32f40_41xxx.o
    0x08006b3c   0x000000e4   Code   RO          684    .text               misc.o
    0x08006c20   0x00000294   Code   RO          704    .text               stm32f4xx_gpio.o
    0x08006eb4   0x0000065c   Code   RO          724    .text               stm32f4xx_rcc.o
    0x08007510   0x00000098   Code   RO          746    .text               stm32f4xx_syscfg.o
    0x080075a8   0x00000ca2   Code   RO          766    .text               stm32f4xx_tim.o
    0x0800824a   0x00000002   PAD
    0x0800824c   0x00000454   Code   RO          786    .text               stm32f4xx_usart.o
    0x080086a0   0x00000e48   Code   RO          806    .text               stm32f4x7_eth.o
    0x080094e8   0x00000470   Code   RO          833    .text               stm32f4xx_adc.o
    0x08009958   0x000005dc   Code   RO          853    .text               stm32f4xx_fsmc.o
    0x08009f34   0x00000128   Code   RO          876    .text               delay.o
    0x0800a05c   0x00000158   Code   RO          916    .text               usart.o
    0x0800a1b4   0x00000c3c   Code   RO          947    .text               usmart.o
    0x0800adf0   0x00000528   Code   RO          992    .text               usmart_str.o
    0x0800b318   0x00000698   Code   RO         1012    .text               lwip_comm.o
    0x0800b9b0   0x000011d8   Code   RO         1106    .text               tcp_client.o
    0x0800cb88   0x00000e84   Code   RO         1197    .text               etharp.o
    0x0800da0c   0x00000228   Code   RO         1231    .text               ethernetif.o
    0x0800dc34   0x00000424   Code   RO         1282    .text               icmp.o
    0x0800e058   0x000002b4   Code   RO         1343    .text               inet_chksum.o
    0x0800e30c   0x00000430   Code   RO         1363    .text               ip.o
    0x0800e73c   0x00000328   Code   RO         1398    .text               ip_addr.o
    0x0800ea64   0x00000a28   Code   RO         1435    .text               ip_frag.o
    0x0800f48c   0x0000003e   Code   RO         1460    .text               def.o
    0x0800f4ca   0x00000002   PAD
    0x0800f4cc   0x00001a6c   Code   RO         1480    .text               dhcp.o
    0x08010f38   0x00000024   Code   RO         1522    .text               init.o
    0x08010f5c   0x000001d4   Code   RO         1557    .text               memp.o
    0x08011130   0x00000344   Code   RO         1598    .text               netif.o
    0x08011474   0x000010ac   Code   RO         1628    .text               pbuf.o
    0x08012520   0x0000024c   Code   RO         1648    .text               raw.o
    0x0801276c   0x000014a4   Code   RO         1684    .text               tcp.o
    0x08013c10   0x00001888   Code   RO         1716    .text               tcp_in.o
    0x08015498   0x0000133e   Code   RO         1747    .text               tcp_out.o
    0x080167d6   0x00000002   PAD
    0x080167d8   0x00000330   Code   RO         1768    .text               timers.o
    0x08016b08   0x000005e8   Code   RO         1817    .text               udp.o
    0x080170f0   0x00000744   Code   RO         1854    .text               mem.o
    0x08017834   0x000003d4   Code   RO         1877    .text               sys_arch.o
    0x08017c08   0x00000c00   Code   RO         1904    .text               api_lib.o
    0x08018808   0x000017bc   Code   RO         1943    .text               api_msg.o
    0x08019fc4   0x000003b8   Code   RO         1986    .text               netbuf.o
    0x0801a37c   0x00001c44   Code   RO         2040    .text               sockets.o
    0x0801bfc0   0x000003b8   Code   RO         2064    .text               tcpip.o
    0x0801c378   0x0000098c   Code   RO         2095    .text               os_core.o
    0x0801cd04   0x00000818   Code   RO         2123    .text               os_flag.o
    0x0801d51c   0x000001e4   Code   RO         2163    .text               os_mem.o
    0x0801d700   0x000005f8   Code   RO         2203    .text               os_q.o
    0x0801dcf8   0x000003dc   Code   RO         2223    .text               os_sem.o
    0x0801e0d4   0x000007cc   Code   RO         2243    .text               os_task.o
    0x0801e8a0   0x000001b8   Code   RO         2263    .text               os_time.o
    0x0801ea58   0x00000670   Code   RO         2283    .text               os_tmr.o
    0x0801f0c8   0x000001e8   Code   RO         2303    .text               os_cpu_c.o
    0x0801f2b0   0x000000c8   Code   RO         2331    .text               os_cpu_a.o
    0x0801f378   0x00000230   Code   RO         2336    .text               malloc.o
    0x0801f5a8   0x00000002   Code   RO         2368    .text               c_w.l(use_no_semi_2.o)
    0x0801f5aa   0x00000002   PAD
    0x0801f5ac   0x00000010   Code   RO         2370    .text               c_w.l(rt_ctype_table.o)
    0x0801f5bc   0x00000018   Code   RO         2376    .text               c_w.l(noretval__2printf.o)
    0x0801f5d4   0x00000028   Code   RO         2378    .text               c_w.l(noretval__2sprintf.o)
    0x0801f5fc   0x00000052   Code   RO         2382    .text               c_w.l(_printf_pad.o)
    0x0801f64e   0x00000052   Code   RO         2384    .text               c_w.l(_printf_str.o)
    0x0801f6a0   0x00000078   Code   RO         2386    .text               c_w.l(_printf_dec.o)
    0x0801f718   0x0000005c   Code   RO         2391    .text               c_w.l(_printf_hex_int.o)
    0x0801f774   0x0000018c   Code   RO         2426    .text               c_w.l(__printf_flags_ss_wp.o)
    0x0801f900   0x00000058   Code   RO         2435    .text               c_w.l(memcmp.o)
    0x0801f958   0x0000003e   Code   RO         2437    .text               c_w.l(strlen.o)
    0x0801f996   0x0000008a   Code   RO         2439    .text               c_w.l(rt_memcpy_v6.o)
    0x0801fa20   0x00000044   Code   RO         2441    .text               c_w.l(rt_memclr.o)
    0x0801fa64   0x0000004e   Code   RO         2443    .text               c_w.l(rt_memclr_w.o)
    0x0801fab2   0x00000002   PAD
    0x0801fab4   0x00000080   Code   RO         2445    .text               c_w.l(strcmpv7m.o)
    0x0801fb34   0x00000006   Code   RO         2447    .text               c_w.l(heapauxi.o)
    0x0801fb3a   0x00000002   Code   RO         2463    .text               c_w.l(use_no_semi.o)
    0x0801fb3c   0x00000008   Code   RO         2469    .text               c_w.l(rt_locale_intlibspace.o)
    0x0801fb44   0x000000b8   Code   RO         2471    .text               c_w.l(_printf_intcommon.o)
    0x0801fbfc   0x00000030   Code   RO         2473    .text               c_w.l(_printf_char_common.o)
    0x0801fc2c   0x0000000a   Code   RO         2475    .text               c_w.l(_sputc.o)
    0x0801fc36   0x0000002c   Code   RO         2477    .text               c_w.l(_printf_char.o)
    0x0801fc62   0x00000002   PAD
    0x0801fc64   0x00000024   Code   RO         2479    .text               c_w.l(_printf_char_file.o)
    0x0801fc88   0x00000064   Code   RO         2485    .text               c_w.l(rt_memcpy_w.o)
    0x0801fcec   0x00000008   Code   RO         2492    .text               c_w.l(libspace.o)
    0x0801fcf4   0x00000008   Code   RO         2512    .text               c_w.l(ferror.o)
    0x0801fcfc   0x0000004a   Code   RO         2559    .text               c_w.l(sys_stackheap_outer.o)
    0x0801fd46   0x0000000c   Code   RO         2561    .text               c_w.l(exit.o)
    0x0801fd52   0x0000000e   Code   RO         2419    i._is_digit         c_w.l(__printf_wp.o)
    0x0801fd60   0x0000002c   Code   RO         2483    locale$$code        c_w.l(lc_ctype_c.o)
    0x0801fd8c   0x0000005a   Code   RO         2451    x$fpl$dfixu         fz_wm.l(dfixu.o)
    0x0801fde6   0x00000026   Code   RO         2455    x$fpl$dfltu         fz_wm.l(dflt_clz.o)
    0x0801fe0c   0x00000154   Code   RO         2461    x$fpl$dmul          fz_wm.l(dmul.o)
    0x0801ff60   0x0000009c   Code   RO         2487    x$fpl$dnaninf       fz_wm.l(dnaninf.o)
    0x0801fffc   0x0000000c   Code   RO         2489    x$fpl$dretinf       fz_wm.l(dretinf.o)
    0x08020008   0x0000000a   Code   RO         2571    x$fpl$fpinit        fz_wm.l(fpinit.o)
    0x08020012   0x00000000   Code   RO         2491    x$fpl$usenofp       fz_wm.l(usenofp.o)
    0x08020012   0x00000042   Data   RO            5    .constdata          main.o
    0x08020054   0x000017c0   Data   RO          507    .constdata          lcd.o
    0x08021814   0x0000001c   Data   RO          854    .constdata          stm32f4xx_fsmc.o
    0x08021830   0x00000050   Data   RO         1199    .constdata          etharp.o
    0x08021880   0x00000008   Data   RO         1400    .constdata          ip_addr.o
    0x08021888   0x00000089   Data   RO         1482    .constdata          dhcp.o
    0x08021911   0x00000001   PAD
    0x08021912   0x00000038   Data   RO         1559    .constdata          memp.o
    0x0802194a   0x00000002   PAD
    0x0802194c   0x00000050   Data   RO         1685    .constdata          tcp.o
    0x0802199c   0x00000055   Data   RO         1748    .constdata          tcp_out.o
    0x080219f1   0x00000003   PAD
    0x080219f4   0x00000004   Data   RO         1878    .constdata          sys_arch.o
    0x080219f8   0x00000040   Data   RO         2042    .constdata          sockets.o
    0x08021a38   0x00000100   Data   RO         2097    .constdata          os_core.o
    0x08021b38   0x00000024   Data   RO         2342    .constdata          malloc.o
    0x08021b5c   0x00000028   Data   RO         2392    .constdata          c_w.l(_printf_hex_int.o)
    0x08021b84   0x00000011   Data   RO         2427    .constdata          c_w.l(__printf_flags_ss_wp.o)
    0x08021b95   0x0000001f   Data   RO          948    .conststring        usmart.o
    0x08021bb4   0x00000102   Data   RO          971    .conststring        usmart_config.o
    0x08021cb6   0x00000093   Data   RO         1560    .conststring        memp.o
    0x08021d49   0x00000061   Data   RO         1686    .conststring        tcp.o
    0x08021daa   0x00000002   PAD
    0x08021dac   0x00000020   Data   RO         2643    Region$$Table       anon$$obj.o
    0x08021dcc   0x00000110   Data   RO         2482    locale$$data        c_w.l(lc_ctype_c.o)


    Execution Region RW_IRAM1 (Base: 0x20000000, Size: 0x0001c8e8, Max: 0x00020000, ABSOLUTE, COMPRESSED[0x000000dc])

    Base Addr    Size         Type   Attr      Idx    E Section Name        Object

    0x20000000   0x00000021   Data   RW            6    .data               main.o
    0x20000021   0x00000003   PAD
    0x20000024   0x00000014   Data   RW          355    .data               system_stm32f4xx.o
    0x20000038   0x00000014   Data   RW          382    .data               ihome_function.o
    0x2000004c   0x00000001   Data   RW          433    .data               key.o
    0x2000004d   0x00000003   PAD
    0x20000050   0x00000008   Data   RW          475    .data               timer.o
    0x20000058   0x00000004   Data   RW          508    .data               lcd.o
    0x2000005c   0x00000010   Data   RW          544    .data               lan8720.o
    0x2000006c   0x00000010   Data   RW          725    .data               stm32f4xx_rcc.o
    0x2000007c   0x00000010   Data   RW          808    .data               stm32f4x7_eth.o
    0x2000008c   0x00000004   Data   RW          877    .data               delay.o
    0x20000090   0x00000008   Data   RW          918    .data               usart.o
    0x20000098   0x0000001c   Data   RW          949    .data               usmart.o
    0x200000b4   0x00000124   Data   RW          972    .data               usmart_config.o
    0x200001d8   0x00000020   Data   RW         1014    .data               lwip_comm.o
    0x200001f8   0x00000030   Data   RW         1108    .data               tcp_client.o
    0x20000228   0x00000020   Data   RW         1153    .data               tcp_server.o
    0x20000248   0x00000001   Data   RW         1200    .data               etharp.o
    0x20000249   0x00000003   PAD
    0x2000024c   0x00000012   Data   RW         1364    .data               ip.o
    0x2000025e   0x00000002   PAD
    0x20000260   0x00000006   Data   RW         1436    .data               ip_frag.o
    0x20000266   0x00000002   PAD
    0x20000268   0x00000004   Data   RW         1483    .data               dhcp.o
    0x2000026c   0x0000003c   Data   RW         1561    .data               memp.o
    0x200002a8   0x00000009   Data   RW         1599    .data               netif.o
    0x200002b1   0x00000003   PAD
    0x200002b4   0x00000004   Data   RW         1649    .data               raw.o
    0x200002b8   0x00000023   Data   RW         1687    .data               tcp.o
    0x200002db   0x00000001   PAD
    0x200002dc   0x00000020   Data   RW         1718    .data               tcp_in.o
    0x200002fc   0x00000008   Data   RW         1769    .data               timers.o
    0x20000304   0x00000008   Data   RW         1818    .data               udp.o
    0x2000030c   0x00000014   Data   RW         1855    .data               mem.o
    0x20000320   0x00000008   Data   RW         2043    .data               sockets.o
    0x20000328   0x0000000c   Data   RW         2065    .data               tcpip.o
    0x20000334   0x00000060   Data   RW         2098    .data               os_core.o
    0x20000394   0x00000006   Data   RW         2304    .data               os_cpu_c.o
    0x2000039a   0x00000002   PAD
    0x2000039c   0x00000024   Data   RW         2343    .data               malloc.o
    0x200003c0   0x00000200   Zero   RW            4    .bss                main.o
    0x200005c0   0x00000030   Zero   RW          381    .bss                ihome_function.o
    0x200005f0   0x0000000a   Zero   RW          474    .bss                timer.o
    0x200005fa   0x0000000e   Zero   RW          506    .bss                lcd.o
    0x20000608   0x0000000c   Zero   RW          807    .bss                stm32f4x7_eth.o
    0x20000614   0x000000c8   Zero   RW          917    .bss                usart.o
    0x200006dc   0x0000004c   Zero   RW         1013    .bss                lwip_comm.o
    0x20000728   0x00000050   Zero   RW         1107    .bss                tcp_client.o
    0x20000778   0x000000c8   Zero   RW         1198    .bss                etharp.o
    0x20000840   0x00000010   Zero   RW         1399    .bss                ip_addr.o
    0x20000850   0x00000032   Zero   RW         1481    .bss                dhcp.o
    0x20000882   0x00000002   PAD
    0x20000884   0x00000038   Zero   RW         1558    .bss                memp.o
    0x200008bc   0x00000014   Zero   RW         1717    .bss                tcp_in.o
    0x200008d0   0x00000060   Zero   RW         2041    .bss                sockets.o
    0x20000930   0x00001058   Zero   RW         2096    .bss                os_core.o
    0x20001988   0x0001a900   Zero   RW         2341    .bss                malloc.o
    0x2001c288   0x00000060   Zero   RW         2493    .bss                c_w.l(libspace.o)
    0x2001c2e8   0x00000200   Zero   RW          676    HEAP                startup_stm32f40_41xxx.o
    0x2001c4e8   0x00000400   Zero   RW          675    STACK               startup_stm32f40_41xxx.o



  Load Region LR$$.ARM.__AT_0x10000000 (Base: 0x10000000, Size: 0x00000000, Max: 0x0000f000, ABSOLUTE)

    Execution Region ER$$.ARM.__AT_0x10000000 (Base: 0x10000000, Size: 0x0000f000, Max: 0x0000f000, ABSOLUTE, UNINIT)

    Base Addr    Size         Type   Attr      Idx    E Section Name        Object

    0x10000000   0x0000f000   Zero   RW         2337    .ARM.__AT_0x10000000  malloc.o



  Load Region LR$$.ARM.__AT_0x1000F000 (Base: 0x1000f000, Size: 0x00000000, Max: 0x00000f00, ABSOLUTE)

    Execution Region ER$$.ARM.__AT_0x1000F000 (Base: 0x1000f000, Size: 0x00000f00, Max: 0x00000f00, ABSOLUTE, UNINIT)

    Base Addr    Size         Type   Attr      Idx    E Section Name        Object

    0x1000f000   0x00000f00   Zero   RW         2338    .ARM.__AT_0x1000F000  malloc.o



  Load Region LR$$.ARM.__AT_0x68000000 (Base: 0x68000000, Size: 0x00000000, Max: 0x00032000, ABSOLUTE)

    Execution Region ER$$.ARM.__AT_0x68000000 (Base: 0x68000000, Size: 0x00032000, Max: 0x00032000, ABSOLUTE, UNINIT)

    Base Addr    Size         Type   Attr      Idx    E Section Name        Object

    0x68000000   0x00032000   Zero   RW         2339    .ARM.__AT_0x68000000  malloc.o



  Load Region LR$$.ARM.__AT_0x68032000 (Base: 0x68032000, Size: 0x00000000, Max: 0x00003200, ABSOLUTE)

    Execution Region ER$$.ARM.__AT_0x68032000 (Base: 0x68032000, Size: 0x00003200, Max: 0x00003200, ABSOLUTE, UNINIT)

    Base Addr    Size         Type   Attr      Idx    E Section Name        Object

    0x68032000   0x00003200   Zero   RW         2340    .ARM.__AT_0x68032000  malloc.o


==============================================================================

Image component sizes


      Code (inc. data)   RO Data    RW Data    ZI Data      Debug   Object Name

       140          4          0          0          0        761   adc3.o
      3072        816          0          0          0      17057   api_lib.o
      6076       1224          0          0          0      10103   api_msg.o
        62          0          0          0          0       1178   def.o
       296         18          0          4          0       1693   delay.o
      6764       1084        137          4         50      13018   dhcp.o
       404         16          0          0          0       2106   dht11.o
      3716        604         80          1        200       9631   etharp.o
       552        134          0          0          0       4574   ethernetif.o
      1060        372          0          0          0       2558   icmp.o
      2304        382          0         20         48       2397   ihome_function.o
         0          0          0          0          0       5588   inet.o
       692        104          0          0          0       2901   inet_chksum.o
        36          0          0          0          0       4480   init.o
      1072        172          0         18          0       6891   ip.o
       808        112          8          0         16       9223   ip_addr.o
      2600        488          0          6          0       7124   ip_frag.o
       260         12          0          1          0        820   key.o
       916         58          0         16          0       3577   lan8720.o
     19598        178       6080          4         14      21998   lcd.o
       112          8          0          0          0        511   led.o
       104          6          0          0          0        707   lsens.o
      1688        592          0         32         76      22738   lwip_comm.o
       720        200         66         33        512     367417   main.o
       560         18         36         36     391680       4631   malloc.o
      1860        568          0         20          0       3982   mem.o
       468        198        203         60         56       2976   memp.o
       228         22          0          0          0       1861   misc.o
       952        340          0          0          0       3849   netbuf.o
       836        126          0          9          0       6217   netif.o
      2444        248        256         96       4184      16788   os_core.o
       200         32          0          0          0        272   os_cpu_a.o
       488          8          0          6          0      11954   os_cpu_c.o
      2072         40          0          0          0       6788   os_flag.o
       484         16          0          0          0       3020   os_mem.o
      1528         36          0          0          0       5429   os_q.o
       988         66          0          0          0       3806   os_sem.o
      1996         70          0          0          0       7429   os_task.o
       440         30          0          0          0       1754   os_time.o
      1648        134          0          0          0       5421   os_tmr.o
      4268       1238          0          0          0       9173   pbuf.o
       172         10          0          0          0        717   pwm.o
       588        134          0          4          0       3221   raw.o
      7236        664         64          8         96      17234   sockets.o
       948         46          0          0          0       2195   sram.o
        64         26        392          0       1536        784   startup_stm32f40_41xxx.o
      3656        112          0         16         12      19578   stm32f4x7_eth.o
      1136         28          0          0          0      10530   stm32f4xx_adc.o
      1500         60         28          0          0       5618   stm32f4xx_fsmc.o
       660         44          0          0          0       4133   stm32f4xx_gpio.o
        20          0          0          0          0        899   stm32f4xx_it.o
      1628         52          0         16          0      12900   stm32f4xx_rcc.o
       152         18          0          0          0       1853   stm32f4xx_syscfg.o
      3234         60          0          0          0      22336   stm32f4xx_tim.o
      1108         34          0          0          0       7836   stm32f4xx_usart.o
       980        166          4          0          0       6122   sys_arch.o
       524         44          0         20          0       1631   system_stm32f4xx.o
      5284       1098        177         35          0      21363   tcp.o
      4568        822          0         48         80       8703   tcp_client.o
      6280        960          0         32         20      14855   tcp_in.o
      4926        952         85          0          0       9575   tcp_out.o
         0          0          0         32          0       2246   tcp_server.o
       952        194          0         12          0       9552   tcpip.o
       496         26          0          8         10       1701   timer.o
       816        186          0          8          0       3395   timers.o
      1512        202          0          8          0      13869   udp.o
       344         16          0          8        200       3134   usart.o
      3132       1292         31         28          0       4086   usmart.o
         0          0        258        292          0       1432   usmart_config.o
      1320         12          0          0          0       5053   usmart_str.o

    ----------------------------------------------------------------------
    127756      17032       7945        960     398792     830952   Object Totals
         0          0         32          0          0          0   (incl. Generated)
         8          0          8         19          2          0   (incl. Padding)

    ----------------------------------------------------------------------

      Code (inc. data)   RO Data    RW Data    ZI Data      Debug   Library Member Name

        90          0          0          0          0          0   __dczerorl2.o
         8          0          0          0          0         68   __main.o
       396          6         17          0          0         92   __printf_flags_ss_wp.o
        14          0          0          0          0         68   __printf_wp.o
        52          8          0          0          0          0   __scatter.o
        28          0          0          0          0          0   __scatter_zi.o
         6          0          0          0          0          0   _printf_c.o
        44          0          0          0          0        108   _printf_char.o
        48          6          0          0          0         96   _printf_char_common.o
        36          4          0          0          0         80   _printf_char_file.o
         6          0          0          0          0          0   _printf_d.o
       120         18          0          0          0         92   _printf_dec.o
        92          4         40          0          0         88   _printf_hex_int.o
       184          0          0          0          0         88   _printf_intcommon.o
        82          0          0          0          0        108   _printf_pad.o
         0          0          0          0          0          0   _printf_percent.o
         4          0          0          0          0          0   _printf_percent_end.o
         6          0          0          0          0          0   _printf_s.o
        82          0          0          0          0         80   _printf_str.o
         6          0          0          0          0          0   _printf_u.o
         6          0          0          0          0          0   _printf_x.o
        10          0          0          0          0         68   _sputc.o
        12          0          0          0          0         72   exit.o
         8          0          0          0          0         68   ferror.o
         6          0          0          0          0        152   heapauxi.o
        44         10        272          0          0         76   lc_ctype_c.o
         2          0          0          0          0          0   libinit.o
        24          0          0          0          0          0   libinit2.o
         2          0          0          0          0          0   libshutdown.o
         2          0          0          0          0          0   libshutdown2.o
         8          4          0          0         96         68   libspace.o
        88          0          0          0          0         76   memcmp.o
        24          4          0          0          0         84   noretval__2printf.o
        40          6          0          0          0         84   noretval__2sprintf.o
        16          4          0          0          0         76   rt_ctype_table.o
         8          4          0          0          0         68   rt_locale_intlibspace.o
        68          0          0          0          0         68   rt_memclr.o
        78          0          0          0          0         80   rt_memclr_w.o
       138          0          0          0          0         68   rt_memcpy_v6.o
       100          0          0          0          0         80   rt_memcpy_w.o
         0          0          0          0          0          0   rtentry.o
        12          0          0          0          0          0   rtentry2.o
         6          0          0          0          0          0   rtentry4.o
         2          0          0          0          0          0   rtexit.o
        10          0          0          0          0          0   rtexit2.o
       128          0          0          0          0         68   strcmpv7m.o
        62          0          0          0          0         76   strlen.o
        74          0          0          0          0         80   sys_stackheap_outer.o
         2          0          0          0          0         68   use_no_semi.o
         2          0          0          0          0         68   use_no_semi_2.o
        90          4          0          0          0        140   dfixu.o
        38          0          0          0          0        116   dflt_clz.o
       340         12          0          0          0        152   dmul.o
       156          4          0          0          0        140   dnaninf.o
        12          0          0          0          0        116   dretinf.o
        10          0          0          0          0        116   fpinit.o
         0          0          0          0          0          0   usenofp.o

    ----------------------------------------------------------------------
      2942         98        329          0         96       3296   Library Totals
        10          0          0          0          0          0   (incl. Padding)

    ----------------------------------------------------------------------

      Code (inc. data)   RO Data    RW Data    ZI Data      Debug   Library Name

      2286         78        329          0         96       2516   c_w.l
       646         20          0          0          0        780   fz_wm.l

    ----------------------------------------------------------------------
      2942         98        329          0         96       3296   Library Totals

    ----------------------------------------------------------------------

==============================================================================


      Code (inc. data)   RO Data    RW Data    ZI Data      Debug   

    130698      17130       8274        960     398888     819040   Grand Totals
    130698      17130       8274        220     398888     819040   ELF Image Totals (compressed)
    130698      17130       8274        220          0          0   ROM Totals

==============================================================================

    Total RO  Size (Code + RO Data)               138972 ( 135.71kB)
    Total RW  Size (RW Data + ZI Data)            399848 ( 390.48kB)
    Total ROM Size (Code + RO Data + RW Data)     139192 ( 135.93kB)

==============================================================================

